
> @diadata-org/dia-cardano-oracle-cli@0.1.0 cli
> tsx src/index.ts pair:burn --protocol-state ./state/preview_run_20260606-082456/config-bootstrap.json --client-state ./state/preview_run_20260606-082456/clients/client-a.json --pair-state ./state/preview_run_20260606-082456/clients/client-a/pairs/usdt-usd.json

[1G[0K[pair:burn] Loading protocol, client and pair state
[pair:burn] Connecting to Preview and selecting the configured wallet
[pair:burn] Finding Config UTxO
[pair:burn] Finding Pair UTxO
[pair:burn] Burning Pair NFT 9f80dd966e4a06cce7efd25f6267b15da7a5dc4cc3157e78928fe2885ec9fa6a8337c83985882517e4865a68763912f37490cffe992a26abfd29d315 and recovering 5000000 lovelace.
[pair:burn] Tx resources: fee=0.441136 ADA (441136 lovelace), cpu=158664114, mem=513069
[pair:burn] Output[0] | addr=addr_test1qpgp...quxj3j | lovelace=4.558864 ADA (4558864)
[pair:burn] Submitted: fe6e90826950a99a1a144fc93d88ad71023884222c8fa4ccaf455342e7b7866c
[pair:burn] Confirmed by Blockfrost: pair:burn fe6e90826950a99a1a144fc93d88ad71023884222c8fa4ccaf455342e7b7866c.
[cli] Wrote JSON output to /home/manuelpadilla/sources/reposUbuntu/PROTOFIRE/DIA/dia-cardano-oracle/offchain/cli/state/preview_run_20260606-082456/clients/client-a/pairs/usdt-usd.json
{
  "wallet": {
    "source": "seed",
    "address": "addr_test1qpgpsm75w7l9u6au7shqzsaulrtxz2gp6xw9zhun70es6tt4t3wsjavx26kmh586erf8xxhqc2y7urq5az32sjv56nyqquxj3j"
  },
  "pair": {
    "tokenName": "5ec9fa6a8337c83985882517e4865a68763912f37490cffe992a26abfd29d315",
    "pairId": "555344542f555344",
    "pairUnit": "9f80dd966e4a06cce7efd25f6267b15da7a5dc4cc3157e78928fe2885ec9fa6a8337c83985882517e4865a68763912f37490cffe992a26abfd29d315",
    "pairValidatorAddress": "addr_test1wz0cphvkde9qdn88alf97cn8k9w60fwufnp32lncj2879zqy0nw7v"
  },
  "pairState": {
    "pairId": "555344542f555344",
    "price": "100101234",
    "timestamp": "1780738479",
    "nonce": "1780738479000",
    "intentHash": "eeaa0c4a2875336f6bf37acadf34354f12f4c0b3fbd3d11b063b22c20176ba7c",
    "signer": "2b1c7eff297766569966b630a6862947a8e5285a",
    "minUtxoLovelace": "5000000",
    "intent": {
      "intentType": "OracleUpdate",
      "version": "1.0",
      "chainId": "10050",
      "nonce": "1780738479000",
      "expiry": "1780742079",
      "symbol": "USDT/USD",
      "price": "100101234",
      "timestamp": "1780738479",
      "source": "DIA Oracle",
      "signature": "176a7ce2ea4557e74ac00f3f1f04db432aa488362c4f29265f7e0507bf3adb831522d0ec0eee5caa84c60054f2934887459621b306cc7a28578edbe9a79679b61b",
      "signer": "2b1c7eff297766569966b630a6862947a8e5285a"
    }
  },
  "datum": {
    "pairCbor": ""
  },
  "transactions": [
    {
      "step": "preview:update",
      "submittedTxHash": "c20de58940ed5280850ae42a8732c414c09e57c87eb92c90aa7a3b39d9816865",
      "confirmed": true
    },
    {
      "step": "preview:update:batch",
      "submittedTxHash": "88d52ff51063b0d0da9f9d51448e762e9198a462e94cd2ee29161bf7d65c83f8",
      "confirmed": true
    },
    {
      "step": "preview:pair:burn",
      "submittedTxHash": "fe6e90826950a99a1a144fc93d88ad71023884222c8fa4ccaf455342e7b7866c",
      "confirmed": true
    }
  ]
}
[1G[0K⠙[1G[0K