
> @diadata-org/dia-cardano-oracle-cli@0.1.0 cli
> tsx src/index.ts pair:burn --protocol-state ./state/preview_run_20260606-082456/config-bootstrap.json --client-state ./state/preview_run_20260606-082456/clients/client-a.json --pair-state ./state/preview_run_20260606-082456/clients/client-a/pairs/eth-usd.json

[1G[0K[pair:burn] Loading protocol, client and pair state
[pair:burn] Connecting to Preview and selecting the configured wallet
[pair:burn] Finding Config UTxO
[pair:burn] Finding Pair UTxO
[pair:burn] Burning Pair NFT 9f80dd966e4a06cce7efd25f6267b15da7a5dc4cc3157e78928fe2883d7739c2406edbe3bb594b8f762cf67a2c889a162f2234dc17841f61d33849f4 and recovering 5000000 lovelace.
[pair:burn] Tx resources: fee=0.441136 ADA (441136 lovelace), cpu=158664114, mem=513069
[pair:burn] Output[0] | addr=addr_test1qpgp...quxj3j | lovelace=4.558864 ADA (4558864)
[pair:burn] Submitted: 773c558a9be2e7f2cd8f2a59c6cfcee49bff5de029ba0ee615b4dbdd59f02381
[pair:burn] Confirmed by Blockfrost: pair:burn 773c558a9be2e7f2cd8f2a59c6cfcee49bff5de029ba0ee615b4dbdd59f02381.
[cli] Wrote JSON output to /home/manuelpadilla/sources/reposUbuntu/PROTOFIRE/DIA/dia-cardano-oracle/offchain/cli/state/preview_run_20260606-082456/clients/client-a/pairs/eth-usd.json
{
  "wallet": {
    "source": "seed",
    "address": "addr_test1qpgpsm75w7l9u6au7shqzsaulrtxz2gp6xw9zhun70es6tt4t3wsjavx26kmh586erf8xxhqc2y7urq5az32sjv56nyqquxj3j"
  },
  "pair": {
    "tokenName": "3d7739c2406edbe3bb594b8f762cf67a2c889a162f2234dc17841f61d33849f4",
    "pairId": "4554482f555344",
    "pairUnit": "9f80dd966e4a06cce7efd25f6267b15da7a5dc4cc3157e78928fe2883d7739c2406edbe3bb594b8f762cf67a2c889a162f2234dc17841f61d33849f4",
    "pairValidatorAddress": "addr_test1wz0cphvkde9qdn88alf97cn8k9w60fwufnp32lncj2879zqy0nw7v"
  },
  "pairState": {
    "pairId": "4554482f555344",
    "price": "250100000000",
    "timestamp": "1780738479",
    "nonce": "1780738479000",
    "intentHash": "4693be289c18bf1d425461dd257b515783870b943fcc26ed1a9d80ae59d067ff",
    "signer": "2b1c7eff297766569966b630a6862947a8e5285a",
    "minUtxoLovelace": "5000000",
    "intent": {
      "intentType": "OracleUpdate",
      "version": "1.0",
      "chainId": "10050",
      "nonce": "1780738479000",
      "expiry": "1780742079",
      "symbol": "ETH/USD",
      "price": "250100000000",
      "timestamp": "1780738479",
      "source": "DIA Oracle",
      "signature": "43adb93061a681f59500b92fb5a0eab04543159ffd913d932ae20a515bf1ddcc56bbfc397bcf345481b7101d92463dce1510052a38f7aae8acfe7d0f74f0dccf1b",
      "signer": "2b1c7eff297766569966b630a6862947a8e5285a"
    }
  },
  "datum": {
    "pairCbor": ""
  },
  "transactions": [
    {
      "step": "preview:update",
      "submittedTxHash": "28f6188df6061ea1d4ab67bfab1127096fad15b834b42002ef905f94044b1dad",
      "confirmed": true
    },
    {
      "step": "preview:update:batch",
      "submittedTxHash": "88d52ff51063b0d0da9f9d51448e762e9198a462e94cd2ee29161bf7d65c83f8",
      "confirmed": true
    },
    {
      "step": "preview:pair:burn",
      "submittedTxHash": "773c558a9be2e7f2cd8f2a59c6cfcee49bff5de029ba0ee615b4dbdd59f02381",
      "confirmed": true
    }
  ]
}
[1G[0K⠙[1G[0K