
> @diadata-org/dia-cardano-oracle-cli@0.1.0 cli
> tsx src/index.ts pair:burn --protocol-state ./state/preview_run_20260606-082456/config-bootstrap.json --client-state ./state/preview_run_20260606-082456/clients/client-a.json --pair-state ./state/preview_run_20260606-082456/clients/client-a/pairs/sol-usd.json

[1G[0K[pair:burn] Loading protocol, client and pair state
[pair:burn] Connecting to Preview and selecting the configured wallet
[pair:burn] Finding Config UTxO
[pair:burn] Finding Pair UTxO
[pair:burn] Burning Pair NFT 9f80dd966e4a06cce7efd25f6267b15da7a5dc4cc3157e78928fe288396545cb87b0103c8ddb5ff4329eeff88e2aef114f76b0807b21ce3d68bbbe64 and recovering 5000000 lovelace.
[pair:burn] Tx resources: fee=0.441136 ADA (441136 lovelace), cpu=158664114, mem=513069
[pair:burn] Output[0] | addr=addr_test1qpgp...quxj3j | lovelace=4.558864 ADA (4558864)
[pair:burn] Submitted: 51075464be512b61a9515b7f1306ff9188cb81b1368bc52198a1108c8aae0ebe
[pair:burn] Confirmed by Blockfrost: pair:burn 51075464be512b61a9515b7f1306ff9188cb81b1368bc52198a1108c8aae0ebe.
[cli] Wrote JSON output to /home/manuelpadilla/sources/reposUbuntu/PROTOFIRE/DIA/dia-cardano-oracle/offchain/cli/state/preview_run_20260606-082456/clients/client-a/pairs/sol-usd.json
{
  "wallet": {
    "source": "seed",
    "address": "addr_test1qpgpsm75w7l9u6au7shqzsaulrtxz2gp6xw9zhun70es6tt4t3wsjavx26kmh586erf8xxhqc2y7urq5az32sjv56nyqquxj3j"
  },
  "pair": {
    "tokenName": "396545cb87b0103c8ddb5ff4329eeff88e2aef114f76b0807b21ce3d68bbbe64",
    "pairId": "534f4c2f555344",
    "pairUnit": "9f80dd966e4a06cce7efd25f6267b15da7a5dc4cc3157e78928fe288396545cb87b0103c8ddb5ff4329eeff88e2aef114f76b0807b21ce3d68bbbe64",
    "pairValidatorAddress": "addr_test1wz0cphvkde9qdn88alf97cn8k9w60fwufnp32lncj2879zqy0nw7v"
  },
  "pairState": {
    "pairId": "534f4c2f555344",
    "price": "18510000000",
    "timestamp": "1780738479",
    "nonce": "1780738479000",
    "intentHash": "ad533ca5fc6c25ce2575918037a8c27075378a6359e2f30b7c905dc10310925e",
    "signer": "2b1c7eff297766569966b630a6862947a8e5285a",
    "minUtxoLovelace": "5000000",
    "intent": {
      "intentType": "OracleUpdate",
      "version": "1.0",
      "chainId": "10050",
      "nonce": "1780738479000",
      "expiry": "1780742079",
      "symbol": "SOL/USD",
      "price": "18510000000",
      "timestamp": "1780738479",
      "source": "DIA Oracle",
      "signature": "45449df8fbaf71baa14405cb62e91748983517488cd025c527bd15d041dc1d7a084d4f2592010434bc89769874d5ac20005ade21c8aeffa2fb7d47c5d33e8ae31b",
      "signer": "2b1c7eff297766569966b630a6862947a8e5285a"
    }
  },
  "datum": {
    "pairCbor": ""
  },
  "transactions": [
    {
      "step": "preview:update",
      "submittedTxHash": "6b1025d687088d4866e27f2a7693cad34ae62483a152e36d96b8d99d1baff07d",
      "confirmed": true
    },
    {
      "step": "preview:update:batch",
      "submittedTxHash": "88d52ff51063b0d0da9f9d51448e762e9198a462e94cd2ee29161bf7d65c83f8",
      "confirmed": true
    },
    {
      "step": "preview:pair:burn",
      "submittedTxHash": "51075464be512b61a9515b7f1306ff9188cb81b1368bc52198a1108c8aae0ebe",
      "confirmed": true
    }
  ]
}
[1G[0K⠙[1G[0K