
> @diadata-org/dia-cardano-oracle-cli@0.1.0 cli
> tsx src/index.ts pair:burn --protocol-state ./state/preview_run_20260606-082456/config-bootstrap.json --client-state ./state/preview_run_20260606-082456/clients/client-a.json --pair-state ./state/preview_run_20260606-082456/clients/client-a/pairs/xrp-usd.json

[1G[0K[pair:burn] Loading protocol, client and pair state
[pair:burn] Connecting to Preview and selecting the configured wallet
[pair:burn] Finding Config UTxO
[pair:burn] Finding Pair UTxO
[pair:burn] Burning Pair NFT 9f80dd966e4a06cce7efd25f6267b15da7a5dc4cc3157e78928fe288bac7b9f5648596883156b7004ce94ebb55cc5049bd65b93188cd724e9feed0bc and recovering 5000000 lovelace.
[pair:burn] Tx resources: fee=0.441136 ADA (441136 lovelace), cpu=158664114, mem=513069
[pair:burn] Output[0] | addr=addr_test1qpgp...quxj3j | lovelace=4.558864 ADA (4558864)
[pair:burn] Submitted: cdb415d807dee640e208f7073ee2667dc07d612409d308a2c23df18d3ca19922
[pair:burn] Confirmed by Blockfrost: pair:burn cdb415d807dee640e208f7073ee2667dc07d612409d308a2c23df18d3ca19922.
[cli] Wrote JSON output to /home/manuelpadilla/sources/reposUbuntu/PROTOFIRE/DIA/dia-cardano-oracle/offchain/cli/state/preview_run_20260606-082456/clients/client-a/pairs/xrp-usd.json
{
  "wallet": {
    "source": "seed",
    "address": "addr_test1qpgpsm75w7l9u6au7shqzsaulrtxz2gp6xw9zhun70es6tt4t3wsjavx26kmh586erf8xxhqc2y7urq5az32sjv56nyqquxj3j"
  },
  "pair": {
    "tokenName": "bac7b9f5648596883156b7004ce94ebb55cc5049bd65b93188cd724e9feed0bc",
    "pairId": "5852502f555344",
    "pairUnit": "9f80dd966e4a06cce7efd25f6267b15da7a5dc4cc3157e78928fe288bac7b9f5648596883156b7004ce94ebb55cc5049bd65b93188cd724e9feed0bc",
    "pairValidatorAddress": "addr_test1wz0cphvkde9qdn88alf97cn8k9w60fwufnp32lncj2879zqy0nw7v"
  },
  "pairState": {
    "pairId": "5852502f555344",
    "price": "521000000",
    "timestamp": "1780738479",
    "nonce": "1780738479000",
    "intentHash": "20e9fe958a1335152f686ce9c11743f7eb94fb8ab05037ee61a003f186033d74",
    "signer": "2b1c7eff297766569966b630a6862947a8e5285a",
    "minUtxoLovelace": "5000000",
    "intent": {
      "intentType": "OracleUpdate",
      "version": "1.0",
      "chainId": "10050",
      "nonce": "1780738479000",
      "expiry": "1780742079",
      "symbol": "XRP/USD",
      "price": "521000000",
      "timestamp": "1780738479",
      "source": "DIA Oracle",
      "signature": "80014a9b8d04d8c307e72d9e49238e8ba190452547c0a67d6ba406db593cd08c6a844c9db0cd2923282436af57230d53e8b280490b8075d434638ed5764592411c",
      "signer": "2b1c7eff297766569966b630a6862947a8e5285a"
    }
  },
  "datum": {
    "pairCbor": ""
  },
  "transactions": [
    {
      "step": "preview:update",
      "submittedTxHash": "ef13b2b7dc61e14cf2d608ff10af5aea19ee608172e52f0064203b7c7f0cad71",
      "confirmed": true
    },
    {
      "step": "preview:update:batch",
      "submittedTxHash": "88d52ff51063b0d0da9f9d51448e762e9198a462e94cd2ee29161bf7d65c83f8",
      "confirmed": true
    },
    {
      "step": "preview:pair:burn",
      "submittedTxHash": "cdb415d807dee640e208f7073ee2667dc07d612409d308a2c23df18d3ca19922",
      "confirmed": true
    }
  ]
}
[1G[0K⠙[1G[0K