
> @diadata-org/dia-cardano-oracle-cli@0.1.0 cli
> tsx src/index.ts update --intent ./state/preview_run_20260608-040304/intents/eth-usd.signed.json --protocol-state ./state/preview_run_20260608-040304/config-bootstrap.json --client-state ./state/preview_run_20260608-040304/clients/client-a.json --pair-state ./state/preview_run_20260608-040304/clients/client-a/pairs/eth-usd.json

[1G[0K[update] Loading signed intent from /home/manuelpadilla/sources/reposUbuntu/PROTOFIRE/DIA/dia-cardano-oracle/offchain/cli/state/preview_run_20260608-040304/intents/eth-usd.signed.json
[update] Loading client and protocol state
[update] Connecting to Preview and selecting the configured wallet
[update] Building Preview oracle update transaction
[update] Tx resources: fee=0.815915 ADA (815915 lovelace), cpu=721555953, mem=2002974
[update] Output[0] | addr=addr_test1wr00...zug5ju | lovelace=5.000000 ADA (5000000) | assets=def5c14be6bc...3849f4=1 | datum=inline(95B)
[update] Output[1] | addr=addr_test1wrn8...n9jphd | lovelace=35.000000 ADA (35000000) | assets=e6721fde8af7...545f41=1 | datum=inline(19B)
[update] Output[2] | addr=addr_test1qpgp...quxj3j | lovelace=885.001641 ADA (885001641)
[update] Unsigned transaction ready: 5e80ff5d7d487019f808376d0c1d5b2a4fedb2671ee4927b6bbdc52c2960d06b
[update] Submitted transaction hash: 5e80ff5d7d487019f808376d0c1d5b2a4fedb2671ee4927b6bbdc52c2960d06b
[update] Confirmed by Blockfrost: oracle update transaction 5e80ff5d7d487019f808376d0c1d5b2a4fedb2671ee4927b6bbdc52c2960d06b.
[cli] Wrote JSON output to /home/manuelpadilla/sources/reposUbuntu/PROTOFIRE/DIA/dia-cardano-oracle/offchain/cli/state/preview_run_20260608-040304/clients/client-a/pairs/eth-usd.json
{
  "wallet": {
    "source": "seed",
    "address": "addr_test1qpgpsm75w7l9u6au7shqzsaulrtxz2gp6xw9zhun70es6tt4t3wsjavx26kmh586erf8xxhqc2y7urq5az32sjv56nyqquxj3j"
  },
  "pair": {
    "tokenName": "3d7739c2406edbe3bb594b8f762cf67a2c889a162f2234dc17841f61d33849f4",
    "pairId": "4554482f555344",
    "pairUnit": "def5c14be6bceefb95769110a0c8c7d5362e58bf8f17b6ee1c1bd9023d7739c2406edbe3bb594b8f762cf67a2c889a162f2234dc17841f61d33849f4",
    "pairValidatorAddress": "addr_test1wr00ts2tu67wa7u4w6g3pgxgcl2nvtjch7830dhwrsdajqszug5ju"
  },
  "pairState": {
    "pairId": "4554482f555344",
    "price": "250000000000",
    "timestamp": "1780893518",
    "nonce": "1780893518000",
    "intentHash": "cdd4c88a2b06ccfd031cbd4a0d02ffe78b556d60ebe6bd103505396ee68be6fa",
    "signer": "2b1c7eff297766569966b630a6862947a8e5285a",
    "minUtxoLovelace": "5000000",
    "intent": {
      "intentType": "OracleUpdate",
      "version": "1.0",
      "chainId": "10050",
      "nonce": "1780893518000",
      "expiry": "1780897118",
      "symbol": "ETH/USD",
      "price": "250000000000",
      "timestamp": "1780893518",
      "source": "DIA Oracle",
      "signature": "1d9bf0b7e19b55229e22ebcb11a9b46bbd403dcb161378a028ab01521cf349f508e3ff00bc07c7b86f4d9432bc8220ef736a4d1c80f3278c61a128f7875b9b681b",
      "signer": "2b1c7eff297766569966b630a6862947a8e5285a"
    }
  },
  "datum": {
    "pairCbor": "d8799f474554482f5553441b0000003a352944001a6a26474e1b0000019ea58688b05820cdd4c88a2b06ccfd031cbd4a0d02ffe78b556d60ebe6bd103505396ee68be6fa542b1c7eff297766569966b630a6862947a8e5285a1a004c4b40ff"
  },
  "transactions": [
    {
      "step": "preview:update",
      "submittedTxHash": "5e80ff5d7d487019f808376d0c1d5b2a4fedb2671ee4927b6bbdc52c2960d06b",
      "confirmed": true
    }
  ]
}
[1G[0K⠙[1G[0K