[run] intent:create-and-sign --protocol-state ./state/preview_run_20260608-040304/config-bootstrap.json --intent-type OracleUpdate --symbol ETH/USD --price 250000000000 --source "DIA Oracle" --out ./state/preview_run_20260608-040304/intents/eth-usd.signed.json

> @diadata-org/dia-cardano-oracle-cli@0.1.0 cli
> tsx src/index.ts intent:create-and-sign --protocol-state ./state/preview_run_20260608-040304/config-bootstrap.json --intent-type OracleUpdate --symbol ETH/USD --price 250000000000 --source DIA Oracle --out ./state/preview_run_20260608-040304/intents/eth-usd.signed.json

[1G[0K[cli] Wrote JSON output to /home/manuelpadilla/sources/reposUbuntu/PROTOFIRE/DIA/dia-cardano-oracle/offchain/cli/state/preview_run_20260608-040304/intents/eth-usd.signed.json
{
  "intent": {
    "intentType": "OracleUpdate",
    "version": "1.0",
    "chainId": "10050",
    "nonce": "1780893518000",
    "expiry": "1780897118",
    "symbol": "ETH/USD",
    "price": "250000000000",
    "timestamp": "1780893518",
    "source": "DIA Oracle",
    "signature": "0x1d9bf0b7e19b55229e22ebcb11a9b46bbd403dcb161378a028ab01521cf349f508e3ff00bc07c7b86f4d9432bc8220ef736a4d1c80f3278c61a128f7875b9b681b",
    "signer": "0x2b1c7eff297766569966b630a6862947a8e5285a"
  },
  "witness": {
    "signerPublicKey": "02d78ade9f8a9c064c8c588dba903df0cc0118596b9ec65f665dea1b448519f531",
    "signerAddress": "0x2b1c7eff297766569966b630a6862947a8e5285a",
    "intentHash": "cdd4c88a2b06ccfd031cbd4a0d02ffe78b556d60ebe6bd103505396ee68be6fa",
    "compactSignature": "1d9bf0b7e19b55229e22ebcb11a9b46bbd403dcb161378a028ab01521cf349f508e3ff00bc07c7b86f4d9432bc8220ef736a4d1c80f3278c61a128f7875b9b68"
  }
}
[1G[0K⠙[1G[0K