
> @diadata-org/dia-cardano-oracle-cli@0.1.0 cli
> tsx src/index.ts update --intent ./state/preview_run_20260608-040304/intents/usdt-usd.signed.json --protocol-state ./state/preview_run_20260608-040304/config-bootstrap.json --client-state ./state/preview_run_20260608-040304/clients/client-a.json --pair-state ./state/preview_run_20260608-040304/clients/client-a/pairs/usdt-usd.json

[1G[0K[update] Loading signed intent from /home/manuelpadilla/sources/reposUbuntu/PROTOFIRE/DIA/dia-cardano-oracle/offchain/cli/state/preview_run_20260608-040304/intents/usdt-usd.signed.json
[update] Loading client and protocol state
[update] Connecting to Preview and selecting the configured wallet
[update] Building Preview oracle update transaction
[update] Tx resources: fee=0.815651 ADA (815651 lovelace), cpu=721555953, mem=2002974
[update] Output[0] | addr=addr_test1wr00...zug5ju | lovelace=5.000000 ADA (5000000) | assets=def5c14be6bc...29d315=1 | datum=inline(92B)
[update] Output[1] | addr=addr_test1wrn8...n9jphd | lovelace=35.000000 ADA (35000000) | assets=e6721fde8af7...545f41=1 | datum=inline(19B)
[update] Output[2] | addr=addr_test1qpgp...quxj3j | lovelace=873.370427 ADA (873370427)
[update] Unsigned transaction ready: 1ce0986677b198b27b12182dd9e849e25a63602dae1dbe539f9d67effbfcc1ce
[update] Submitted transaction hash: 1ce0986677b198b27b12182dd9e849e25a63602dae1dbe539f9d67effbfcc1ce
[update] Confirmed by Blockfrost: oracle update transaction 1ce0986677b198b27b12182dd9e849e25a63602dae1dbe539f9d67effbfcc1ce.
[cli] Wrote JSON output to /home/manuelpadilla/sources/reposUbuntu/PROTOFIRE/DIA/dia-cardano-oracle/offchain/cli/state/preview_run_20260608-040304/clients/client-a/pairs/usdt-usd.json
{
  "wallet": {
    "source": "seed",
    "address": "addr_test1qpgpsm75w7l9u6au7shqzsaulrtxz2gp6xw9zhun70es6tt4t3wsjavx26kmh586erf8xxhqc2y7urq5az32sjv56nyqquxj3j"
  },
  "pair": {
    "tokenName": "5ec9fa6a8337c83985882517e4865a68763912f37490cffe992a26abfd29d315",
    "pairId": "555344542f555344",
    "pairUnit": "def5c14be6bceefb95769110a0c8c7d5362e58bf8f17b6ee1c1bd9025ec9fa6a8337c83985882517e4865a68763912f37490cffe992a26abfd29d315",
    "pairValidatorAddress": "addr_test1wr00ts2tu67wa7u4w6g3pgxgcl2nvtjch7830dhwrsdajqszug5ju"
  },
  "pairState": {
    "pairId": "555344542f555344",
    "price": "100001234",
    "timestamp": "1780893979",
    "nonce": "1780893979000",
    "intentHash": "1a7d90c5132dac65e7e72e6b2ecc04fff8fb7a9df4bca7ce9ee1a2122e536fef",
    "signer": "2b1c7eff297766569966b630a6862947a8e5285a",
    "minUtxoLovelace": "5000000",
    "intent": {
      "intentType": "OracleUpdate",
      "version": "1.0",
      "chainId": "10050",
      "nonce": "1780893979000",
      "expiry": "1780897579",
      "symbol": "USDT/USD",
      "price": "100001234",
      "timestamp": "1780893979",
      "source": "DIA Oracle",
      "signature": "0b258367a897872a5220c53856297f760bd4bd9a0bbac5bb1630477b5c7aa69934bb58e46c83a6e37db2191d8d0f46bbba14ebb1e1cb4bcdbe9d490156d550981c",
      "signer": "2b1c7eff297766569966b630a6862947a8e5285a"
    }
  },
  "datum": {
    "pairCbor": "d8799f48555344542f5553441a05f5e5d21a6a26491b1b0000019ea58d917858201a7d90c5132dac65e7e72e6b2ecc04fff8fb7a9df4bca7ce9ee1a2122e536fef542b1c7eff297766569966b630a6862947a8e5285a1a004c4b40ff"
  },
  "transactions": [
    {
      "step": "preview:update",
      "submittedTxHash": "1ce0986677b198b27b12182dd9e849e25a63602dae1dbe539f9d67effbfcc1ce",
      "confirmed": true
    }
  ]
}
[1G[0K⠙[1G[0K