
> @diadata-org/dia-cardano-oracle-cli@0.1.0 cli
> tsx src/index.ts update --intent ./state/preview_run_20260608-040304/intents/sol-usd.signed.json --protocol-state ./state/preview_run_20260608-040304/config-bootstrap.json --client-state ./state/preview_run_20260608-040304/clients/client-a.json --pair-state ./state/preview_run_20260608-040304/clients/client-a/pairs/sol-usd.json

[1G[0K[update] Loading signed intent from /home/manuelpadilla/sources/reposUbuntu/PROTOFIRE/DIA/dia-cardano-oracle/offchain/cli/state/preview_run_20260608-040304/intents/sol-usd.signed.json
[update] Loading client and protocol state
[update] Connecting to Preview and selecting the configured wallet
[update] Building Preview oracle update transaction
[update] Tx resources: fee=0.815915 ADA (815915 lovelace), cpu=721555953, mem=2002974
[update] Output[0] | addr=addr_test1wr00...zug5ju | lovelace=5.000000 ADA (5000000) | assets=def5c14be6bc...bbbe64=1 | datum=inline(95B)
[update] Output[1] | addr=addr_test1wrn8...n9jphd | lovelace=35.000000 ADA (35000000) | assets=e6721fde8af7...545f41=1 | datum=inline(19B)
[update] Output[2] | addr=addr_test1qpgp...quxj3j | lovelace=861.738949 ADA (861738949)
[update] Unsigned transaction ready: 08dff997c7f2c281c7c39a8e0b0f652bb94137ca5844bc75a13e71488066a23c
[update] Submitted transaction hash: 08dff997c7f2c281c7c39a8e0b0f652bb94137ca5844bc75a13e71488066a23c
[update] Confirmed by Blockfrost: oracle update transaction 08dff997c7f2c281c7c39a8e0b0f652bb94137ca5844bc75a13e71488066a23c.
[cli] Wrote JSON output to /home/manuelpadilla/sources/reposUbuntu/PROTOFIRE/DIA/dia-cardano-oracle/offchain/cli/state/preview_run_20260608-040304/clients/client-a/pairs/sol-usd.json
{
  "wallet": {
    "source": "seed",
    "address": "addr_test1qpgpsm75w7l9u6au7shqzsaulrtxz2gp6xw9zhun70es6tt4t3wsjavx26kmh586erf8xxhqc2y7urq5az32sjv56nyqquxj3j"
  },
  "pair": {
    "tokenName": "396545cb87b0103c8ddb5ff4329eeff88e2aef114f76b0807b21ce3d68bbbe64",
    "pairId": "534f4c2f555344",
    "pairUnit": "def5c14be6bceefb95769110a0c8c7d5362e58bf8f17b6ee1c1bd902396545cb87b0103c8ddb5ff4329eeff88e2aef114f76b0807b21ce3d68bbbe64",
    "pairValidatorAddress": "addr_test1wr00ts2tu67wa7u4w6g3pgxgcl2nvtjch7830dhwrsdajqszug5ju"
  },
  "pairState": {
    "pairId": "534f4c2f555344",
    "price": "18500000000",
    "timestamp": "1780894397",
    "nonce": "1780894397000",
    "intentHash": "4c42eb9a3b9b1e46c131307639a9925f7422c3405d0c870e6b4f596add9399a5",
    "signer": "2b1c7eff297766569966b630a6862947a8e5285a",
    "minUtxoLovelace": "5000000",
    "intent": {
      "intentType": "OracleUpdate",
      "version": "1.0",
      "chainId": "10050",
      "nonce": "1780894397000",
      "expiry": "1780897997",
      "symbol": "SOL/USD",
      "price": "18500000000",
      "timestamp": "1780894397",
      "source": "DIA Oracle",
      "signature": "9b331740f0441da63e5796f4bd96e66172228644d63ada613efbbeaddf135f837fd8935fdb9731e5eb6b0bc2fb5fdc07727b8cf418de387ac4539caed33a02b71b",
      "signer": "2b1c7eff297766569966b630a6862947a8e5285a"
    }
  },
  "datum": {
    "pairCbor": "d8799f47534f4c2f5553441b000000044eaf99001a6a264abd1b0000019ea593f24858204c42eb9a3b9b1e46c131307639a9925f7422c3405d0c870e6b4f596add9399a5542b1c7eff297766569966b630a6862947a8e5285a1a004c4b40ff"
  },
  "transactions": [
    {
      "step": "preview:update",
      "submittedTxHash": "08dff997c7f2c281c7c39a8e0b0f652bb94137ca5844bc75a13e71488066a23c",
      "confirmed": true
    }
  ]
}
[1G[0K⠙[1G[0K