
> @diadata-org/dia-cardano-oracle-cli@0.1.0 cli
> tsx src/index.ts update --intent ./state/preview_run_20260608-040304/intents/bnb-usd.signed.json --protocol-state ./state/preview_run_20260608-040304/config-bootstrap.json --client-state ./state/preview_run_20260608-040304/clients/client-a.json --pair-state ./state/preview_run_20260608-040304/clients/client-a/pairs/bnb-usd.json

[1G[0K[update] Loading signed intent from /home/manuelpadilla/sources/reposUbuntu/PROTOFIRE/DIA/dia-cardano-oracle/offchain/cli/state/preview_run_20260608-040304/intents/bnb-usd.signed.json
[update] Loading client and protocol state
[update] Connecting to Preview and selecting the configured wallet
[update] Building Preview oracle update transaction
[update] Tx resources: fee=0.815915 ADA (815915 lovelace), cpu=721555953, mem=2002974
[update] Output[0] | addr=addr_test1wr00...zug5ju | lovelace=5.000000 ADA (5000000) | assets=def5c14be6bc...30b101=1 | datum=inline(95B)
[update] Output[1] | addr=addr_test1wrn8...n9jphd | lovelace=35.000000 ADA (35000000) | assets=e6721fde8af7...545f41=1 | datum=inline(19B)
[update] Output[2] | addr=addr_test1qpgp...quxj3j | lovelace=855.923034 ADA (855923034)
[update] Unsigned transaction ready: 5c60c1496ad02a1ff6251ebad32db4edb2fd999a8d33e45e40ff909bc8bfebcf
[update] Submitted transaction hash: 5c60c1496ad02a1ff6251ebad32db4edb2fd999a8d33e45e40ff909bc8bfebcf
[update] Confirmed by Blockfrost: oracle update transaction 5c60c1496ad02a1ff6251ebad32db4edb2fd999a8d33e45e40ff909bc8bfebcf.
[cli] Wrote JSON output to /home/manuelpadilla/sources/reposUbuntu/PROTOFIRE/DIA/dia-cardano-oracle/offchain/cli/state/preview_run_20260608-040304/clients/client-a/pairs/bnb-usd.json
{
  "wallet": {
    "source": "seed",
    "address": "addr_test1qpgpsm75w7l9u6au7shqzsaulrtxz2gp6xw9zhun70es6tt4t3wsjavx26kmh586erf8xxhqc2y7urq5az32sjv56nyqquxj3j"
  },
  "pair": {
    "tokenName": "09da81653014451f3a86d96589f6a9e5d97b4e8236a461c7b2edbe1bab30b101",
    "pairId": "424e422f555344",
    "pairUnit": "def5c14be6bceefb95769110a0c8c7d5362e58bf8f17b6ee1c1bd90209da81653014451f3a86d96589f6a9e5d97b4e8236a461c7b2edbe1bab30b101",
    "pairValidatorAddress": "addr_test1wr00ts2tu67wa7u4w6g3pgxgcl2nvtjch7830dhwrsdajqszug5ju"
  },
  "pairState": {
    "pairId": "424e422f555344",
    "price": "61500000000",
    "timestamp": "1780894626",
    "nonce": "1780894626000",
    "intentHash": "7c7bea79519f73cc6778085fd7e31cb27eeff176ca2be6b6efc995757f54138a",
    "signer": "2b1c7eff297766569966b630a6862947a8e5285a",
    "minUtxoLovelace": "5000000",
    "intent": {
      "intentType": "OracleUpdate",
      "version": "1.0",
      "chainId": "10050",
      "nonce": "1780894626000",
      "expiry": "1780898226",
      "symbol": "BNB/USD",
      "price": "61500000000",
      "timestamp": "1780894626",
      "source": "DIA Oracle",
      "signature": "01a963dd933f487a2db04c0c5fba127713c10a8cde6faa6c6266b9f8121e4a361bd620f3e1256e94c56b0d18bd5e97a1a359a18dcc7828a94469b80e31eda6fe1b",
      "signer": "2b1c7eff297766569966b630a6862947a8e5285a"
    }
  },
  "datum": {
    "pairCbor": "d8799f47424e422f5553441b0000000e51af87001a6a264ba21b0000019ea59770d058207c7bea79519f73cc6778085fd7e31cb27eeff176ca2be6b6efc995757f54138a542b1c7eff297766569966b630a6862947a8e5285a1a004c4b40ff"
  },
  "transactions": [
    {
      "step": "preview:update",
      "submittedTxHash": "5c60c1496ad02a1ff6251ebad32db4edb2fd999a8d33e45e40ff909bc8bfebcf",
      "confirmed": true
    }
  ]
}
[1G[0K⠙[1G[0K