[run] intent:create-and-sign --protocol-state ./state/preview_run_20260608-040304/config-bootstrap.json --intent-type OracleUpdate --symbol XRP/USD --price 520000000 --source "DIA Oracle" --out ./state/preview_run_20260608-040304/intents/xrp-usd.signed.json

> @diadata-org/dia-cardano-oracle-cli@0.1.0 cli
> tsx src/index.ts intent:create-and-sign --protocol-state ./state/preview_run_20260608-040304/config-bootstrap.json --intent-type OracleUpdate --symbol XRP/USD --price 520000000 --source DIA Oracle --out ./state/preview_run_20260608-040304/intents/xrp-usd.signed.json

[1G[0K[cli] Wrote JSON output to /home/manuelpadilla/sources/reposUbuntu/PROTOFIRE/DIA/dia-cardano-oracle/offchain/cli/state/preview_run_20260608-040304/intents/xrp-usd.signed.json
{
  "intent": {
    "intentType": "OracleUpdate",
    "version": "1.0",
    "chainId": "10050",
    "nonce": "1780894829000",
    "expiry": "1780898429",
    "symbol": "XRP/USD",
    "price": "520000000",
    "timestamp": "1780894829",
    "source": "DIA Oracle",
    "signature": "0xb0e5c5dc2ac1ea62c73b083b3f29399e5f5be5d5be0f52d816e4080c1c7e78d578e2c7622714cb6b4fdb6b773a6c9e73d1e588120e0e3fc2fc292344ed8bd1601c",
    "signer": "0x2b1c7eff297766569966b630a6862947a8e5285a"
  },
  "witness": {
    "signerPublicKey": "02d78ade9f8a9c064c8c588dba903df0cc0118596b9ec65f665dea1b448519f531",
    "signerAddress": "0x2b1c7eff297766569966b630a6862947a8e5285a",
    "intentHash": "dd6338e55aefae42ad9206e3472aa227fa4da589f7d3449933e2b7f3a376d205",
    "compactSignature": "b0e5c5dc2ac1ea62c73b083b3f29399e5f5be5d5be0f52d816e4080c1c7e78d578e2c7622714cb6b4fdb6b773a6c9e73d1e588120e0e3fc2fc292344ed8bd160"
  }
}
[1G[0K⠙[1G[0K