
> @diadata-org/dia-cardano-oracle-cli@0.1.0 cli
> tsx src/index.ts update --intent ./state/preview_run_20260608-040304/intents/dot-usd.signed.json --protocol-state ./state/preview_run_20260608-040304/config-bootstrap.json --client-state ./state/preview_run_20260608-040304/clients/client-a.json --pair-state ./state/preview_run_20260608-040304/clients/client-a/pairs/dot-usd.json

[1G[0K[update] Loading signed intent from /home/manuelpadilla/sources/reposUbuntu/PROTOFIRE/DIA/dia-cardano-oracle/offchain/cli/state/preview_run_20260608-040304/intents/dot-usd.signed.json
[update] Loading client and protocol state
[update] Connecting to Preview and selecting the configured wallet
[update] Building Preview oracle update transaction
[update] Tx resources: fee=0.815563 ADA (815563 lovelace), cpu=721555953, mem=2002974
[update] Output[0] | addr=addr_test1wr00...zug5ju | lovelace=5.000000 ADA (5000000) | assets=def5c14be6bc...52daee=1 | datum=inline(91B)
[update] Output[1] | addr=addr_test1wrn8...n9jphd | lovelace=35.000000 ADA (35000000) | assets=e6721fde8af7...545f41=1 | datum=inline(19B)
[update] Output[2] | addr=addr_test1qpgp...quxj3j | lovelace=838.476163 ADA (838476163)
[update] Unsigned transaction ready: ed9734eb1a45aeb07f9ac661381c488c5354b101e79a62abad28f2bfbb856844
[update] Submitted transaction hash: ed9734eb1a45aeb07f9ac661381c488c5354b101e79a62abad28f2bfbb856844
[update] Confirmed by Blockfrost: oracle update transaction ed9734eb1a45aeb07f9ac661381c488c5354b101e79a62abad28f2bfbb856844.
[cli] Wrote JSON output to /home/manuelpadilla/sources/reposUbuntu/PROTOFIRE/DIA/dia-cardano-oracle/offchain/cli/state/preview_run_20260608-040304/clients/client-a/pairs/dot-usd.json
{
  "wallet": {
    "source": "seed",
    "address": "addr_test1qpgpsm75w7l9u6au7shqzsaulrtxz2gp6xw9zhun70es6tt4t3wsjavx26kmh586erf8xxhqc2y7urq5az32sjv56nyqquxj3j"
  },
  "pair": {
    "tokenName": "ff3f796230b336b4e5c8d3af0440cbe0346a64cdab5e9cba4a8e2f476152daee",
    "pairId": "444f542f555344",
    "pairUnit": "def5c14be6bceefb95769110a0c8c7d5362e58bf8f17b6ee1c1bd902ff3f796230b336b4e5c8d3af0440cbe0346a64cdab5e9cba4a8e2f476152daee",
    "pairValidatorAddress": "addr_test1wr00ts2tu67wa7u4w6g3pgxgcl2nvtjch7830dhwrsdajqszug5ju"
  },
  "pairState": {
    "pairId": "444f542f555344",
    "price": "420000000",
    "timestamp": "1780895279",
    "nonce": "1780895279000",
    "intentHash": "608a27733692a2fef752637c456cc11daf8f82a168ba2322606df79a1e314631",
    "signer": "2b1c7eff297766569966b630a6862947a8e5285a",
    "minUtxoLovelace": "5000000",
    "intent": {
      "intentType": "OracleUpdate",
      "version": "1.0",
      "chainId": "10050",
      "nonce": "1780895279000",
      "expiry": "1780898879",
      "symbol": "DOT/USD",
      "price": "420000000",
      "timestamp": "1780895279",
      "source": "DIA Oracle",
      "signature": "521e81f3ad7d811f51dffcdf5c455bff9a68fbf5695304245c74e7c6d9718fec00c5f72640e1f4d89499d3d75a3ee62ba6fa77558cfc18de52a74de7c4aa8cd01c",
      "signer": "2b1c7eff297766569966b630a6862947a8e5285a"
    }
  },
  "datum": {
    "pairCbor": "d8799f47444f542f5553441a1908b1001a6a264e2f1b0000019ea5a167985820608a27733692a2fef752637c456cc11daf8f82a168ba2322606df79a1e314631542b1c7eff297766569966b630a6862947a8e5285a1a004c4b40ff"
  },
  "transactions": [
    {
      "step": "preview:update",
      "submittedTxHash": "ed9734eb1a45aeb07f9ac661381c488c5354b101e79a62abad28f2bfbb856844",
      "confirmed": true
    }
  ]
}
[1G[0K⠙[1G[0K