
> @diadata-org/dia-cardano-oracle-cli@0.1.0 cli
> tsx src/index.ts settle --protocol-state ./state/preview_run_20260608-040304/config-bootstrap.json --client-state ./state/preview_run_20260608-040304/clients/client-a.json

[1G[0K[settle] Loading protocol state from /home/manuelpadilla/sources/reposUbuntu/PROTOFIRE/DIA/dia-cardano-oracle/offchain/cli/state/preview_run_20260608-040304/config-bootstrap.json
[settle] Loading 1 client state
[settle] Connecting to Preview and selecting the configured wallet
[settle] Building Preview settle transaction
[settle] Settling 12450000 lovelace from 1 receiver to payment hook
[settle] Tx resources: fee=0.792872 ADA (792872 lovelace), cpu=590262617, mem=1843951
[settle] Output[0] | addr=addr_test1wrn8...n9jphd | lovelace=52.550000 ADA (52550000) | assets=e6721fde8af7...545f41=1 | datum=inline(15B)
[settle] Output[1] | addr=addr_test1wpct...t88px7 | lovelace=17.450000 ADA (17450000) | assets=70bf934df3da...4f4f4b=1 | datum=inline(100B)
[settle] Output[2] | addr=addr_test1qpgp...quxj3j | lovelace=804.631471 ADA (804631471)
[settle] Unsigned transaction ready: c8da8dd3b182e1b4d679550a9f8982ec96b35351d551ec17fb0627dd334d5b3b
[settle] Submitted transaction hash: c8da8dd3b182e1b4d679550a9f8982ec96b35351d551ec17fb0627dd334d5b3b
[settle] Confirmed by Blockfrost: settle transaction c8da8dd3b182e1b4d679550a9f8982ec96b35351d551ec17fb0627dd334d5b3b.
{
  "wallet": {
    "source": "seed",
    "address": "addr_test1qpgpsm75w7l9u6au7shqzsaulrtxz2gp6xw9zhun70es6tt4t3wsjavx26kmh586erf8xxhqc2y7urq5az32sjv56nyqquxj3j"
  },
  "settledReceivers": [
    {
      "clientId": "client-a",
      "receiverUnit": "e6721fde8af7e40aecbd6f146b0470cc20722e05a61c9230a052900d4449415f52454345495645525f434c49454e545f41",
      "drainedLovelace": "12450000"
    }
  ],
  "totalSettledLovelace": "12450000",
  "transactions": [
    {
      "step": "preview:settle",
      "submittedTxHash": "c8da8dd3b182e1b4d679550a9f8982ec96b35351d551ec17fb0627dd334d5b3b",
      "confirmed": true
    }
  ]
}
[1G[0K⠙[1G[0K