[2026-06-18T18:16:07.507Z] [enriched] Intent enriched: BTC/USD @ 62559607405125004427264
  meta: {"price":"62559607405125004427264","timestamp":"1781806565","expiry":"1781810165","blockNumber":13617860}
[2026-06-18T18:16:07.507Z] [routed] Intent passed all filters
  meta: {"routerId":"client_test_01_router_a_majors","destinationIndex":0}
[2026-06-18T18:16:07.510Z] [queued] Intent accepted by coalescer
  meta: {"routerId":"client_test_01_router_a_majors","destinationIndex":0,"clientStatePath":"../state/preview_run_20260608-040304/clients/client-test-01.json"}
[2026-06-18T18:16:07.514Z] [enriched] Intent enriched: BTC/USD @ 62559607405125004427264
  meta: {"price":"62559607405125004427264","timestamp":"1781806565","expiry":"1781810165","blockNumber":13617860}
[2026-06-18T18:16:07.514Z] [routed] Intent passed all filters
  meta: {"routerId":"client_test_02_router_default","destinationIndex":0}
[2026-06-18T18:16:07.515Z] [queued] Intent accepted by coalescer
  meta: {"routerId":"client_test_02_router_default","destinationIndex":0,"clientStatePath":"../state/preview_run_20260608-040304/clients/client-test-02.json"}
[2026-06-18T18:16:08.832Z] [connecting] connecting
[2026-06-18T18:16:14.066Z] [connecting] connecting
[2026-06-18T18:16:14.325Z] [connecting] connecting
[2026-06-18T18:16:19.381Z] [connecting] connecting
[2026-06-18T18:16:19.549Z] [connecting] connecting
[2026-06-18T18:16:24.642Z] [connecting] connecting
[2026-06-18T18:16:24.801Z] [connecting] connecting
[2026-06-18T18:16:24.899Z] [failed] Cardano transaction failed: Unable to fetch protocol parameters from Blockfrost (402 Payment Required).
  meta: {"code":"BuilderError","remediation":"A Cardano tx builder or signing error occurred. Check the feeder logs for the full stack trace.","error":"Unable to fetch protocol parameters from Blockfrost (402 Payment Required).","batchSize":5,"batchMembers":[{"intentHash":"0x239dd946ca092b8c1fb09da55d47501729535f417d0cf63fd9e26d0e2f6de351","symbol":"XVG/USD","pairUnit":"","action":"update"},{"intentHash":"0xddb74dec3e9634b95c72dd44da9714908e55cf1ffddd8e8e7603ca5a5ad2a5d4","symbol":"USDT/USD","pairUnit":"","action":"update"},{"intentHash":"0x6176da645d444f3b5e885eb28addb01f8f9f6fafe4859aff91ef12895666effd","symbol":"LTC/USD","pairUnit":"","action":"update"},{"intentHash":"0x496b8f2dde30b343056beaac40a020ac943520ae7d24147df6942ab09ed97f82","symbol":"BTC/USD","pairUnit":"","action":"update"},{"intentHash":"0x780287654fa132878eb4797ed8b56295f6533b3fbcd24d36d6eaaf34ffb546c9","symbol":"ETH/USD","pairUnit":"","action":"update"}]}
[2026-06-18T18:16:30.125Z] [connecting] connecting
[2026-06-18T18:16:30.465Z] [failed] Cardano transaction failed: Unable to fetch protocol parameters from Blockfrost (402 Payment Required).
  meta: {"code":"BuilderError","remediation":"A Cardano tx builder or signing error occurred. Check the feeder logs for the full stack trace.","error":"Unable to fetch protocol parameters from Blockfrost (402 Payment Required).","batchSize":1}
