[2026-06-18T08:45:13.177Z] [enriched] Intent enriched: DOGE/USD @ 84967178275000000
  meta: {"price":"84967178275000000","timestamp":"1781772311","expiry":"1781775911","blockNumber":13523664}
[2026-06-18T08:45:13.177Z] [routed] Intent passed all filters
  meta: {"routerId":"client_test_01_router_a_majors","destinationIndex":0}
[2026-06-18T08:45:13.177Z] [queued] Intent accepted by coalescer
  meta: {"routerId":"client_test_01_router_a_majors","destinationIndex":0,"clientStatePath":"../state/preview_run_20260608-040304/clients/client-test-01.json"}
[2026-06-18T08:45:25.023Z] [connecting] connecting
[2026-06-18T08:45:31.741Z] [building] building
[2026-06-18T08:45:34.770Z] [signing] signing
  meta: {"txHash":"5fe87c0b626f52a0420f563754f3fc1eaf35bceff27acaf70da497a27f6191e3"}
[2026-06-18T08:45:35.741Z] [submitting] submitting
  meta: {"txHash":"5fe87c0b626f52a0420f563754f3fc1eaf35bceff27acaf70da497a27f6191e3"}
[2026-06-18T08:45:36.010Z] [submitted] submitted
  meta: {"txHash":"5fe87c0b626f52a0420f563754f3fc1eaf35bceff27acaf70da497a27f6191e3"}
[2026-06-18T08:45:36.014Z] [waiting_confirm] waiting_confirm
  meta: {"txHash":"5fe87c0b626f52a0420f563754f3fc1eaf35bceff27acaf70da497a27f6191e3"}
[2026-06-18T08:45:49.243Z] [waiting_utxo] waiting_utxo
  meta: {"txHash":"5fe87c0b626f52a0420f563754f3fc1eaf35bceff27acaf70da497a27f6191e3"}
[2026-06-18T08:45:56.143Z] [writing_state] writing_state
  meta: {"txHash":"5fe87c0b626f52a0420f563754f3fc1eaf35bceff27acaf70da497a27f6191e3"}
[2026-06-18T08:45:59.014Z] [failed] Cardano transaction failed: Intent for DOGE/USD superseded on chain; not submitted.
  meta: {"code":"NonMonotonicNonce","remediation":"A newer intent for this pair is already on-chain. The stale intent was discarded; no operator action is needed.","error":"Intent for DOGE/USD superseded on chain; not submitted.","batchSize":1,"batchMembers":[{"intentHash":"0x73cb08b05daf90ec1044d1d36cafbec50d9222689451fce62c3762d7f7b6b6bb","symbol":"ETH/USD","pairUnit":"def5c14be6bceefb95769110a0c8c7d5362e58bf8f17b6ee1c1bd9023d7739c2406edbe3bb594b8f762cf67a2c889a162f2234dc17841f61d33849f4","action":"update"}]}
