[2026-06-18T07:14:11.491Z] [enriched] Intent enriched: USDC/USD @ 999724111625000064
  meta: {"price":"999724111625000064","timestamp":"1781766850","expiry":"1781770450","blockNumber":13508234}
[2026-06-18T07:14:11.491Z] [routed] Intent passed all filters
  meta: {"routerId":"client_test_01_router_default","destinationIndex":0}
[2026-06-18T07:14:11.492Z] [queued] Intent accepted by coalescer
  meta: {"routerId":"client_test_01_router_default","destinationIndex":0,"clientStatePath":"../state/preview_run_20260608-040304/clients/client-test-01.json"}
[2026-06-18T07:14:34.534Z] [connecting] connecting
[2026-06-18T07:14:40.254Z] [building] building
[2026-06-18T07:14:43.081Z] [signing] signing
  meta: {"txHash":"6bd2627079755c3810e7821e6f32314376224f9ccf413200a5a7b80278befd77"}
[2026-06-18T07:14:44.046Z] [submitting] submitting
  meta: {"txHash":"6bd2627079755c3810e7821e6f32314376224f9ccf413200a5a7b80278befd77"}
[2026-06-18T07:14:44.305Z] [submitted] submitted
  meta: {"txHash":"6bd2627079755c3810e7821e6f32314376224f9ccf413200a5a7b80278befd77"}
[2026-06-18T07:14:44.312Z] [waiting_confirm] waiting_confirm
  meta: {"txHash":"6bd2627079755c3810e7821e6f32314376224f9ccf413200a5a7b80278befd77"}
[2026-06-18T07:15:39.940Z] [waiting_utxo] waiting_utxo
  meta: {"txHash":"6bd2627079755c3810e7821e6f32314376224f9ccf413200a5a7b80278befd77"}
[2026-06-18T07:15:46.866Z] [writing_state] writing_state
  meta: {"txHash":"6bd2627079755c3810e7821e6f32314376224f9ccf413200a5a7b80278befd77"}
[2026-06-18T07:15:49.760Z] [failed] Cardano transaction failed: Intent for USDC/USD superseded on chain; not submitted.
  meta: {"code":"NonMonotonicNonce","remediation":"A newer intent for this pair is already on-chain. The stale intent was discarded; no operator action is needed.","error":"Intent for USDC/USD superseded on chain; not submitted.","batchSize":1,"batchMembers":[{"intentHash":"0xa854c24bd3ddbdb390e9ed5068ce8f9beeb48640c4e8878a841bad6298d81d0c","symbol":"NEIRO/USD","pairUnit":"def5c14be6bceefb95769110a0c8c7d5362e58bf8f17b6ee1c1bd902a8c0b97b231afaebc42d067a57b139abb4a8631e36c7f81cee6a30173e22b6b2","action":"update"}]}
