[2026-06-18T08:52:06.462Z] [enriched] Intent enriched: BTC/USD @ 64483694037000001683456
  meta: {"price":"64483694037000001683456","timestamp":"1781772725","expiry":"1781776325","blockNumber":13524839}
[2026-06-18T08:52:06.462Z] [routed] Intent passed all filters
  meta: {"routerId":"client_test_01_router_a_majors","destinationIndex":0}
[2026-06-18T08:52:06.463Z] [queued] Intent accepted by coalescer
  meta: {"routerId":"client_test_01_router_a_majors","destinationIndex":0,"clientStatePath":"../state/preview_run_20260608-040304/clients/client-test-01.json"}
[2026-06-18T08:52:06.467Z] [enriched] Intent enriched: BTC/USD @ 64483694037000001683456
  meta: {"price":"64483694037000001683456","timestamp":"1781772725","expiry":"1781776325","blockNumber":13524839}
[2026-06-18T08:52:06.467Z] [routed] Intent passed all filters
  meta: {"routerId":"client_test_02_router_default","destinationIndex":0}
[2026-06-18T08:52:06.467Z] [queued] Intent accepted by coalescer
  meta: {"routerId":"client_test_02_router_default","destinationIndex":0,"clientStatePath":"../state/preview_run_20260608-040304/clients/client-test-02.json"}
[2026-06-18T08:52:07.759Z] [connecting] connecting
[2026-06-18T08:52:13.365Z] [building] building
[2026-06-18T08:52:15.766Z] [signing] signing
  meta: {"txHash":"dddb41b6c0cab5d8b67fdf0adcffb041ba9025a16f953551742d07c6156d25c4"}
[2026-06-18T08:52:16.737Z] [submitting] submitting
  meta: {"txHash":"dddb41b6c0cab5d8b67fdf0adcffb041ba9025a16f953551742d07c6156d25c4"}
[2026-06-18T08:52:17.001Z] [submitted] submitted
  meta: {"txHash":"dddb41b6c0cab5d8b67fdf0adcffb041ba9025a16f953551742d07c6156d25c4"}
[2026-06-18T08:52:17.002Z] [waiting_confirm] waiting_confirm
  meta: {"txHash":"dddb41b6c0cab5d8b67fdf0adcffb041ba9025a16f953551742d07c6156d25c4"}
[2026-06-18T08:52:18.720Z] [superseded] Superseded by newer intent
  meta: {"supersededByHash":"0x96164dbfae3f00af1aab99a5d3896048f87e173b4fb025462ba8e7753983c574"}
[2026-06-18T08:52:45.397Z] [waiting_utxo] waiting_utxo
  meta: {"txHash":"dddb41b6c0cab5d8b67fdf0adcffb041ba9025a16f953551742d07c6156d25c4"}
[2026-06-18T08:52:49.806Z] [writing_state] writing_state
  meta: {"txHash":"dddb41b6c0cab5d8b67fdf0adcffb041ba9025a16f953551742d07c6156d25c4"}
[2026-06-18T08:52:52.704Z] [confirm] Cardano transaction confirmed
  meta: {"cardanoTxHash":"dddb41b6c0cab5d8b67fdf0adcffb041ba9025a16f953551742d07c6156d25c4","pairUnit":"def5c14be6bceefb95769110a0c8c7d5362e58bf8f17b6ee1c1bd9028a3859b168b77160150b13c200392328254c3758f082050fd7ec5c340ac2a497","pairAction":"update","batchSize":1}
