[2026-06-18T18:40:53.507Z] [connecting] connecting
[2026-06-18T18:41:00.614Z] [building] building
[2026-06-18T18:41:03.638Z] [signing] signing
  meta: {"txHash":"94362672d38a1bb36725aaaadbf8606a69b3015436b2efc76307e94f78d66eff"}
[2026-06-18T18:41:05.086Z] [submitting] submitting
  meta: {"txHash":"94362672d38a1bb36725aaaadbf8606a69b3015436b2efc76307e94f78d66eff"}
[2026-06-18T18:41:10.363Z] [connecting] connecting
[2026-06-18T18:41:17.405Z] [building] building
[2026-06-18T18:41:20.426Z] [signing] signing
  meta: {"txHash":"94362672d38a1bb36725aaaadbf8606a69b3015436b2efc76307e94f78d66eff"}
[2026-06-18T18:41:21.873Z] [submitting] submitting
  meta: {"txHash":"94362672d38a1bb36725aaaadbf8606a69b3015436b2efc76307e94f78d66eff"}
[2026-06-18T18:41:27.135Z] [connecting] connecting
[2026-06-18T18:41:34.232Z] [building] building
[2026-06-18T18:41:37.374Z] [signing] signing
  meta: {"txHash":"94362672d38a1bb36725aaaadbf8606a69b3015436b2efc76307e94f78d66eff"}
[2026-06-18T18:41:38.837Z] [submitting] submitting
  meta: {"txHash":"94362672d38a1bb36725aaaadbf8606a69b3015436b2efc76307e94f78d66eff"}
[2026-06-18T18:41:44.088Z] [connecting] connecting
[2026-06-18T18:41:51.047Z] [building] building
[2026-06-18T18:41:54.140Z] [signing] signing
  meta: {"txHash":"94362672d38a1bb36725aaaadbf8606a69b3015436b2efc76307e94f78d66eff"}
[2026-06-18T18:41:55.602Z] [submitting] submitting
  meta: {"txHash":"94362672d38a1bb36725aaaadbf8606a69b3015436b2efc76307e94f78d66eff"}
[2026-06-18T18:41:55.869Z] [failed] Cardano transaction failed: Error: {"contents":{"contents":{"contents":{"era":"ShelleyBasedEraConway","error":["ConwayUtxowFailure (UtxoFailure (InsufficientCollateral (DeltaCoin (-300016574)) (Coin 1869185)))","ConwayUtxowFailure (UtxoFailure (IncorrectTotalCollateralField (DeltaCoin (-300016574)) (Coin 5000000)))","ConwayUtxowFailure (UtxoFailure NoCollateralInputs)","ConwayUtxowFailure (UtxoFailure (BadInputsUTxO (NonEmptySet (fromList [TxIn (TxId {unTxId = SafeHash \"c5bffd86f5ee75d6816c521919742c906f4f6d14c3537756d421c3a44c7fa1f7\"}) (TxIx {unTxIx = 6})]))))","ConwayUtxowFailure (UtxoFailure (ValueNotConservedUTxO Mismatch (RelEQ) {supplied: MaryValue (Coin 9417900000) (MultiAsset (fromList [(PolicyID {policyID = ScriptHash \"def5c14be6bceefb95769110a0c8c7d5362e58bf8f17b6ee1c1bd902\"},fromList [(\"3d7739c2406edbe3bb594b8f762cf67a2c889a162f2234dc17841f61d33849f4\",1),(\"5ec9fa6a8337c83985882517e4865a68763912f37490cffe992a26abfd29d315\",1),(\"8a3859b168b77160150b13c200392328254c3758f082050fd7ec5c340ac2a497\",1)]),(PolicyID {policyID = ScriptHash \"e6721fde8af7e40aecbd6f146b0470cc20722e05a61c9230a052900d\"},fromList [(\"4449415f52454345495645525f434c49454e545f41\",1)])])), expected: MaryValue (Coin 9722916574) (MultiAsset (fromList [(PolicyID {policyID = ScriptHash \"def5c14be6bceefb95769110a0c8c7d5362e58bf8f17b6ee1c1bd902\"},fromList [(\"3d7739c2406edbe3bb594b8f762cf67a2c889a162f2234dc17841f61d33849f4\",1),(\"5ec9fa6a8337c83985882517e4865a68763912f37490cffe992a26abfd29d315\",1),(\"8a3859b168b77160150b13c200392328254c3758f082050fd7ec5c340ac2a497\",1)]),(PolicyID {policyID = ScriptHash \"e6721fde8af7e40aecbd6f146b0470cc20722e05a61c9230a052900d\"},fromList [(\"4449415f52454345495645525f434c49454e545f41\",1)])]))}))","ConwayUtxowFailure (UtxoFailure (UtxosFailure (CollectErrors (BadTranslation (BabbageContextError (AlonzoContextError (TranslationLogicMissingInput (TxIn (TxId {unTxId = SafeHash \"c5bffd86f5ee75d6816c521919742c906f4f6d14c3537756d421c3a44c7fa1f7\"}) (TxIx {unTxIx = 6}))))) :| []))))"],"kind":"ShelleyTxValidationError"},"tag":"TxValidationErrorInCardanoMode"},"tag":"TxCmdTxSubmitValidationError"},"tag":"TxSubmitFail"}
  meta: {"code":"UtxoNotFound","remediation":"A required script UTxO could not be found on-chain. The chain state may need reconciliation — run the feeder's reconcile step.","error":"Error: {\"contents\":{\"contents\":{\"contents\":{\"era\":\"ShelleyBasedEraConway\",\"error\":[\"ConwayUtxowFailure (UtxoFailure (InsufficientCollateral (DeltaCoin (-300016574)) (Coin 1869185)))\",\"ConwayUtxowFailure (UtxoFailure (IncorrectTotalCollateralField (DeltaCoin (-300016574)) (Coin 5000000)))\",\"ConwayUtxowFailure (UtxoFailure NoCollateralInputs)\",\"ConwayUtxowFailure (UtxoFailure (BadInputsUTxO (NonEmptySet (fromList [TxIn (TxId {unTxId = SafeHash \\\"c5bffd86f5ee75d6816c521919742c906f4f6d14c3537756d421c3a44c7fa1f7\\\"}) (TxIx {unTxIx = 6})]))))\",\"ConwayUtxowFailure (UtxoFailure (ValueNotConservedUTxO Mismatch (RelEQ) {supplied: MaryValue (Coin 9417900000) (MultiAsset (fromList [(PolicyID {policyID = ScriptHash \\\"def5c14be6bceefb95769110a0c8c7d5362e58bf8f17b6ee1c1bd902\\\"},fromList [(\\\"3d7739c2406edbe3bb594b8f762cf67a2c889a162f2234dc17841f61d33849f4\\\",1),(\\\"5ec9fa6a8337c83985882517e4865a68763912f37490cffe992a26abfd29d315\\\",1),(\\\"8a3859b168b77160150b13c200392328254c3758f082050fd7ec5c340ac2a497\\\",1)]),(PolicyID {policyID = ScriptHash \\\"e6721fde8af7e40aecbd6f146b0470cc20722e05a61c9230a052900d\\\"},fromList [(\\\"4449415f52454345495645525f434c49454e545f41\\\",1)])])), expected: MaryValue (Coin 9722916574) (MultiAsset (fromList [(PolicyID {policyID = ScriptHash \\\"def5c14be6bceefb95769110a0c8c7d5362e58bf8f17b6ee1c1bd902\\\"},fromList [(\\\"3d7739c2406edbe3bb594b8f762cf67a2c889a162f2234dc17841f61d33849f4\\\",1),(\\\"5ec9fa6a8337c83985882517e4865a68763912f37490cffe992a26abfd29d315\\\",1),(\\\"8a3859b168b77160150b13c200392328254c3758f082050fd7ec5c340ac2a497\\\",1)]),(PolicyID {policyID = ScriptHash \\\"e6721fde8af7e40aecbd6f146b0470cc20722e05a61c9230a052900d\\\"},fromList [(\\\"4449415f52454345495645525f434c49454e545f41\\\",1)])]))}))\",\"ConwayUtxowFailure (UtxoFailure (UtxosFailure (CollectErrors (BadTranslation (BabbageContextError (AlonzoContextError (TranslationLogicMissingInput (TxIn (TxId {unTxId = SafeHash \\\"c5bffd86f5ee75d6816c521919742c906f4f6d14c3537756d421c3a44c7fa1f7\\\"}) (TxIx {unTxIx = 6}))))) :| []))))\"],\"kind\":\"ShelleyTxValidationError\"},\"tag\":\"TxValidationErrorInCardanoMode\"},\"tag\":\"TxCmdTxSubmitValidationError\"},\"tag\":\"TxSubmitFail\"}","batchSize":3,"batchMembers":[{"intentHash":"0xe24b39d7eadd11fc6e41aa4f4fe525196f534406c95c11f8d6af970b27c56995","symbol":"BTC/USD","pairUnit":"","action":"update"},{"intentHash":"0x9cfb5cda334c0876b8312ed49b26049e492f040984828365c0ae053c5930c416","symbol":"ETH/USD","pairUnit":"","action":"update"},{"intentHash":"0x9a9b59180986f32570b34f8fd98f78a6f850000fee687c94d36e417412188900","symbol":"USDT/USD","pairUnit":"","action":"update"}]}
