[2026-06-18T16:06:56.114Z] [connecting] connecting
[2026-06-18T16:07:05.203Z] [building] building
[2026-06-18T16:07:08.607Z] [signing] signing
  meta: {"txHash":"81ade8886640be9444595ca92e4e35154cd621a8b6f0a0ae01245b39d4fa6bc4"}
[2026-06-18T16:07:10.194Z] [submitting] submitting
  meta: {"txHash":"81ade8886640be9444595ca92e4e35154cd621a8b6f0a0ae01245b39d4fa6bc4"}
[2026-06-18T16:07:10.475Z] [submitted] submitted
  meta: {"txHash":"81ade8886640be9444595ca92e4e35154cd621a8b6f0a0ae01245b39d4fa6bc4"}
[2026-06-18T16:07:10.481Z] [waiting_confirm] waiting_confirm
  meta: {"txHash":"81ade8886640be9444595ca92e4e35154cd621a8b6f0a0ae01245b39d4fa6bc4"}
[2026-06-18T16:07:29.708Z] [waiting_utxo] waiting_utxo
  meta: {"txHash":"81ade8886640be9444595ca92e4e35154cd621a8b6f0a0ae01245b39d4fa6bc4"}
[2026-06-18T16:07:35.452Z] [writing_state] writing_state
  meta: {"txHash":"81ade8886640be9444595ca92e4e35154cd621a8b6f0a0ae01245b39d4fa6bc4"}
[2026-06-18T16:07:38.850Z] [batched] Intent confirmed inside a batch of 3 intents
  meta: {"cardanoTxHash":"81ade8886640be9444595ca92e4e35154cd621a8b6f0a0ae01245b39d4fa6bc4","batchSize":3,"batchMembers":[{"intentHash":"0xf9ba05debcda1370de8bd0ff8c00521c8d39b1274d40b0e3e4da4f7f1d8aa15d","symbol":"DOGE/USD","pairUnit":"def5c14be6bceefb95769110a0c8c7d5362e58bf8f17b6ee1c1bd90219434a5bb684f659378f19bc8c3748046e646c079e79c10e484e2d29445ee02d","action":"update"},{"intentHash":"0x7444d22ce8688a1960ebdecde7fc09aabd5b854c01c70fc8eb2f49e891bb5c63","symbol":"USDC/USD","pairUnit":"def5c14be6bceefb95769110a0c8c7d5362e58bf8f17b6ee1c1bd9020156dbaa55902bb40ff6c461c8b2b59c70ebbe3786e51e5e75a8bc1cbad4c1ac","action":"update"},{"intentHash":"0x9c7e6732eb92f41f4c71dbf8e4d5845ec2aaf6dd04d2a1cdade58df34402122b","symbol":"NEIRO/USD","pairUnit":"def5c14be6bceefb95769110a0c8c7d5362e58bf8f17b6ee1c1bd902a8c0b97b231afaebc42d067a57b139abb4a8631e36c7f81cee6a30173e22b6b2","action":"update"}],"pairUnit":"def5c14be6bceefb95769110a0c8c7d5362e58bf8f17b6ee1c1bd9020156dbaa55902bb40ff6c461c8b2b59c70ebbe3786e51e5e75a8bc1cbad4c1ac","pairAction":"update"}
[2026-06-18T16:07:38.851Z] [confirm] Cardano batch transaction confirmed
  meta: {"cardanoTxHash":"81ade8886640be9444595ca92e4e35154cd621a8b6f0a0ae01245b39d4fa6bc4","pairUnit":"def5c14be6bceefb95769110a0c8c7d5362e58bf8f17b6ee1c1bd9020156dbaa55902bb40ff6c461c8b2b59c70ebbe3786e51e5e75a8bc1cbad4c1ac","pairAction":"update","batchSize":3}
[2026-06-18T16:07:38.863Z] [connecting] connecting
[2026-06-18T16:07:46.916Z] [building] building
[2026-06-18T16:07:49.907Z] [signing] signing
  meta: {"txHash":"74ee71cea3dc05c6ab632a7896c3c2694b6047029d0be59a4b0898442de6ec7b"}
[2026-06-18T16:07:51.405Z] [submitting] submitting
  meta: {"txHash":"74ee71cea3dc05c6ab632a7896c3c2694b6047029d0be59a4b0898442de6ec7b"}
[2026-06-18T16:07:51.667Z] [submitted] submitted
  meta: {"txHash":"74ee71cea3dc05c6ab632a7896c3c2694b6047029d0be59a4b0898442de6ec7b"}
[2026-06-18T16:07:51.685Z] [waiting_confirm] waiting_confirm
  meta: {"txHash":"74ee71cea3dc05c6ab632a7896c3c2694b6047029d0be59a4b0898442de6ec7b"}
[2026-06-18T16:07:55.913Z] [waiting_utxo] waiting_utxo
  meta: {"txHash":"74ee71cea3dc05c6ab632a7896c3c2694b6047029d0be59a4b0898442de6ec7b"}
[2026-06-18T16:08:03.829Z] [writing_state] writing_state
  meta: {"txHash":"74ee71cea3dc05c6ab632a7896c3c2694b6047029d0be59a4b0898442de6ec7b"}
[2026-06-18T16:08:07.240Z] [failed] Cardano transaction failed: Intent for USDC/USD superseded on chain; not submitted.
  meta: {"code":"NonMonotonicNonce","remediation":"A newer intent for this pair is already on-chain. The stale intent was discarded; no operator action is needed.","error":"Intent for USDC/USD superseded on chain; not submitted.","batchSize":1,"batchMembers":[{"intentHash":"0xeea22458435a999a2e849e74f39562fe9517c35f62f5e446feeebb9eab59b794","symbol":"ARB/USD","pairUnit":"def5c14be6bceefb95769110a0c8c7d5362e58bf8f17b6ee1c1bd902dfafb09cf4921baf2478651f0d7072b3a0df58b6c434443d32511927fa7919fb","action":"update"}]}
