[2026-06-19T02:31:08.032Z] [connecting] connecting
[2026-06-19T02:31:13.652Z] [building] building
[2026-06-19T02:31:18.993Z] [signing] signing
  meta: {"txHash":"9a1ea92c0dfef0578d6c930c6e63274c8aed87a81af58a64703d21dc0333a789"}
[2026-06-19T02:31:20.500Z] [submitting] submitting
  meta: {"txHash":"9a1ea92c0dfef0578d6c930c6e63274c8aed87a81af58a64703d21dc0333a789"}
[2026-06-19T02:31:24.838Z] [connecting] connecting
[2026-06-19T02:31:30.268Z] [building] building
[2026-06-19T02:31:35.613Z] [signing] signing
  meta: {"txHash":"9a1ea92c0dfef0578d6c930c6e63274c8aed87a81af58a64703d21dc0333a789"}
[2026-06-19T02:31:37.139Z] [submitting] submitting
  meta: {"txHash":"9a1ea92c0dfef0578d6c930c6e63274c8aed87a81af58a64703d21dc0333a789"}
[2026-06-19T02:31:42.402Z] [connecting] connecting
[2026-06-19T02:31:42.724Z] [connecting] connecting
[2026-06-19T02:31:47.542Z] [building] building
[2026-06-19T02:31:52.724Z] [signing] signing
  meta: {"txHash":"a5489d6e2549a68aa6e0123726629be7fb66aebbdc0a812ee141953bce799219"}
[2026-06-19T02:31:53.291Z] [submitting] submitting
  meta: {"txHash":"a5489d6e2549a68aa6e0123726629be7fb66aebbdc0a812ee141953bce799219"}
[2026-06-19T02:31:53.579Z] [submitted] submitted
  meta: {"txHash":"a5489d6e2549a68aa6e0123726629be7fb66aebbdc0a812ee141953bce799219"}
[2026-06-19T02:31:53.579Z] [waiting_confirm] waiting_confirm
  meta: {"txHash":"a5489d6e2549a68aa6e0123726629be7fb66aebbdc0a812ee141953bce799219"}
[2026-06-19T02:31:57.958Z] [building] building
[2026-06-19T02:32:21.596Z] [signing] signing
  meta: {"txHash":"f4ea3377a32151570d11b40dcd3427aa9b146a9f0c4011d51f60fc5a8f136378"}
