[2026-06-19T00:03:45.146Z] [connecting] connecting
[2026-06-19T00:03:51.320Z] [building] building
[2026-06-19T00:03:54.398Z] [signing] signing
  meta: {"txHash":"e59ea817ae7bfdc0d99a7ccf293cc8dde70b0eb63225cfce16e08194852eb278"}
[2026-06-19T00:03:55.877Z] [submitting] submitting
  meta: {"txHash":"e59ea817ae7bfdc0d99a7ccf293cc8dde70b0eb63225cfce16e08194852eb278"}
[2026-06-19T00:03:56.158Z] [submitted] submitted
  meta: {"txHash":"e59ea817ae7bfdc0d99a7ccf293cc8dde70b0eb63225cfce16e08194852eb278"}
[2026-06-19T00:03:56.159Z] [waiting_confirm] waiting_confirm
  meta: {"txHash":"e59ea817ae7bfdc0d99a7ccf293cc8dde70b0eb63225cfce16e08194852eb278"}
[2026-06-19T00:04:00.399Z] [waiting_utxo] waiting_utxo
  meta: {"txHash":"e59ea817ae7bfdc0d99a7ccf293cc8dde70b0eb63225cfce16e08194852eb278"}
[2026-06-19T00:04:07.673Z] [writing_state] writing_state
  meta: {"txHash":"e59ea817ae7bfdc0d99a7ccf293cc8dde70b0eb63225cfce16e08194852eb278"}
[2026-06-19T00:04:11.107Z] [confirm] Cardano transaction confirmed
  meta: {"cardanoTxHash":"e59ea817ae7bfdc0d99a7ccf293cc8dde70b0eb63225cfce16e08194852eb278","pairUnit":"def5c14be6bceefb95769110a0c8c7d5362e58bf8f17b6ee1c1bd902dfafb09cf4921baf2478651f0d7072b3a0df58b6c434443d32511927fa7919fb","pairAction":"update","batchSize":1}
[2026-06-19T00:04:11.109Z] [connecting] connecting
[2026-06-19T00:04:18.144Z] [building] building
[2026-06-19T00:04:21.240Z] [signing] signing
  meta: {"txHash":"dab825679cdb94c93d09738366dd1b9bc63a70f4af6e24f380c4f2a36038f720"}
[2026-06-19T00:04:22.720Z] [submitting] submitting
  meta: {"txHash":"dab825679cdb94c93d09738366dd1b9bc63a70f4af6e24f380c4f2a36038f720"}
[2026-06-19T00:04:23.004Z] [submitted] submitted
  meta: {"txHash":"dab825679cdb94c93d09738366dd1b9bc63a70f4af6e24f380c4f2a36038f720"}
[2026-06-19T00:04:23.004Z] [waiting_confirm] waiting_confirm
  meta: {"txHash":"dab825679cdb94c93d09738366dd1b9bc63a70f4af6e24f380c4f2a36038f720"}
[2026-06-19T00:04:32.949Z] [waiting_utxo] waiting_utxo
  meta: {"txHash":"dab825679cdb94c93d09738366dd1b9bc63a70f4af6e24f380c4f2a36038f720"}
[2026-06-19T00:04:40.596Z] [writing_state] writing_state
  meta: {"txHash":"dab825679cdb94c93d09738366dd1b9bc63a70f4af6e24f380c4f2a36038f720"}
[2026-06-19T00:04:43.999Z] [failed] Cardano transaction failed: Intent for ARB/USD superseded on chain; not submitted.
  meta: {"code":"NonMonotonicNonce","remediation":"A newer intent for this pair is already on-chain. The stale intent was discarded; no operator action is needed.","error":"Intent for ARB/USD superseded on chain; not submitted.","batchSize":2,"batchMembers":[{"intentHash":"0x8ae8ab8f574cde308e993bcfc6f5759fe747ec320563729162ce69fc70be0462","symbol":"LTC/USD","pairUnit":"def5c14be6bceefb95769110a0c8c7d5362e58bf8f17b6ee1c1bd90201f8ca4f564d04963a1ffccbb3f49da8bf09c0373f278d84047413cf09399650","action":"update"},{"intentHash":"0xd03598ecb1bb15e8bf10746119a83ce710ec451dbe238256459a24be84b923d7","symbol":"ETH/USD","pairUnit":"def5c14be6bceefb95769110a0c8c7d5362e58bf8f17b6ee1c1bd9023d7739c2406edbe3bb594b8f762cf67a2c889a162f2234dc17841f61d33849f4","action":"update"}]}
