[2026-06-18T08:30:14.518Z] [enriched] Intent enriched: BTC/USD @ 64417834865858002812928
  meta: {"price":"64417834865858002812928","timestamp":"1781771413","expiry":"1781775013","blockNumber":13521111}
[2026-06-18T08:30:14.518Z] [routed] Intent passed all filters
  meta: {"routerId":"client_test_01_router_a_majors","destinationIndex":0}
[2026-06-18T08:30:14.519Z] [queued] Intent accepted by coalescer
  meta: {"routerId":"client_test_01_router_a_majors","destinationIndex":0,"clientStatePath":"../state/preview_run_20260608-040304/clients/client-test-01.json"}
[2026-06-18T08:30:28.261Z] [superseded] Superseded by newer intent
  meta: {"supersededByHash":"0xb34ac185a4d44a91ed045a0de2f6f0b49efe3eacb27a92c441bcb66fd5890533"}
[2026-06-18T08:30:57.053Z] [connecting] connecting
[2026-06-18T08:31:02.183Z] [building] building
[2026-06-18T08:31:04.891Z] [signing] signing
  meta: {"txHash":"da06192f9c0397ef295a7a670202e7b8163416a7cc5dc482e01aad5b4c7d11d4"}
[2026-06-18T08:31:05.852Z] [submitting] submitting
  meta: {"txHash":"da06192f9c0397ef295a7a670202e7b8163416a7cc5dc482e01aad5b4c7d11d4"}
[2026-06-18T08:31:11.110Z] [connecting] connecting
[2026-06-18T08:31:16.016Z] [building] building
[2026-06-18T08:31:18.451Z] [signing] signing
  meta: {"txHash":"713b9fd5889cb18d82c021627e678e17a0fdefcdc726a618ac2e2e181f24975a"}
[2026-06-18T08:31:19.412Z] [submitting] submitting
  meta: {"txHash":"713b9fd5889cb18d82c021627e678e17a0fdefcdc726a618ac2e2e181f24975a"}
[2026-06-18T08:31:19.667Z] [submitted] submitted
  meta: {"txHash":"713b9fd5889cb18d82c021627e678e17a0fdefcdc726a618ac2e2e181f24975a"}
[2026-06-18T08:31:19.667Z] [waiting_confirm] waiting_confirm
  meta: {"txHash":"713b9fd5889cb18d82c021627e678e17a0fdefcdc726a618ac2e2e181f24975a"}
[2026-06-18T08:31:39.063Z] [waiting_utxo] waiting_utxo
  meta: {"txHash":"713b9fd5889cb18d82c021627e678e17a0fdefcdc726a618ac2e2e181f24975a"}
[2026-06-18T08:31:43.438Z] [writing_state] writing_state
  meta: {"txHash":"713b9fd5889cb18d82c021627e678e17a0fdefcdc726a618ac2e2e181f24975a"}
[2026-06-18T08:31:46.298Z] [confirm] Cardano transaction confirmed
  meta: {"cardanoTxHash":"713b9fd5889cb18d82c021627e678e17a0fdefcdc726a618ac2e2e181f24975a","pairUnit":"02435906b5bf2ebac57a72d8d5609aa7f642b5e0e4d79666e0b1a2938a3859b168b77160150b13c200392328254c3758f082050fd7ec5c340ac2a497","pairAction":"update","batchSize":1}
