[2026-06-18T18:14:32.584Z] [enriched] Intent enriched: BTC/USD @ 62556212043162503348224
  meta: {"price":"62556212043162503348224","timestamp":"1781806470","expiry":"1781810070","blockNumber":13617597}
[2026-06-18T18:14:32.584Z] [routed] Intent passed all filters
  meta: {"routerId":"client_test_01_router_a_majors","destinationIndex":0}
[2026-06-18T18:14:32.585Z] [queued] Intent accepted by coalescer
  meta: {"routerId":"client_test_01_router_a_majors","destinationIndex":0,"clientStatePath":"../state/preview_run_20260608-040304/clients/client-test-01.json"}
[2026-06-18T18:14:32.588Z] [enriched] Intent enriched: BTC/USD @ 62556212043162503348224
  meta: {"price":"62556212043162503348224","timestamp":"1781806470","expiry":"1781810070","blockNumber":13617597}
[2026-06-18T18:14:32.588Z] [routed] Intent passed all filters
  meta: {"routerId":"client_test_02_router_default","destinationIndex":0}
[2026-06-18T18:14:32.589Z] [queued] Intent accepted by coalescer
  meta: {"routerId":"client_test_02_router_default","destinationIndex":0,"clientStatePath":"../state/preview_run_20260608-040304/clients/client-test-02.json"}
[2026-06-18T18:14:39.236Z] [connecting] connecting
[2026-06-18T18:14:44.459Z] [connecting] connecting
[2026-06-18T18:14:48.134Z] [connecting] connecting
[2026-06-18T18:14:49.684Z] [connecting] connecting
[2026-06-18T18:14:53.308Z] [connecting] connecting
[2026-06-18T18:14:54.848Z] [connecting] connecting
[2026-06-18T18:14:55.081Z] [failed] Cardano transaction failed: Unable to fetch protocol parameters from Blockfrost (402 Payment Required).
  meta: {"code":"BuilderError","remediation":"A Cardano tx builder or signing error occurred. Check the feeder logs for the full stack trace.","error":"Unable to fetch protocol parameters from Blockfrost (402 Payment Required).","batchSize":1}
[2026-06-18T18:14:58.527Z] [connecting] connecting
[2026-06-18T18:15:03.746Z] [connecting] connecting
[2026-06-18T18:15:04.085Z] [failed] Cardano transaction failed: Unable to fetch protocol parameters from Blockfrost (402 Payment Required).
  meta: {"code":"BuilderError","remediation":"A Cardano tx builder or signing error occurred. Check the feeder logs for the full stack trace.","error":"Unable to fetch protocol parameters from Blockfrost (402 Payment Required).","batchSize":5,"batchMembers":[{"intentHash":"0x5a67368f2f5f65e6c26d131b58d475997fc50ef39f9d2d854ad0d9e812efe613","symbol":"BTC/USD","pairUnit":"","action":"update"},{"intentHash":"0xcb60b6b37ccd5a22148ca2c70e07d3d7cc3b830077d6e1e65ca58c8d62d81b0b","symbol":"ETH/USD","pairUnit":"","action":"update"},{"intentHash":"0xd427e26c3cfc3a0be7728618eef2905c640a8e5b6d8f2d729d270e0a022cc8e6","symbol":"USDC/USD","pairUnit":"","action":"update"},{"intentHash":"0x1520369f7530d9b4ad097753e0a8f7a81179e6d7cbc49755945321b1dee7d373","symbol":"DOGE/USD","pairUnit":"","action":"update"},{"intentHash":"0x29780d412ba1de92939110d04393a3dcd75eab6d2b8478737b3206abf64a7961","symbol":"SHIB/USD","pairUnit":"","action":"update"}]}
