[2026-06-18T16:42:25.959Z] [enriched] Intent enriched: ETH/USD @ 1685772398985184280576
  meta: {"price":"1685772398985184280576","timestamp":"1781800943","expiry":"1781804543","blockNumber":13602637}
[2026-06-18T16:42:25.959Z] [routed] Intent passed all filters
  meta: {"routerId":"client_test_01_router_a_majors","destinationIndex":0}
[2026-06-18T16:42:25.960Z] [queued] Intent accepted by coalescer
  meta: {"routerId":"client_test_01_router_a_majors","destinationIndex":0,"clientStatePath":"../state/preview_run_20260608-040304/clients/client-test-01.json"}
[2026-06-18T16:42:42.124Z] [connecting] connecting
[2026-06-18T16:42:50.124Z] [building] building
[2026-06-18T16:42:53.152Z] [signing] signing
  meta: {"txHash":"822b4a95880bbb404e02c2fa477ef95063dbb0180dc8f830208a4dfee18f647e"}
[2026-06-18T16:42:54.614Z] [submitting] submitting
  meta: {"txHash":"822b4a95880bbb404e02c2fa477ef95063dbb0180dc8f830208a4dfee18f647e"}
[2026-06-18T16:42:54.897Z] [submitted] submitted
  meta: {"txHash":"822b4a95880bbb404e02c2fa477ef95063dbb0180dc8f830208a4dfee18f647e"}
[2026-06-18T16:42:54.903Z] [waiting_confirm] waiting_confirm
  meta: {"txHash":"822b4a95880bbb404e02c2fa477ef95063dbb0180dc8f830208a4dfee18f647e"}
[2026-06-18T16:43:11.097Z] [waiting_utxo] waiting_utxo
  meta: {"txHash":"822b4a95880bbb404e02c2fa477ef95063dbb0180dc8f830208a4dfee18f647e"}
[2026-06-18T16:43:19.025Z] [writing_state] writing_state
  meta: {"txHash":"822b4a95880bbb404e02c2fa477ef95063dbb0180dc8f830208a4dfee18f647e"}
[2026-06-18T16:43:22.780Z] [batched] Intent confirmed inside a batch of 3 intents
  meta: {"cardanoTxHash":"822b4a95880bbb404e02c2fa477ef95063dbb0180dc8f830208a4dfee18f647e","batchSize":3,"batchMembers":[{"intentHash":"0x049d2c984bde7112b7aa66fdfa3c7b103495b0a6179f7656386c4962d1ffddfe","symbol":"BTC/USD","pairUnit":"def5c14be6bceefb95769110a0c8c7d5362e58bf8f17b6ee1c1bd9028a3859b168b77160150b13c200392328254c3758f082050fd7ec5c340ac2a497","action":"update"},{"intentHash":"0x469a122a1883897aed594662e383d952303a40b4c501611ca3f5cdaf76ef45f2","symbol":"ETH/USD","pairUnit":"def5c14be6bceefb95769110a0c8c7d5362e58bf8f17b6ee1c1bd9023d7739c2406edbe3bb594b8f762cf67a2c889a162f2234dc17841f61d33849f4","action":"update"},{"intentHash":"0xa3a8c799573e017b00295a408056fcf0e39a368f98b577cb47fe876301cbb88c","symbol":"USDC/USD","pairUnit":"def5c14be6bceefb95769110a0c8c7d5362e58bf8f17b6ee1c1bd9020156dbaa55902bb40ff6c461c8b2b59c70ebbe3786e51e5e75a8bc1cbad4c1ac","action":"update"}],"pairUnit":"def5c14be6bceefb95769110a0c8c7d5362e58bf8f17b6ee1c1bd9023d7739c2406edbe3bb594b8f762cf67a2c889a162f2234dc17841f61d33849f4","pairAction":"update"}
[2026-06-18T16:43:22.780Z] [confirm] Cardano batch transaction confirmed
  meta: {"cardanoTxHash":"822b4a95880bbb404e02c2fa477ef95063dbb0180dc8f830208a4dfee18f647e","pairUnit":"def5c14be6bceefb95769110a0c8c7d5362e58bf8f17b6ee1c1bd9023d7739c2406edbe3bb594b8f762cf67a2c889a162f2234dc17841f61d33849f4","pairAction":"update","batchSize":3}
