[2026-06-19T02:10:39.729Z] [connecting] connecting
[2026-06-19T02:10:47.045Z] [building] building
[2026-06-19T02:10:50.261Z] [signing] signing
  meta: {"txHash":"8309f75aca8c8cca7cfb376ff493508b297ef68dec2532d5055fa6b52d7e54dc"}
[2026-06-19T02:10:51.757Z] [submitting] submitting
  meta: {"txHash":"8309f75aca8c8cca7cfb376ff493508b297ef68dec2532d5055fa6b52d7e54dc"}
[2026-06-19T02:10:57.019Z] [connecting] connecting
[2026-06-19T02:11:03.391Z] [building] building
[2026-06-19T02:11:06.592Z] [signing] signing
  meta: {"txHash":"8309f75aca8c8cca7cfb376ff493508b297ef68dec2532d5055fa6b52d7e54dc"}
[2026-06-19T02:11:08.055Z] [submitting] submitting
  meta: {"txHash":"8309f75aca8c8cca7cfb376ff493508b297ef68dec2532d5055fa6b52d7e54dc"}
[2026-06-19T02:11:13.310Z] [connecting] connecting
[2026-06-19T02:11:20.610Z] [building] building
[2026-06-19T02:11:23.966Z] [signing] signing
  meta: {"txHash":"8309f75aca8c8cca7cfb376ff493508b297ef68dec2532d5055fa6b52d7e54dc"}
[2026-06-19T02:11:25.458Z] [submitting] submitting
  meta: {"txHash":"8309f75aca8c8cca7cfb376ff493508b297ef68dec2532d5055fa6b52d7e54dc"}
[2026-06-19T02:11:30.724Z] [connecting] connecting
[2026-06-19T02:11:37.076Z] [building] building
[2026-06-19T02:11:40.283Z] [signing] signing
  meta: {"txHash":"8309f75aca8c8cca7cfb376ff493508b297ef68dec2532d5055fa6b52d7e54dc"}
[2026-06-19T02:11:41.756Z] [submitting] submitting
  meta: {"txHash":"8309f75aca8c8cca7cfb376ff493508b297ef68dec2532d5055fa6b52d7e54dc"}
[2026-06-19T02:11:42.047Z] [failed] Cardano transaction failed: Error: {"contents":{"contents":{"contents":{"era":"ShelleyBasedEraConway","error":["ConwayUtxowFailure (UtxoFailure (InsufficientCollateral (DeltaCoin (-118221792)) (Coin 1876604)))","ConwayUtxowFailure (UtxoFailure (IncorrectTotalCollateralField (DeltaCoin (-118221792)) (Coin 5000000)))","ConwayUtxowFailure (UtxoFailure NoCollateralInputs)","ConwayUtxowFailure (UtxoFailure (BadInputsUTxO (NonEmptySet (fromList [TxIn (TxId {unTxId = SafeHash \"bb9e56a1c9ba08b346c890c480ef5b8252fef018794e0aa6dd34dbba74e2619d\"}) (TxIx {unTxIx = 2})]))))","ConwayUtxowFailure (UtxoFailure (ValueNotConservedUTxO Mismatch (RelEQ) {supplied: MaryValue (Coin 9068950000) (MultiAsset (fromList [(PolicyID {policyID = ScriptHash \"def5c14be6bceefb95769110a0c8c7d5362e58bf8f17b6ee1c1bd902\"},fromList [(\"0156dbaa55902bb40ff6c461c8b2b59c70ebbe3786e51e5e75a8bc1cbad4c1ac\",1),(\"3d7739c2406edbe3bb594b8f762cf67a2c889a162f2234dc17841f61d33849f4\",1),(\"8a3859b168b77160150b13c200392328254c3758f082050fd7ec5c340ac2a497\",1)]),(PolicyID {policyID = ScriptHash \"e6721fde8af7e40aecbd6f146b0470cc20722e05a61c9230a052900d\"},fromList [(\"4449415f52454345495645525f434c49454e545f41\",1)])])), expected: MaryValue (Coin 9192171792) (MultiAsset (fromList [(PolicyID {policyID = ScriptHash \"def5c14be6bceefb95769110a0c8c7d5362e58bf8f17b6ee1c1bd902\"},fromList [(\"0156dbaa55902bb40ff6c461c8b2b59c70ebbe3786e51e5e75a8bc1cbad4c1ac\",1),(\"3d7739c2406edbe3bb594b8f762cf67a2c889a162f2234dc17841f61d33849f4\",1),(\"8a3859b168b77160150b13c200392328254c3758f082050fd7ec5c340ac2a497\",1)]),(PolicyID {policyID = ScriptHash \"e6721fde8af7e40aecbd6f146b0470cc20722e05a61c9230a052900d\"},fromList [(\"4449415f52454345495645525f434c49454e545f41\",1)])]))}))","ConwayUtxowFailure (UtxoFailure (UtxosFailure (CollectErrors (BadTranslation (BabbageContextError (AlonzoContextError (TranslationLogicMissingInput (TxIn (TxId {unTxId = SafeHash \"bb9e56a1c9ba08b346c890c480ef5b8252fef018794e0aa6dd34dbba74e2619d\"}) (TxIx {unTxIx = 2}))))) :| []))))"],"kind":"ShelleyTxValidationError"},"tag":"TxValidationErrorInCardanoMode"},"tag":"TxCmdTxSubmitValidationError"},"tag":"TxSubmitFail"}
  meta: {"code":"UtxoNotFound","remediation":"A required script UTxO could not be found on-chain. The chain state may need reconciliation — run the feeder's reconcile step.","error":"Error: {\"contents\":{\"contents\":{\"contents\":{\"era\":\"ShelleyBasedEraConway\",\"error\":[\"ConwayUtxowFailure (UtxoFailure (InsufficientCollateral (DeltaCoin (-118221792)) (Coin 1876604)))\",\"ConwayUtxowFailure (UtxoFailure (IncorrectTotalCollateralField (DeltaCoin (-118221792)) (Coin 5000000)))\",\"ConwayUtxowFailure (UtxoFailure NoCollateralInputs)\",\"ConwayUtxowFailure (UtxoFailure (BadInputsUTxO (NonEmptySet (fromList [TxIn (TxId {unTxId = SafeHash \\\"bb9e56a1c9ba08b346c890c480ef5b8252fef018794e0aa6dd34dbba74e2619d\\\"}) (TxIx {unTxIx = 2})]))))\",\"ConwayUtxowFailure (UtxoFailure (ValueNotConservedUTxO Mismatch (RelEQ) {supplied: MaryValue (Coin 9068950000) (MultiAsset (fromList [(PolicyID {policyID = ScriptHash \\\"def5c14be6bceefb95769110a0c8c7d5362e58bf8f17b6ee1c1bd902\\\"},fromList [(\\\"0156dbaa55902bb40ff6c461c8b2b59c70ebbe3786e51e5e75a8bc1cbad4c1ac\\\",1),(\\\"3d7739c2406edbe3bb594b8f762cf67a2c889a162f2234dc17841f61d33849f4\\\",1),(\\\"8a3859b168b77160150b13c200392328254c3758f082050fd7ec5c340ac2a497\\\",1)]),(PolicyID {policyID = ScriptHash \\\"e6721fde8af7e40aecbd6f146b0470cc20722e05a61c9230a052900d\\\"},fromList [(\\\"4449415f52454345495645525f434c49454e545f41\\\",1)])])), expected: MaryValue (Coin 9192171792) (MultiAsset (fromList [(PolicyID {policyID = ScriptHash \\\"def5c14be6bceefb95769110a0c8c7d5362e58bf8f17b6ee1c1bd902\\\"},fromList [(\\\"0156dbaa55902bb40ff6c461c8b2b59c70ebbe3786e51e5e75a8bc1cbad4c1ac\\\",1),(\\\"3d7739c2406edbe3bb594b8f762cf67a2c889a162f2234dc17841f61d33849f4\\\",1),(\\\"8a3859b168b77160150b13c200392328254c3758f082050fd7ec5c340ac2a497\\\",1)]),(PolicyID {policyID = ScriptHash \\\"e6721fde8af7e40aecbd6f146b0470cc20722e05a61c9230a052900d\\\"},fromList [(\\\"4449415f52454345495645525f434c49454e545f41\\\",1)])]))}))\",\"ConwayUtxowFailure (UtxoFailure (UtxosFailure (CollectErrors (BadTranslation (BabbageContextError (AlonzoContextError (TranslationLogicMissingInput (TxIn (TxId {unTxId = SafeHash \\\"bb9e56a1c9ba08b346c890c480ef5b8252fef018794e0aa6dd34dbba74e2619d\\\"}) (TxIx {unTxIx = 2}))))) :| []))))\"],\"kind\":\"ShelleyTxValidationError\"},\"tag\":\"TxValidationErrorInCardanoMode\"},\"tag\":\"TxCmdTxSubmitValidationError\"},\"tag\":\"TxSubmitFail\"}","batchSize":3,"batchMembers":[{"intentHash":"0x6dd353db47c6a1133f7c78234bb2d12cc9692507b5b56d9fe04ab6e22b42a6bb","symbol":"BTC/USD","pairUnit":"","action":"update"},{"intentHash":"0x42fea9a6e6ce392b6286962fe3bebe6cddb537d0c9006c19ebf390d7d1ccfb30","symbol":"ETH/USD","pairUnit":"","action":"update"},{"intentHash":"0x3ad11e1f1c655b07064a31644777465197976ab7272b350abccf9ec32ccf7e8a","symbol":"USDC/USD","pairUnit":"","action":"update"}]}
[2026-06-19T02:11:42.050Z] [connecting] connecting
[2026-06-19T02:11:51.356Z] [building] building
[2026-06-19T02:11:54.737Z] [signing] signing
  meta: {"txHash":"2cb43e3117576b279b90bf116258e90b77897c4782ead383a857f6efe0934e82"}
[2026-06-19T02:11:56.240Z] [submitting] submitting
  meta: {"txHash":"2cb43e3117576b279b90bf116258e90b77897c4782ead383a857f6efe0934e82"}
[2026-06-19T02:12:00.978Z] [connecting] connecting
[2026-06-19T02:12:10.241Z] [building] building
[2026-06-19T02:12:13.715Z] [signing] signing
  meta: {"txHash":"2cb43e3117576b279b90bf116258e90b77897c4782ead383a857f6efe0934e82"}
[2026-06-19T02:12:15.206Z] [submitting] submitting
  meta: {"txHash":"2cb43e3117576b279b90bf116258e90b77897c4782ead383a857f6efe0934e82"}
[2026-06-19T02:12:20.481Z] [connecting] connecting
[2026-06-19T02:12:29.351Z] [building] building
[2026-06-19T02:12:32.036Z] [signing] signing
  meta: {"txHash":"2cb43e3117576b279b90bf116258e90b77897c4782ead383a857f6efe0934e82"}
[2026-06-19T02:12:33.537Z] [submitting] submitting
  meta: {"txHash":"2cb43e3117576b279b90bf116258e90b77897c4782ead383a857f6efe0934e82"}
[2026-06-19T02:12:38.801Z] [connecting] connecting
[2026-06-19T02:12:47.821Z] [building] building
[2026-06-19T02:12:51.093Z] [signing] signing
  meta: {"txHash":"e51f3b464f2396d421fbfec97a8887bbaaae62b7650ce72a30a41be7c04f77f2"}
[2026-06-19T02:12:52.594Z] [submitting] submitting
  meta: {"txHash":"e51f3b464f2396d421fbfec97a8887bbaaae62b7650ce72a30a41be7c04f77f2"}
[2026-06-19T02:12:52.894Z] [submitted] submitted
  meta: {"txHash":"e51f3b464f2396d421fbfec97a8887bbaaae62b7650ce72a30a41be7c04f77f2"}
[2026-06-19T02:12:52.906Z] [waiting_confirm] waiting_confirm
  meta: {"txHash":"e51f3b464f2396d421fbfec97a8887bbaaae62b7650ce72a30a41be7c04f77f2"}
[2026-06-19T02:14:21.457Z] [waiting_utxo] waiting_utxo
  meta: {"txHash":"e51f3b464f2396d421fbfec97a8887bbaaae62b7650ce72a30a41be7c04f77f2"}
[2026-06-19T02:14:28.607Z] [writing_state] writing_state
  meta: {"txHash":"e51f3b464f2396d421fbfec97a8887bbaaae62b7650ce72a30a41be7c04f77f2"}
[2026-06-19T02:14:32.047Z] [batched] Intent confirmed inside a batch of 4 intents
  meta: {"cardanoTxHash":"e51f3b464f2396d421fbfec97a8887bbaaae62b7650ce72a30a41be7c04f77f2","batchSize":4,"batchMembers":[{"intentHash":"0x5639e945eabff37780f4689e4fe3088a417de6072c14e595e9070e7518ebf298","symbol":"BTC/USD","pairUnit":"def5c14be6bceefb95769110a0c8c7d5362e58bf8f17b6ee1c1bd9028a3859b168b77160150b13c200392328254c3758f082050fd7ec5c340ac2a497","action":"update"},{"intentHash":"0x3a8e2ae5aed792706b4e5d6e9fea4bbe1c27ea287b934479df62e3a9274f1820","symbol":"ETH/USD","pairUnit":"def5c14be6bceefb95769110a0c8c7d5362e58bf8f17b6ee1c1bd9023d7739c2406edbe3bb594b8f762cf67a2c889a162f2234dc17841f61d33849f4","action":"update"},{"intentHash":"0x3ad11e1f1c655b07064a31644777465197976ab7272b350abccf9ec32ccf7e8a","symbol":"USDC/USD","pairUnit":"def5c14be6bceefb95769110a0c8c7d5362e58bf8f17b6ee1c1bd9020156dbaa55902bb40ff6c461c8b2b59c70ebbe3786e51e5e75a8bc1cbad4c1ac","action":"update"},{"intentHash":"0xc5670431df96d2c91c22b99225fc9a0f470eac4eb78c5da511f73abf126d72df","symbol":"DOGE/USD","pairUnit":"def5c14be6bceefb95769110a0c8c7d5362e58bf8f17b6ee1c1bd90219434a5bb684f659378f19bc8c3748046e646c079e79c10e484e2d29445ee02d","action":"update"}],"pairUnit":"def5c14be6bceefb95769110a0c8c7d5362e58bf8f17b6ee1c1bd9020156dbaa55902bb40ff6c461c8b2b59c70ebbe3786e51e5e75a8bc1cbad4c1ac","pairAction":"update"}
[2026-06-19T02:14:32.047Z] [confirm] Cardano batch transaction confirmed
  meta: {"cardanoTxHash":"e51f3b464f2396d421fbfec97a8887bbaaae62b7650ce72a30a41be7c04f77f2","pairUnit":"def5c14be6bceefb95769110a0c8c7d5362e58bf8f17b6ee1c1bd9020156dbaa55902bb40ff6c461c8b2b59c70ebbe3786e51e5e75a8bc1cbad4c1ac","pairAction":"update","batchSize":4}
