[2026-06-18T23:13:21.018Z] [enriched] Intent enriched: USDC/USD @ 999739133300000128
  meta: {"price":"999739133300000128","timestamp":"1781824399","expiry":"1781827999","blockNumber":13666203}
[2026-06-18T23:13:21.018Z] [routed] Intent passed all filters
  meta: {"routerId":"client_test_01_router_a_majors","destinationIndex":0}
[2026-06-18T23:13:21.019Z] [queued] Intent accepted by coalescer
  meta: {"routerId":"client_test_01_router_a_majors","destinationIndex":0,"clientStatePath":"../state/preview_run_20260608-040304/clients/client-test-01.json"}
[2026-06-18T23:13:39.324Z] [connecting] connecting
[2026-06-18T23:13:45.369Z] [building] building
[2026-06-18T23:13:48.351Z] [signing] signing
  meta: {"txHash":"8061e1113567708b3d9fce8550b67abff7c95270ca193768fd73473e3cfe83f0"}
[2026-06-18T23:13:49.819Z] [submitting] submitting
  meta: {"txHash":"8061e1113567708b3d9fce8550b67abff7c95270ca193768fd73473e3cfe83f0"}
[2026-06-18T23:13:50.067Z] [submitted] submitted
  meta: {"txHash":"8061e1113567708b3d9fce8550b67abff7c95270ca193768fd73473e3cfe83f0"}
[2026-06-18T23:13:50.072Z] [waiting_confirm] waiting_confirm
  meta: {"txHash":"8061e1113567708b3d9fce8550b67abff7c95270ca193768fd73473e3cfe83f0"}
[2026-06-18T23:14:33.133Z] [waiting_utxo] waiting_utxo
  meta: {"txHash":"8061e1113567708b3d9fce8550b67abff7c95270ca193768fd73473e3cfe83f0"}
[2026-06-18T23:14:35.524Z] [writing_state] writing_state
  meta: {"txHash":"8061e1113567708b3d9fce8550b67abff7c95270ca193768fd73473e3cfe83f0"}
[2026-06-18T23:14:38.865Z] [failed] Cardano transaction failed: Intent for USDC/USD superseded on chain; not submitted.
  meta: {"code":"NonMonotonicNonce","remediation":"A newer intent for this pair is already on-chain. The stale intent was discarded; no operator action is needed.","error":"Intent for USDC/USD superseded on chain; not submitted.","batchSize":1,"batchMembers":[{"intentHash":"0xbca2acd2e5d1ebd2aa1220b98df42b911423503bd4ea34feba994ed4b226de5a","symbol":"DOGE/USD","pairUnit":"def5c14be6bceefb95769110a0c8c7d5362e58bf8f17b6ee1c1bd90219434a5bb684f659378f19bc8c3748046e646c079e79c10e484e2d29445ee02d","action":"update"}]}
