[2026-06-18T18:16:05.921Z] [enriched] Intent enriched: USDT/USD @ 998660000000000000
  meta: {"price":"998660000000000000","timestamp":"1781806563","expiry":"1781810163","blockNumber":13617855}
[2026-06-18T18:16:05.921Z] [routed] Intent passed all filters
  meta: {"routerId":"client_test_01_router_a_majors","destinationIndex":0}
[2026-06-18T18:16:05.924Z] [queued] Intent accepted by coalescer
  meta: {"routerId":"client_test_01_router_a_majors","destinationIndex":0,"clientStatePath":"../state/preview_run_20260608-040304/clients/client-test-01.json"}
[2026-06-18T18:16:08.832Z] [connecting] connecting
[2026-06-18T18:16:14.066Z] [connecting] connecting
[2026-06-18T18:16:19.380Z] [connecting] connecting
[2026-06-18T18:16:24.642Z] [connecting] connecting
[2026-06-18T18:16:24.887Z] [failed] Cardano transaction failed: Unable to fetch protocol parameters from Blockfrost (402 Payment Required).
  meta: {"code":"BuilderError","remediation":"A Cardano tx builder or signing error occurred. Check the feeder logs for the full stack trace.","error":"Unable to fetch protocol parameters from Blockfrost (402 Payment Required).","batchSize":5,"batchMembers":[{"intentHash":"0x239dd946ca092b8c1fb09da55d47501729535f417d0cf63fd9e26d0e2f6de351","symbol":"XVG/USD","pairUnit":"","action":"update"},{"intentHash":"0xddb74dec3e9634b95c72dd44da9714908e55cf1ffddd8e8e7603ca5a5ad2a5d4","symbol":"USDT/USD","pairUnit":"","action":"update"},{"intentHash":"0x6176da645d444f3b5e885eb28addb01f8f9f6fafe4859aff91ef12895666effd","symbol":"LTC/USD","pairUnit":"","action":"update"},{"intentHash":"0x496b8f2dde30b343056beaac40a020ac943520ae7d24147df6942ab09ed97f82","symbol":"BTC/USD","pairUnit":"","action":"update"},{"intentHash":"0x780287654fa132878eb4797ed8b56295f6533b3fbcd24d36d6eaaf34ffb546c9","symbol":"ETH/USD","pairUnit":"","action":"update"}]}
[2026-06-18T18:16:24.906Z] [connecting] connecting
[2026-06-18T18:16:30.133Z] [connecting] connecting
[2026-06-18T18:16:35.442Z] [connecting] connecting
[2026-06-18T18:16:40.758Z] [connecting] connecting
[2026-06-18T18:16:41.104Z] [failed] Cardano transaction failed: Unable to fetch protocol parameters from Blockfrost (402 Payment Required).
  meta: {"code":"BuilderError","remediation":"A Cardano tx builder or signing error occurred. Check the feeder logs for the full stack trace.","error":"Unable to fetch protocol parameters from Blockfrost (402 Payment Required).","batchSize":6,"batchMembers":[{"intentHash":"0x93797ba998dc7a55d1e1aacf335c36b30509538ddac04299426e2d8a0a927048","symbol":"USDC/USD","pairUnit":"","action":"update"},{"intentHash":"0xd2addc54ac1618ddf6d6907e685ab591911a9b73fe3ac24de60f9c1c556385b8","symbol":"DOGE/USD","pairUnit":"","action":"update"},{"intentHash":"0x82c9d30c1695d51f6152c24269e37fed42c10fc891c1358bf21a5dcbef9750d8","symbol":"SHIB/USD","pairUnit":"","action":"update"},{"intentHash":"0xddb74dec3e9634b95c72dd44da9714908e55cf1ffddd8e8e7603ca5a5ad2a5d4","symbol":"USDT/USD","pairUnit":"","action":"update"},{"intentHash":"0xe2ed1bb9b2bf24190151562c31ffc445652b3e8fed7b8e0df66777035bf0132d","symbol":"NEIRO/USD","pairUnit":"","action":"update"},{"intentHash":"0x239dd946ca092b8c1fb09da55d47501729535f417d0cf63fd9e26d0e2f6de351","symbol":"XVG/USD","pairUnit":"","action":"update"}]}
[2026-06-18T18:16:57.169Z] [connecting] connecting
[2026-06-18T18:17:02.404Z] [connecting] connecting
[2026-06-18T18:17:07.717Z] [connecting] connecting
[2026-06-18T18:17:13.381Z] [connecting] connecting
[2026-06-18T18:17:13.768Z] [failed] Cardano transaction failed: Unable to fetch protocol parameters from Blockfrost (402 Payment Required).
  meta: {"code":"BuilderError","remediation":"A Cardano tx builder or signing error occurred. Check the feeder logs for the full stack trace.","error":"Unable to fetch protocol parameters from Blockfrost (402 Payment Required).","batchSize":8,"batchMembers":[{"intentHash":"0x20be0e6fe6b872aa0b3e6c1203a47ffd908cd1a74195f04bd8b4d77b678e4ccf","symbol":"LTC/USD","pairUnit":"","action":"update"},{"intentHash":"0x45406047d6ba60ea4aa5da090c5ab379adf5211c0a867ea1ed404a8b3e1ef6ad","symbol":"NEIRO/USD","pairUnit":"","action":"update"},{"intentHash":"0x1111bd63d47f8a70664a077e6de61fd268d65d39e41e1e53ea49c17d18985b49","symbol":"BTC/USD","pairUnit":"","action":"update"},{"intentHash":"0xc2935960deae663da861551f752df2a4db971e11a8477f4586f71de2cea872f5","symbol":"ETH/USD","pairUnit":"","action":"update"},{"intentHash":"0xddb74dec3e9634b95c72dd44da9714908e55cf1ffddd8e8e7603ca5a5ad2a5d4","symbol":"USDT/USD","pairUnit":"","action":"update"},{"intentHash":"0x259fce0b5febadf4ec6009e4527c2df137a781bd37b74c1a1db7c5d415dd1e10","symbol":"ARB/USD","pairUnit":"","action":"update"},{"intentHash":"0x239dd946ca092b8c1fb09da55d47501729535f417d0cf63fd9e26d0e2f6de351","symbol":"XVG/USD","pairUnit":"","action":"update"},{"intentHash":"0xe5203ee9dfbe71a972639f6905cc2701182e85e9469e1fc15402e7053abc8d74","symbol":"USDC/USD","pairUnit":"","action":"update"}]}
