[2026-06-18T16:12:39.128Z] [enriched] Intent enriched: DOGE/USD @ 82334949094762392
  meta: {"price":"82334949094762392","timestamp":"1781799157","expiry":"1781802757","blockNumber":13597710}
[2026-06-18T16:12:39.128Z] [routed] Intent passed all filters
  meta: {"routerId":"client_test_01_router_a_majors","destinationIndex":0}
[2026-06-18T16:12:39.129Z] [queued] Intent accepted by coalescer
  meta: {"routerId":"client_test_01_router_a_majors","destinationIndex":0,"clientStatePath":"../state/preview_run_20260608-040304/clients/client-test-01.json"}
[2026-06-18T16:13:05.535Z] [connecting] connecting
[2026-06-18T16:13:11.756Z] [building] building
[2026-06-18T16:13:15.078Z] [signing] signing
  meta: {"txHash":"4a9b9395d2d2a11eb6b19737de2e5dfe66cf6b2408cd4e596f10dcedb9543c3c"}
[2026-06-18T16:13:16.562Z] [submitting] submitting
  meta: {"txHash":"4a9b9395d2d2a11eb6b19737de2e5dfe66cf6b2408cd4e596f10dcedb9543c3c"}
[2026-06-18T16:13:16.852Z] [submitted] submitted
  meta: {"txHash":"4a9b9395d2d2a11eb6b19737de2e5dfe66cf6b2408cd4e596f10dcedb9543c3c"}
[2026-06-18T16:13:16.852Z] [waiting_confirm] waiting_confirm
  meta: {"txHash":"4a9b9395d2d2a11eb6b19737de2e5dfe66cf6b2408cd4e596f10dcedb9543c3c"}
[2026-06-18T16:13:45.093Z] [waiting_utxo] waiting_utxo
  meta: {"txHash":"4a9b9395d2d2a11eb6b19737de2e5dfe66cf6b2408cd4e596f10dcedb9543c3c"}
[2026-06-18T16:13:53.072Z] [writing_state] writing_state
  meta: {"txHash":"4a9b9395d2d2a11eb6b19737de2e5dfe66cf6b2408cd4e596f10dcedb9543c3c"}
[2026-06-18T16:13:56.471Z] [batched] Intent confirmed inside a batch of 2 intents
  meta: {"cardanoTxHash":"4a9b9395d2d2a11eb6b19737de2e5dfe66cf6b2408cd4e596f10dcedb9543c3c","batchSize":2,"batchMembers":[{"intentHash":"0xcb993a26a5c10678b8b76c36a497efd0501c48e0b677b2af20b1920db868f393","symbol":"USDC/USD","pairUnit":"def5c14be6bceefb95769110a0c8c7d5362e58bf8f17b6ee1c1bd9020156dbaa55902bb40ff6c461c8b2b59c70ebbe3786e51e5e75a8bc1cbad4c1ac","action":"update"},{"intentHash":"0x517c23ea828ba6e9c8374a0b9fcc0e4a872410ad78076e90accdcdf44f6ba973","symbol":"DOGE/USD","pairUnit":"def5c14be6bceefb95769110a0c8c7d5362e58bf8f17b6ee1c1bd90219434a5bb684f659378f19bc8c3748046e646c079e79c10e484e2d29445ee02d","action":"update"}],"pairUnit":"def5c14be6bceefb95769110a0c8c7d5362e58bf8f17b6ee1c1bd90219434a5bb684f659378f19bc8c3748046e646c079e79c10e484e2d29445ee02d","pairAction":"update"}
[2026-06-18T16:13:56.471Z] [confirm] Cardano batch transaction confirmed
  meta: {"cardanoTxHash":"4a9b9395d2d2a11eb6b19737de2e5dfe66cf6b2408cd4e596f10dcedb9543c3c","pairUnit":"def5c14be6bceefb95769110a0c8c7d5362e58bf8f17b6ee1c1bd90219434a5bb684f659378f19bc8c3748046e646c079e79c10e484e2d29445ee02d","pairAction":"update","batchSize":2}
