[2026-06-19T00:48:44.113Z] [enriched] Intent enriched: NEIRO/USD @ 67915688200000
  meta: {"price":"67915688200000","timestamp":"1781830122","expiry":"1781833722","blockNumber":13682394}
[2026-06-19T00:48:44.113Z] [routed] Intent passed all filters
  meta: {"routerId":"client_test_01_router_b_alts","destinationIndex":0}
[2026-06-19T00:48:44.114Z] [queued] Intent accepted by coalescer
  meta: {"routerId":"client_test_01_router_b_alts","destinationIndex":0,"clientStatePath":"../state/preview_run_20260608-040304/clients/client-test-01.json"}
[2026-06-19T00:49:01.512Z] [connecting] connecting
[2026-06-19T00:49:07.027Z] [building] building
[2026-06-19T00:49:09.980Z] [signing] signing
  meta: {"txHash":"b0fb315959a33f4636c52bed162dfc6b70b42c16cb60086e3b0e241a466c4200"}
[2026-06-19T00:49:11.454Z] [submitting] submitting
  meta: {"txHash":"b0fb315959a33f4636c52bed162dfc6b70b42c16cb60086e3b0e241a466c4200"}
[2026-06-19T00:49:11.736Z] [submitted] submitted
  meta: {"txHash":"b0fb315959a33f4636c52bed162dfc6b70b42c16cb60086e3b0e241a466c4200"}
[2026-06-19T00:49:11.736Z] [waiting_confirm] waiting_confirm
  meta: {"txHash":"b0fb315959a33f4636c52bed162dfc6b70b42c16cb60086e3b0e241a466c4200"}
[2026-06-19T00:49:45.229Z] [waiting_utxo] waiting_utxo
  meta: {"txHash":"b0fb315959a33f4636c52bed162dfc6b70b42c16cb60086e3b0e241a466c4200"}
[2026-06-19T00:49:53.232Z] [writing_state] writing_state
  meta: {"txHash":"b0fb315959a33f4636c52bed162dfc6b70b42c16cb60086e3b0e241a466c4200"}
[2026-06-19T00:49:55.854Z] [confirm] Cardano transaction confirmed
  meta: {"cardanoTxHash":"b0fb315959a33f4636c52bed162dfc6b70b42c16cb60086e3b0e241a466c4200","pairUnit":"def5c14be6bceefb95769110a0c8c7d5362e58bf8f17b6ee1c1bd902a8c0b97b231afaebc42d067a57b139abb4a8631e36c7f81cee6a30173e22b6b2","pairAction":"update","batchSize":1}
