[2026-06-18T08:36:03.697Z] [enriched] Intent enriched: ETH/USD @ 1747685289882310934528
  meta: {"price":"1747685289882310934528","timestamp":"1781771762","expiry":"1781775362","blockNumber":13522102}
[2026-06-18T08:36:03.697Z] [routed] Intent passed all filters
  meta: {"routerId":"client_test_01_router_a_majors","destinationIndex":0}
[2026-06-18T08:36:03.698Z] [queued] Intent accepted by coalescer
  meta: {"routerId":"client_test_01_router_a_majors","destinationIndex":0,"clientStatePath":"../state/preview_run_20260608-040304/clients/client-test-01.json"}
[2026-06-18T08:36:07.644Z] [connecting] connecting
[2026-06-18T08:36:13.181Z] [building] building
[2026-06-18T08:36:15.659Z] [signing] signing
  meta: {"txHash":"02583ca30af7902231b675fb8c898f6f036c762ad3a4fe68d37db42327041e14"}
[2026-06-18T08:36:16.592Z] [submitting] submitting
  meta: {"txHash":"02583ca30af7902231b675fb8c898f6f036c762ad3a4fe68d37db42327041e14"}
[2026-06-18T08:36:16.860Z] [submitted] submitted
  meta: {"txHash":"02583ca30af7902231b675fb8c898f6f036c762ad3a4fe68d37db42327041e14"}
[2026-06-18T08:36:16.861Z] [waiting_confirm] waiting_confirm
  meta: {"txHash":"02583ca30af7902231b675fb8c898f6f036c762ad3a4fe68d37db42327041e14"}
[2026-06-18T08:36:48.246Z] [waiting_utxo] waiting_utxo
  meta: {"txHash":"02583ca30af7902231b675fb8c898f6f036c762ad3a4fe68d37db42327041e14"}
[2026-06-18T08:36:55.134Z] [writing_state] writing_state
  meta: {"txHash":"02583ca30af7902231b675fb8c898f6f036c762ad3a4fe68d37db42327041e14"}
[2026-06-18T08:36:57.961Z] [batched] Intent confirmed inside a batch of 2 intents
  meta: {"cardanoTxHash":"02583ca30af7902231b675fb8c898f6f036c762ad3a4fe68d37db42327041e14","batchSize":2,"batchMembers":[{"intentHash":"0x1d5f92eb3be33a4ad74eeecfe6c1e566368165e2d1e7516c073fdc6e41479364","symbol":"BTC/USD","pairUnit":"def5c14be6bceefb95769110a0c8c7d5362e58bf8f17b6ee1c1bd9028a3859b168b77160150b13c200392328254c3758f082050fd7ec5c340ac2a497","action":"update"},{"intentHash":"0xc824a065027372b36d60f46c12319d80fb926f502b41fff9a111736de42134c6","symbol":"ETH/USD","pairUnit":"def5c14be6bceefb95769110a0c8c7d5362e58bf8f17b6ee1c1bd9023d7739c2406edbe3bb594b8f762cf67a2c889a162f2234dc17841f61d33849f4","action":"update"}],"pairUnit":"def5c14be6bceefb95769110a0c8c7d5362e58bf8f17b6ee1c1bd9023d7739c2406edbe3bb594b8f762cf67a2c889a162f2234dc17841f61d33849f4","pairAction":"update"}
[2026-06-18T08:36:57.962Z] [confirm] Cardano batch transaction confirmed
  meta: {"cardanoTxHash":"02583ca30af7902231b675fb8c898f6f036c762ad3a4fe68d37db42327041e14","pairUnit":"def5c14be6bceefb95769110a0c8c7d5362e58bf8f17b6ee1c1bd9023d7739c2406edbe3bb594b8f762cf67a2c889a162f2234dc17841f61d33849f4","pairAction":"update","batchSize":2}
