[2026-06-18T20:10:45.753Z] [enriched] Intent enriched: ETH/USD @ 1699801733648272195584
  meta: {"price":"1699801733648272195584","timestamp":"1781813444","expiry":"1781817044","blockNumber":13636477}
[2026-06-18T20:10:45.753Z] [routed] Intent passed all filters
  meta: {"routerId":"client_test_01_router_a_majors","destinationIndex":0}
[2026-06-18T20:10:45.754Z] [queued] Intent accepted by coalescer
  meta: {"routerId":"client_test_01_router_a_majors","destinationIndex":0,"clientStatePath":"../state/preview_run_20260608-040304/clients/client-test-01.json"}
[2026-06-18T20:11:06.291Z] [connecting] connecting
[2026-06-18T20:11:13.730Z] [building] building
[2026-06-18T20:11:16.743Z] [signing] signing
  meta: {"txHash":"f139892fbaafab3b407b1e4123596160f1a3dfbab1805d98b60ea057a93701b1"}
[2026-06-18T20:11:18.205Z] [submitting] submitting
  meta: {"txHash":"f139892fbaafab3b407b1e4123596160f1a3dfbab1805d98b60ea057a93701b1"}
[2026-06-18T20:11:18.478Z] [submitted] submitted
  meta: {"txHash":"f139892fbaafab3b407b1e4123596160f1a3dfbab1805d98b60ea057a93701b1"}
[2026-06-18T20:11:18.482Z] [waiting_confirm] waiting_confirm
  meta: {"txHash":"f139892fbaafab3b407b1e4123596160f1a3dfbab1805d98b60ea057a93701b1"}
[2026-06-18T20:11:31.714Z] [waiting_utxo] waiting_utxo
  meta: {"txHash":"f139892fbaafab3b407b1e4123596160f1a3dfbab1805d98b60ea057a93701b1"}
[2026-06-18T20:11:39.922Z] [writing_state] writing_state
  meta: {"txHash":"f139892fbaafab3b407b1e4123596160f1a3dfbab1805d98b60ea057a93701b1"}
[2026-06-18T20:11:43.100Z] [superseded] Superseded by newer intent
  meta: {"supersededByHash":"0xe9911464836ea09e1c213ef7674083066e2009fad7ebb67d4210de7dc8f8debc"}
[2026-06-18T20:11:43.552Z] [batched] Intent confirmed inside a batch of 2 intents
  meta: {"cardanoTxHash":"f139892fbaafab3b407b1e4123596160f1a3dfbab1805d98b60ea057a93701b1","batchSize":2,"batchMembers":[{"intentHash":"0xd5faa1aeb78f0462094ff16dba6576f4d6f73abe8203407d0172eb5a14b3d6fa","symbol":"ETH/USD","pairUnit":"def5c14be6bceefb95769110a0c8c7d5362e58bf8f17b6ee1c1bd9023d7739c2406edbe3bb594b8f762cf67a2c889a162f2234dc17841f61d33849f4","action":"update"},{"intentHash":"0xcaf0cb61274f2e0a84f395a673fa8faeb31b6064bdcd13c8b8e49e4099a40930","symbol":"DOGE/USD","pairUnit":"def5c14be6bceefb95769110a0c8c7d5362e58bf8f17b6ee1c1bd90219434a5bb684f659378f19bc8c3748046e646c079e79c10e484e2d29445ee02d","action":"update"}],"pairUnit":"def5c14be6bceefb95769110a0c8c7d5362e58bf8f17b6ee1c1bd9023d7739c2406edbe3bb594b8f762cf67a2c889a162f2234dc17841f61d33849f4","pairAction":"update"}
[2026-06-18T20:11:43.553Z] [confirm] Cardano batch transaction confirmed
  meta: {"cardanoTxHash":"f139892fbaafab3b407b1e4123596160f1a3dfbab1805d98b60ea057a93701b1","pairUnit":"def5c14be6bceefb95769110a0c8c7d5362e58bf8f17b6ee1c1bd9023d7739c2406edbe3bb594b8f762cf67a2c889a162f2234dc17841f61d33849f4","pairAction":"update","batchSize":2}
