[2026-06-19T00:03:15.841Z] [enriched] Intent enriched: ETH/USD @ 1708054530031635005440
  meta: {"price":"1708054530031635005440","timestamp":"1781827394","expiry":"1781830994","blockNumber":13674704}
[2026-06-19T00:03:15.841Z] [routed] Intent passed all filters
  meta: {"routerId":"client_test_01_router_a_majors","destinationIndex":0}
[2026-06-19T00:03:15.844Z] [queued] Intent accepted by coalescer
  meta: {"routerId":"client_test_01_router_a_majors","destinationIndex":0,"clientStatePath":"../state/preview_run_20260608-040304/clients/client-test-01.json"}
[2026-06-19T00:03:45.145Z] [connecting] connecting
[2026-06-19T00:03:51.319Z] [building] building
[2026-06-19T00:03:54.397Z] [signing] signing
  meta: {"txHash":"e59ea817ae7bfdc0d99a7ccf293cc8dde70b0eb63225cfce16e08194852eb278"}
[2026-06-19T00:03:55.876Z] [submitting] submitting
  meta: {"txHash":"e59ea817ae7bfdc0d99a7ccf293cc8dde70b0eb63225cfce16e08194852eb278"}
[2026-06-19T00:03:56.151Z] [submitted] submitted
  meta: {"txHash":"e59ea817ae7bfdc0d99a7ccf293cc8dde70b0eb63225cfce16e08194852eb278"}
[2026-06-19T00:03:56.159Z] [waiting_confirm] waiting_confirm
  meta: {"txHash":"e59ea817ae7bfdc0d99a7ccf293cc8dde70b0eb63225cfce16e08194852eb278"}
[2026-06-19T00:04:00.399Z] [waiting_utxo] waiting_utxo
  meta: {"txHash":"e59ea817ae7bfdc0d99a7ccf293cc8dde70b0eb63225cfce16e08194852eb278"}
[2026-06-19T00:04:07.673Z] [writing_state] writing_state
  meta: {"txHash":"e59ea817ae7bfdc0d99a7ccf293cc8dde70b0eb63225cfce16e08194852eb278"}
[2026-06-19T00:04:11.098Z] [failed] Cardano transaction failed: Intent for ETH/USD superseded on chain; not submitted.
  meta: {"code":"NonMonotonicNonce","remediation":"A newer intent for this pair is already on-chain. The stale intent was discarded; no operator action is needed.","error":"Intent for ETH/USD superseded on chain; not submitted.","batchSize":1,"batchMembers":[{"intentHash":"0x86c0aa2487f4c6fc7c4b4bd33a8ec4756590a6d81b6107e6c077d1445ee6baa4","symbol":"ARB/USD","pairUnit":"def5c14be6bceefb95769110a0c8c7d5362e58bf8f17b6ee1c1bd902dfafb09cf4921baf2478651f0d7072b3a0df58b6c434443d32511927fa7919fb","action":"update"}]}
