[2026-06-18T18:30:18.243Z] [enriched] Intent enriched: XVG/USD @ 2507882900503334
  meta: {"price":"2507882900503334","timestamp":"1781807416","expiry":"1781811016","blockNumber":13620167}
[2026-06-18T18:30:18.243Z] [routed] Intent passed all filters
  meta: {"routerId":"client_test_01_router_b_alts","destinationIndex":0}
[2026-06-18T18:30:18.244Z] [queued] Intent accepted by coalescer
  meta: {"routerId":"client_test_01_router_b_alts","destinationIndex":0,"clientStatePath":"../state/preview_run_20260608-040304/clients/client-test-01.json"}
[2026-06-18T18:30:34.147Z] [connecting] connecting
[2026-06-18T18:30:39.152Z] [connecting] connecting
[2026-06-18T18:30:44.158Z] [connecting] connecting
[2026-06-18T18:30:49.167Z] [connecting] connecting
[2026-06-18T18:30:49.265Z] [failed] Cardano transaction failed: Missing required environment variable: BLOCKFROST_PROJECT_ID_TESTNET. Active CARDANO_NETWORK requires the *_TESTNET variant of every per-network setting.
  meta: {"code":"BuilderError","remediation":"A Cardano tx builder or signing error occurred. Check the feeder logs for the full stack trace.","error":"Missing required environment variable: BLOCKFROST_PROJECT_ID_TESTNET. Active CARDANO_NETWORK requires the *_TESTNET variant of every per-network setting.","batchSize":10,"batchMembers":[{"intentHash":"0x03f266a0f351d05640ea7ce010a433c52c799f72a6872303fc98f4ceac400058","symbol":"BTC/USD","pairUnit":"","action":"update"},{"intentHash":"0x562aa9f9b80ac231c3364e227bb0ca5340845aaad82e177b078d214ec178def7","symbol":"ETH/USD","pairUnit":"","action":"update"},{"intentHash":"0xc61790c84be53142b4a4f008ccee7b3f8010f094284d0f639f9b20c806527296","symbol":"USDC/USD","pairUnit":"","action":"update"},{"intentHash":"0xdc2927617e7304e4a72b271b2ba7e428a61754a35b121057acbce4e3502877d7","symbol":"DOGE/USD","pairUnit":"","action":"update"},{"intentHash":"0xbc0d4ed59bc051d66f495178913b8324d2fabcf56f1742df3de31d403f5ba45e","symbol":"LTC/USD","pairUnit":"","action":"update"},{"intentHash":"0x6df8a7d1d0dac1f5186300bd71e4b6b1bb44cfb893466b5449b2b052a9fa0dd9","symbol":"ARB/USD","pairUnit":"","action":"update"},{"intentHash":"0xa2b735bded29c6eb8c0fc676061ada15a50e2601187ed796c37b9d7fc4879fc4","symbol":"SHIB/USD","pairUnit":"","action":"update"},{"intentHash":"0x651a6b4723acc862b4e7e7f2b61bd65285f876873e6d409812c950b69f09db7a","symbol":"NEIRO/USD","pairUnit":"","action":"update"},{"intentHash":"0xba3a397807b28b75cbe431d4d4bc7b7ab8bd1ed83fce3d6c47ce18d82a2165ae","symbol":"XVG/USD","pairUnit":"","action":"update"},{"intentHash":"0x6c19f33499b6b655f38e7eb9bfd20f37c1c2d8f798f26bc09803b40dbcb154c3","symbol":"USDT/USD","pairUnit":"","action":"update"}]}
[2026-06-18T18:30:49.274Z] [connecting] connecting
[2026-06-18T18:30:54.208Z] [connecting] connecting
[2026-06-18T18:30:59.212Z] [connecting] connecting
[2026-06-18T18:31:04.216Z] [connecting] connecting
[2026-06-18T18:31:04.241Z] [failed] Cardano transaction failed: Missing required environment variable: BLOCKFROST_PROJECT_ID_TESTNET. Active CARDANO_NETWORK requires the *_TESTNET variant of every per-network setting.
  meta: {"code":"BuilderError","remediation":"A Cardano tx builder or signing error occurred. Check the feeder logs for the full stack trace.","error":"Missing required environment variable: BLOCKFROST_PROJECT_ID_TESTNET. Active CARDANO_NETWORK requires the *_TESTNET variant of every per-network setting.","batchSize":6,"batchMembers":[{"intentHash":"0x6c19f33499b6b655f38e7eb9bfd20f37c1c2d8f798f26bc09803b40dbcb154c3","symbol":"USDT/USD","pairUnit":"","action":"update"},{"intentHash":"0x4896e303bbd42346cecc26163209d1c14798f5192d17e3d64dc41f5476c4578f","symbol":"SHIB/USD","pairUnit":"","action":"update"},{"intentHash":"0x651a6b4723acc862b4e7e7f2b61bd65285f876873e6d409812c950b69f09db7a","symbol":"NEIRO/USD","pairUnit":"","action":"update"},{"intentHash":"0xba3a397807b28b75cbe431d4d4bc7b7ab8bd1ed83fce3d6c47ce18d82a2165ae","symbol":"XVG/USD","pairUnit":"","action":"update"},{"intentHash":"0xf6a5e6f64b618609df3617af85c44e2a92a05b4c47eabd5c85a54ba682da2e07","symbol":"DOGE/USD","pairUnit":"","action":"update"},{"intentHash":"0xc087cd55ad2ea98c7eaf3a47ce4ebc276d12c7e74a21e9288b4180954c1df268","symbol":"ARB/USD","pairUnit":"","action":"update"}]}
[2026-06-18T18:31:04.262Z] [connecting] connecting
[2026-06-18T18:31:09.265Z] [connecting] connecting
[2026-06-18T18:31:14.269Z] [connecting] connecting
[2026-06-18T18:31:19.274Z] [connecting] connecting
[2026-06-18T18:31:19.324Z] [failed] Cardano transaction failed: Missing required environment variable: BLOCKFROST_PROJECT_ID_TESTNET. Active CARDANO_NETWORK requires the *_TESTNET variant of every per-network setting.
  meta: {"code":"BuilderError","remediation":"A Cardano tx builder or signing error occurred. Check the feeder logs for the full stack trace.","error":"Missing required environment variable: BLOCKFROST_PROJECT_ID_TESTNET. Active CARDANO_NETWORK requires the *_TESTNET variant of every per-network setting.","batchSize":7,"batchMembers":[{"intentHash":"0x420604a685f2f8c8261ad5e27d58aa9ec691dff13eb717798c060fe47471f6b3","symbol":"LTC/USD","pairUnit":"","action":"update"},{"intentHash":"0xf909517bc731e0b08a05f08207a80497ad61acf6e39422d5ae7770021fc08fee","symbol":"NEIRO/USD","pairUnit":"","action":"update"},{"intentHash":"0xe2a1f53ce1110d152b2494ace307d1e98bdfcb21fff299381c5bd103958e480b","symbol":"BTC/USD","pairUnit":"","action":"update"},{"intentHash":"0xe4aa6ab19ca2483c883899179cd3ddc70cd87efbaa2a0f0548119f5c282453be","symbol":"ETH/USD","pairUnit":"","action":"update"},{"intentHash":"0x6c19f33499b6b655f38e7eb9bfd20f37c1c2d8f798f26bc09803b40dbcb154c3","symbol":"USDT/USD","pairUnit":"","action":"update"},{"intentHash":"0xc087cd55ad2ea98c7eaf3a47ce4ebc276d12c7e74a21e9288b4180954c1df268","symbol":"ARB/USD","pairUnit":"","action":"update"},{"intentHash":"0xba3a397807b28b75cbe431d4d4bc7b7ab8bd1ed83fce3d6c47ce18d82a2165ae","symbol":"XVG/USD","pairUnit":"","action":"update"}]}
