[2026-06-18T18:16:48.760Z] [enriched] Intent enriched: BTC/USD @ 62563713775402297065472
  meta: {"price":"62563713775402297065472","timestamp":"1781806607","expiry":"1781810207","blockNumber":13617976}
[2026-06-18T18:16:48.760Z] [routed] Intent passed all filters
  meta: {"routerId":"client_test_01_router_a_majors","destinationIndex":0}
[2026-06-18T18:16:48.761Z] [queued] Intent accepted by coalescer
  meta: {"routerId":"client_test_01_router_a_majors","destinationIndex":0,"clientStatePath":"../state/preview_run_20260608-040304/clients/client-test-01.json"}
[2026-06-18T18:16:48.764Z] [enriched] Intent enriched: BTC/USD @ 62563713775402297065472
  meta: {"price":"62563713775402297065472","timestamp":"1781806607","expiry":"1781810207","blockNumber":13617976}
[2026-06-18T18:16:48.764Z] [routed] Intent passed all filters
  meta: {"routerId":"client_test_02_router_default","destinationIndex":0}
[2026-06-18T18:16:48.765Z] [queued] Intent accepted by coalescer
  meta: {"routerId":"client_test_02_router_default","destinationIndex":0,"clientStatePath":"../state/preview_run_20260608-040304/clients/client-test-02.json"}
[2026-06-18T18:16:57.169Z] [connecting] connecting
[2026-06-18T18:17:02.404Z] [connecting] connecting
[2026-06-18T18:17:07.717Z] [connecting] connecting
[2026-06-18T18:17:13.381Z] [connecting] connecting
[2026-06-18T18:17:13.752Z] [failed] Cardano transaction failed: Unable to fetch protocol parameters from Blockfrost (402 Payment Required).
  meta: {"code":"BuilderError","remediation":"A Cardano tx builder or signing error occurred. Check the feeder logs for the full stack trace.","error":"Unable to fetch protocol parameters from Blockfrost (402 Payment Required).","batchSize":8,"batchMembers":[{"intentHash":"0x20be0e6fe6b872aa0b3e6c1203a47ffd908cd1a74195f04bd8b4d77b678e4ccf","symbol":"LTC/USD","pairUnit":"","action":"update"},{"intentHash":"0x45406047d6ba60ea4aa5da090c5ab379adf5211c0a867ea1ed404a8b3e1ef6ad","symbol":"NEIRO/USD","pairUnit":"","action":"update"},{"intentHash":"0x1111bd63d47f8a70664a077e6de61fd268d65d39e41e1e53ea49c17d18985b49","symbol":"BTC/USD","pairUnit":"","action":"update"},{"intentHash":"0xc2935960deae663da861551f752df2a4db971e11a8477f4586f71de2cea872f5","symbol":"ETH/USD","pairUnit":"","action":"update"},{"intentHash":"0xddb74dec3e9634b95c72dd44da9714908e55cf1ffddd8e8e7603ca5a5ad2a5d4","symbol":"USDT/USD","pairUnit":"","action":"update"},{"intentHash":"0x259fce0b5febadf4ec6009e4527c2df137a781bd37b74c1a1db7c5d415dd1e10","symbol":"ARB/USD","pairUnit":"","action":"update"},{"intentHash":"0x239dd946ca092b8c1fb09da55d47501729535f417d0cf63fd9e26d0e2f6de351","symbol":"XVG/USD","pairUnit":"","action":"update"},{"intentHash":"0xe5203ee9dfbe71a972639f6905cc2701182e85e9469e1fc15402e7053abc8d74","symbol":"USDC/USD","pairUnit":"","action":"update"}]}
[2026-06-18T18:17:18.711Z] [connecting] connecting
[2026-06-18T18:17:23.967Z] [connecting] connecting
[2026-06-18T18:17:29.196Z] [connecting] connecting
[2026-06-18T18:17:29.858Z] [connecting] connecting
[2026-06-18T18:17:34.518Z] [connecting] connecting
[2026-06-18T18:17:35.084Z] [connecting] connecting
[2026-06-18T18:17:35.212Z] [failed] Cardano transaction failed: Unable to fetch protocol parameters from Blockfrost (402 Payment Required).
  meta: {"code":"BuilderError","remediation":"A Cardano tx builder or signing error occurred. Check the feeder logs for the full stack trace.","error":"Unable to fetch protocol parameters from Blockfrost (402 Payment Required).","batchSize":1}
[2026-06-18T18:17:35.219Z] [connecting] connecting
[2026-06-18T18:17:40.402Z] [connecting] connecting
[2026-06-18T18:17:40.452Z] [connecting] connecting
[2026-06-18T18:17:45.721Z] [connecting] connecting
[2026-06-18T18:17:45.784Z] [connecting] connecting
[2026-06-18T18:17:46.049Z] [failed] Cardano transaction failed: Unable to fetch protocol parameters from Blockfrost (402 Payment Required).
  meta: {"code":"BuilderError","remediation":"A Cardano tx builder or signing error occurred. Check the feeder logs for the full stack trace.","error":"Unable to fetch protocol parameters from Blockfrost (402 Payment Required).","batchSize":8,"batchMembers":[{"intentHash":"0x1111bd63d47f8a70664a077e6de61fd268d65d39e41e1e53ea49c17d18985b49","symbol":"BTC/USD","pairUnit":"","action":"update"},{"intentHash":"0xc2935960deae663da861551f752df2a4db971e11a8477f4586f71de2cea872f5","symbol":"ETH/USD","pairUnit":"","action":"update"},{"intentHash":"0xe5203ee9dfbe71a972639f6905cc2701182e85e9469e1fc15402e7053abc8d74","symbol":"USDC/USD","pairUnit":"","action":"update"},{"intentHash":"0xb62121ebcd7e1e88ee754f15555d5122a9568c92485bd948befe5d161903ce2a","symbol":"DOGE/USD","pairUnit":"","action":"update"},{"intentHash":"0x20be0e6fe6b872aa0b3e6c1203a47ffd908cd1a74195f04bd8b4d77b678e4ccf","symbol":"LTC/USD","pairUnit":"","action":"update"},{"intentHash":"0x3da4b7cadb8968cf35dca47787bbae23cbf8aa2f63ba4f3711dc3875f8f6efd4","symbol":"ARB/USD","pairUnit":"","action":"update"},{"intentHash":"0x959c468af9ae3989e135138f56882547b7b4c7f6bc1e7a3aab6e5c9208ba9a78","symbol":"SHIB/USD","pairUnit":"","action":"update"},{"intentHash":"0x8c2fabbdba9897df6be2b0476dab4dcfff608065966f4433960bed183c1cb59c","symbol":"NEIRO/USD","pairUnit":"","action":"update"}]}
[2026-06-18T18:17:51.106Z] [connecting] connecting
[2026-06-18T18:17:51.342Z] [failed] Cardano transaction failed: Unable to fetch protocol parameters from Blockfrost (402 Payment Required).
  meta: {"code":"BuilderError","remediation":"A Cardano tx builder or signing error occurred. Check the feeder logs for the full stack trace.","error":"Unable to fetch protocol parameters from Blockfrost (402 Payment Required).","batchSize":1}
