[2026-06-18T17:46:36.364Z] [enriched] Intent enriched: DOGE/USD @ 82310220091841128
  meta: {"price":"82310220091841128","timestamp":"1781804791","expiry":"1781808391","blockNumber":13612995}
[2026-06-18T17:46:36.364Z] [routed] Intent passed all filters
  meta: {"routerId":"client_test_01_router_a_majors","destinationIndex":0}
[2026-06-18T17:46:36.365Z] [queued] Intent accepted by coalescer
  meta: {"routerId":"client_test_01_router_a_majors","destinationIndex":0,"clientStatePath":"../state/preview_run_20260608-040304/clients/client-test-01.json"}
[2026-06-18T17:47:13.814Z] [connecting] connecting
[2026-06-18T17:47:21.822Z] [building] building
[2026-06-18T17:47:24.904Z] [signing] signing
  meta: {"txHash":"8371552866cc2574461b411768194592b9a01d9958fcead6fa87a7194c2836de"}
[2026-06-18T17:47:26.299Z] [submitting] submitting
  meta: {"txHash":"8371552866cc2574461b411768194592b9a01d9958fcead6fa87a7194c2836de"}
[2026-06-18T17:47:26.571Z] [submitted] submitted
  meta: {"txHash":"8371552866cc2574461b411768194592b9a01d9958fcead6fa87a7194c2836de"}
[2026-06-18T17:47:26.580Z] [waiting_confirm] waiting_confirm
  meta: {"txHash":"8371552866cc2574461b411768194592b9a01d9958fcead6fa87a7194c2836de"}
[2026-06-18T17:47:45.806Z] [waiting_utxo] waiting_utxo
  meta: {"txHash":"8371552866cc2574461b411768194592b9a01d9958fcead6fa87a7194c2836de"}
[2026-06-18T17:47:53.713Z] [writing_state] writing_state
  meta: {"txHash":"8371552866cc2574461b411768194592b9a01d9958fcead6fa87a7194c2836de"}
[2026-06-18T17:47:57.174Z] [failed] Cardano transaction failed: Intent for DOGE/USD superseded on chain; not submitted.
  meta: {"code":"NonMonotonicNonce","remediation":"A newer intent for this pair is already on-chain. The stale intent was discarded; no operator action is needed.","error":"Intent for DOGE/USD superseded on chain; not submitted.","batchSize":3,"batchMembers":[{"intentHash":"0x6bdbda397cc1b6244281fdb0ab2098d3fe6584cca39573d67b7fe065420bdf11","symbol":"USDC/USD","pairUnit":"def5c14be6bceefb95769110a0c8c7d5362e58bf8f17b6ee1c1bd9020156dbaa55902bb40ff6c461c8b2b59c70ebbe3786e51e5e75a8bc1cbad4c1ac","action":"update"},{"intentHash":"0xb335b9a8021aa3d6a72fad624fa8fab1fd2f65a93567a147a40debd493a436de","symbol":"BTC/USD","pairUnit":"def5c14be6bceefb95769110a0c8c7d5362e58bf8f17b6ee1c1bd9028a3859b168b77160150b13c200392328254c3758f082050fd7ec5c340ac2a497","action":"update"},{"intentHash":"0xcf41b54bed63ab0bb31e5d0dd8cd581dc0026f0f3c7ea94223408993e49ea461","symbol":"ETH/USD","pairUnit":"def5c14be6bceefb95769110a0c8c7d5362e58bf8f17b6ee1c1bd9023d7739c2406edbe3bb594b8f762cf67a2c889a162f2234dc17841f61d33849f4","action":"update"}]}
