[2026-06-19T02:23:49.606Z] [enriched] Intent enriched: USDT/USD @ 998910000000000000
  meta: {"price":"998910000000000000","timestamp":"1781835827","expiry":"1781839427","blockNumber":13698709}
[2026-06-19T02:23:49.606Z] [routed] Intent passed all filters
  meta: {"routerId":"client_test_01_router_a_majors","destinationIndex":0}
[2026-06-19T02:23:49.607Z] [queued] Intent accepted by coalescer
  meta: {"routerId":"client_test_01_router_a_majors","destinationIndex":0,"clientStatePath":"../state/preview_run_20260608-040304/clients/client-test-01.json"}
[2026-06-19T02:25:12.677Z] [connecting] connecting
[2026-06-19T02:25:18.180Z] [building] building
[2026-06-19T02:25:23.640Z] [signing] signing
  meta: {"txHash":"0a960cc5a938e75f35c3ececcf2b52f43d2fd62ac1cc6f0da28b233c2668174e"}
[2026-06-19T02:25:25.127Z] [submitting] submitting
  meta: {"txHash":"0a960cc5a938e75f35c3ececcf2b52f43d2fd62ac1cc6f0da28b233c2668174e"}
[2026-06-19T02:25:25.389Z] [submitted] submitted
  meta: {"txHash":"0a960cc5a938e75f35c3ececcf2b52f43d2fd62ac1cc6f0da28b233c2668174e"}
[2026-06-19T02:25:25.389Z] [waiting_confirm] waiting_confirm
  meta: {"txHash":"0a960cc5a938e75f35c3ececcf2b52f43d2fd62ac1cc6f0da28b233c2668174e"}
[2026-06-19T02:27:08.025Z] [waiting_utxo] waiting_utxo
  meta: {"txHash":"0a960cc5a938e75f35c3ececcf2b52f43d2fd62ac1cc6f0da28b233c2668174e"}
[2026-06-19T02:27:13.843Z] [writing_state] writing_state
  meta: {"txHash":"0a960cc5a938e75f35c3ececcf2b52f43d2fd62ac1cc6f0da28b233c2668174e"}
[2026-06-19T02:27:17.259Z] [confirm] Cardano transaction confirmed
  meta: {"cardanoTxHash":"0a960cc5a938e75f35c3ececcf2b52f43d2fd62ac1cc6f0da28b233c2668174e","pairUnit":"def5c14be6bceefb95769110a0c8c7d5362e58bf8f17b6ee1c1bd9025ec9fa6a8337c83985882517e4865a68763912f37490cffe992a26abfd29d315","pairAction":"update","batchSize":1}
