[2026-06-18T08:58:05.568Z] [enriched] Intent enriched: DOGE/USD @ 85009849625000008
  meta: {"price":"85009849625000008","timestamp":"1781773084","expiry":"1781776684","blockNumber":13525866}
[2026-06-18T08:58:05.568Z] [routed] Intent passed all filters
  meta: {"routerId":"client_test_01_router_a_majors","destinationIndex":0}
[2026-06-18T08:58:05.569Z] [queued] Intent accepted by coalescer
  meta: {"routerId":"client_test_01_router_a_majors","destinationIndex":0,"clientStatePath":"../state/preview_run_20260608-040304/clients/client-test-01.json"}
[2026-06-18T08:58:17.291Z] [connecting] connecting
[2026-06-18T08:58:24.867Z] [building] building
[2026-06-18T08:58:27.374Z] [signing] signing
  meta: {"txHash":"428c0cc08d02968813c1c61f46709feec31458919957d5b671034e08acc344db"}
[2026-06-18T08:58:28.333Z] [submitting] submitting
  meta: {"txHash":"428c0cc08d02968813c1c61f46709feec31458919957d5b671034e08acc344db"}
[2026-06-18T08:58:28.607Z] [submitted] submitted
  meta: {"txHash":"428c0cc08d02968813c1c61f46709feec31458919957d5b671034e08acc344db"}
[2026-06-18T08:58:28.607Z] [waiting_confirm] waiting_confirm
  meta: {"txHash":"428c0cc08d02968813c1c61f46709feec31458919957d5b671034e08acc344db"}
[2026-06-18T08:59:12.152Z] [waiting_utxo] waiting_utxo
  meta: {"txHash":"428c0cc08d02968813c1c61f46709feec31458919957d5b671034e08acc344db"}
[2026-06-18T08:59:14.270Z] [writing_state] writing_state
  meta: {"txHash":"428c0cc08d02968813c1c61f46709feec31458919957d5b671034e08acc344db"}
[2026-06-18T08:59:17.173Z] [confirm] Cardano transaction confirmed
  meta: {"cardanoTxHash":"428c0cc08d02968813c1c61f46709feec31458919957d5b671034e08acc344db","pairUnit":"def5c14be6bceefb95769110a0c8c7d5362e58bf8f17b6ee1c1bd90219434a5bb684f659378f19bc8c3748046e646c079e79c10e484e2d29445ee02d","pairAction":"update","batchSize":1}
