[2026-06-18T18:42:13.828Z] [enriched] Intent enriched: USDT/USD @ 998690000000000000
  meta: {"price":"998690000000000000","timestamp":"1781808132","expiry":"1781811732","blockNumber":13622115}
[2026-06-18T18:42:13.828Z] [routed] Intent passed all filters
  meta: {"routerId":"client_test_01_router_a_majors","destinationIndex":0}
[2026-06-18T18:42:13.829Z] [queued] Intent accepted by coalescer
  meta: {"routerId":"client_test_01_router_a_majors","destinationIndex":0,"clientStatePath":"../state/preview_run_20260608-040304/clients/client-test-01.json"}
[2026-06-18T18:42:34.285Z] [connecting] connecting
[2026-06-18T18:42:43.217Z] [building] building
[2026-06-18T18:42:46.552Z] [signing] signing
  meta: {"txHash":"0b7f5e1afe1a7f617f03db7e973590ed1dc4aa7b1aa0f674d1d9e9413689e55c"}
[2026-06-18T18:42:48.035Z] [submitting] submitting
  meta: {"txHash":"0b7f5e1afe1a7f617f03db7e973590ed1dc4aa7b1aa0f674d1d9e9413689e55c"}
[2026-06-18T18:42:48.265Z] [submitted] submitted
  meta: {"txHash":"0b7f5e1afe1a7f617f03db7e973590ed1dc4aa7b1aa0f674d1d9e9413689e55c"}
[2026-06-18T18:42:48.287Z] [waiting_confirm] waiting_confirm
  meta: {"txHash":"0b7f5e1afe1a7f617f03db7e973590ed1dc4aa7b1aa0f674d1d9e9413689e55c"}
[2026-06-18T18:43:40.446Z] [waiting_utxo] waiting_utxo
  meta: {"txHash":"0b7f5e1afe1a7f617f03db7e973590ed1dc4aa7b1aa0f674d1d9e9413689e55c"}
[2026-06-18T18:43:48.633Z] [writing_state] writing_state
  meta: {"txHash":"0b7f5e1afe1a7f617f03db7e973590ed1dc4aa7b1aa0f674d1d9e9413689e55c"}
[2026-06-18T18:43:51.965Z] [failed] Cardano transaction failed: Intent for USDT/USD superseded on chain; not submitted.
  meta: {"code":"NonMonotonicNonce","remediation":"A newer intent for this pair is already on-chain. The stale intent was discarded; no operator action is needed.","error":"Intent for USDT/USD superseded on chain; not submitted.","batchSize":4,"batchMembers":[{"intentHash":"0x9ffa2a6a5ec44ab48b3d198c99f288e6d4b7d0a2be196dd300f0fe6eca6cd7f9","symbol":"BTC/USD","pairUnit":"def5c14be6bceefb95769110a0c8c7d5362e58bf8f17b6ee1c1bd9028a3859b168b77160150b13c200392328254c3758f082050fd7ec5c340ac2a497","action":"update"},{"intentHash":"0x29b1c93982055228c675e5c7e3ed63a4188a1a8e215ee69cc5ba27d8e824e37d","symbol":"ETH/USD","pairUnit":"def5c14be6bceefb95769110a0c8c7d5362e58bf8f17b6ee1c1bd9023d7739c2406edbe3bb594b8f762cf67a2c889a162f2234dc17841f61d33849f4","action":"update"},{"intentHash":"0xba5c13d029d7e4ac1bb239d7bb237a65e517b90793a19142a15f1cb42de482da","symbol":"USDC/USD","pairUnit":"def5c14be6bceefb95769110a0c8c7d5362e58bf8f17b6ee1c1bd9020156dbaa55902bb40ff6c461c8b2b59c70ebbe3786e51e5e75a8bc1cbad4c1ac","action":"update"},{"intentHash":"0xae2f258dd43f8d9a2a22cc53f83a09a3b9857e60f34013c9b9de6b0d71b5ee14","symbol":"DOGE/USD","pairUnit":"def5c14be6bceefb95769110a0c8c7d5362e58bf8f17b6ee1c1bd90219434a5bb684f659378f19bc8c3748046e646c079e79c10e484e2d29445ee02d","action":"update"}]}
