[2026-06-18T15:34:16.370Z] [enriched] Intent enriched: DOGE/USD @ 83529285700000008
  meta: {"price":"83529285700000008","timestamp":"1781796854","expiry":"1781800454","blockNumber":13591379}
[2026-06-18T15:34:16.370Z] [routed] Intent passed all filters
  meta: {"routerId":"client_test_01_router_a_majors","destinationIndex":0}
[2026-06-18T15:34:16.371Z] [queued] Intent accepted by coalescer
  meta: {"routerId":"client_test_01_router_a_majors","destinationIndex":0,"clientStatePath":"../state/preview_run_20260608-040304/clients/client-test-01.json"}
[2026-06-18T15:35:14.039Z] [connecting] connecting
[2026-06-18T15:35:19.917Z] [building] building
[2026-06-18T15:35:23.096Z] [signing] signing
  meta: {"txHash":"df8bdf52ee4c0854ffe196d21810fa43d8b65b3131fdadfc41dbee686e08c995"}
[2026-06-18T15:35:24.067Z] [submitting] submitting
  meta: {"txHash":"df8bdf52ee4c0854ffe196d21810fa43d8b65b3131fdadfc41dbee686e08c995"}
[2026-06-18T15:35:24.334Z] [submitted] submitted
  meta: {"txHash":"df8bdf52ee4c0854ffe196d21810fa43d8b65b3131fdadfc41dbee686e08c995"}
[2026-06-18T15:35:24.343Z] [waiting_confirm] waiting_confirm
  meta: {"txHash":"df8bdf52ee4c0854ffe196d21810fa43d8b65b3131fdadfc41dbee686e08c995"}
[2026-06-18T15:35:49.556Z] [waiting_utxo] waiting_utxo
  meta: {"txHash":"df8bdf52ee4c0854ffe196d21810fa43d8b65b3131fdadfc41dbee686e08c995"}
[2026-06-18T15:35:56.813Z] [writing_state] writing_state
  meta: {"txHash":"df8bdf52ee4c0854ffe196d21810fa43d8b65b3131fdadfc41dbee686e08c995"}
[2026-06-18T15:35:59.737Z] [failed] Cardano transaction failed: Intent for DOGE/USD superseded on chain; not submitted.
  meta: {"code":"NonMonotonicNonce","remediation":"A newer intent for this pair is already on-chain. The stale intent was discarded; no operator action is needed.","error":"Intent for DOGE/USD superseded on chain; not submitted.","batchSize":1,"batchMembers":[{"intentHash":"0x1bc07846530905fd3fd66509db726ecc5773a3d4a492089d3f6f81dea7526be9","symbol":"NEIRO/USD","pairUnit":"def5c14be6bceefb95769110a0c8c7d5362e58bf8f17b6ee1c1bd902a8c0b97b231afaebc42d067a57b139abb4a8631e36c7f81cee6a30173e22b6b2","action":"update"}]}
