[2026-06-18T20:40:35.671Z] [connecting] connecting
[2026-06-18T20:40:43.826Z] [building] building
[2026-06-18T20:40:55.551Z] [signing] signing
  meta: {"txHash":"6d59804dfa3452d5b0cd3a9b7430b10e937dab09f6f6b01ad4b23c738b0e6d34"}
[2026-06-18T20:40:57.123Z] [submitting] submitting
  meta: {"txHash":"6d59804dfa3452d5b0cd3a9b7430b10e937dab09f6f6b01ad4b23c738b0e6d34"}
[2026-06-18T20:41:02.281Z] [connecting] connecting
[2026-06-18T20:41:10.150Z] [building] building
[2026-06-18T20:41:20.096Z] [signing] signing
  meta: {"txHash":"6d59804dfa3452d5b0cd3a9b7430b10e937dab09f6f6b01ad4b23c738b0e6d34"}
[2026-06-18T20:41:21.844Z] [submitting] submitting
  meta: {"txHash":"6d59804dfa3452d5b0cd3a9b7430b10e937dab09f6f6b01ad4b23c738b0e6d34"}
[2026-06-18T20:41:27.114Z] [connecting] connecting
[2026-06-18T20:41:34.944Z] [building] building
[2026-06-18T20:41:35.551Z] [superseded] Superseded by newer intent
  meta: {"supersededByHash":"0xe1fd8716500aee6f1ac42015751c45d22b536b20568d717c2b0c435e0f5ec756"}
[2026-06-18T20:41:46.546Z] [signing] signing
  meta: {"txHash":"e69eb248d49519a8cf77eebaa6259fa0390fdf1463dcb8926dd0efedb4af7775"}
[2026-06-18T20:41:48.610Z] [submitting] submitting
  meta: {"txHash":"e69eb248d49519a8cf77eebaa6259fa0390fdf1463dcb8926dd0efedb4af7775"}
[2026-06-18T20:41:53.869Z] [connecting] connecting
[2026-06-18T20:42:01.790Z] [building] building
[2026-06-18T20:42:11.969Z] [signing] signing
  meta: {"txHash":"94f22ffc99ae93595491aa6b7ddddfd15a860f70883935bd67eb6d64761b5a84"}
[2026-06-18T20:42:13.721Z] [submitting] submitting
  meta: {"txHash":"94f22ffc99ae93595491aa6b7ddddfd15a860f70883935bd67eb6d64761b5a84"}
[2026-06-18T20:42:13.991Z] [submitted] submitted
  meta: {"txHash":"94f22ffc99ae93595491aa6b7ddddfd15a860f70883935bd67eb6d64761b5a84"}
[2026-06-18T20:42:13.991Z] [waiting_confirm] waiting_confirm
  meta: {"txHash":"94f22ffc99ae93595491aa6b7ddddfd15a860f70883935bd67eb6d64761b5a84"}
[2026-06-18T20:42:30.123Z] [waiting_utxo] waiting_utxo
  meta: {"txHash":"94f22ffc99ae93595491aa6b7ddddfd15a860f70883935bd67eb6d64761b5a84"}
[2026-06-18T20:42:38.002Z] [writing_state] writing_state
  meta: {"txHash":"94f22ffc99ae93595491aa6b7ddddfd15a860f70883935bd67eb6d64761b5a84"}
[2026-06-18T20:42:41.456Z] [batched] Intent confirmed inside a batch of 4 intents
  meta: {"cardanoTxHash":"94f22ffc99ae93595491aa6b7ddddfd15a860f70883935bd67eb6d64761b5a84","batchSize":4,"batchMembers":[{"intentHash":"0x23cd0ada0f024ac4b0fad4132281b847fa93d006ba6eb573b009565be43e48ea","symbol":"BTC/USD","pairUnit":"def5c14be6bceefb95769110a0c8c7d5362e58bf8f17b6ee1c1bd9028a3859b168b77160150b13c200392328254c3758f082050fd7ec5c340ac2a497","action":"update"},{"intentHash":"0xdc02c52a966b9872cef362966b943607fc0ac0f48278c2219d06f658fb2e0959","symbol":"ETH/USD","pairUnit":"def5c14be6bceefb95769110a0c8c7d5362e58bf8f17b6ee1c1bd9023d7739c2406edbe3bb594b8f762cf67a2c889a162f2234dc17841f61d33849f4","action":"update"},{"intentHash":"0x593a3de22280980ccebaae673d656e327ab63602c12d6fce83f3f4757600850f","symbol":"USDC/USD","pairUnit":"def5c14be6bceefb95769110a0c8c7d5362e58bf8f17b6ee1c1bd9020156dbaa55902bb40ff6c461c8b2b59c70ebbe3786e51e5e75a8bc1cbad4c1ac","action":"update"},{"intentHash":"0x351644ff03d5097c2eaf0a7a5c35cf32dba4955c014d2cf5c68ac813ed808066","symbol":"DOGE/USD","pairUnit":"def5c14be6bceefb95769110a0c8c7d5362e58bf8f17b6ee1c1bd90219434a5bb684f659378f19bc8c3748046e646c079e79c10e484e2d29445ee02d","action":"update"}],"pairUnit":"def5c14be6bceefb95769110a0c8c7d5362e58bf8f17b6ee1c1bd90219434a5bb684f659378f19bc8c3748046e646c079e79c10e484e2d29445ee02d","pairAction":"update"}
[2026-06-18T20:42:41.457Z] [confirm] Cardano batch transaction confirmed
  meta: {"cardanoTxHash":"94f22ffc99ae93595491aa6b7ddddfd15a860f70883935bd67eb6d64761b5a84","pairUnit":"def5c14be6bceefb95769110a0c8c7d5362e58bf8f17b6ee1c1bd90219434a5bb684f659378f19bc8c3748046e646c079e79c10e484e2d29445ee02d","pairAction":"update","batchSize":4}
