[2026-06-18T07:14:23.416Z] [enriched] Intent enriched: NEIRO/USD @ 66522411424999
  meta: {"price":"66522411424999","timestamp":"1781766862","expiry":"1781770462","blockNumber":13508264}
[2026-06-18T07:14:23.416Z] [routed] Intent passed all filters
  meta: {"routerId":"client_test_01_router_default","destinationIndex":0}
[2026-06-18T07:14:23.417Z] [queued] Intent accepted by coalescer
  meta: {"routerId":"client_test_01_router_default","destinationIndex":0,"clientStatePath":"../state/preview_run_20260608-040304/clients/client-test-01.json"}
[2026-06-18T07:14:34.534Z] [connecting] connecting
[2026-06-18T07:14:40.254Z] [building] building
[2026-06-18T07:14:43.082Z] [signing] signing
  meta: {"txHash":"6bd2627079755c3810e7821e6f32314376224f9ccf413200a5a7b80278befd77"}
[2026-06-18T07:14:44.046Z] [submitting] submitting
  meta: {"txHash":"6bd2627079755c3810e7821e6f32314376224f9ccf413200a5a7b80278befd77"}
[2026-06-18T07:14:44.311Z] [submitted] submitted
  meta: {"txHash":"6bd2627079755c3810e7821e6f32314376224f9ccf413200a5a7b80278befd77"}
[2026-06-18T07:14:44.312Z] [waiting_confirm] waiting_confirm
  meta: {"txHash":"6bd2627079755c3810e7821e6f32314376224f9ccf413200a5a7b80278befd77"}
[2026-06-18T07:15:39.940Z] [waiting_utxo] waiting_utxo
  meta: {"txHash":"6bd2627079755c3810e7821e6f32314376224f9ccf413200a5a7b80278befd77"}
[2026-06-18T07:15:46.866Z] [writing_state] writing_state
  meta: {"txHash":"6bd2627079755c3810e7821e6f32314376224f9ccf413200a5a7b80278befd77"}
[2026-06-18T07:15:49.769Z] [confirm] Cardano transaction confirmed
  meta: {"cardanoTxHash":"6bd2627079755c3810e7821e6f32314376224f9ccf413200a5a7b80278befd77","pairUnit":"def5c14be6bceefb95769110a0c8c7d5362e58bf8f17b6ee1c1bd902a8c0b97b231afaebc42d067a57b139abb4a8631e36c7f81cee6a30173e22b6b2","pairAction":"update","batchSize":1}
