[2026-06-18T18:29:41.571Z] [enriched] Intent enriched: SHIB/USD @ 4655514908750
  meta: {"price":"4655514908750","timestamp":"1781807379","expiry":"1781810979","blockNumber":13620063}
[2026-06-18T18:29:41.571Z] [routed] Intent passed all filters
  meta: {"routerId":"client_test_01_router_b_alts","destinationIndex":0}
[2026-06-18T18:29:41.572Z] [queued] Intent accepted by coalescer
  meta: {"routerId":"client_test_01_router_b_alts","destinationIndex":0,"clientStatePath":"../state/preview_run_20260608-040304/clients/client-test-01.json"}
[2026-06-18T18:29:45.458Z] [connecting] connecting
[2026-06-18T18:29:50.397Z] [connecting] connecting
[2026-06-18T18:29:55.402Z] [connecting] connecting
[2026-06-18T18:30:00.408Z] [connecting] connecting
[2026-06-18T18:30:00.495Z] [failed] Cardano transaction failed: Missing required environment variable: BLOCKFROST_PROJECT_ID_TESTNET. Active CARDANO_NETWORK requires the *_TESTNET variant of every per-network setting.
  meta: {"code":"BuilderError","remediation":"A Cardano tx builder or signing error occurred. Check the feeder logs for the full stack trace.","error":"Missing required environment variable: BLOCKFROST_PROJECT_ID_TESTNET. Active CARDANO_NETWORK requires the *_TESTNET variant of every per-network setting.","batchSize":9,"batchMembers":[{"intentHash":"0x2877fdd6c66f72249cf9495275055c12c9727cc0864f8cd99e1c0856b8e965c9","symbol":"BTC/USD","pairUnit":"","action":"update"},{"intentHash":"0x1740988f9143854777a8a4f79a2a280ce09c7607acb62f27eae7e2589900a82f","symbol":"ETH/USD","pairUnit":"","action":"update"},{"intentHash":"0xeefc0204791dd40065682759202718a91f549fcdcb7f852ccce4d9d5dbdbe324","symbol":"USDT/USD","pairUnit":"","action":"update"},{"intentHash":"0xeed723041e8c39f328fe4aa613aeab2e418f0955a5583bd8daee73f38810ac7b","symbol":"LTC/USD","pairUnit":"","action":"update"},{"intentHash":"0xf4f0dad77bb83cd8a1e01b443943363f739aa51a2ec826b458f8cfc5e23850b8","symbol":"ARB/USD","pairUnit":"","action":"update"},{"intentHash":"0x4a57609aaab95dc110b50126bc360ce851682a20cd7539a415ecc5f8dcebdbd9","symbol":"XVG/USD","pairUnit":"","action":"update"},{"intentHash":"0xd8e60e4492bf52affd4674a1200395658f52b81d2575f94a25ce2a0b3b7c8111","symbol":"USDC/USD","pairUnit":"","action":"update"},{"intentHash":"0xdc2927617e7304e4a72b271b2ba7e428a61754a35b121057acbce4e3502877d7","symbol":"DOGE/USD","pairUnit":"","action":"update"},{"intentHash":"0xa2b735bded29c6eb8c0fc676061ada15a50e2601187ed796c37b9d7fc4879fc4","symbol":"SHIB/USD","pairUnit":"","action":"update"}]}
[2026-06-18T18:30:34.147Z] [connecting] connecting
[2026-06-18T18:30:35.440Z] [superseded] Superseded by newer intent
  meta: {"supersededByHash":"0x4896e303bbd42346cecc26163209d1c14798f5192d17e3d64dc41f5476c4578f"}
[2026-06-18T18:30:39.152Z] [connecting] connecting
[2026-06-18T18:30:44.158Z] [connecting] connecting
[2026-06-18T18:30:49.167Z] [connecting] connecting
[2026-06-18T18:30:49.249Z] [failed] Cardano transaction failed: Missing required environment variable: BLOCKFROST_PROJECT_ID_TESTNET. Active CARDANO_NETWORK requires the *_TESTNET variant of every per-network setting.
  meta: {"code":"BuilderError","remediation":"A Cardano tx builder or signing error occurred. Check the feeder logs for the full stack trace.","error":"Missing required environment variable: BLOCKFROST_PROJECT_ID_TESTNET. Active CARDANO_NETWORK requires the *_TESTNET variant of every per-network setting.","batchSize":10,"batchMembers":[{"intentHash":"0x03f266a0f351d05640ea7ce010a433c52c799f72a6872303fc98f4ceac400058","symbol":"BTC/USD","pairUnit":"","action":"update"},{"intentHash":"0x562aa9f9b80ac231c3364e227bb0ca5340845aaad82e177b078d214ec178def7","symbol":"ETH/USD","pairUnit":"","action":"update"},{"intentHash":"0xc61790c84be53142b4a4f008ccee7b3f8010f094284d0f639f9b20c806527296","symbol":"USDC/USD","pairUnit":"","action":"update"},{"intentHash":"0xdc2927617e7304e4a72b271b2ba7e428a61754a35b121057acbce4e3502877d7","symbol":"DOGE/USD","pairUnit":"","action":"update"},{"intentHash":"0xbc0d4ed59bc051d66f495178913b8324d2fabcf56f1742df3de31d403f5ba45e","symbol":"LTC/USD","pairUnit":"","action":"update"},{"intentHash":"0x6df8a7d1d0dac1f5186300bd71e4b6b1bb44cfb893466b5449b2b052a9fa0dd9","symbol":"ARB/USD","pairUnit":"","action":"update"},{"intentHash":"0xa2b735bded29c6eb8c0fc676061ada15a50e2601187ed796c37b9d7fc4879fc4","symbol":"SHIB/USD","pairUnit":"","action":"update"},{"intentHash":"0x651a6b4723acc862b4e7e7f2b61bd65285f876873e6d409812c950b69f09db7a","symbol":"NEIRO/USD","pairUnit":"","action":"update"},{"intentHash":"0xba3a397807b28b75cbe431d4d4bc7b7ab8bd1ed83fce3d6c47ce18d82a2165ae","symbol":"XVG/USD","pairUnit":"","action":"update"},{"intentHash":"0x6c19f33499b6b655f38e7eb9bfd20f37c1c2d8f798f26bc09803b40dbcb154c3","symbol":"USDT/USD","pairUnit":"","action":"update"}]}
