[2026-06-19T00:31:25.869Z] [connecting] connecting
[2026-06-19T00:31:39.024Z] [building] building
[2026-06-19T00:31:42.539Z] [signing] signing
  meta: {"txHash":"5031d9ab129ad1383aff9647bad57e30d94d497e0d8dc79c748f391feb0f6324"}
[2026-06-19T00:31:44.035Z] [submitting] submitting
  meta: {"txHash":"5031d9ab129ad1383aff9647bad57e30d94d497e0d8dc79c748f391feb0f6324"}
[2026-06-19T00:31:49.301Z] [connecting] connecting
[2026-06-19T00:32:01.891Z] [building] building
[2026-06-19T00:32:05.424Z] [signing] signing
  meta: {"txHash":"537e7a99a2f8949aa1ce8e21a471b7e09f133151b7abad6ac91dba0eae61451c"}
[2026-06-19T00:32:06.918Z] [submitting] submitting
  meta: {"txHash":"537e7a99a2f8949aa1ce8e21a471b7e09f133151b7abad6ac91dba0eae61451c"}
[2026-06-19T00:32:07.223Z] [submitted] submitted
  meta: {"txHash":"537e7a99a2f8949aa1ce8e21a471b7e09f133151b7abad6ac91dba0eae61451c"}
[2026-06-19T00:32:07.235Z] [waiting_confirm] waiting_confirm
  meta: {"txHash":"537e7a99a2f8949aa1ce8e21a471b7e09f133151b7abad6ac91dba0eae61451c"}
[2026-06-19T00:32:22.710Z] [waiting_utxo] waiting_utxo
  meta: {"txHash":"537e7a99a2f8949aa1ce8e21a471b7e09f133151b7abad6ac91dba0eae61451c"}
[2026-06-19T00:32:27.802Z] [writing_state] writing_state
  meta: {"txHash":"537e7a99a2f8949aa1ce8e21a471b7e09f133151b7abad6ac91dba0eae61451c"}
[2026-06-19T00:32:31.307Z] [batched] Intent confirmed inside a batch of 7 intents
  meta: {"cardanoTxHash":"537e7a99a2f8949aa1ce8e21a471b7e09f133151b7abad6ac91dba0eae61451c","batchSize":7,"batchMembers":[{"intentHash":"0x20de7f89ab4e16796e1ad66921302ef3c41afc853177bbbcc3e72ac3fc519b87","symbol":"BTC/USD","pairUnit":"def5c14be6bceefb95769110a0c8c7d5362e58bf8f17b6ee1c1bd9028a3859b168b77160150b13c200392328254c3758f082050fd7ec5c340ac2a497","action":"update"},{"intentHash":"0x45fe1563ea7760ee52d293129b3a26fc2176a9e7c431ba6e0c839cb2d39a5a76","symbol":"LTC/USD","pairUnit":"def5c14be6bceefb95769110a0c8c7d5362e58bf8f17b6ee1c1bd90201f8ca4f564d04963a1ffccbb3f49da8bf09c0373f278d84047413cf09399650","action":"update"},{"intentHash":"0x9b1d786bf801c52cb0f608445c1967a65168e4b3cf737448bdfbcbc9d72a5f7b","symbol":"ARB/USD","pairUnit":"def5c14be6bceefb95769110a0c8c7d5362e58bf8f17b6ee1c1bd902dfafb09cf4921baf2478651f0d7072b3a0df58b6c434443d32511927fa7919fb","action":"update"},{"intentHash":"0x26d6685b6c1d87ea25fc5b0888fefc487709b792da18365155c9bb8b35ae08c7","symbol":"ETH/USD","pairUnit":"def5c14be6bceefb95769110a0c8c7d5362e58bf8f17b6ee1c1bd9023d7739c2406edbe3bb594b8f762cf67a2c889a162f2234dc17841f61d33849f4","action":"update"},{"intentHash":"0xf8ecafbc1d147b72b42fd890f364969c815c30d19bddece0fd7eb71d15db82ca","symbol":"USDC/USD","pairUnit":"def5c14be6bceefb95769110a0c8c7d5362e58bf8f17b6ee1c1bd9020156dbaa55902bb40ff6c461c8b2b59c70ebbe3786e51e5e75a8bc1cbad4c1ac","action":"update"},{"intentHash":"0xbfe9d6e6746126879ca4cde35aace6578b7877bca62d5580885808aedca93366","symbol":"DOGE/USD","pairUnit":"def5c14be6bceefb95769110a0c8c7d5362e58bf8f17b6ee1c1bd90219434a5bb684f659378f19bc8c3748046e646c079e79c10e484e2d29445ee02d","action":"update"},{"intentHash":"0xe508a40510931760967086d1fb455482c1ad28e1d2c2b605f0eae4e92f8c087e","symbol":"SHIB/USD","pairUnit":"def5c14be6bceefb95769110a0c8c7d5362e58bf8f17b6ee1c1bd902406a90956881e5fbe476ff634fd41235fb114c833053daebd4af3b30c0bde839","action":"update"}],"pairUnit":"def5c14be6bceefb95769110a0c8c7d5362e58bf8f17b6ee1c1bd9023d7739c2406edbe3bb594b8f762cf67a2c889a162f2234dc17841f61d33849f4","pairAction":"update"}
[2026-06-19T00:32:31.308Z] [confirm] Cardano batch transaction confirmed
  meta: {"cardanoTxHash":"537e7a99a2f8949aa1ce8e21a471b7e09f133151b7abad6ac91dba0eae61451c","pairUnit":"def5c14be6bceefb95769110a0c8c7d5362e58bf8f17b6ee1c1bd9023d7739c2406edbe3bb594b8f762cf67a2c889a162f2234dc17841f61d33849f4","pairAction":"update","batchSize":7}
