[2026-06-18T17:45:35.750Z] [connecting] connecting
[2026-06-18T17:45:41.225Z] [building] building
[2026-06-18T17:45:44.525Z] [signing] signing
  meta: {"txHash":"bc0949771830667b816b993139450cc35fba2ced8dc7c4d47074859c20fef527"}
[2026-06-18T17:45:45.976Z] [submitting] submitting
  meta: {"txHash":"bc0949771830667b816b993139450cc35fba2ced8dc7c4d47074859c20fef527"}
[2026-06-18T17:45:46.242Z] [submitted] submitted
  meta: {"txHash":"bc0949771830667b816b993139450cc35fba2ced8dc7c4d47074859c20fef527"}
[2026-06-18T17:45:46.242Z] [waiting_confirm] waiting_confirm
  meta: {"txHash":"bc0949771830667b816b993139450cc35fba2ced8dc7c4d47074859c20fef527"}
[2026-06-18T17:46:14.422Z] [waiting_utxo] waiting_utxo
  meta: {"txHash":"bc0949771830667b816b993139450cc35fba2ced8dc7c4d47074859c20fef527"}
[2026-06-18T17:46:19.345Z] [writing_state] writing_state
  meta: {"txHash":"bc0949771830667b816b993139450cc35fba2ced8dc7c4d47074859c20fef527"}
[2026-06-18T17:46:22.688Z] [confirm] Cardano transaction confirmed
  meta: {"cardanoTxHash":"bc0949771830667b816b993139450cc35fba2ced8dc7c4d47074859c20fef527","pairUnit":"def5c14be6bceefb95769110a0c8c7d5362e58bf8f17b6ee1c1bd9025ec9fa6a8337c83985882517e4865a68763912f37490cffe992a26abfd29d315","pairAction":"update","batchSize":1}
[2026-06-18T17:46:22.691Z] [connecting] connecting
[2026-06-18T17:46:31.573Z] [building] building
[2026-06-18T17:46:35.028Z] [signing] signing
  meta: {"txHash":"a1b9969dc6ef603fd480bc67fa3833925458027d4fa5af9b1e38e3508b290bbd"}
[2026-06-18T17:46:36.501Z] [submitting] submitting
  meta: {"txHash":"a1b9969dc6ef603fd480bc67fa3833925458027d4fa5af9b1e38e3508b290bbd"}
[2026-06-18T17:46:36.775Z] [submitted] submitted
  meta: {"txHash":"a1b9969dc6ef603fd480bc67fa3833925458027d4fa5af9b1e38e3508b290bbd"}
[2026-06-18T17:46:36.784Z] [waiting_confirm] waiting_confirm
  meta: {"txHash":"a1b9969dc6ef603fd480bc67fa3833925458027d4fa5af9b1e38e3508b290bbd"}
[2026-06-18T17:47:04.953Z] [waiting_utxo] waiting_utxo
  meta: {"txHash":"a1b9969dc6ef603fd480bc67fa3833925458027d4fa5af9b1e38e3508b290bbd"}
[2026-06-18T17:47:10.424Z] [writing_state] writing_state
  meta: {"txHash":"a1b9969dc6ef603fd480bc67fa3833925458027d4fa5af9b1e38e3508b290bbd"}
[2026-06-18T17:47:13.795Z] [failed] Cardano transaction failed: Intent for USDT/USD superseded on chain; not submitted.
  meta: {"code":"NonMonotonicNonce","remediation":"A newer intent for this pair is already on-chain. The stale intent was discarded; no operator action is needed.","error":"Intent for USDT/USD superseded on chain; not submitted.","batchSize":4,"batchMembers":[{"intentHash":"0xc9da8c3e0b59ab727fb9bd5cd6754fb89a5dba2c7a8fecbba8b0e95d26f3922e","symbol":"BTC/USD","pairUnit":"def5c14be6bceefb95769110a0c8c7d5362e58bf8f17b6ee1c1bd9028a3859b168b77160150b13c200392328254c3758f082050fd7ec5c340ac2a497","action":"update"},{"intentHash":"0x84f3fc8b1175e8dd0a890f25a343272c4b93a6d35d2004eb668f0d8216e0e78d","symbol":"ETH/USD","pairUnit":"def5c14be6bceefb95769110a0c8c7d5362e58bf8f17b6ee1c1bd9023d7739c2406edbe3bb594b8f762cf67a2c889a162f2234dc17841f61d33849f4","action":"update"},{"intentHash":"0x7528ca8772b1bfaa4226898d6656b30984a4b41ed30b0feda3410ef8c69155e0","symbol":"USDC/USD","pairUnit":"def5c14be6bceefb95769110a0c8c7d5362e58bf8f17b6ee1c1bd9020156dbaa55902bb40ff6c461c8b2b59c70ebbe3786e51e5e75a8bc1cbad4c1ac","action":"update"},{"intentHash":"0x8f18b47c7547f9d77634d2edb184dc5d1af3ebbe963a0f010d009cee99427ffa","symbol":"DOGE/USD","pairUnit":"def5c14be6bceefb95769110a0c8c7d5362e58bf8f17b6ee1c1bd90219434a5bb684f659378f19bc8c3748046e646c079e79c10e484e2d29445ee02d","action":"update"}]}
