[2026-06-18T08:50:50.555Z] [enriched] Intent enriched: DOGE/USD @ 84978859143750008
  meta: {"price":"84978859143750008","timestamp":"1781772649","expiry":"1781776249","blockNumber":13524617}
[2026-06-18T08:50:50.555Z] [routed] Intent passed all filters
  meta: {"routerId":"client_test_01_router_a_majors","destinationIndex":0}
[2026-06-18T08:50:50.556Z] [queued] Intent accepted by coalescer
  meta: {"routerId":"client_test_01_router_a_majors","destinationIndex":0,"clientStatePath":"../state/preview_run_20260608-040304/clients/client-test-01.json"}
[2026-06-18T08:50:59.925Z] [connecting] connecting
[2026-06-18T08:51:07.672Z] [building] building
[2026-06-18T08:51:10.134Z] [signing] signing
  meta: {"txHash":"1ce47ebf50efff41aba854af3f672c0dc05a99847594760c2062c380c08cb70a"}
[2026-06-18T08:51:11.089Z] [submitting] submitting
  meta: {"txHash":"1ce47ebf50efff41aba854af3f672c0dc05a99847594760c2062c380c08cb70a"}
[2026-06-18T08:51:11.368Z] [submitted] submitted
  meta: {"txHash":"1ce47ebf50efff41aba854af3f672c0dc05a99847594760c2062c380c08cb70a"}
[2026-06-18T08:51:11.372Z] [waiting_confirm] waiting_confirm
  meta: {"txHash":"1ce47ebf50efff41aba854af3f672c0dc05a99847594760c2062c380c08cb70a"}
[2026-06-18T08:51:57.757Z] [waiting_utxo] waiting_utxo
  meta: {"txHash":"1ce47ebf50efff41aba854af3f672c0dc05a99847594760c2062c380c08cb70a"}
[2026-06-18T08:52:04.816Z] [writing_state] writing_state
  meta: {"txHash":"1ce47ebf50efff41aba854af3f672c0dc05a99847594760c2062c380c08cb70a"}
[2026-06-18T08:52:07.749Z] [confirm] Cardano transaction confirmed
  meta: {"cardanoTxHash":"1ce47ebf50efff41aba854af3f672c0dc05a99847594760c2062c380c08cb70a","pairUnit":"def5c14be6bceefb95769110a0c8c7d5362e58bf8f17b6ee1c1bd90219434a5bb684f659378f19bc8c3748046e646c079e79c10e484e2d29445ee02d","pairAction":"update","batchSize":1}
