[2026-06-18T08:54:58.617Z] [enriched] Intent enriched: BTC/USD @ 64483694037000001683456
  meta: {"price":"64483694037000001683456","timestamp":"1781772897","expiry":"1781776497","blockNumber":13525330}
[2026-06-18T08:54:58.617Z] [routed] Intent passed all filters
  meta: {"routerId":"client_test_02_router_default","destinationIndex":0}
[2026-06-18T08:54:58.618Z] [queued] Intent accepted by coalescer
  meta: {"routerId":"client_test_02_router_default","destinationIndex":0,"clientStatePath":"../state/preview_run_20260608-040304/clients/client-test-02.json"}
[2026-06-18T08:55:13.094Z] [superseded] Superseded by newer intent
  meta: {"supersededByHash":"0xa30c561de892d4b696a798238eb9428d19b11aa95c76da0ceebcbd843fb89552"}
[2026-06-18T08:55:30.086Z] [connecting] connecting
[2026-06-18T08:55:36.494Z] [building] building
[2026-06-18T08:55:39.281Z] [signing] signing
  meta: {"txHash":"5fa23a72474cb61fa4df8b9ee3fd104e517e770276e3b1d1ce9bc43dccd6f7a0"}
[2026-06-18T08:55:40.220Z] [submitting] submitting
  meta: {"txHash":"5fa23a72474cb61fa4df8b9ee3fd104e517e770276e3b1d1ce9bc43dccd6f7a0"}
[2026-06-18T08:55:40.485Z] [submitted] submitted
  meta: {"txHash":"5fa23a72474cb61fa4df8b9ee3fd104e517e770276e3b1d1ce9bc43dccd6f7a0"}
[2026-06-18T08:55:40.490Z] [waiting_confirm] waiting_confirm
  meta: {"txHash":"5fa23a72474cb61fa4df8b9ee3fd104e517e770276e3b1d1ce9bc43dccd6f7a0"}
[2026-06-18T08:55:44.736Z] [waiting_utxo] waiting_utxo
  meta: {"txHash":"5fa23a72474cb61fa4df8b9ee3fd104e517e770276e3b1d1ce9bc43dccd6f7a0"}
[2026-06-18T08:55:54.050Z] [writing_state] writing_state
  meta: {"txHash":"5fa23a72474cb61fa4df8b9ee3fd104e517e770276e3b1d1ce9bc43dccd6f7a0"}
[2026-06-18T08:55:56.953Z] [confirm] Cardano transaction confirmed
  meta: {"cardanoTxHash":"5fa23a72474cb61fa4df8b9ee3fd104e517e770276e3b1d1ce9bc43dccd6f7a0","pairUnit":"def5c14be6bceefb95769110a0c8c7d5362e58bf8f17b6ee1c1bd9028a3859b168b77160150b13c200392328254c3758f082050fd7ec5c340ac2a497","pairAction":"update","batchSize":1}
