[2026-06-18T08:55:14.249Z] [enriched] Intent enriched: ETH/USD @ 1748404486094735540224
  meta: {"price":"1748404486094735540224","timestamp":"1781772912","expiry":"1781776512","blockNumber":13525372}
[2026-06-18T08:55:14.249Z] [routed] Intent passed all filters
  meta: {"routerId":"client_test_01_router_a_majors","destinationIndex":0}
[2026-06-18T08:55:14.250Z] [queued] Intent accepted by coalescer
  meta: {"routerId":"client_test_01_router_a_majors","destinationIndex":0,"clientStatePath":"../state/preview_run_20260608-040304/clients/client-test-01.json"}
[2026-06-18T08:55:30.086Z] [connecting] connecting
[2026-06-18T08:55:36.494Z] [building] building
[2026-06-18T08:55:39.276Z] [signing] signing
  meta: {"txHash":"5fa23a72474cb61fa4df8b9ee3fd104e517e770276e3b1d1ce9bc43dccd6f7a0"}
[2026-06-18T08:55:40.220Z] [submitting] submitting
  meta: {"txHash":"5fa23a72474cb61fa4df8b9ee3fd104e517e770276e3b1d1ce9bc43dccd6f7a0"}
[2026-06-18T08:55:40.480Z] [submitted] submitted
  meta: {"txHash":"5fa23a72474cb61fa4df8b9ee3fd104e517e770276e3b1d1ce9bc43dccd6f7a0"}
[2026-06-18T08:55:40.490Z] [waiting_confirm] waiting_confirm
  meta: {"txHash":"5fa23a72474cb61fa4df8b9ee3fd104e517e770276e3b1d1ce9bc43dccd6f7a0"}
[2026-06-18T08:55:44.736Z] [waiting_utxo] waiting_utxo
  meta: {"txHash":"5fa23a72474cb61fa4df8b9ee3fd104e517e770276e3b1d1ce9bc43dccd6f7a0"}
[2026-06-18T08:55:54.050Z] [writing_state] writing_state
  meta: {"txHash":"5fa23a72474cb61fa4df8b9ee3fd104e517e770276e3b1d1ce9bc43dccd6f7a0"}
[2026-06-18T08:55:56.946Z] [failed] Cardano transaction failed: Intent for ETH/USD superseded on chain; not submitted.
  meta: {"code":"NonMonotonicNonce","remediation":"A newer intent for this pair is already on-chain. The stale intent was discarded; no operator action is needed.","error":"Intent for ETH/USD superseded on chain; not submitted.","batchSize":1,"batchMembers":[{"intentHash":"0xb78ba4870c722017d3c9ef9b56388a98ecdeee0880c9ed29114936cf048a3930","symbol":"BTC/USD","pairUnit":"def5c14be6bceefb95769110a0c8c7d5362e58bf8f17b6ee1c1bd9028a3859b168b77160150b13c200392328254c3758f082050fd7ec5c340ac2a497","action":"update"}]}
