[2026-06-18T09:01:09.787Z] [enriched] Intent enriched: USDC/USD @ 999700810999999936
  meta: {"price":"999700810999999936","timestamp":"1781773268","expiry":"1781776868","blockNumber":13526371}
[2026-06-18T09:01:09.787Z] [routed] Intent passed all filters
  meta: {"routerId":"client_test_01_router_a_majors","destinationIndex":0}
[2026-06-18T09:01:09.788Z] [queued] Intent accepted by coalescer
  meta: {"routerId":"client_test_01_router_a_majors","destinationIndex":0,"clientStatePath":"../state/preview_run_20260608-040304/clients/client-test-01.json"}
[2026-06-18T09:01:22.835Z] [connecting] connecting
[2026-06-18T09:01:31.391Z] [building] building
[2026-06-18T09:01:34.280Z] [signing] signing
  meta: {"txHash":"57c5f9436bf3777b7e0dc1ca9104fbd5ab534cd563ba003f5e549783707431ac"}
[2026-06-18T09:01:35.253Z] [submitting] submitting
  meta: {"txHash":"57c5f9436bf3777b7e0dc1ca9104fbd5ab534cd563ba003f5e549783707431ac"}
[2026-06-18T09:01:35.529Z] [submitted] submitted
  meta: {"txHash":"57c5f9436bf3777b7e0dc1ca9104fbd5ab534cd563ba003f5e549783707431ac"}
[2026-06-18T09:01:35.537Z] [waiting_confirm] waiting_confirm
  meta: {"txHash":"57c5f9436bf3777b7e0dc1ca9104fbd5ab534cd563ba003f5e549783707431ac"}
[2026-06-18T09:01:51.930Z] [waiting_utxo] waiting_utxo
  meta: {"txHash":"57c5f9436bf3777b7e0dc1ca9104fbd5ab534cd563ba003f5e549783707431ac"}
[2026-06-18T09:01:58.926Z] [writing_state] writing_state
  meta: {"txHash":"57c5f9436bf3777b7e0dc1ca9104fbd5ab534cd563ba003f5e549783707431ac"}
[2026-06-18T09:02:01.831Z] [failed] Cardano transaction failed: Intent for USDC/USD superseded on chain; not submitted.
  meta: {"code":"NonMonotonicNonce","remediation":"A newer intent for this pair is already on-chain. The stale intent was discarded; no operator action is needed.","error":"Intent for USDC/USD superseded on chain; not submitted.","batchSize":3,"batchMembers":[{"intentHash":"0x301d43bcbf3a5c6a877324eb3376a3689889d3c2b8a93ecf8b27d2a3c13b75bb","symbol":"ARB/USD","pairUnit":"def5c14be6bceefb95769110a0c8c7d5362e58bf8f17b6ee1c1bd902dfafb09cf4921baf2478651f0d7072b3a0df58b6c434443d32511927fa7919fb","action":"update"},{"intentHash":"0x8770070301a39faed3bc8da610afd7fd38f53ffca402b15f189df2264260e7f9","symbol":"DOGE/USD","pairUnit":"def5c14be6bceefb95769110a0c8c7d5362e58bf8f17b6ee1c1bd90219434a5bb684f659378f19bc8c3748046e646c079e79c10e484e2d29445ee02d","action":"update"},{"intentHash":"0x6b9f14521f3fa7592355651647d125f5e29cdf7239ae42f1277c907b34fcfe34","symbol":"SHIB/USD","pairUnit":"def5c14be6bceefb95769110a0c8c7d5362e58bf8f17b6ee1c1bd902406a90956881e5fbe476ff634fd41235fb114c833053daebd4af3b30c0bde839","action":"update"}]}
