[2026-06-18T08:30:29.369Z] [enriched] Intent enriched: ETH/USD @ 1747426125915200159744
  meta: {"price":"1747426125915200159744","timestamp":"1781771428","expiry":"1781775028","blockNumber":13521155}
[2026-06-18T08:30:29.369Z] [routed] Intent passed all filters
  meta: {"routerId":"client_test_01_router_a_majors","destinationIndex":0}
[2026-06-18T08:30:29.370Z] [queued] Intent accepted by coalescer
  meta: {"routerId":"client_test_01_router_a_majors","destinationIndex":0,"clientStatePath":"../state/preview_run_20260608-040304/clients/client-test-01.json"}
[2026-06-18T08:30:44.694Z] [connecting] connecting
[2026-06-18T08:30:54.399Z] [building] building
[2026-06-18T08:30:57.408Z] [signing] signing
  meta: {"txHash":"eef312d3906e5a54b2ef312aaa29c0b73dc2f3dd2c06371b292d52b99010f78e"}
[2026-06-18T08:30:58.553Z] [submitting] submitting
  meta: {"txHash":"eef312d3906e5a54b2ef312aaa29c0b73dc2f3dd2c06371b292d52b99010f78e"}
[2026-06-18T08:30:58.828Z] [submitted] submitted
  meta: {"txHash":"eef312d3906e5a54b2ef312aaa29c0b73dc2f3dd2c06371b292d52b99010f78e"}
[2026-06-18T08:30:58.847Z] [waiting_confirm] waiting_confirm
  meta: {"txHash":"eef312d3906e5a54b2ef312aaa29c0b73dc2f3dd2c06371b292d52b99010f78e"}
[2026-06-18T08:31:03.097Z] [waiting_utxo] waiting_utxo
  meta: {"txHash":"eef312d3906e5a54b2ef312aaa29c0b73dc2f3dd2c06371b292d52b99010f78e"}
[2026-06-18T08:31:12.642Z] [writing_state] writing_state
  meta: {"txHash":"eef312d3906e5a54b2ef312aaa29c0b73dc2f3dd2c06371b292d52b99010f78e"}
[2026-06-18T08:31:15.525Z] [failed] Cardano transaction failed: Intent for ETH/USD superseded on chain; not submitted.
  meta: {"code":"NonMonotonicNonce","remediation":"A newer intent for this pair is already on-chain. The stale intent was discarded; no operator action is needed.","error":"Intent for ETH/USD superseded on chain; not submitted.","batchSize":2,"batchMembers":[{"intentHash":"0xfef331dfc0dfb57057f3a1625951f3248918299a9c9ccebf984fe9de31488add","symbol":"LTC/USD","pairUnit":"def5c14be6bceefb95769110a0c8c7d5362e58bf8f17b6ee1c1bd90201f8ca4f564d04963a1ffccbb3f49da8bf09c0373f278d84047413cf09399650","action":"update"},{"intentHash":"0x5d14898222e8948e4ff1c736db185b33220c51e232c050a4541a033135c5c06f","symbol":"SHIB/USD","pairUnit":"def5c14be6bceefb95769110a0c8c7d5362e58bf8f17b6ee1c1bd902406a90956881e5fbe476ff634fd41235fb114c833053daebd4af3b30c0bde839","action":"update"}]}
