[2026-06-18T18:24:01.137Z] [enriched] Intent enriched: BTC/USD @ 62578266700647254458368
  meta: {"price":"62578266700647254458368","timestamp":"1781807039","expiry":"1781810639","blockNumber":13619155}
[2026-06-18T18:24:01.137Z] [routed] Intent passed all filters
  meta: {"routerId":"client_test_01_router_a_majors","destinationIndex":0}
[2026-06-18T18:24:01.138Z] [queued] Intent accepted by coalescer
  meta: {"routerId":"client_test_01_router_a_majors","destinationIndex":0,"clientStatePath":"../state/preview_run_20260608-040304/clients/client-test-01.json"}
[2026-06-18T18:24:01.142Z] [enriched] Intent enriched: BTC/USD @ 62578266700647254458368
  meta: {"price":"62578266700647254458368","timestamp":"1781807039","expiry":"1781810639","blockNumber":13619155}
[2026-06-18T18:24:01.142Z] [routed] Intent passed all filters
  meta: {"routerId":"client_test_02_router_default","destinationIndex":0}
[2026-06-18T18:24:01.142Z] [queued] Intent accepted by coalescer
  meta: {"routerId":"client_test_02_router_default","destinationIndex":0,"clientStatePath":"../state/preview_run_20260608-040304/clients/client-test-02.json"}
[2026-06-18T18:24:06.476Z] [connecting] connecting
[2026-06-18T18:24:11.481Z] [connecting] connecting
[2026-06-18T18:24:16.487Z] [connecting] connecting
[2026-06-18T18:24:21.427Z] [connecting] connecting
[2026-06-18T18:24:21.467Z] [failed] Cardano transaction failed: Missing required environment variable: BLOCKFROST_PROJECT_ID_TESTNET. Active CARDANO_NETWORK requires the *_TESTNET variant of every per-network setting.
  meta: {"code":"BuilderError","remediation":"A Cardano tx builder or signing error occurred. Check the feeder logs for the full stack trace.","error":"Missing required environment variable: BLOCKFROST_PROJECT_ID_TESTNET. Active CARDANO_NETWORK requires the *_TESTNET variant of every per-network setting.","batchSize":9,"batchMembers":[{"intentHash":"0xb26ea62e98876c5320331c1155149e3c92d6114b397a003a9992f6a81ce6ffe8","symbol":"XVG/USD","pairUnit":"","action":"update"},{"intentHash":"0x37c977637fcf7bf49a1b75ec3cfb16e2b995dab19d202356da22642277c22d68","symbol":"LTC/USD","pairUnit":"","action":"update"},{"intentHash":"0x2089a614c24fd94c96d27e8628c8cb03110f43f8cae3392cda1be039b7e2ae8d","symbol":"USDT/USD","pairUnit":"","action":"update"},{"intentHash":"0x7f31648b589831aea7b6d4ea18d7c11cfeabc194038d145c30015a9dcac92ed3","symbol":"BTC/USD","pairUnit":"","action":"update"},{"intentHash":"0x9a26221d6bf8bac4d34b37f9d781c04178a21587d516217d5463b8f6e576b97f","symbol":"ETH/USD","pairUnit":"","action":"update"},{"intentHash":"0x8a96fba18ef373e279e26496f13f1c928fcbc3218c72f0cc1173cc2f986f4583","symbol":"USDC/USD","pairUnit":"","action":"update"},{"intentHash":"0x30505de31a70d3be2e983778ff39de774419cd2d3f7ec774001e2c724c758a58","symbol":"DOGE/USD","pairUnit":"","action":"update"},{"intentHash":"0x457db5984cbd2f172c889aca837abe67f6f6decf76ed54022936ee7104076f6b","symbol":"SHIB/USD","pairUnit":"","action":"update"},{"intentHash":"0x33a58ae4cdf588f36eaa12952f1fce13c810f6d485b2b62793e6c96d9082d14e","symbol":"NEIRO/USD","pairUnit":"","action":"update"}]}
[2026-06-18T18:24:31.088Z] [connecting] connecting
[2026-06-18T18:24:36.102Z] [connecting] connecting
[2026-06-18T18:24:41.110Z] [connecting] connecting
[2026-06-18T18:24:46.116Z] [connecting] connecting
[2026-06-18T18:24:46.130Z] [failed] Cardano transaction failed: Missing required environment variable: BLOCKFROST_PROJECT_ID_TESTNET. Active CARDANO_NETWORK requires the *_TESTNET variant of every per-network setting.
  meta: {"code":"BuilderError","remediation":"A Cardano tx builder or signing error occurred. Check the feeder logs for the full stack trace.","error":"Missing required environment variable: BLOCKFROST_PROJECT_ID_TESTNET. Active CARDANO_NETWORK requires the *_TESTNET variant of every per-network setting.","batchSize":1}
