[2026-06-18T08:50:13.987Z] [enriched] Intent enriched: USDT/USD @ 998980000000000000
  meta: {"price":"998980000000000000","timestamp":"1781772612","expiry":"1781776212","blockNumber":13524515}
[2026-06-18T08:50:13.987Z] [routed] Intent passed all filters
  meta: {"routerId":"client_test_01_router_a_majors","destinationIndex":0}
[2026-06-18T08:50:13.988Z] [queued] Intent accepted by coalescer
  meta: {"routerId":"client_test_01_router_a_majors","destinationIndex":0,"clientStatePath":"../state/preview_run_20260608-040304/clients/client-test-01.json"}
[2026-06-18T08:50:59.925Z] [connecting] connecting
[2026-06-18T08:51:07.672Z] [building] building
[2026-06-18T08:51:10.135Z] [signing] signing
  meta: {"txHash":"1ce47ebf50efff41aba854af3f672c0dc05a99847594760c2062c380c08cb70a"}
[2026-06-18T08:51:11.089Z] [submitting] submitting
  meta: {"txHash":"1ce47ebf50efff41aba854af3f672c0dc05a99847594760c2062c380c08cb70a"}
[2026-06-18T08:51:11.372Z] [submitted] submitted
  meta: {"txHash":"1ce47ebf50efff41aba854af3f672c0dc05a99847594760c2062c380c08cb70a"}
[2026-06-18T08:51:11.372Z] [waiting_confirm] waiting_confirm
  meta: {"txHash":"1ce47ebf50efff41aba854af3f672c0dc05a99847594760c2062c380c08cb70a"}
[2026-06-18T08:51:57.757Z] [waiting_utxo] waiting_utxo
  meta: {"txHash":"1ce47ebf50efff41aba854af3f672c0dc05a99847594760c2062c380c08cb70a"}
[2026-06-18T08:52:04.816Z] [writing_state] writing_state
  meta: {"txHash":"1ce47ebf50efff41aba854af3f672c0dc05a99847594760c2062c380c08cb70a"}
[2026-06-18T08:52:07.756Z] [failed] Cardano transaction failed: Intent for USDT/USD superseded on chain; not submitted.
  meta: {"code":"NonMonotonicNonce","remediation":"A newer intent for this pair is already on-chain. The stale intent was discarded; no operator action is needed.","error":"Intent for USDT/USD superseded on chain; not submitted.","batchSize":1,"batchMembers":[{"intentHash":"0x0bd80996f544454fb288b4544c63d2b1633eb1b219883fadbaa87e42c9724673","symbol":"DOGE/USD","pairUnit":"def5c14be6bceefb95769110a0c8c7d5362e58bf8f17b6ee1c1bd90219434a5bb684f659378f19bc8c3748046e646c079e79c10e484e2d29445ee02d","action":"update"}]}
