[2026-06-18T06:11:19.653Z] [enriched] Intent enriched: XVG/USD @ 2572641190000000
  meta: {"price":"2572641190000000","timestamp":"1781763078","expiry":"1781766678","blockNumber":13497464}
[2026-06-18T06:11:19.653Z] [routed] Intent passed all filters
  meta: {"routerId":"client_test_01_router_default","destinationIndex":0}
[2026-06-18T06:11:19.654Z] [queued] Intent accepted by coalescer
  meta: {"routerId":"client_test_01_router_default","destinationIndex":0,"clientStatePath":"../state/preview_run_20260608-040304/clients/client-test-01.json"}
[2026-06-18T06:11:40.535Z] [connecting] connecting
[2026-06-18T06:11:50.776Z] [building] building
[2026-06-18T06:11:53.413Z] [signing] signing
  meta: {"txHash":"71a892d80c7e05c456a7075fe2a7fddab7c49580ccf19a7336705272c72a399b"}
[2026-06-18T06:11:54.360Z] [submitting] submitting
  meta: {"txHash":"71a892d80c7e05c456a7075fe2a7fddab7c49580ccf19a7336705272c72a399b"}
[2026-06-18T06:11:54.623Z] [submitted] submitted
  meta: {"txHash":"71a892d80c7e05c456a7075fe2a7fddab7c49580ccf19a7336705272c72a399b"}
[2026-06-18T06:11:54.635Z] [waiting_confirm] waiting_confirm
  meta: {"txHash":"71a892d80c7e05c456a7075fe2a7fddab7c49580ccf19a7336705272c72a399b"}
[2026-06-18T06:12:11.089Z] [waiting_utxo] waiting_utxo
  meta: {"txHash":"71a892d80c7e05c456a7075fe2a7fddab7c49580ccf19a7336705272c72a399b"}
[2026-06-18T06:12:15.557Z] [writing_state] writing_state
  meta: {"txHash":"71a892d80c7e05c456a7075fe2a7fddab7c49580ccf19a7336705272c72a399b"}
[2026-06-18T06:12:18.424Z] [batched] Intent confirmed inside a batch of 4 intents
  meta: {"cardanoTxHash":"71a892d80c7e05c456a7075fe2a7fddab7c49580ccf19a7336705272c72a399b","batchSize":4,"batchMembers":[{"intentHash":"0x0e801cbf38d1b35e68482590ab648ec2dbdec0a33ddfec3bbab19d3635b86cfd","symbol":"USDT/USD","pairUnit":"def5c14be6bceefb95769110a0c8c7d5362e58bf8f17b6ee1c1bd9025ec9fa6a8337c83985882517e4865a68763912f37490cffe992a26abfd29d315","action":"update"},{"intentHash":"0x28b7c015a5000d3e469555f0ca046d6aecec4408157ebc2ef7a90435ec009026","symbol":"XVG/USD","pairUnit":"def5c14be6bceefb95769110a0c8c7d5362e58bf8f17b6ee1c1bd902e6643031cebf937d080904cd1e6dd3d5aebcac06fc08dc15de991ade67363588","action":"update"},{"intentHash":"0x67ce9534202106bc2e7c90ef1ac2f8c6d7b942922a14c3835b8373df13985f85","symbol":"ARB/USD","pairUnit":"def5c14be6bceefb95769110a0c8c7d5362e58bf8f17b6ee1c1bd902dfafb09cf4921baf2478651f0d7072b3a0df58b6c434443d32511927fa7919fb","action":"update"},{"intentHash":"0x9c1a3139e8c7dc3227daed896188694ff6f001afd0b28afa4b77116518c66ee1","symbol":"LTC/USD","pairUnit":"def5c14be6bceefb95769110a0c8c7d5362e58bf8f17b6ee1c1bd90201f8ca4f564d04963a1ffccbb3f49da8bf09c0373f278d84047413cf09399650","action":"update"}],"pairUnit":"def5c14be6bceefb95769110a0c8c7d5362e58bf8f17b6ee1c1bd902e6643031cebf937d080904cd1e6dd3d5aebcac06fc08dc15de991ade67363588","pairAction":"update"}
[2026-06-18T06:12:18.424Z] [confirm] Cardano batch transaction confirmed
  meta: {"cardanoTxHash":"71a892d80c7e05c456a7075fe2a7fddab7c49580ccf19a7336705272c72a399b","pairUnit":"def5c14be6bceefb95769110a0c8c7d5362e58bf8f17b6ee1c1bd902e6643031cebf937d080904cd1e6dd3d5aebcac06fc08dc15de991ade67363588","pairAction":"update","batchSize":4}
