[2026-06-18T08:32:30.610Z] [enriched] Intent enriched: USDT/USD @ 998925000000000000
  meta: {"price":"998925000000000000","timestamp":"1781771549","expiry":"1781775149","blockNumber":13521493}
[2026-06-18T08:32:30.610Z] [routed] Intent passed all filters
  meta: {"routerId":"client_test_01_router_a_majors","destinationIndex":0}
[2026-06-18T08:32:30.612Z] [queued] Intent accepted by coalescer
  meta: {"routerId":"client_test_01_router_a_majors","destinationIndex":0,"clientStatePath":"../state/preview_run_20260608-040304/clients/client-test-01.json"}
[2026-06-18T08:32:33.381Z] [connecting] connecting
[2026-06-18T08:32:44.006Z] [building] building
[2026-06-18T08:32:46.963Z] [signing] signing
  meta: {"txHash":"ea035d35893b7645e993403d5327181604f33a111ecf9fbc2d40d632976b6c6f"}
[2026-06-18T08:32:47.934Z] [submitting] submitting
  meta: {"txHash":"ea035d35893b7645e993403d5327181604f33a111ecf9fbc2d40d632976b6c6f"}
[2026-06-18T08:32:53.196Z] [connecting] connecting
[2026-06-18T08:33:04.127Z] [building] building
[2026-06-18T08:33:06.810Z] [signing] signing
  meta: {"txHash":"0c8ce442d77fb093fef5f4aaedfe254eb9295dc6d472f89f5c8c656c4f7e24c4"}
[2026-06-18T08:33:07.779Z] [submitting] submitting
  meta: {"txHash":"0c8ce442d77fb093fef5f4aaedfe254eb9295dc6d472f89f5c8c656c4f7e24c4"}
[2026-06-18T08:33:08.084Z] [submitted] submitted
  meta: {"txHash":"0c8ce442d77fb093fef5f4aaedfe254eb9295dc6d472f89f5c8c656c4f7e24c4"}
[2026-06-18T08:33:08.111Z] [waiting_confirm] waiting_confirm
  meta: {"txHash":"0c8ce442d77fb093fef5f4aaedfe254eb9295dc6d472f89f5c8c656c4f7e24c4"}
[2026-06-18T08:34:15.704Z] [waiting_utxo] waiting_utxo
  meta: {"txHash":"0c8ce442d77fb093fef5f4aaedfe254eb9295dc6d472f89f5c8c656c4f7e24c4"}
[2026-06-18T08:34:20.181Z] [writing_state] writing_state
  meta: {"txHash":"0c8ce442d77fb093fef5f4aaedfe254eb9295dc6d472f89f5c8c656c4f7e24c4"}
[2026-06-18T08:34:23.057Z] [batched] Intent confirmed inside a batch of 3 intents
  meta: {"cardanoTxHash":"0c8ce442d77fb093fef5f4aaedfe254eb9295dc6d472f89f5c8c656c4f7e24c4","batchSize":3,"batchMembers":[{"intentHash":"0x471658763341279c15b6f15c1bf6e070d572f893deceddbe13d60cf52dec04dd","symbol":"USDT/USD","pairUnit":"def5c14be6bceefb95769110a0c8c7d5362e58bf8f17b6ee1c1bd9025ec9fa6a8337c83985882517e4865a68763912f37490cffe992a26abfd29d315","action":"update"},{"intentHash":"0xdb8ef182c724b73613568a73646083e931e69e9e5df20cca36a2556df95a1fd9","symbol":"ARB/USD","pairUnit":"def5c14be6bceefb95769110a0c8c7d5362e58bf8f17b6ee1c1bd902dfafb09cf4921baf2478651f0d7072b3a0df58b6c434443d32511927fa7919fb","action":"update"},{"intentHash":"0x5d0bea50e561e55b9a212f0075fbf78bf7760a20dca60c3ac3f9ea25d78cc8e6","symbol":"NEIRO/USD","pairUnit":"def5c14be6bceefb95769110a0c8c7d5362e58bf8f17b6ee1c1bd902a8c0b97b231afaebc42d067a57b139abb4a8631e36c7f81cee6a30173e22b6b2","action":"update"}],"pairUnit":"def5c14be6bceefb95769110a0c8c7d5362e58bf8f17b6ee1c1bd9025ec9fa6a8337c83985882517e4865a68763912f37490cffe992a26abfd29d315","pairAction":"update"}
[2026-06-18T08:34:23.057Z] [confirm] Cardano batch transaction confirmed
  meta: {"cardanoTxHash":"0c8ce442d77fb093fef5f4aaedfe254eb9295dc6d472f89f5c8c656c4f7e24c4","pairUnit":"def5c14be6bceefb95769110a0c8c7d5362e58bf8f17b6ee1c1bd9025ec9fa6a8337c83985882517e4865a68763912f37490cffe992a26abfd29d315","pairAction":"update","batchSize":3}
