[2026-06-18T19:41:28.960Z] [connecting] connecting
[2026-06-18T19:41:37.991Z] [building] building
[2026-06-18T19:41:41.202Z] [signing] signing
  meta: {"txHash":"205a36168feee710f7073427ac51172c566bea7cbbe124e804f0825334aaa1bd"}
[2026-06-18T19:41:42.667Z] [submitting] submitting
  meta: {"txHash":"205a36168feee710f7073427ac51172c566bea7cbbe124e804f0825334aaa1bd"}
[2026-06-18T19:41:47.913Z] [connecting] connecting
[2026-06-18T19:41:56.837Z] [building] building
[2026-06-18T19:41:59.954Z] [signing] signing
  meta: {"txHash":"e7f50a1a47195696bd78e75b7db4f081e02e7215909b08e90cfec63c99e3c170"}
[2026-06-18T19:42:01.414Z] [submitting] submitting
  meta: {"txHash":"e7f50a1a47195696bd78e75b7db4f081e02e7215909b08e90cfec63c99e3c170"}
[2026-06-18T19:42:01.688Z] [submitted] submitted
  meta: {"txHash":"e7f50a1a47195696bd78e75b7db4f081e02e7215909b08e90cfec63c99e3c170"}
[2026-06-18T19:42:01.699Z] [waiting_confirm] waiting_confirm
  meta: {"txHash":"e7f50a1a47195696bd78e75b7db4f081e02e7215909b08e90cfec63c99e3c170"}
[2026-06-18T19:44:08.563Z] [waiting_utxo] waiting_utxo
  meta: {"txHash":"e7f50a1a47195696bd78e75b7db4f081e02e7215909b08e90cfec63c99e3c170"}
[2026-06-18T19:44:16.441Z] [writing_state] writing_state
  meta: {"txHash":"e7f50a1a47195696bd78e75b7db4f081e02e7215909b08e90cfec63c99e3c170"}
[2026-06-18T19:44:19.809Z] [batched] Intent confirmed inside a batch of 4 intents
  meta: {"cardanoTxHash":"e7f50a1a47195696bd78e75b7db4f081e02e7215909b08e90cfec63c99e3c170","batchSize":4,"batchMembers":[{"intentHash":"0xd6e273da6228df3be88561457f0f80f97f63854157168c7bafbc156d63f95818","symbol":"BTC/USD","pairUnit":"def5c14be6bceefb95769110a0c8c7d5362e58bf8f17b6ee1c1bd9028a3859b168b77160150b13c200392328254c3758f082050fd7ec5c340ac2a497","action":"update"},{"intentHash":"0x8e9eb6fe571283489530264966239b4e480f6e72e4c826bd380d6cddf17d28b5","symbol":"ETH/USD","pairUnit":"def5c14be6bceefb95769110a0c8c7d5362e58bf8f17b6ee1c1bd9023d7739c2406edbe3bb594b8f762cf67a2c889a162f2234dc17841f61d33849f4","action":"update"},{"intentHash":"0x2d6b4edf08f015714be0b4247281d401cb8b23d2b99c4d9bd74ef4272d2d9fc4","symbol":"USDC/USD","pairUnit":"def5c14be6bceefb95769110a0c8c7d5362e58bf8f17b6ee1c1bd9020156dbaa55902bb40ff6c461c8b2b59c70ebbe3786e51e5e75a8bc1cbad4c1ac","action":"update"},{"intentHash":"0xb5c8fadbaeb96e3b850f0b65d187eeb1d2c32ad241fbb3b1485a45ddfa2c78f5","symbol":"DOGE/USD","pairUnit":"def5c14be6bceefb95769110a0c8c7d5362e58bf8f17b6ee1c1bd90219434a5bb684f659378f19bc8c3748046e646c079e79c10e484e2d29445ee02d","action":"update"}],"pairUnit":"def5c14be6bceefb95769110a0c8c7d5362e58bf8f17b6ee1c1bd9023d7739c2406edbe3bb594b8f762cf67a2c889a162f2234dc17841f61d33849f4","pairAction":"update"}
[2026-06-18T19:44:19.810Z] [confirm] Cardano batch transaction confirmed
  meta: {"cardanoTxHash":"e7f50a1a47195696bd78e75b7db4f081e02e7215909b08e90cfec63c99e3c170","pairUnit":"def5c14be6bceefb95769110a0c8c7d5362e58bf8f17b6ee1c1bd9023d7739c2406edbe3bb594b8f762cf67a2c889a162f2234dc17841f61d33849f4","pairAction":"update","batchSize":4}
