[2026-06-18T08:30:28.252Z] [enriched] Intent enriched: BTC/USD @ 64418821191877808619520
  meta: {"price":"64418821191877808619520","timestamp":"1781771427","expiry":"1781775027","blockNumber":13521152}
[2026-06-18T08:30:28.252Z] [routed] Intent passed all filters
  meta: {"routerId":"client_test_01_router_a_majors","destinationIndex":0}
[2026-06-18T08:30:28.254Z] [queued] Intent accepted by coalescer
  meta: {"routerId":"client_test_01_router_a_majors","destinationIndex":0,"clientStatePath":"../state/preview_run_20260608-040304/clients/client-test-01.json"}
[2026-06-18T08:30:44.694Z] [connecting] connecting
[2026-06-18T08:30:54.399Z] [building] building
[2026-06-18T08:30:57.406Z] [signing] signing
  meta: {"txHash":"eef312d3906e5a54b2ef312aaa29c0b73dc2f3dd2c06371b292d52b99010f78e"}
[2026-06-18T08:30:58.553Z] [submitting] submitting
  meta: {"txHash":"eef312d3906e5a54b2ef312aaa29c0b73dc2f3dd2c06371b292d52b99010f78e"}
[2026-06-18T08:30:58.823Z] [submitted] submitted
  meta: {"txHash":"eef312d3906e5a54b2ef312aaa29c0b73dc2f3dd2c06371b292d52b99010f78e"}
[2026-06-18T08:30:58.847Z] [waiting_confirm] waiting_confirm
  meta: {"txHash":"eef312d3906e5a54b2ef312aaa29c0b73dc2f3dd2c06371b292d52b99010f78e"}
[2026-06-18T08:31:03.097Z] [waiting_utxo] waiting_utxo
  meta: {"txHash":"eef312d3906e5a54b2ef312aaa29c0b73dc2f3dd2c06371b292d52b99010f78e"}
[2026-06-18T08:31:12.642Z] [writing_state] writing_state
  meta: {"txHash":"eef312d3906e5a54b2ef312aaa29c0b73dc2f3dd2c06371b292d52b99010f78e"}
[2026-06-18T08:31:15.518Z] [failed] Cardano transaction failed: Intent for BTC/USD superseded on chain; not submitted.
  meta: {"code":"NonMonotonicNonce","remediation":"A newer intent for this pair is already on-chain. The stale intent was discarded; no operator action is needed.","error":"Intent for BTC/USD superseded on chain; not submitted.","batchSize":2,"batchMembers":[{"intentHash":"0xfef331dfc0dfb57057f3a1625951f3248918299a9c9ccebf984fe9de31488add","symbol":"LTC/USD","pairUnit":"def5c14be6bceefb95769110a0c8c7d5362e58bf8f17b6ee1c1bd90201f8ca4f564d04963a1ffccbb3f49da8bf09c0373f278d84047413cf09399650","action":"update"},{"intentHash":"0x5d14898222e8948e4ff1c736db185b33220c51e232c050a4541a033135c5c06f","symbol":"SHIB/USD","pairUnit":"def5c14be6bceefb95769110a0c8c7d5362e58bf8f17b6ee1c1bd902406a90956881e5fbe476ff634fd41235fb114c833053daebd4af3b30c0bde839","action":"update"}]}
[2026-06-18T08:31:42.053Z] [superseded] Superseded by newer intent
  meta: {"supersededByHash":"0xeff966cafd143b048282985f04ca2780c18e27b697924cc927d78cafde67739d"}
