[2026-06-18T21:00:41.506Z] [connecting] connecting
[2026-06-18T21:00:41.575Z] [connecting] connecting
[2026-06-18T21:00:47.223Z] [building] building
[2026-06-18T21:00:52.151Z] [signing] signing
  meta: {"txHash":"3cb238a890a8c28af128a8f5e7795008a3de37f1deddb594a32ec4601229b7c1"}
[2026-06-18T21:00:53.626Z] [submitting] submitting
  meta: {"txHash":"3cb238a890a8c28af128a8f5e7795008a3de37f1deddb594a32ec4601229b7c1"}
[2026-06-18T21:00:53.891Z] [submitted] submitted
  meta: {"txHash":"3cb238a890a8c28af128a8f5e7795008a3de37f1deddb594a32ec4601229b7c1"}
[2026-06-18T21:00:53.891Z] [waiting_confirm] waiting_confirm
  meta: {"txHash":"3cb238a890a8c28af128a8f5e7795008a3de37f1deddb594a32ec4601229b7c1"}
[2026-06-18T21:00:54.426Z] [building] building
[2026-06-18T21:01:10.417Z] [signing] signing
  meta: {"txHash":"aaed25847415b4e21b4c7ec06660fc22f8e440f9aaf2e6441998ce0aeca73013"}
[2026-06-18T21:01:12.211Z] [submitting] submitting
  meta: {"txHash":"aaed25847415b4e21b4c7ec06660fc22f8e440f9aaf2e6441998ce0aeca73013"}
[2026-06-18T21:01:14.740Z] [waiting_utxo] waiting_utxo
  meta: {"txHash":"3cb238a890a8c28af128a8f5e7795008a3de37f1deddb594a32ec4601229b7c1"}
[2026-06-18T21:01:17.463Z] [connecting] connecting
[2026-06-18T21:01:19.656Z] [writing_state] writing_state
  meta: {"txHash":"3cb238a890a8c28af128a8f5e7795008a3de37f1deddb594a32ec4601229b7c1"}
[2026-06-18T21:01:23.064Z] [confirm] Cardano transaction confirmed
  meta: {"cardanoTxHash":"3cb238a890a8c28af128a8f5e7795008a3de37f1deddb594a32ec4601229b7c1","pairUnit":"02435906b5bf2ebac57a72d8d5609aa7f642b5e0e4d79666e0b1a2938a3859b168b77160150b13c200392328254c3758f082050fd7ec5c340ac2a497","pairAction":"update","batchSize":1}
[2026-06-18T21:01:23.072Z] [connecting] connecting
[2026-06-18T21:01:28.359Z] [building] building
[2026-06-18T21:01:28.373Z] [failed] Cardano transaction failed: Oracle intent timestamp must be greater than the current on-chain timestamp; intent superseded, not submitted.
  meta: {"code":"NonMonotonicNonce","remediation":"A newer intent for this pair is already on-chain. The stale intent was discarded; no operator action is needed.","error":"Oracle intent timestamp must be greater than the current on-chain timestamp; intent superseded, not submitted.","batchSize":1}
[2026-06-18T21:01:28.485Z] [building] building
[2026-06-18T21:01:45.038Z] [signing] signing
  meta: {"txHash":"44fed160440a5c445252b001cb8aef141160ab4b0cf23ce5ac34e0b375279ca0"}
[2026-06-18T21:01:45.102Z] [superseded] Superseded by newer intent
  meta: {"supersededByHash":"0xdae372a82f2a214c0c0f9aa52c5faed7048d3d6eeb1ffe8a2126976948f77f49"}
[2026-06-18T21:01:46.884Z] [submitting] submitting
  meta: {"txHash":"44fed160440a5c445252b001cb8aef141160ab4b0cf23ce5ac34e0b375279ca0"}
[2026-06-18T21:01:47.159Z] [submitted] submitted
  meta: {"txHash":"44fed160440a5c445252b001cb8aef141160ab4b0cf23ce5ac34e0b375279ca0"}
[2026-06-18T21:01:47.201Z] [waiting_confirm] waiting_confirm
  meta: {"txHash":"44fed160440a5c445252b001cb8aef141160ab4b0cf23ce5ac34e0b375279ca0"}
[2026-06-18T21:02:03.321Z] [waiting_utxo] waiting_utxo
  meta: {"txHash":"44fed160440a5c445252b001cb8aef141160ab4b0cf23ce5ac34e0b375279ca0"}
[2026-06-18T21:02:11.461Z] [writing_state] writing_state
  meta: {"txHash":"44fed160440a5c445252b001cb8aef141160ab4b0cf23ce5ac34e0b375279ca0"}
[2026-06-18T21:02:14.879Z] [batched] Intent confirmed inside a batch of 7 intents
  meta: {"cardanoTxHash":"44fed160440a5c445252b001cb8aef141160ab4b0cf23ce5ac34e0b375279ca0","batchSize":7,"batchMembers":[{"intentHash":"0x23eafdb4dc2986d2dbfe9804fe80c74df19c88440b6b35b333d2763c1e1660df","symbol":"BTC/USD","pairUnit":"def5c14be6bceefb95769110a0c8c7d5362e58bf8f17b6ee1c1bd9028a3859b168b77160150b13c200392328254c3758f082050fd7ec5c340ac2a497","action":"update"},{"intentHash":"0xa702129a01536f81c8201d94623257789c5c376a08fad01cde0a3f176a9e2ab7","symbol":"ETH/USD","pairUnit":"def5c14be6bceefb95769110a0c8c7d5362e58bf8f17b6ee1c1bd9023d7739c2406edbe3bb594b8f762cf67a2c889a162f2234dc17841f61d33849f4","action":"update"},{"intentHash":"0x35ad3c3e2b2be12c80b22f9722b738cab3176f28bf630b1786f41bfd76a0879a","symbol":"USDC/USD","pairUnit":"def5c14be6bceefb95769110a0c8c7d5362e58bf8f17b6ee1c1bd9020156dbaa55902bb40ff6c461c8b2b59c70ebbe3786e51e5e75a8bc1cbad4c1ac","action":"update"},{"intentHash":"0xa695c00b5fa6bf8c48c81f07b096a799b8429c17855d6a07d5b7aca7e7937aa4","symbol":"DOGE/USD","pairUnit":"def5c14be6bceefb95769110a0c8c7d5362e58bf8f17b6ee1c1bd90219434a5bb684f659378f19bc8c3748046e646c079e79c10e484e2d29445ee02d","action":"update"},{"intentHash":"0xad295f0bf8cc7d06f2d6242afee123ccfaa7d2a02e98dd313c246f90ed41ffd1","symbol":"LTC/USD","pairUnit":"def5c14be6bceefb95769110a0c8c7d5362e58bf8f17b6ee1c1bd90201f8ca4f564d04963a1ffccbb3f49da8bf09c0373f278d84047413cf09399650","action":"update"},{"intentHash":"0x8c500f274731623653192653799013be78b309bda54f739541eb9b9998938b93","symbol":"ARB/USD","pairUnit":"def5c14be6bceefb95769110a0c8c7d5362e58bf8f17b6ee1c1bd902dfafb09cf4921baf2478651f0d7072b3a0df58b6c434443d32511927fa7919fb","action":"update"},{"intentHash":"0xd59afc64a85ed692075efb17307dc14d6992532c2f33bd8ea08531b466983494","symbol":"SHIB/USD","pairUnit":"def5c14be6bceefb95769110a0c8c7d5362e58bf8f17b6ee1c1bd902406a90956881e5fbe476ff634fd41235fb114c833053daebd4af3b30c0bde839","action":"update"}],"pairUnit":"def5c14be6bceefb95769110a0c8c7d5362e58bf8f17b6ee1c1bd9028a3859b168b77160150b13c200392328254c3758f082050fd7ec5c340ac2a497","pairAction":"update"}
[2026-06-18T21:02:14.880Z] [confirm] Cardano batch transaction confirmed
  meta: {"cardanoTxHash":"44fed160440a5c445252b001cb8aef141160ab4b0cf23ce5ac34e0b375279ca0","pairUnit":"def5c14be6bceefb95769110a0c8c7d5362e58bf8f17b6ee1c1bd9028a3859b168b77160150b13c200392328254c3758f082050fd7ec5c340ac2a497","pairAction":"update","batchSize":7}
