[2026-06-18T15:49:21.342Z] [enriched] Intent enriched: ARB/USD @ 83924810796708424
  meta: {"price":"83924810796708424","timestamp":"1781797759","expiry":"1781801359","blockNumber":13593867}
[2026-06-18T15:49:21.342Z] [routed] Intent passed all filters
  meta: {"routerId":"client_test_01_router_b_alts","destinationIndex":0}
[2026-06-18T15:49:21.353Z] [queued] Intent accepted by coalescer
  meta: {"routerId":"client_test_01_router_b_alts","destinationIndex":0,"clientStatePath":"../state/preview_run_20260608-040304/clients/client-test-01.json"}
[2026-06-18T15:50:11.581Z] [connecting] connecting
[2026-06-18T15:50:17.312Z] [building] building
[2026-06-18T15:50:20.167Z] [signing] signing
  meta: {"txHash":"1863980fb02084ff1b88c300a56e15f506ad38f2ec3580b003f399874d427029"}
[2026-06-18T15:50:21.159Z] [submitting] submitting
  meta: {"txHash":"1863980fb02084ff1b88c300a56e15f506ad38f2ec3580b003f399874d427029"}
[2026-06-18T15:50:21.429Z] [submitted] submitted
  meta: {"txHash":"1863980fb02084ff1b88c300a56e15f506ad38f2ec3580b003f399874d427029"}
[2026-06-18T15:50:21.435Z] [waiting_confirm] waiting_confirm
  meta: {"txHash":"1863980fb02084ff1b88c300a56e15f506ad38f2ec3580b003f399874d427029"}
[2026-06-18T15:50:52.684Z] [waiting_utxo] waiting_utxo
  meta: {"txHash":"1863980fb02084ff1b88c300a56e15f506ad38f2ec3580b003f399874d427029"}
[2026-06-18T15:50:59.709Z] [writing_state] writing_state
  meta: {"txHash":"1863980fb02084ff1b88c300a56e15f506ad38f2ec3580b003f399874d427029"}
[2026-06-18T15:51:02.646Z] [failed] Cardano transaction failed: Intent for ARB/USD superseded on chain; not submitted.
  meta: {"code":"NonMonotonicNonce","remediation":"A newer intent for this pair is already on-chain. The stale intent was discarded; no operator action is needed.","error":"Intent for ARB/USD superseded on chain; not submitted.","batchSize":1,"batchMembers":[{"intentHash":"0xc699695c4f04cb268c600ec56e758483daf60fa31d508c5864ad36cecd544b07","symbol":"NEIRO/USD","pairUnit":"def5c14be6bceefb95769110a0c8c7d5362e58bf8f17b6ee1c1bd902a8c0b97b231afaebc42d067a57b139abb4a8631e36c7f81cee6a30173e22b6b2","action":"update"}]}
