[2026-06-18T22:30:40.215Z] [connecting] connecting
[2026-06-18T22:30:49.948Z] [building] building
[2026-06-18T22:30:53.259Z] [signing] signing
  meta: {"txHash":"6eb4c2d35a4246bfb71b747d6c7ddc32c9ed32f35dbaabb5b57fb8ab14968ccc"}
[2026-06-18T22:30:54.728Z] [submitting] submitting
  meta: {"txHash":"6eb4c2d35a4246bfb71b747d6c7ddc32c9ed32f35dbaabb5b57fb8ab14968ccc"}
[2026-06-18T22:30:59.972Z] [connecting] connecting
[2026-06-18T22:31:09.612Z] [building] building
[2026-06-18T22:31:12.985Z] [signing] signing
  meta: {"txHash":"92a3587f1d086dcc8b24d01e3ae6a4dfed3bdef4a545e1ae2c471c27511c6bc1"}
[2026-06-18T22:31:14.448Z] [submitting] submitting
  meta: {"txHash":"92a3587f1d086dcc8b24d01e3ae6a4dfed3bdef4a545e1ae2c471c27511c6bc1"}
[2026-06-18T22:31:19.698Z] [connecting] connecting
[2026-06-18T22:31:29.619Z] [building] building
[2026-06-18T22:31:33.044Z] [signing] signing
  meta: {"txHash":"92a3587f1d086dcc8b24d01e3ae6a4dfed3bdef4a545e1ae2c471c27511c6bc1"}
[2026-06-18T22:31:34.483Z] [submitting] submitting
  meta: {"txHash":"92a3587f1d086dcc8b24d01e3ae6a4dfed3bdef4a545e1ae2c471c27511c6bc1"}
[2026-06-18T22:31:39.748Z] [connecting] connecting
[2026-06-18T22:31:40.033Z] [superseded] Superseded by newer intent
  meta: {"supersededByHash":"0x8cb0f51c63a841fc3d78fbe4558af97e6cc9afddc93cc0358fd19c9e8f79e248"}
[2026-06-18T22:31:49.304Z] [building] building
[2026-06-18T22:31:52.610Z] [signing] signing
  meta: {"txHash":"92a3587f1d086dcc8b24d01e3ae6a4dfed3bdef4a545e1ae2c471c27511c6bc1"}
[2026-06-18T22:31:54.073Z] [submitting] submitting
  meta: {"txHash":"92a3587f1d086dcc8b24d01e3ae6a4dfed3bdef4a545e1ae2c471c27511c6bc1"}
[2026-06-18T22:31:54.350Z] [failed] Cardano transaction failed: Error: {"contents":{"contents":{"contents":{"era":"ShelleyBasedEraConway","error":["ConwayUtxowFailure (UtxoFailure (InsufficientCollateral (DeltaCoin (-198218253)) (Coin 2759735)))","ConwayUtxowFailure (UtxoFailure (IncorrectTotalCollateralField (DeltaCoin (-198218253)) (Coin 5000000)))","ConwayUtxowFailure (UtxoFailure NoCollateralInputs)","ConwayUtxowFailure (UtxoFailure (BadInputsUTxO (NonEmptySet (fromList [TxIn (TxId {unTxId = SafeHash \"c3882d18f9cac12080f2b30f93f235fe03505d34c2061bf12caa56e823c38360\"}) (TxIx {unTxIx = 3})]))))","ConwayUtxowFailure (UtxoFailure (ValueNotConservedUTxO Mismatch (RelEQ) {supplied: MaryValue (Coin 9242150000) (MultiAsset (fromList [(PolicyID {policyID = ScriptHash \"def5c14be6bceefb95769110a0c8c7d5362e58bf8f17b6ee1c1bd902\"},fromList [(\"01f8ca4f564d04963a1ffccbb3f49da8bf09c0373f278d84047413cf09399650\",1),(\"3d7739c2406edbe3bb594b8f762cf67a2c889a162f2234dc17841f61d33849f4\",1),(\"5ec9fa6a8337c83985882517e4865a68763912f37490cffe992a26abfd29d315\",1),(\"8a3859b168b77160150b13c200392328254c3758f082050fd7ec5c340ac2a497\",1),(\"dfafb09cf4921baf2478651f0d7072b3a0df58b6c434443d32511927fa7919fb\",1),(\"e6643031cebf937d080904cd1e6dd3d5aebcac06fc08dc15de991ade67363588\",1)]),(PolicyID {policyID = ScriptHash \"e6721fde8af7e40aecbd6f146b0470cc20722e05a61c9230a052900d\"},fromList [(\"4449415f52454345495645525f434c49454e545f41\",1)])])), expected: MaryValue (Coin 9445368253) (MultiAsset (fromList [(PolicyID {policyID = ScriptHash \"def5c14be6bceefb95769110a0c8c7d5362e58bf8f17b6ee1c1bd902\"},fromList [(\"01f8ca4f564d04963a1ffccbb3f49da8bf09c0373f278d84047413cf09399650\",1),(\"3d7739c2406edbe3bb594b8f762cf67a2c889a162f2234dc17841f61d33849f4\",1),(\"5ec9fa6a8337c83985882517e4865a68763912f37490cffe992a26abfd29d315\",1),(\"8a3859b168b77160150b13c200392328254c3758f082050fd7ec5c340ac2a497\",1),(\"dfafb09cf4921baf2478651f0d7072b3a0df58b6c434443d32511927fa7919fb\",1),(\"e6643031cebf937d080904cd1e6dd3d5aebcac06fc08dc15de991ade67363588\",1)]),(PolicyID {policyID = ScriptHash \"e6721fde8af7e40aecbd6f146b0470cc20722e05a61c9230a052900d\"},fromList [(\"4449415f52454345495645525f434c49454e545f41\",1)])]))}))","ConwayUtxowFailure (UtxoFailure (UtxosFailure (CollectErrors (BadTranslation (BabbageContextError (AlonzoContextError (TranslationLogicMissingInput (TxIn (TxId {unTxId = SafeHash \"c3882d18f9cac12080f2b30f93f235fe03505d34c2061bf12caa56e823c38360\"}) (TxIx {unTxIx = 3}))))) :| []))))"],"kind":"ShelleyTxValidationError"},"tag":"TxValidationErrorInCardanoMode"},"tag":"TxCmdTxSubmitValidationError"},"tag":"TxSubmitFail"}
  meta: {"code":"UtxoNotFound","remediation":"A required script UTxO could not be found on-chain. The chain state may need reconciliation — run the feeder's reconcile step.","error":"Error: {\"contents\":{\"contents\":{\"contents\":{\"era\":\"ShelleyBasedEraConway\",\"error\":[\"ConwayUtxowFailure (UtxoFailure (InsufficientCollateral (DeltaCoin (-198218253)) (Coin 2759735)))\",\"ConwayUtxowFailure (UtxoFailure (IncorrectTotalCollateralField (DeltaCoin (-198218253)) (Coin 5000000)))\",\"ConwayUtxowFailure (UtxoFailure NoCollateralInputs)\",\"ConwayUtxowFailure (UtxoFailure (BadInputsUTxO (NonEmptySet (fromList [TxIn (TxId {unTxId = SafeHash \\\"c3882d18f9cac12080f2b30f93f235fe03505d34c2061bf12caa56e823c38360\\\"}) (TxIx {unTxIx = 3})]))))\",\"ConwayUtxowFailure (UtxoFailure (ValueNotConservedUTxO Mismatch (RelEQ) {supplied: MaryValue (Coin 9242150000) (MultiAsset (fromList [(PolicyID {policyID = ScriptHash \\\"def5c14be6bceefb95769110a0c8c7d5362e58bf8f17b6ee1c1bd902\\\"},fromList [(\\\"01f8ca4f564d04963a1ffccbb3f49da8bf09c0373f278d84047413cf09399650\\\",1),(\\\"3d7739c2406edbe3bb594b8f762cf67a2c889a162f2234dc17841f61d33849f4\\\",1),(\\\"5ec9fa6a8337c83985882517e4865a68763912f37490cffe992a26abfd29d315\\\",1),(\\\"8a3859b168b77160150b13c200392328254c3758f082050fd7ec5c340ac2a497\\\",1),(\\\"dfafb09cf4921baf2478651f0d7072b3a0df58b6c434443d32511927fa7919fb\\\",1),(\\\"e6643031cebf937d080904cd1e6dd3d5aebcac06fc08dc15de991ade67363588\\\",1)]),(PolicyID {policyID = ScriptHash \\\"e6721fde8af7e40aecbd6f146b0470cc20722e05a61c9230a052900d\\\"},fromList [(\\\"4449415f52454345495645525f434c49454e545f41\\\",1)])])), expected: MaryValue (Coin 9445368253) (MultiAsset (fromList [(PolicyID {policyID = ScriptHash \\\"def5c14be6bceefb95769110a0c8c7d5362e58bf8f17b6ee1c1bd902\\\"},fromList [(\\\"01f8ca4f564d04963a1ffccbb3f49da8bf09c0373f278d84047413cf09399650\\\",1),(\\\"3d7739c2406edbe3bb594b8f762cf67a2c889a162f2234dc17841f61d33849f4\\\",1),(\\\"5ec9fa6a8337c83985882517e4865a68763912f37490cffe992a26abfd29d315\\\",1),(\\\"8a3859b168b77160150b13c200392328254c3758f082050fd7ec5c340ac2a497\\\",1),(\\\"dfafb09cf4921baf2478651f0d7072b3a0df58b6c434443d32511927fa7919fb\\\",1),(\\\"e6643031cebf937d080904cd1e6dd3d5aebcac06fc08dc15de991ade67363588\\\",1)]),(PolicyID {policyID = ScriptHash \\\"e6721fde8af7e40aecbd6f146b0470cc20722e05a61c9230a052900d\\\"},fromList [(\\\"4449415f52454345495645525f434c49454e545f41\\\",1)])]))}))\",\"ConwayUtxowFailure (UtxoFailure (UtxosFailure (CollectErrors (BadTranslation (BabbageContextError (AlonzoContextError (TranslationLogicMissingInput (TxIn (TxId {unTxId = SafeHash \\\"c3882d18f9cac12080f2b30f93f235fe03505d34c2061bf12caa56e823c38360\\\"}) (TxIx {unTxIx = 3}))))) :| []))))\"],\"kind\":\"ShelleyTxValidationError\"},\"tag\":\"TxValidationErrorInCardanoMode\"},\"tag\":\"TxCmdTxSubmitValidationError\"},\"tag\":\"TxSubmitFail\"}","batchSize":6,"batchMembers":[{"intentHash":"0x54f769d3fe201df578f439fd66fb790d886e33a73e854afe48b40fd78dbcfcb3","symbol":"BTC/USD","pairUnit":"","action":"update"},{"intentHash":"0xbcaf77cb8a254416c98e10bb8642b7b1d276be37b138d55807e94596ce8322a5","symbol":"ETH/USD","pairUnit":"","action":"update"},{"intentHash":"0x97f69dd9f6896a7e94a55784f76c62ab2f1ce93567350e546297f5072989c2df","symbol":"USDT/USD","pairUnit":"","action":"update"},{"intentHash":"0xc8ff8c907edd7e31aabb62c90f90a29879d3ef604fce8c7ccbb7b3819003b15c","symbol":"LTC/USD","pairUnit":"","action":"update"},{"intentHash":"0x3a52c7332a84d8c7a9f992dccb1a6e059140e85116bba2e63ebfd742a7a09738","symbol":"ARB/USD","pairUnit":"","action":"update"},{"intentHash":"0x2f98c59fdc2462b42d66ab8945bdcf2cf8a53542140bc0132ff6eb859085b5a9","symbol":"XVG/USD","pairUnit":"","action":"update"}]}
