[2026-06-18T15:50:18.874Z] [enriched] Intent enriched: NEIRO/USD @ 65521640443853
  meta: {"price":"65521640443853","timestamp":"1781797817","expiry":"1781801417","blockNumber":13594027}
[2026-06-18T15:50:18.874Z] [routed] Intent passed all filters
  meta: {"routerId":"client_test_01_router_b_alts","destinationIndex":0}
[2026-06-18T15:50:18.877Z] [queued] Intent accepted by coalescer
  meta: {"routerId":"client_test_01_router_b_alts","destinationIndex":0,"clientStatePath":"../state/preview_run_20260608-040304/clients/client-test-01.json"}
[2026-06-18T15:51:02.661Z] [connecting] connecting
[2026-06-18T15:51:10.512Z] [building] building
[2026-06-18T15:51:13.206Z] [signing] signing
  meta: {"txHash":"6915b9fe2362459b4b9434144d46f633666eaa2d69265415632c1ab42a85e7e9"}
[2026-06-18T15:51:14.163Z] [submitting] submitting
  meta: {"txHash":"6915b9fe2362459b4b9434144d46f633666eaa2d69265415632c1ab42a85e7e9"}
[2026-06-18T15:51:14.431Z] [submitted] submitted
  meta: {"txHash":"6915b9fe2362459b4b9434144d46f633666eaa2d69265415632c1ab42a85e7e9"}
[2026-06-18T15:51:14.441Z] [waiting_confirm] waiting_confirm
  meta: {"txHash":"6915b9fe2362459b4b9434144d46f633666eaa2d69265415632c1ab42a85e7e9"}
[2026-06-18T15:51:18.682Z] [waiting_utxo] waiting_utxo
  meta: {"txHash":"6915b9fe2362459b4b9434144d46f633666eaa2d69265415632c1ab42a85e7e9"}
[2026-06-18T15:51:25.768Z] [writing_state] writing_state
  meta: {"txHash":"6915b9fe2362459b4b9434144d46f633666eaa2d69265415632c1ab42a85e7e9"}
[2026-06-18T15:51:28.718Z] [failed] Cardano transaction failed: Intent for NEIRO/USD superseded on chain; not submitted.
  meta: {"code":"NonMonotonicNonce","remediation":"A newer intent for this pair is already on-chain. The stale intent was discarded; no operator action is needed.","error":"Intent for NEIRO/USD superseded on chain; not submitted.","batchSize":3,"batchMembers":[{"intentHash":"0x55eb54698a9e6cfa234ad52b6b492eb2cce78af88456d5498e1d791d0d725636","symbol":"USDT/USD","pairUnit":"def5c14be6bceefb95769110a0c8c7d5362e58bf8f17b6ee1c1bd9025ec9fa6a8337c83985882517e4865a68763912f37490cffe992a26abfd29d315","action":"update"},{"intentHash":"0x41568ea053142443ab1bee457bbf5c25cbf0385b9d299fd6cb085d21ee467e93","symbol":"BTC/USD","pairUnit":"def5c14be6bceefb95769110a0c8c7d5362e58bf8f17b6ee1c1bd9028a3859b168b77160150b13c200392328254c3758f082050fd7ec5c340ac2a497","action":"update"},{"intentHash":"0x78115bfeafc90184a588b11c8fe09623fbce7792439c48f9761b403f99b06066","symbol":"ETH/USD","pairUnit":"def5c14be6bceefb95769110a0c8c7d5362e58bf8f17b6ee1c1bd9023d7739c2406edbe3bb594b8f762cf67a2c889a162f2234dc17841f61d33849f4","action":"update"}]}
