[2026-06-19T02:55:44.464Z] [connecting] connecting
[2026-06-19T02:55:53.008Z] [building] building
[2026-06-19T02:55:56.343Z] [signing] signing
  meta: {"txHash":"4132670b5ae2d9933e1f283318180baee84bfb2edfc145be15f289b2d8eb8926"}
[2026-06-19T02:55:57.888Z] [submitting] submitting
  meta: {"txHash":"4132670b5ae2d9933e1f283318180baee84bfb2edfc145be15f289b2d8eb8926"}
[2026-06-19T02:55:58.196Z] [submitted] submitted
  meta: {"txHash":"4132670b5ae2d9933e1f283318180baee84bfb2edfc145be15f289b2d8eb8926"}
[2026-06-19T02:55:58.196Z] [waiting_confirm] waiting_confirm
  meta: {"txHash":"4132670b5ae2d9933e1f283318180baee84bfb2edfc145be15f289b2d8eb8926"}
[2026-06-19T02:56:16.506Z] [waiting_utxo] waiting_utxo
  meta: {"txHash":"4132670b5ae2d9933e1f283318180baee84bfb2edfc145be15f289b2d8eb8926"}
[2026-06-19T02:56:21.619Z] [writing_state] writing_state
  meta: {"txHash":"4132670b5ae2d9933e1f283318180baee84bfb2edfc145be15f289b2d8eb8926"}
[2026-06-19T02:56:25.090Z] [batched] Intent confirmed inside a batch of 4 intents
  meta: {"cardanoTxHash":"4132670b5ae2d9933e1f283318180baee84bfb2edfc145be15f289b2d8eb8926","batchSize":4,"batchMembers":[{"intentHash":"0x63d6f0b62681386dd317894cc773ebda226b643e6787a7c1fda06279592bab16","symbol":"BTC/USD","pairUnit":"def5c14be6bceefb95769110a0c8c7d5362e58bf8f17b6ee1c1bd9028a3859b168b77160150b13c200392328254c3758f082050fd7ec5c340ac2a497","action":"update"},{"intentHash":"0xf9328615b085512f01c66d0f5ba05495ed6af3852cc0869bd1085e464b5054a4","symbol":"ETH/USD","pairUnit":"def5c14be6bceefb95769110a0c8c7d5362e58bf8f17b6ee1c1bd9023d7739c2406edbe3bb594b8f762cf67a2c889a162f2234dc17841f61d33849f4","action":"update"},{"intentHash":"0x1c1eb84e23d3eb5116a53dde03ef2786536bb1d62fb99dc9210c4b36e14c0f7d","symbol":"USDC/USD","pairUnit":"def5c14be6bceefb95769110a0c8c7d5362e58bf8f17b6ee1c1bd9020156dbaa55902bb40ff6c461c8b2b59c70ebbe3786e51e5e75a8bc1cbad4c1ac","action":"update"},{"intentHash":"0x73d49ef2f241097bda05cfb248995a35134e07ac9ef59bd952fad8b6232eb835","symbol":"DOGE/USD","pairUnit":"def5c14be6bceefb95769110a0c8c7d5362e58bf8f17b6ee1c1bd90219434a5bb684f659378f19bc8c3748046e646c079e79c10e484e2d29445ee02d","action":"update"}],"pairUnit":"def5c14be6bceefb95769110a0c8c7d5362e58bf8f17b6ee1c1bd90219434a5bb684f659378f19bc8c3748046e646c079e79c10e484e2d29445ee02d","pairAction":"update"}
[2026-06-19T02:56:25.091Z] [confirm] Cardano batch transaction confirmed
  meta: {"cardanoTxHash":"4132670b5ae2d9933e1f283318180baee84bfb2edfc145be15f289b2d8eb8926","pairUnit":"def5c14be6bceefb95769110a0c8c7d5362e58bf8f17b6ee1c1bd90219434a5bb684f659378f19bc8c3748046e646c079e79c10e484e2d29445ee02d","pairAction":"update","batchSize":4}
[2026-06-19T02:56:25.093Z] [connecting] connecting
[2026-06-19T02:56:32.461Z] [building] building
[2026-06-19T02:56:34.511Z] [signing] signing
  meta: {"txHash":"7d886709b76bce6f720a31146e0abc494ffbe7f083477817dc3ba486525220a8"}
[2026-06-19T02:56:36.005Z] [submitting] submitting
  meta: {"txHash":"7d886709b76bce6f720a31146e0abc494ffbe7f083477817dc3ba486525220a8"}
[2026-06-19T02:56:36.277Z] [submitted] submitted
  meta: {"txHash":"7d886709b76bce6f720a31146e0abc494ffbe7f083477817dc3ba486525220a8"}
[2026-06-19T02:56:36.288Z] [waiting_confirm] waiting_confirm
  meta: {"txHash":"7d886709b76bce6f720a31146e0abc494ffbe7f083477817dc3ba486525220a8"}
[2026-06-19T02:56:55.653Z] [waiting_utxo] waiting_utxo
  meta: {"txHash":"7d886709b76bce6f720a31146e0abc494ffbe7f083477817dc3ba486525220a8"}
[2026-06-19T02:57:03.062Z] [writing_state] writing_state
  meta: {"txHash":"7d886709b76bce6f720a31146e0abc494ffbe7f083477817dc3ba486525220a8"}
[2026-06-19T02:57:06.633Z] [failed] Cardano transaction failed: Intent for DOGE/USD superseded on chain; not submitted.
  meta: {"code":"NonMonotonicNonce","remediation":"A newer intent for this pair is already on-chain. The stale intent was discarded; no operator action is needed.","error":"Intent for DOGE/USD superseded on chain; not submitted.","batchSize":1,"batchMembers":[{"intentHash":"0xfbc32078c26cfe4e9d6d212511d904f418d1c3878b6508dccfd8e123bb743ec7","symbol":"USDT/USD","pairUnit":"def5c14be6bceefb95769110a0c8c7d5362e58bf8f17b6ee1c1bd9025ec9fa6a8337c83985882517e4865a68763912f37490cffe992a26abfd29d315","action":"update"}]}
