[2026-06-18T08:51:02.766Z] [enriched] Intent enriched: DOGE/USD @ 84980186675000016
  meta: {"price":"84980186675000016","timestamp":"1781772661","expiry":"1781776261","blockNumber":13524655}
[2026-06-18T08:51:02.766Z] [routed] Intent passed all filters
  meta: {"routerId":"client_test_01_router_a_majors","destinationIndex":0}
[2026-06-18T08:51:02.767Z] [queued] Intent accepted by coalescer
  meta: {"routerId":"client_test_01_router_a_majors","destinationIndex":0,"clientStatePath":"../state/preview_run_20260608-040304/clients/client-test-01.json"}
[2026-06-18T08:52:07.758Z] [connecting] connecting
[2026-06-18T08:52:13.364Z] [building] building
[2026-06-18T08:52:15.764Z] [signing] signing
  meta: {"txHash":"dddb41b6c0cab5d8b67fdf0adcffb041ba9025a16f953551742d07c6156d25c4"}
[2026-06-18T08:52:16.737Z] [submitting] submitting
  meta: {"txHash":"dddb41b6c0cab5d8b67fdf0adcffb041ba9025a16f953551742d07c6156d25c4"}
[2026-06-18T08:52:16.994Z] [submitted] submitted
  meta: {"txHash":"dddb41b6c0cab5d8b67fdf0adcffb041ba9025a16f953551742d07c6156d25c4"}
[2026-06-18T08:52:17.002Z] [waiting_confirm] waiting_confirm
  meta: {"txHash":"dddb41b6c0cab5d8b67fdf0adcffb041ba9025a16f953551742d07c6156d25c4"}
[2026-06-18T08:52:45.397Z] [waiting_utxo] waiting_utxo
  meta: {"txHash":"dddb41b6c0cab5d8b67fdf0adcffb041ba9025a16f953551742d07c6156d25c4"}
[2026-06-18T08:52:49.806Z] [writing_state] writing_state
  meta: {"txHash":"dddb41b6c0cab5d8b67fdf0adcffb041ba9025a16f953551742d07c6156d25c4"}
[2026-06-18T08:52:52.697Z] [failed] Cardano transaction failed: Intent for DOGE/USD superseded on chain; not submitted.
  meta: {"code":"NonMonotonicNonce","remediation":"A newer intent for this pair is already on-chain. The stale intent was discarded; no operator action is needed.","error":"Intent for DOGE/USD superseded on chain; not submitted.","batchSize":1,"batchMembers":[{"intentHash":"0x7a6f326b694d4e39998d23cd1b33fe9dc88db27a21853b7893693690af62d18c","symbol":"BTC/USD","pairUnit":"def5c14be6bceefb95769110a0c8c7d5362e58bf8f17b6ee1c1bd9028a3859b168b77160150b13c200392328254c3758f082050fd7ec5c340ac2a497","action":"update"}]}
