[2026-06-18T17:41:04.035Z] [enriched] Intent enriched: BTC/USD @ 62504411999053507723264
  meta: {"price":"62504411999053507723264","timestamp":"1781804462","expiry":"1781808062","blockNumber":13612214}
[2026-06-18T17:41:04.035Z] [routed] Intent passed all filters
  meta: {"routerId":"client_test_01_router_a_majors","destinationIndex":0}
[2026-06-18T17:41:04.036Z] [queued] Intent accepted by coalescer
  meta: {"routerId":"client_test_01_router_a_majors","destinationIndex":0,"clientStatePath":"../state/preview_run_20260608-040304/clients/client-test-01.json"}
[2026-06-18T17:41:26.675Z] [connecting] connecting
[2026-06-18T17:41:35.744Z] [building] building
[2026-06-18T17:41:38.666Z] [signing] signing
  meta: {"txHash":"bfd5ea9f4e74eef683ecf2fe56320f37ee4f84cff8dafe5ff24ce1824f9de07a"}
[2026-06-18T17:41:40.135Z] [submitting] submitting
  meta: {"txHash":"bfd5ea9f4e74eef683ecf2fe56320f37ee4f84cff8dafe5ff24ce1824f9de07a"}
[2026-06-18T17:41:40.386Z] [submitted] submitted
  meta: {"txHash":"bfd5ea9f4e74eef683ecf2fe56320f37ee4f84cff8dafe5ff24ce1824f9de07a"}
[2026-06-18T17:41:40.409Z] [waiting_confirm] waiting_confirm
  meta: {"txHash":"bfd5ea9f4e74eef683ecf2fe56320f37ee4f84cff8dafe5ff24ce1824f9de07a"}
[2026-06-18T17:41:59.584Z] [waiting_utxo] waiting_utxo
  meta: {"txHash":"bfd5ea9f4e74eef683ecf2fe56320f37ee4f84cff8dafe5ff24ce1824f9de07a"}
[2026-06-18T17:42:04.552Z] [writing_state] writing_state
  meta: {"txHash":"bfd5ea9f4e74eef683ecf2fe56320f37ee4f84cff8dafe5ff24ce1824f9de07a"}
[2026-06-18T17:42:07.919Z] [failed] Cardano transaction failed: Intent for BTC/USD superseded on chain; not submitted.
  meta: {"code":"NonMonotonicNonce","remediation":"A newer intent for this pair is already on-chain. The stale intent was discarded; no operator action is needed.","error":"Intent for BTC/USD superseded on chain; not submitted.","batchSize":1,"batchMembers":[{"intentHash":"0x72fa301c476e9025a47a164878b2a2e437ab6c64971fa66c9dc2a1d678651dcc","symbol":"USDT/USD","pairUnit":"def5c14be6bceefb95769110a0c8c7d5362e58bf8f17b6ee1c1bd9025ec9fa6a8337c83985882517e4865a68763912f37490cffe992a26abfd29d315","action":"update"}]}
