[2026-06-18T17:04:57.944Z] [enriched] Intent enriched: DOGE/USD @ 82414449382500000
  meta: {"price":"82414449382500000","timestamp":"1781802296","expiry":"1781805896","blockNumber":13606315}
[2026-06-18T17:04:57.944Z] [routed] Intent passed all filters
  meta: {"routerId":"client_test_01_router_a_majors","destinationIndex":0}
[2026-06-18T17:04:57.945Z] [queued] Intent accepted by coalescer
  meta: {"routerId":"client_test_01_router_a_majors","destinationIndex":0,"clientStatePath":"../state/preview_run_20260608-040304/clients/client-test-01.json"}
[2026-06-18T17:05:02.102Z] [connecting] connecting
[2026-06-18T17:05:08.294Z] [building] building
[2026-06-18T17:05:11.280Z] [signing] signing
  meta: {"txHash":"a8b487c9b3c278a875b65c59f3f57085746497eeaac33194be73961949fff08d"}
[2026-06-18T17:05:12.748Z] [submitting] submitting
  meta: {"txHash":"a8b487c9b3c278a875b65c59f3f57085746497eeaac33194be73961949fff08d"}
[2026-06-18T17:05:13.034Z] [submitted] submitted
  meta: {"txHash":"a8b487c9b3c278a875b65c59f3f57085746497eeaac33194be73961949fff08d"}
[2026-06-18T17:05:13.040Z] [waiting_confirm] waiting_confirm
  meta: {"txHash":"a8b487c9b3c278a875b65c59f3f57085746497eeaac33194be73961949fff08d"}
[2026-06-18T17:05:33.704Z] [superseded] Superseded by newer intent
  meta: {"supersededByHash":"0xd41fe83001face3537a1c7a8113e269e506acc2e3679e8bedc7247c5dbd4d18d"}
[2026-06-18T17:05:41.239Z] [waiting_utxo] waiting_utxo
  meta: {"txHash":"a8b487c9b3c278a875b65c59f3f57085746497eeaac33194be73961949fff08d"}
[2026-06-18T17:05:46.768Z] [writing_state] writing_state
  meta: {"txHash":"a8b487c9b3c278a875b65c59f3f57085746497eeaac33194be73961949fff08d"}
[2026-06-18T17:05:50.145Z] [batched] Intent confirmed inside a batch of 2 intents
  meta: {"cardanoTxHash":"a8b487c9b3c278a875b65c59f3f57085746497eeaac33194be73961949fff08d","batchSize":2,"batchMembers":[{"intentHash":"0xcaedab1afa7e0651a4d95a7807a337f018607fcb5498e543882fdc54686c1b88","symbol":"DOGE/USD","pairUnit":"def5c14be6bceefb95769110a0c8c7d5362e58bf8f17b6ee1c1bd90219434a5bb684f659378f19bc8c3748046e646c079e79c10e484e2d29445ee02d","action":"update"},{"intentHash":"0xf0072492938b2a449a9cfac0c216587d8dff4cee63b0819d45693fb386bde744","symbol":"SHIB/USD","pairUnit":"def5c14be6bceefb95769110a0c8c7d5362e58bf8f17b6ee1c1bd902406a90956881e5fbe476ff634fd41235fb114c833053daebd4af3b30c0bde839","action":"update"}],"pairUnit":"def5c14be6bceefb95769110a0c8c7d5362e58bf8f17b6ee1c1bd90219434a5bb684f659378f19bc8c3748046e646c079e79c10e484e2d29445ee02d","pairAction":"update"}
[2026-06-18T17:05:50.145Z] [confirm] Cardano batch transaction confirmed
  meta: {"cardanoTxHash":"a8b487c9b3c278a875b65c59f3f57085746497eeaac33194be73961949fff08d","pairUnit":"def5c14be6bceefb95769110a0c8c7d5362e58bf8f17b6ee1c1bd90219434a5bb684f659378f19bc8c3748046e646c079e79c10e484e2d29445ee02d","pairAction":"update","batchSize":2}
