[2026-06-18T17:40:56.198Z] [enriched] Intent enriched: USDT/USD @ 998760000000000000
  meta: {"price":"998760000000000000","timestamp":"1781804454","expiry":"1781808054","blockNumber":13612191}
[2026-06-18T17:40:56.198Z] [routed] Intent passed all filters
  meta: {"routerId":"client_test_01_router_a_majors","destinationIndex":0}
[2026-06-18T17:40:56.200Z] [queued] Intent accepted by coalescer
  meta: {"routerId":"client_test_01_router_a_majors","destinationIndex":0,"clientStatePath":"../state/preview_run_20260608-040304/clients/client-test-01.json"}
[2026-06-18T17:41:26.676Z] [connecting] connecting
[2026-06-18T17:41:35.745Z] [building] building
[2026-06-18T17:41:38.669Z] [signing] signing
  meta: {"txHash":"bfd5ea9f4e74eef683ecf2fe56320f37ee4f84cff8dafe5ff24ce1824f9de07a"}
[2026-06-18T17:41:40.136Z] [submitting] submitting
  meta: {"txHash":"bfd5ea9f4e74eef683ecf2fe56320f37ee4f84cff8dafe5ff24ce1824f9de07a"}
[2026-06-18T17:41:40.409Z] [submitted] submitted
  meta: {"txHash":"bfd5ea9f4e74eef683ecf2fe56320f37ee4f84cff8dafe5ff24ce1824f9de07a"}
[2026-06-18T17:41:40.410Z] [waiting_confirm] waiting_confirm
  meta: {"txHash":"bfd5ea9f4e74eef683ecf2fe56320f37ee4f84cff8dafe5ff24ce1824f9de07a"}
[2026-06-18T17:41:59.584Z] [waiting_utxo] waiting_utxo
  meta: {"txHash":"bfd5ea9f4e74eef683ecf2fe56320f37ee4f84cff8dafe5ff24ce1824f9de07a"}
[2026-06-18T17:42:04.552Z] [writing_state] writing_state
  meta: {"txHash":"bfd5ea9f4e74eef683ecf2fe56320f37ee4f84cff8dafe5ff24ce1824f9de07a"}
[2026-06-18T17:42:07.946Z] [confirm] Cardano transaction confirmed
  meta: {"cardanoTxHash":"bfd5ea9f4e74eef683ecf2fe56320f37ee4f84cff8dafe5ff24ce1824f9de07a","pairUnit":"def5c14be6bceefb95769110a0c8c7d5362e58bf8f17b6ee1c1bd9025ec9fa6a8337c83985882517e4865a68763912f37490cffe992a26abfd29d315","pairAction":"update","batchSize":1}
