[2026-06-18T08:56:00.454Z] [enriched] Intent enriched: USDT/USD @ 998990000000000000
  meta: {"price":"998990000000000000","timestamp":"1781772959","expiry":"1781776559","blockNumber":13525503}
[2026-06-18T08:56:00.454Z] [routed] Intent passed all filters
  meta: {"routerId":"client_test_01_router_a_majors","destinationIndex":0}
[2026-06-18T08:56:00.455Z] [queued] Intent accepted by coalescer
  meta: {"routerId":"client_test_01_router_a_majors","destinationIndex":0,"clientStatePath":"../state/preview_run_20260608-040304/clients/client-test-01.json"}
[2026-06-18T08:56:30.623Z] [connecting] connecting
[2026-06-18T08:56:36.956Z] [building] building
[2026-06-18T08:56:39.465Z] [signing] signing
  meta: {"txHash":"3a2fa1a01a44b26533f6df6f954a6959e0a6f533d34bfdabb70daab53d922a0c"}
[2026-06-18T08:56:40.428Z] [submitting] submitting
  meta: {"txHash":"3a2fa1a01a44b26533f6df6f954a6959e0a6f533d34bfdabb70daab53d922a0c"}
[2026-06-18T08:56:40.700Z] [submitted] submitted
  meta: {"txHash":"3a2fa1a01a44b26533f6df6f954a6959e0a6f533d34bfdabb70daab53d922a0c"}
[2026-06-18T08:56:40.706Z] [waiting_confirm] waiting_confirm
  meta: {"txHash":"3a2fa1a01a44b26533f6df6f954a6959e0a6f533d34bfdabb70daab53d922a0c"}
[2026-06-18T08:58:12.481Z] [waiting_utxo] waiting_utxo
  meta: {"txHash":"3a2fa1a01a44b26533f6df6f954a6959e0a6f533d34bfdabb70daab53d922a0c"}
[2026-06-18T08:58:14.407Z] [writing_state] writing_state
  meta: {"txHash":"3a2fa1a01a44b26533f6df6f954a6959e0a6f533d34bfdabb70daab53d922a0c"}
[2026-06-18T08:58:17.283Z] [failed] Cardano transaction failed: Intent for USDT/USD superseded on chain; not submitted.
  meta: {"code":"NonMonotonicNonce","remediation":"A newer intent for this pair is already on-chain. The stale intent was discarded; no operator action is needed.","error":"Intent for USDT/USD superseded on chain; not submitted.","batchSize":1,"batchMembers":[{"intentHash":"0xe8cad8fa2f2d78e11c9e2ed4616df2d15b02e95c60376ccd9116565e110debb7","symbol":"ETH/USD","pairUnit":"def5c14be6bceefb95769110a0c8c7d5362e58bf8f17b6ee1c1bd9023d7739c2406edbe3bb594b8f762cf67a2c889a162f2234dc17841f61d33849f4","action":"update"}]}
