[2026-06-19T00:00:48.417Z] [connecting] connecting
[2026-06-19T00:00:59.005Z] [building] building
[2026-06-19T00:01:09.031Z] [signing] signing
  meta: {"txHash":"d20e78c94a4e064172ef98ef156899eb0a383416428bf16a5657eb73c79a4ff1"}
[2026-06-19T00:01:11.164Z] [submitting] submitting
  meta: {"txHash":"d20e78c94a4e064172ef98ef156899eb0a383416428bf16a5657eb73c79a4ff1"}
[2026-06-19T00:01:11.472Z] [submitted] submitted
  meta: {"txHash":"d20e78c94a4e064172ef98ef156899eb0a383416428bf16a5657eb73c79a4ff1"}
[2026-06-19T00:01:11.476Z] [waiting_confirm] waiting_confirm
  meta: {"txHash":"d20e78c94a4e064172ef98ef156899eb0a383416428bf16a5657eb73c79a4ff1"}
[2026-06-19T00:01:50.988Z] [waiting_utxo] waiting_utxo
  meta: {"txHash":"d20e78c94a4e064172ef98ef156899eb0a383416428bf16a5657eb73c79a4ff1"}
[2026-06-19T00:01:52.813Z] [superseded] Superseded by newer intent
  meta: {"supersededByHash":"0x4673b26ca4fc1f82c25247a369cdd52ff0cb7d96ded7795e54996d0340aaa63c"}
[2026-06-19T00:01:56.834Z] [writing_state] writing_state
  meta: {"txHash":"d20e78c94a4e064172ef98ef156899eb0a383416428bf16a5657eb73c79a4ff1"}
[2026-06-19T00:02:00.287Z] [batched] Intent confirmed inside a batch of 4 intents
  meta: {"cardanoTxHash":"d20e78c94a4e064172ef98ef156899eb0a383416428bf16a5657eb73c79a4ff1","batchSize":4,"batchMembers":[{"intentHash":"0x4f525b3f0fcfcdd95352cbf611e4ae2b497a3fb4cfce6d91d31e3075ff57dfe6","symbol":"USDT/USD","pairUnit":"def5c14be6bceefb95769110a0c8c7d5362e58bf8f17b6ee1c1bd9025ec9fa6a8337c83985882517e4865a68763912f37490cffe992a26abfd29d315","action":"update"},{"intentHash":"0x3895fe60cdf1f168264dfbd7115f73241b4acb0ddcbad3262e20c0ead42a113a","symbol":"SHIB/USD","pairUnit":"def5c14be6bceefb95769110a0c8c7d5362e58bf8f17b6ee1c1bd902406a90956881e5fbe476ff634fd41235fb114c833053daebd4af3b30c0bde839","action":"update"},{"intentHash":"0x7359352f1274a775887e7be4749a292b3c9bd6fc6bd3d6764d6e2b48c5a9ca4e","symbol":"NEIRO/USD","pairUnit":"def5c14be6bceefb95769110a0c8c7d5362e58bf8f17b6ee1c1bd902a8c0b97b231afaebc42d067a57b139abb4a8631e36c7f81cee6a30173e22b6b2","action":"update"},{"intentHash":"0x3cbef532a04240bb9be150c8f06790d2def79875123113f25090b339de449959","symbol":"XVG/USD","pairUnit":"def5c14be6bceefb95769110a0c8c7d5362e58bf8f17b6ee1c1bd902e6643031cebf937d080904cd1e6dd3d5aebcac06fc08dc15de991ade67363588","action":"update"}],"pairUnit":"def5c14be6bceefb95769110a0c8c7d5362e58bf8f17b6ee1c1bd902a8c0b97b231afaebc42d067a57b139abb4a8631e36c7f81cee6a30173e22b6b2","pairAction":"update"}
[2026-06-19T00:02:00.289Z] [confirm] Cardano batch transaction confirmed
  meta: {"cardanoTxHash":"d20e78c94a4e064172ef98ef156899eb0a383416428bf16a5657eb73c79a4ff1","pairUnit":"def5c14be6bceefb95769110a0c8c7d5362e58bf8f17b6ee1c1bd902a8c0b97b231afaebc42d067a57b139abb4a8631e36c7f81cee6a30173e22b6b2","pairAction":"update","batchSize":4}
