[2026-06-18T18:30:22.689Z] [enriched] Intent enriched: BTC/USD @ 62592316020678962708480
  meta: {"price":"62592316020678962708480","timestamp":"1781807421","expiry":"1781811021","blockNumber":13620179}
[2026-06-18T18:30:22.689Z] [routed] Intent passed all filters
  meta: {"routerId":"client_test_01_router_a_majors","destinationIndex":0}
[2026-06-18T18:30:22.690Z] [queued] Intent accepted by coalescer
  meta: {"routerId":"client_test_01_router_a_majors","destinationIndex":0,"clientStatePath":"../state/preview_run_20260608-040304/clients/client-test-01.json"}
[2026-06-18T18:30:22.693Z] [enriched] Intent enriched: BTC/USD @ 62592316020678962708480
  meta: {"price":"62592316020678962708480","timestamp":"1781807421","expiry":"1781811021","blockNumber":13620179}
[2026-06-18T18:30:22.693Z] [routed] Intent passed all filters
  meta: {"routerId":"client_test_02_router_default","destinationIndex":0}
[2026-06-18T18:30:22.694Z] [queued] Intent accepted by coalescer
  meta: {"routerId":"client_test_02_router_default","destinationIndex":0,"clientStatePath":"../state/preview_run_20260608-040304/clients/client-test-02.json"}
[2026-06-18T18:30:28.419Z] [connecting] connecting
[2026-06-18T18:30:33.426Z] [connecting] connecting
[2026-06-18T18:30:34.146Z] [connecting] connecting
[2026-06-18T18:30:38.433Z] [connecting] connecting
[2026-06-18T18:30:39.151Z] [connecting] connecting
[2026-06-18T18:30:43.439Z] [connecting] connecting
[2026-06-18T18:30:43.450Z] [failed] Cardano transaction failed: Missing required environment variable: BLOCKFROST_PROJECT_ID_TESTNET. Active CARDANO_NETWORK requires the *_TESTNET variant of every per-network setting.
  meta: {"code":"BuilderError","remediation":"A Cardano tx builder or signing error occurred. Check the feeder logs for the full stack trace.","error":"Missing required environment variable: BLOCKFROST_PROJECT_ID_TESTNET. Active CARDANO_NETWORK requires the *_TESTNET variant of every per-network setting.","batchSize":1}
[2026-06-18T18:30:44.157Z] [connecting] connecting
[2026-06-18T18:30:49.166Z] [connecting] connecting
[2026-06-18T18:30:49.180Z] [failed] Cardano transaction failed: Missing required environment variable: BLOCKFROST_PROJECT_ID_TESTNET. Active CARDANO_NETWORK requires the *_TESTNET variant of every per-network setting.
  meta: {"code":"BuilderError","remediation":"A Cardano tx builder or signing error occurred. Check the feeder logs for the full stack trace.","error":"Missing required environment variable: BLOCKFROST_PROJECT_ID_TESTNET. Active CARDANO_NETWORK requires the *_TESTNET variant of every per-network setting.","batchSize":10,"batchMembers":[{"intentHash":"0x03f266a0f351d05640ea7ce010a433c52c799f72a6872303fc98f4ceac400058","symbol":"BTC/USD","pairUnit":"","action":"update"},{"intentHash":"0x562aa9f9b80ac231c3364e227bb0ca5340845aaad82e177b078d214ec178def7","symbol":"ETH/USD","pairUnit":"","action":"update"},{"intentHash":"0xc61790c84be53142b4a4f008ccee7b3f8010f094284d0f639f9b20c806527296","symbol":"USDC/USD","pairUnit":"","action":"update"},{"intentHash":"0xdc2927617e7304e4a72b271b2ba7e428a61754a35b121057acbce4e3502877d7","symbol":"DOGE/USD","pairUnit":"","action":"update"},{"intentHash":"0xbc0d4ed59bc051d66f495178913b8324d2fabcf56f1742df3de31d403f5ba45e","symbol":"LTC/USD","pairUnit":"","action":"update"},{"intentHash":"0x6df8a7d1d0dac1f5186300bd71e4b6b1bb44cfb893466b5449b2b052a9fa0dd9","symbol":"ARB/USD","pairUnit":"","action":"update"},{"intentHash":"0xa2b735bded29c6eb8c0fc676061ada15a50e2601187ed796c37b9d7fc4879fc4","symbol":"SHIB/USD","pairUnit":"","action":"update"},{"intentHash":"0x651a6b4723acc862b4e7e7f2b61bd65285f876873e6d409812c950b69f09db7a","symbol":"NEIRO/USD","pairUnit":"","action":"update"},{"intentHash":"0xba3a397807b28b75cbe431d4d4bc7b7ab8bd1ed83fce3d6c47ce18d82a2165ae","symbol":"XVG/USD","pairUnit":"","action":"update"},{"intentHash":"0x6c19f33499b6b655f38e7eb9bfd20f37c1c2d8f798f26bc09803b40dbcb154c3","symbol":"USDT/USD","pairUnit":"","action":"update"}]}
