[2026-06-18T22:11:47.683Z] [connecting] connecting
[2026-06-18T22:11:53.474Z] [connecting] connecting
[2026-06-18T22:11:56.458Z] [building] building
[2026-06-18T22:11:58.896Z] [building] building
[2026-06-18T22:11:59.792Z] [signing] signing
  meta: {"txHash":"48bb666a963ddcfce1f2cc4180e73da6ca33c8dda17c603367188dfff3d9aef6"}
[2026-06-18T22:12:01.251Z] [submitting] submitting
  meta: {"txHash":"48bb666a963ddcfce1f2cc4180e73da6ca33c8dda17c603367188dfff3d9aef6"}
[2026-06-18T22:12:01.530Z] [submitted] submitted
  meta: {"txHash":"48bb666a963ddcfce1f2cc4180e73da6ca33c8dda17c603367188dfff3d9aef6"}
[2026-06-18T22:12:01.553Z] [waiting_confirm] waiting_confirm
  meta: {"txHash":"48bb666a963ddcfce1f2cc4180e73da6ca33c8dda17c603367188dfff3d9aef6"}
[2026-06-18T22:12:02.022Z] [signing] signing
  meta: {"txHash":"c503d6808d3d00939559c35634629e2f417847645d47762ab0a944d01e8e2c2f"}
[2026-06-18T22:12:03.499Z] [submitting] submitting
  meta: {"txHash":"c503d6808d3d00939559c35634629e2f417847645d47762ab0a944d01e8e2c2f"}
[2026-06-18T22:12:08.601Z] [connecting] connecting
[2026-06-18T22:12:14.148Z] [building] building
[2026-06-18T22:12:17.385Z] [signing] signing
  meta: {"txHash":"c503d6808d3d00939559c35634629e2f417847645d47762ab0a944d01e8e2c2f"}
[2026-06-18T22:12:17.634Z] [waiting_utxo] waiting_utxo
  meta: {"txHash":"48bb666a963ddcfce1f2cc4180e73da6ca33c8dda17c603367188dfff3d9aef6"}
[2026-06-18T22:12:18.826Z] [submitting] submitting
  meta: {"txHash":"c503d6808d3d00939559c35634629e2f417847645d47762ab0a944d01e8e2c2f"}
[2026-06-18T22:12:22.526Z] [writing_state] writing_state
  meta: {"txHash":"48bb666a963ddcfce1f2cc4180e73da6ca33c8dda17c603367188dfff3d9aef6"}
[2026-06-18T22:12:24.083Z] [connecting] connecting
[2026-06-18T22:12:25.882Z] [batched] Intent confirmed inside a batch of 5 intents
  meta: {"cardanoTxHash":"48bb666a963ddcfce1f2cc4180e73da6ca33c8dda17c603367188dfff3d9aef6","batchSize":5,"batchMembers":[{"intentHash":"0xfae70c8bf5f89f218ba1533c1b6b9ce5a405f5690a62539f2d320f5c42d28931","symbol":"BTC/USD","pairUnit":"def5c14be6bceefb95769110a0c8c7d5362e58bf8f17b6ee1c1bd9028a3859b168b77160150b13c200392328254c3758f082050fd7ec5c340ac2a497","action":"update"},{"intentHash":"0xe5fd7059fc83a0b2512edc08b8ce2ea41ad377b999a92a40578d20c769800b0c","symbol":"ETH/USD","pairUnit":"def5c14be6bceefb95769110a0c8c7d5362e58bf8f17b6ee1c1bd9023d7739c2406edbe3bb594b8f762cf67a2c889a162f2234dc17841f61d33849f4","action":"update"},{"intentHash":"0x838c8f540231858ed0533ac1fa2f284ef224be6cd913302ff31dd5ff7a55cd81","symbol":"USDC/USD","pairUnit":"def5c14be6bceefb95769110a0c8c7d5362e58bf8f17b6ee1c1bd9020156dbaa55902bb40ff6c461c8b2b59c70ebbe3786e51e5e75a8bc1cbad4c1ac","action":"update"},{"intentHash":"0x85cb8f9c6df93a78535a12c3877f359540f86092f88ec77ae4ddf110b06ccd44","symbol":"DOGE/USD","pairUnit":"def5c14be6bceefb95769110a0c8c7d5362e58bf8f17b6ee1c1bd90219434a5bb684f659378f19bc8c3748046e646c079e79c10e484e2d29445ee02d","action":"update"},{"intentHash":"0x6afc07923a8731aec889e8368a8f1573881b7ea6cd12d17f92e970124e437e99","symbol":"USDT/USD","pairUnit":"def5c14be6bceefb95769110a0c8c7d5362e58bf8f17b6ee1c1bd9025ec9fa6a8337c83985882517e4865a68763912f37490cffe992a26abfd29d315","action":"update"}],"pairUnit":"def5c14be6bceefb95769110a0c8c7d5362e58bf8f17b6ee1c1bd9028a3859b168b77160150b13c200392328254c3758f082050fd7ec5c340ac2a497","pairAction":"update"}
[2026-06-18T22:12:25.883Z] [confirm] Cardano batch transaction confirmed
  meta: {"cardanoTxHash":"48bb666a963ddcfce1f2cc4180e73da6ca33c8dda17c603367188dfff3d9aef6","pairUnit":"def5c14be6bceefb95769110a0c8c7d5362e58bf8f17b6ee1c1bd9028a3859b168b77160150b13c200392328254c3758f082050fd7ec5c340ac2a497","pairAction":"update","batchSize":5}
[2026-06-18T22:12:25.920Z] [connecting] connecting
[2026-06-18T22:12:29.500Z] [building] building
[2026-06-18T22:12:32.507Z] [signing] signing
  meta: {"txHash":"c24f99bab7e71dd017c918979da2b8ecbd22a51339cd8f671873898fdb9de9bd"}
[2026-06-18T22:12:33.968Z] [submitting] submitting
  meta: {"txHash":"c24f99bab7e71dd017c918979da2b8ecbd22a51339cd8f671873898fdb9de9bd"}
[2026-06-18T22:12:33.974Z] [building] building
[2026-06-18T22:12:34.217Z] [submitted] submitted
  meta: {"txHash":"c24f99bab7e71dd017c918979da2b8ecbd22a51339cd8f671873898fdb9de9bd"}
[2026-06-18T22:12:34.217Z] [waiting_confirm] waiting_confirm
  meta: {"txHash":"c24f99bab7e71dd017c918979da2b8ecbd22a51339cd8f671873898fdb9de9bd"}
[2026-06-18T22:12:36.835Z] [signing] signing
  meta: {"txHash":"f23d7d07555630a82c83b8fcbe1ae572abe4087208d3357fdfece090f23bf6ac"}
[2026-06-18T22:12:38.290Z] [submitting] submitting
  meta: {"txHash":"f23d7d07555630a82c83b8fcbe1ae572abe4087208d3357fdfece090f23bf6ac"}
[2026-06-18T22:12:43.530Z] [connecting] connecting
[2026-06-18T22:12:47.299Z] [waiting_utxo] waiting_utxo
  meta: {"txHash":"c24f99bab7e71dd017c918979da2b8ecbd22a51339cd8f671873898fdb9de9bd"}
[2026-06-18T22:12:51.484Z] [building] building
[2026-06-18T22:12:52.219Z] [writing_state] writing_state
  meta: {"txHash":"c24f99bab7e71dd017c918979da2b8ecbd22a51339cd8f671873898fdb9de9bd"}
[2026-06-18T22:12:54.599Z] [signing] signing
  meta: {"txHash":"d20543a6c8dd60002751618ad76fcf52e23ff0db2ea092689f6d869a3c3ab0b0"}
[2026-06-18T22:12:55.669Z] [confirm] Cardano transaction confirmed
  meta: {"cardanoTxHash":"c24f99bab7e71dd017c918979da2b8ecbd22a51339cd8f671873898fdb9de9bd","pairUnit":"02435906b5bf2ebac57a72d8d5609aa7f642b5e0e4d79666e0b1a2938a3859b168b77160150b13c200392328254c3758f082050fd7ec5c340ac2a497","pairAction":"update","batchSize":1}
[2026-06-18T22:12:56.065Z] [submitting] submitting
  meta: {"txHash":"d20543a6c8dd60002751618ad76fcf52e23ff0db2ea092689f6d869a3c3ab0b0"}
[2026-06-18T22:12:56.331Z] [submitted] submitted
  meta: {"txHash":"d20543a6c8dd60002751618ad76fcf52e23ff0db2ea092689f6d869a3c3ab0b0"}
[2026-06-18T22:12:56.346Z] [waiting_confirm] waiting_confirm
  meta: {"txHash":"d20543a6c8dd60002751618ad76fcf52e23ff0db2ea092689f6d869a3c3ab0b0"}
[2026-06-18T22:13:15.536Z] [waiting_utxo] waiting_utxo
  meta: {"txHash":"d20543a6c8dd60002751618ad76fcf52e23ff0db2ea092689f6d869a3c3ab0b0"}
[2026-06-18T22:13:20.353Z] [writing_state] writing_state
  meta: {"txHash":"d20543a6c8dd60002751618ad76fcf52e23ff0db2ea092689f6d869a3c3ab0b0"}
[2026-06-18T22:13:23.691Z] [failed] Cardano transaction failed: Intent for BTC/USD superseded on chain; not submitted.
  meta: {"code":"NonMonotonicNonce","remediation":"A newer intent for this pair is already on-chain. The stale intent was discarded; no operator action is needed.","error":"Intent for BTC/USD superseded on chain; not submitted.","batchSize":2,"batchMembers":[{"intentHash":"0xf847fab3818123520e6fe55593e65259c77140e3c36533d75f85ed60e8f1824c","symbol":"USDC/USD","pairUnit":"def5c14be6bceefb95769110a0c8c7d5362e58bf8f17b6ee1c1bd9020156dbaa55902bb40ff6c461c8b2b59c70ebbe3786e51e5e75a8bc1cbad4c1ac","action":"update"},{"intentHash":"0xb7781b657e3fd97cc970839c8435af3c1f1afcf6a48bb763d283586ce05ceea4","symbol":"DOGE/USD","pairUnit":"def5c14be6bceefb95769110a0c8c7d5362e58bf8f17b6ee1c1bd90219434a5bb684f659378f19bc8c3748046e646c079e79c10e484e2d29445ee02d","action":"update"}]}
