[2026-06-18T18:27:12.436Z] [enriched] Intent enriched: BTC/USD @ 62581526086933760966656
  meta: {"price":"62581526086933760966656","timestamp":"1781807230","expiry":"1781810830","blockNumber":13619665}
[2026-06-18T18:27:12.436Z] [routed] Intent passed all filters
  meta: {"routerId":"client_test_01_router_a_majors","destinationIndex":0}
[2026-06-18T18:27:12.437Z] [queued] Intent accepted by coalescer
  meta: {"routerId":"client_test_01_router_a_majors","destinationIndex":0,"clientStatePath":"../state/preview_run_20260608-040304/clients/client-test-01.json"}
[2026-06-18T18:27:12.441Z] [enriched] Intent enriched: BTC/USD @ 62581526086933760966656
  meta: {"price":"62581526086933760966656","timestamp":"1781807230","expiry":"1781810830","blockNumber":13619665}
[2026-06-18T18:27:12.441Z] [routed] Intent passed all filters
  meta: {"routerId":"client_test_02_router_default","destinationIndex":0}
[2026-06-18T18:27:12.442Z] [queued] Intent accepted by coalescer
  meta: {"routerId":"client_test_02_router_default","destinationIndex":0,"clientStatePath":"../state/preview_run_20260608-040304/clients/client-test-02.json"}
[2026-06-18T18:27:23.737Z] [connecting] connecting
[2026-06-18T18:27:28.742Z] [connecting] connecting
[2026-06-18T18:27:33.758Z] [connecting] connecting
[2026-06-18T18:27:34.410Z] [connecting] connecting
[2026-06-18T18:27:38.764Z] [connecting] connecting
[2026-06-18T18:27:38.790Z] [failed] Cardano transaction failed: Missing required environment variable: BLOCKFROST_PROJECT_ID_TESTNET. Active CARDANO_NETWORK requires the *_TESTNET variant of every per-network setting.
  meta: {"code":"BuilderError","remediation":"A Cardano tx builder or signing error occurred. Check the feeder logs for the full stack trace.","error":"Missing required environment variable: BLOCKFROST_PROJECT_ID_TESTNET. Active CARDANO_NETWORK requires the *_TESTNET variant of every per-network setting.","batchSize":10,"batchMembers":[{"intentHash":"0x21cce5d557ed520da4050ae9e81ed94c6b217ed86c94859cc964a887dd331382","symbol":"ARB/USD","pairUnit":"","action":"update"},{"intentHash":"0x4e11e5e7a5a38601c08f10f6f47bca6f81e9d283f32f00479594246479c6e336","symbol":"NEIRO/USD","pairUnit":"","action":"update"},{"intentHash":"0x8e4ec2ba4835ae735921d2aa91932a73787a834a6366f4b5a8f5b4fcf6b9f908","symbol":"BTC/USD","pairUnit":"","action":"update"},{"intentHash":"0x84c20862ddf086b2178dc33f0d4b7d725a2b34a7eb2f5d064db183e1838a057b","symbol":"ETH/USD","pairUnit":"","action":"update"},{"intentHash":"0x9a61279bd23290f33c2df0e26ed14a6115f0a28e5cbd02b449c7bbececf5351c","symbol":"USDC/USD","pairUnit":"","action":"update"},{"intentHash":"0xd2c066520c217a280e44fd4ec94b46355a2eff641c12a423744f117174f8cb78","symbol":"DOGE/USD","pairUnit":"","action":"update"},{"intentHash":"0x501abddfa1e7744fb4063e6041e7e1c3b15f0841e07519826bb3adcbbffb00d0","symbol":"LTC/USD","pairUnit":"","action":"update"},{"intentHash":"0x39d1537d2569be47f783fcc7c40e3480b20b633c943a1fd3c29c6a2261627a5f","symbol":"SHIB/USD","pairUnit":"","action":"update"},{"intentHash":"0xe250b1ebf7faa568e2561837142b815e5303f89618e274925ffafdb7312cb363","symbol":"XVG/USD","pairUnit":"","action":"update"},{"intentHash":"0x9b3625c470e42d3e272159bb5f115f60b437dce05e88628075da6ad76133778f","symbol":"USDT/USD","pairUnit":"","action":"update"}]}
[2026-06-18T18:27:39.419Z] [connecting] connecting
[2026-06-18T18:27:44.425Z] [connecting] connecting
[2026-06-18T18:27:49.431Z] [connecting] connecting
[2026-06-18T18:27:49.443Z] [failed] Cardano transaction failed: Missing required environment variable: BLOCKFROST_PROJECT_ID_TESTNET. Active CARDANO_NETWORK requires the *_TESTNET variant of every per-network setting.
  meta: {"code":"BuilderError","remediation":"A Cardano tx builder or signing error occurred. Check the feeder logs for the full stack trace.","error":"Missing required environment variable: BLOCKFROST_PROJECT_ID_TESTNET. Active CARDANO_NETWORK requires the *_TESTNET variant of every per-network setting.","batchSize":1}
