[2026-06-18T19:00:50.900Z] [connecting] connecting
[2026-06-18T19:01:01.249Z] [building] building
[2026-06-18T19:01:04.895Z] [signing] signing
  meta: {"txHash":"b625ea6a5512ab9d92ec0b587a69c2778d5d2ae8286d32b6ad07b6307471dc5b"}
[2026-06-18T19:01:06.380Z] [submitting] submitting
  meta: {"txHash":"b625ea6a5512ab9d92ec0b587a69c2778d5d2ae8286d32b6ad07b6307471dc5b"}
[2026-06-18T19:01:06.717Z] [submitted] submitted
  meta: {"txHash":"b625ea6a5512ab9d92ec0b587a69c2778d5d2ae8286d32b6ad07b6307471dc5b"}
[2026-06-18T19:01:06.724Z] [waiting_confirm] waiting_confirm
  meta: {"txHash":"b625ea6a5512ab9d92ec0b587a69c2778d5d2ae8286d32b6ad07b6307471dc5b"}
[2026-06-18T19:01:37.876Z] [waiting_utxo] waiting_utxo
  meta: {"txHash":"b625ea6a5512ab9d92ec0b587a69c2778d5d2ae8286d32b6ad07b6307471dc5b"}
[2026-06-18T19:01:45.724Z] [writing_state] writing_state
  meta: {"txHash":"b625ea6a5512ab9d92ec0b587a69c2778d5d2ae8286d32b6ad07b6307471dc5b"}
[2026-06-18T19:01:49.252Z] [batched] Intent confirmed inside a batch of 6 intents
  meta: {"cardanoTxHash":"b625ea6a5512ab9d92ec0b587a69c2778d5d2ae8286d32b6ad07b6307471dc5b","batchSize":6,"batchMembers":[{"intentHash":"0x3f3cdef938cd876e7e63d924cb696cf7b84f1e08c333bcfef5634d264e3b89d9","symbol":"USDC/USD","pairUnit":"def5c14be6bceefb95769110a0c8c7d5362e58bf8f17b6ee1c1bd9020156dbaa55902bb40ff6c461c8b2b59c70ebbe3786e51e5e75a8bc1cbad4c1ac","action":"update"},{"intentHash":"0x702261723419e5d2d5a85a927847fd10ae0a23808abb20c3aff493328feb347c","symbol":"USDT/USD","pairUnit":"def5c14be6bceefb95769110a0c8c7d5362e58bf8f17b6ee1c1bd9025ec9fa6a8337c83985882517e4865a68763912f37490cffe992a26abfd29d315","action":"update"},{"intentHash":"0x69a1ff9028aa56c4a5b2c24aa1a0a3bd2833eb93a20aa3eb8b05cbe4fe5d418e","symbol":"DOGE/USD","pairUnit":"def5c14be6bceefb95769110a0c8c7d5362e58bf8f17b6ee1c1bd90219434a5bb684f659378f19bc8c3748046e646c079e79c10e484e2d29445ee02d","action":"update"},{"intentHash":"0x5ed41e7edeff2b3edc0047f4cd836113704477579202fcc3a9bf59b85813c882","symbol":"SHIB/USD","pairUnit":"def5c14be6bceefb95769110a0c8c7d5362e58bf8f17b6ee1c1bd902406a90956881e5fbe476ff634fd41235fb114c833053daebd4af3b30c0bde839","action":"update"},{"intentHash":"0x9549da0bea29ffb914d1d7a9f1369bd2821b96d4dea2707fde2112f2030264e7","symbol":"NEIRO/USD","pairUnit":"def5c14be6bceefb95769110a0c8c7d5362e58bf8f17b6ee1c1bd902a8c0b97b231afaebc42d067a57b139abb4a8631e36c7f81cee6a30173e22b6b2","action":"update"},{"intentHash":"0xe0c12d6d4c229f0546b027a6a5139cf138f8ecbea23a8960097f9b8d2024c084","symbol":"XVG/USD","pairUnit":"def5c14be6bceefb95769110a0c8c7d5362e58bf8f17b6ee1c1bd902e6643031cebf937d080904cd1e6dd3d5aebcac06fc08dc15de991ade67363588","action":"update"}],"pairUnit":"def5c14be6bceefb95769110a0c8c7d5362e58bf8f17b6ee1c1bd902a8c0b97b231afaebc42d067a57b139abb4a8631e36c7f81cee6a30173e22b6b2","pairAction":"update"}
[2026-06-18T19:01:49.253Z] [confirm] Cardano batch transaction confirmed
  meta: {"cardanoTxHash":"b625ea6a5512ab9d92ec0b587a69c2778d5d2ae8286d32b6ad07b6307471dc5b","pairUnit":"def5c14be6bceefb95769110a0c8c7d5362e58bf8f17b6ee1c1bd902a8c0b97b231afaebc42d067a57b139abb4a8631e36c7f81cee6a30173e22b6b2","pairAction":"update","batchSize":6}
[2026-06-18T19:01:49.267Z] [connecting] connecting
[2026-06-18T19:02:02.939Z] [building] building
[2026-06-18T19:02:06.922Z] [signing] signing
  meta: {"txHash":"7c7cfcc1016ae5753a77824c43c560fdc28f5716a5390caa283396b087990457"}
[2026-06-18T19:02:08.389Z] [submitting] submitting
  meta: {"txHash":"7c7cfcc1016ae5753a77824c43c560fdc28f5716a5390caa283396b087990457"}
[2026-06-18T19:02:13.632Z] [connecting] connecting
[2026-06-18T19:02:27.352Z] [building] building
[2026-06-18T19:02:30.961Z] [signing] signing
  meta: {"txHash":"7c7cfcc1016ae5753a77824c43c560fdc28f5716a5390caa283396b087990457"}
[2026-06-18T19:02:32.466Z] [submitting] submitting
  meta: {"txHash":"7c7cfcc1016ae5753a77824c43c560fdc28f5716a5390caa283396b087990457"}
[2026-06-18T19:02:37.729Z] [connecting] connecting
[2026-06-18T19:02:51.491Z] [building] building
[2026-06-18T19:02:55.425Z] [signing] signing
  meta: {"txHash":"7647ec1c03776e9b2fbb5aca0a683d057ddff252f680d31897211f690fbc0808"}
[2026-06-18T19:02:56.929Z] [submitting] submitting
  meta: {"txHash":"7647ec1c03776e9b2fbb5aca0a683d057ddff252f680d31897211f690fbc0808"}
[2026-06-18T19:02:57.235Z] [submitted] submitted
  meta: {"txHash":"7647ec1c03776e9b2fbb5aca0a683d057ddff252f680d31897211f690fbc0808"}
[2026-06-18T19:02:57.258Z] [waiting_confirm] waiting_confirm
  meta: {"txHash":"7647ec1c03776e9b2fbb5aca0a683d057ddff252f680d31897211f690fbc0808"}
[2026-06-18T19:03:13.636Z] [waiting_utxo] waiting_utxo
  meta: {"txHash":"7647ec1c03776e9b2fbb5aca0a683d057ddff252f680d31897211f690fbc0808"}
[2026-06-18T19:03:18.547Z] [writing_state] writing_state
  meta: {"txHash":"7647ec1c03776e9b2fbb5aca0a683d057ddff252f680d31897211f690fbc0808"}
[2026-06-18T19:03:22.015Z] [failed] Cardano transaction failed: Intent for NEIRO/USD superseded on chain; not submitted.
  meta: {"code":"NonMonotonicNonce","remediation":"A newer intent for this pair is already on-chain. The stale intent was discarded; no operator action is needed.","error":"Intent for NEIRO/USD superseded on chain; not submitted.","batchSize":7,"batchMembers":[{"intentHash":"0x018ab266270abef36c60d3e1e15e4f463b2c30193a75a22a192761402d99544d","symbol":"LTC/USD","pairUnit":"def5c14be6bceefb95769110a0c8c7d5362e58bf8f17b6ee1c1bd90201f8ca4f564d04963a1ffccbb3f49da8bf09c0373f278d84047413cf09399650","action":"update"},{"intentHash":"0x84fe2635a892eba0a56c98fc047cdb9a6e4fec82d291f3ebc1adccaee4702bdc","symbol":"ARB/USD","pairUnit":"def5c14be6bceefb95769110a0c8c7d5362e58bf8f17b6ee1c1bd902dfafb09cf4921baf2478651f0d7072b3a0df58b6c434443d32511927fa7919fb","action":"update"},{"intentHash":"0x1cfa93920c71f9cb4a678c732ef94bf81e8218f93c3970a68d7851c1b5152af7","symbol":"BTC/USD","pairUnit":"def5c14be6bceefb95769110a0c8c7d5362e58bf8f17b6ee1c1bd9028a3859b168b77160150b13c200392328254c3758f082050fd7ec5c340ac2a497","action":"update"},{"intentHash":"0xaface0de63921ee59b7a7eb2f3e007cf9411ca08806a7d3cc02dec3a6626f246","symbol":"ETH/USD","pairUnit":"def5c14be6bceefb95769110a0c8c7d5362e58bf8f17b6ee1c1bd9023d7739c2406edbe3bb594b8f762cf67a2c889a162f2234dc17841f61d33849f4","action":"update"},{"intentHash":"0x0ffbed91a887c78e55f30bcab82663f5f54947cf82dbdc1ed87a5a4f9ed8b8e7","symbol":"USDC/USD","pairUnit":"def5c14be6bceefb95769110a0c8c7d5362e58bf8f17b6ee1c1bd9020156dbaa55902bb40ff6c461c8b2b59c70ebbe3786e51e5e75a8bc1cbad4c1ac","action":"update"},{"intentHash":"0xf5b4f8d85bea7ee4d8f8e9b889c19cc5d709b713725f8a8c132615ba8537ed19","symbol":"DOGE/USD","pairUnit":"def5c14be6bceefb95769110a0c8c7d5362e58bf8f17b6ee1c1bd90219434a5bb684f659378f19bc8c3748046e646c079e79c10e484e2d29445ee02d","action":"update"},{"intentHash":"0x6f0f043242c1f0edcb52e59ae7b85772cae83885f5c5041096f693a4ebd2c1f0","symbol":"SHIB/USD","pairUnit":"def5c14be6bceefb95769110a0c8c7d5362e58bf8f17b6ee1c1bd902406a90956881e5fbe476ff634fd41235fb114c833053daebd4af3b30c0bde839","action":"update"}]}
