[2026-06-18T18:24:44.709Z] [enriched] Intent enriched: ETH/USD @ 1678825671600000204800
  meta: {"price":"1678825671600000204800","timestamp":"1781807083","expiry":"1781810683","blockNumber":13619270}
[2026-06-18T18:24:44.709Z] [routed] Intent passed all filters
  meta: {"routerId":"client_test_01_router_a_majors","destinationIndex":0}
[2026-06-18T18:24:44.710Z] [queued] Intent accepted by coalescer
  meta: {"routerId":"client_test_01_router_a_majors","destinationIndex":0,"clientStatePath":"../state/preview_run_20260608-040304/clients/client-test-01.json"}
[2026-06-18T18:24:51.525Z] [connecting] connecting
[2026-06-18T18:24:56.532Z] [connecting] connecting
[2026-06-18T18:25:01.576Z] [connecting] connecting
[2026-06-18T18:25:06.581Z] [connecting] connecting
[2026-06-18T18:25:06.611Z] [failed] Cardano transaction failed: Missing required environment variable: BLOCKFROST_PROJECT_ID_TESTNET. Active CARDANO_NETWORK requires the *_TESTNET variant of every per-network setting.
  meta: {"code":"BuilderError","remediation":"A Cardano tx builder or signing error occurred. Check the feeder logs for the full stack trace.","error":"Missing required environment variable: BLOCKFROST_PROJECT_ID_TESTNET. Active CARDANO_NETWORK requires the *_TESTNET variant of every per-network setting.","batchSize":5,"batchMembers":[{"intentHash":"0xd036008b3b301c865ae3b75191bff891248f71e7a473599defeeab96f43d71d0","symbol":"NEIRO/USD","pairUnit":"","action":"update"},{"intentHash":"0xa2c391a159f7ccfba7207a3134460549577c9c5f32c6e986172167e114c84c0a","symbol":"LTC/USD","pairUnit":"","action":"update"},{"intentHash":"0xfe34fd8eb905028efd408dbb01661f4966842c19f9a0eb00968e66f3067fe55e","symbol":"BTC/USD","pairUnit":"","action":"update"},{"intentHash":"0x2054febd1ad40234a59b2bed2075a628373f00a8726c59168f36d5320e9b2c8f","symbol":"ETH/USD","pairUnit":"","action":"update"},{"intentHash":"0xd90dacb073c51a8b9bfb4616e3a2efdf28a3d4df11546fb932b0a52e2192c1c4","symbol":"USDC/USD","pairUnit":"","action":"update"}]}
[2026-06-18T18:25:06.621Z] [connecting] connecting
[2026-06-18T18:25:11.625Z] [connecting] connecting
[2026-06-18T18:25:16.632Z] [connecting] connecting
[2026-06-18T18:25:21.565Z] [connecting] connecting
[2026-06-18T18:25:21.599Z] [failed] Cardano transaction failed: Missing required environment variable: BLOCKFROST_PROJECT_ID_TESTNET. Active CARDANO_NETWORK requires the *_TESTNET variant of every per-network setting.
  meta: {"code":"BuilderError","remediation":"A Cardano tx builder or signing error occurred. Check the feeder logs for the full stack trace.","error":"Missing required environment variable: BLOCKFROST_PROJECT_ID_TESTNET. Active CARDANO_NETWORK requires the *_TESTNET variant of every per-network setting.","batchSize":9,"batchMembers":[{"intentHash":"0x3bfd0f35dee81a35bcd7807c7e60a59078b881da02121da739a2415b8134dec1","symbol":"XVG/USD","pairUnit":"","action":"update"},{"intentHash":"0xfc56e022a816af15499115e1f97fdc3223acf23ac75502276148f78ccac83f66","symbol":"DOGE/USD","pairUnit":"","action":"update"},{"intentHash":"0x529f2a13aa74461eb852460cd385528592b8f8070877dde3ba4ad0d05b55d16b","symbol":"USDT/USD","pairUnit":"","action":"update"},{"intentHash":"0x6a72a048dfcdb6ad32fe65c92854fc4faec6eecec7a295aaba37c57d485ec10e","symbol":"SHIB/USD","pairUnit":"","action":"update"},{"intentHash":"0xfe34fd8eb905028efd408dbb01661f4966842c19f9a0eb00968e66f3067fe55e","symbol":"BTC/USD","pairUnit":"","action":"update"},{"intentHash":"0x2054febd1ad40234a59b2bed2075a628373f00a8726c59168f36d5320e9b2c8f","symbol":"ETH/USD","pairUnit":"","action":"update"},{"intentHash":"0xd90dacb073c51a8b9bfb4616e3a2efdf28a3d4df11546fb932b0a52e2192c1c4","symbol":"USDC/USD","pairUnit":"","action":"update"},{"intentHash":"0xa2c391a159f7ccfba7207a3134460549577c9c5f32c6e986172167e114c84c0a","symbol":"LTC/USD","pairUnit":"","action":"update"},{"intentHash":"0x118ec757280b1d9633d82bb9851860244fb50de7528e57ded4fcdb9f2f7ec6d0","symbol":"ARB/USD","pairUnit":"","action":"update"}]}
[2026-06-18T18:25:36.654Z] [connecting] connecting
[2026-06-18T18:25:41.659Z] [connecting] connecting
[2026-06-18T18:25:46.663Z] [connecting] connecting
[2026-06-18T18:25:51.605Z] [connecting] connecting
[2026-06-18T18:25:51.637Z] [failed] Cardano transaction failed: Missing required environment variable: BLOCKFROST_PROJECT_ID_TESTNET. Active CARDANO_NETWORK requires the *_TESTNET variant of every per-network setting.
  meta: {"code":"BuilderError","remediation":"A Cardano tx builder or signing error occurred. Check the feeder logs for the full stack trace.","error":"Missing required environment variable: BLOCKFROST_PROJECT_ID_TESTNET. Active CARDANO_NETWORK requires the *_TESTNET variant of every per-network setting.","batchSize":8,"batchMembers":[{"intentHash":"0xeb06bf929b71a9c00d2df7b3445a2a9341b8552d0c98349e08cd0b41f6c82d12","symbol":"NEIRO/USD","pairUnit":"","action":"update"},{"intentHash":"0x198ed62828d51749091361247ce98ae555958759a6c9db80778e6be289d2c730","symbol":"XVG/USD","pairUnit":"","action":"update"},{"intentHash":"0xfe34fd8eb905028efd408dbb01661f4966842c19f9a0eb00968e66f3067fe55e","symbol":"BTC/USD","pairUnit":"","action":"update"},{"intentHash":"0x2054febd1ad40234a59b2bed2075a628373f00a8726c59168f36d5320e9b2c8f","symbol":"ETH/USD","pairUnit":"","action":"update"},{"intentHash":"0xd90dacb073c51a8b9bfb4616e3a2efdf28a3d4df11546fb932b0a52e2192c1c4","symbol":"USDC/USD","pairUnit":"","action":"update"},{"intentHash":"0xfc56e022a816af15499115e1f97fdc3223acf23ac75502276148f78ccac83f66","symbol":"DOGE/USD","pairUnit":"","action":"update"},{"intentHash":"0xa2c391a159f7ccfba7207a3134460549577c9c5f32c6e986172167e114c84c0a","symbol":"LTC/USD","pairUnit":"","action":"update"},{"intentHash":"0x6a72a048dfcdb6ad32fe65c92854fc4faec6eecec7a295aaba37c57d485ec10e","symbol":"SHIB/USD","pairUnit":"","action":"update"}]}
