[2026-06-18T16:01:38.775Z] [enriched] Intent enriched: USDC/USD @ 999723921625000000
  meta: {"price":"999723921625000000","timestamp":"1781798497","expiry":"1781802097","blockNumber":13595896}
[2026-06-18T16:01:38.775Z] [routed] Intent passed all filters
  meta: {"routerId":"client_test_01_router_a_majors","destinationIndex":0}
[2026-06-18T16:01:38.776Z] [queued] Intent accepted by coalescer
  meta: {"routerId":"client_test_01_router_a_majors","destinationIndex":0,"clientStatePath":"../state/preview_run_20260608-040304/clients/client-test-01.json"}
[2026-06-18T16:01:52.443Z] [connecting] connecting
[2026-06-18T16:02:03.987Z] [building] building
[2026-06-18T16:02:07.360Z] [signing] signing
  meta: {"txHash":"a98f8a53436b6c4030d3255c99cdc6fa67ccec750da1c064e959f71a30c1cd88"}
[2026-06-18T16:02:08.859Z] [submitting] submitting
  meta: {"txHash":"a98f8a53436b6c4030d3255c99cdc6fa67ccec750da1c064e959f71a30c1cd88"}
[2026-06-18T16:02:09.184Z] [submitted] submitted
  meta: {"txHash":"a98f8a53436b6c4030d3255c99cdc6fa67ccec750da1c064e959f71a30c1cd88"}
[2026-06-18T16:02:09.194Z] [waiting_confirm] waiting_confirm
  meta: {"txHash":"a98f8a53436b6c4030d3255c99cdc6fa67ccec750da1c064e959f71a30c1cd88"}
[2026-06-18T16:02:16.364Z] [superseded] Superseded by newer intent
  meta: {"supersededByHash":"0x7fb31ce03e43b49c2279fbdfb90bbef42a06efed7498c592867e4cc3efa0bb60"}
[2026-06-18T16:02:19.437Z] [waiting_utxo] waiting_utxo
  meta: {"txHash":"a98f8a53436b6c4030d3255c99cdc6fa67ccec750da1c064e959f71a30c1cd88"}
[2026-06-18T16:02:27.678Z] [writing_state] writing_state
  meta: {"txHash":"a98f8a53436b6c4030d3255c99cdc6fa67ccec750da1c064e959f71a30c1cd88"}
[2026-06-18T16:02:31.208Z] [batched] Intent confirmed inside a batch of 6 intents
  meta: {"cardanoTxHash":"a98f8a53436b6c4030d3255c99cdc6fa67ccec750da1c064e959f71a30c1cd88","batchSize":6,"batchMembers":[{"intentHash":"0x37bb63cd0adf9536d861b16249b8d8977030ff91e8ab7c3ad51e7f7d14d5c3c9","symbol":"ARB/USD","pairUnit":"def5c14be6bceefb95769110a0c8c7d5362e58bf8f17b6ee1c1bd902dfafb09cf4921baf2478651f0d7072b3a0df58b6c434443d32511927fa7919fb","action":"update"},{"intentHash":"0xee0cb9bc75f1b04c38bad45441cfe5544e46d454a063b19e86355bdffb69e1a7","symbol":"BTC/USD","pairUnit":"def5c14be6bceefb95769110a0c8c7d5362e58bf8f17b6ee1c1bd9028a3859b168b77160150b13c200392328254c3758f082050fd7ec5c340ac2a497","action":"update"},{"intentHash":"0x835952b52e1533a2f68ce128e46916a4f56fab6601c6b1c3206935620d9a27b5","symbol":"ETH/USD","pairUnit":"def5c14be6bceefb95769110a0c8c7d5362e58bf8f17b6ee1c1bd9023d7739c2406edbe3bb594b8f762cf67a2c889a162f2234dc17841f61d33849f4","action":"update"},{"intentHash":"0xd292acdb14b5ed27470592412b95af7ec2378c9b76075255308cf7f4fea24c48","symbol":"USDC/USD","pairUnit":"def5c14be6bceefb95769110a0c8c7d5362e58bf8f17b6ee1c1bd9020156dbaa55902bb40ff6c461c8b2b59c70ebbe3786e51e5e75a8bc1cbad4c1ac","action":"update"},{"intentHash":"0x08680a057d7f29374d1c27f72c73c801b0f2518e70dcacf883264884f8f72ea9","symbol":"DOGE/USD","pairUnit":"def5c14be6bceefb95769110a0c8c7d5362e58bf8f17b6ee1c1bd90219434a5bb684f659378f19bc8c3748046e646c079e79c10e484e2d29445ee02d","action":"update"},{"intentHash":"0x18c8ef001bea6222432e29e91d72c363cd4fd5f186deac3fcdbf3991db992b5d","symbol":"SHIB/USD","pairUnit":"def5c14be6bceefb95769110a0c8c7d5362e58bf8f17b6ee1c1bd902406a90956881e5fbe476ff634fd41235fb114c833053daebd4af3b30c0bde839","action":"update"}],"pairUnit":"def5c14be6bceefb95769110a0c8c7d5362e58bf8f17b6ee1c1bd9020156dbaa55902bb40ff6c461c8b2b59c70ebbe3786e51e5e75a8bc1cbad4c1ac","pairAction":"update"}
[2026-06-18T16:02:31.209Z] [confirm] Cardano batch transaction confirmed
  meta: {"cardanoTxHash":"a98f8a53436b6c4030d3255c99cdc6fa67ccec750da1c064e959f71a30c1cd88","pairUnit":"def5c14be6bceefb95769110a0c8c7d5362e58bf8f17b6ee1c1bd9020156dbaa55902bb40ff6c461c8b2b59c70ebbe3786e51e5e75a8bc1cbad4c1ac","pairAction":"update","batchSize":6}
