[2026-06-18T20:51:13.510Z] [connecting] connecting
[2026-06-18T20:51:19.019Z] [building] building
[2026-06-18T20:51:23.972Z] [signing] signing
  meta: {"txHash":"d779805f8c1e3f3ce2fecfb3223a515ee2552ce75cfd8526bbb465c4c2373722"}
[2026-06-18T20:51:25.468Z] [submitting] submitting
  meta: {"txHash":"d779805f8c1e3f3ce2fecfb3223a515ee2552ce75cfd8526bbb465c4c2373722"}
[2026-06-18T20:51:30.617Z] [connecting] connecting
[2026-06-18T20:51:36.146Z] [building] building
[2026-06-18T20:51:41.370Z] [signing] signing
  meta: {"txHash":"86b2cf95656fe1a030b149d0c92fc21cdd8ba68f1ea399e7c927d85e9a6ae29e"}
[2026-06-18T20:51:42.845Z] [submitting] submitting
  meta: {"txHash":"86b2cf95656fe1a030b149d0c92fc21cdd8ba68f1ea399e7c927d85e9a6ae29e"}
[2026-06-18T20:51:43.113Z] [submitted] submitted
  meta: {"txHash":"86b2cf95656fe1a030b149d0c92fc21cdd8ba68f1ea399e7c927d85e9a6ae29e"}
[2026-06-18T20:51:43.113Z] [waiting_confirm] waiting_confirm
  meta: {"txHash":"86b2cf95656fe1a030b149d0c92fc21cdd8ba68f1ea399e7c927d85e9a6ae29e"}
[2026-06-18T20:51:47.266Z] [connecting] connecting
[2026-06-18T20:51:56.438Z] [building] building
[2026-06-18T20:52:08.533Z] [signing] signing
  meta: {"txHash":"03fedee35286ad45ed08de1ecf7c7f029f32ea503bdbcba3c797085e873da160"}
[2026-06-18T20:52:09.520Z] [superseded] Superseded by newer intent
  meta: {"supersededByHash":"0x04322ff9fa1c29eca935f058e638cb068b6327b05bf6eb0f4c2324087300600e"}
[2026-06-18T20:52:10.211Z] [submitting] submitting
  meta: {"txHash":"03fedee35286ad45ed08de1ecf7c7f029f32ea503bdbcba3c797085e873da160"}
[2026-06-18T20:52:15.466Z] [connecting] connecting
[2026-06-18T20:52:24.574Z] [building] building
[2026-06-18T20:52:24.822Z] [waiting_utxo] waiting_utxo
  meta: {"txHash":"86b2cf95656fe1a030b149d0c92fc21cdd8ba68f1ea399e7c927d85e9a6ae29e"}
[2026-06-18T20:52:36.122Z] [signing] signing
  meta: {"txHash":"8a9f4f17bea6e7673a45bccc14827fdf349273ac61da39a471b02c0e6a7b3685"}
[2026-06-18T20:52:37.253Z] [writing_state] writing_state
  meta: {"txHash":"86b2cf95656fe1a030b149d0c92fc21cdd8ba68f1ea399e7c927d85e9a6ae29e"}
[2026-06-18T20:52:37.759Z] [submitting] submitting
  meta: {"txHash":"8a9f4f17bea6e7673a45bccc14827fdf349273ac61da39a471b02c0e6a7b3685"}
[2026-06-18T20:52:38.030Z] [submitted] submitted
  meta: {"txHash":"8a9f4f17bea6e7673a45bccc14827fdf349273ac61da39a471b02c0e6a7b3685"}
[2026-06-18T20:52:38.057Z] [waiting_confirm] waiting_confirm
  meta: {"txHash":"8a9f4f17bea6e7673a45bccc14827fdf349273ac61da39a471b02c0e6a7b3685"}
[2026-06-18T20:52:40.653Z] [confirm] Cardano transaction confirmed
  meta: {"cardanoTxHash":"86b2cf95656fe1a030b149d0c92fc21cdd8ba68f1ea399e7c927d85e9a6ae29e","pairUnit":"02435906b5bf2ebac57a72d8d5609aa7f642b5e0e4d79666e0b1a2938a3859b168b77160150b13c200392328254c3758f082050fd7ec5c340ac2a497","pairAction":"update","batchSize":1}
[2026-06-18T20:53:09.768Z] [waiting_utxo] waiting_utxo
  meta: {"txHash":"8a9f4f17bea6e7673a45bccc14827fdf349273ac61da39a471b02c0e6a7b3685"}
[2026-06-18T20:53:14.724Z] [writing_state] writing_state
  meta: {"txHash":"8a9f4f17bea6e7673a45bccc14827fdf349273ac61da39a471b02c0e6a7b3685"}
[2026-06-18T20:53:18.096Z] [batched] Intent confirmed inside a batch of 5 intents
  meta: {"cardanoTxHash":"8a9f4f17bea6e7673a45bccc14827fdf349273ac61da39a471b02c0e6a7b3685","batchSize":5,"batchMembers":[{"intentHash":"0x022ef34ace5ccbafc6bf97f6cace55d62e8bddb1f3f57761137fb7d523acf717","symbol":"BTC/USD","pairUnit":"def5c14be6bceefb95769110a0c8c7d5362e58bf8f17b6ee1c1bd9028a3859b168b77160150b13c200392328254c3758f082050fd7ec5c340ac2a497","action":"update"},{"intentHash":"0x32414cb0d1d728cd5ba53a60aa5157df52784ed93fd14b3ba23f034b3936126d","symbol":"ETH/USD","pairUnit":"def5c14be6bceefb95769110a0c8c7d5362e58bf8f17b6ee1c1bd9023d7739c2406edbe3bb594b8f762cf67a2c889a162f2234dc17841f61d33849f4","action":"update"},{"intentHash":"0x1c31c91a602b439a5b329761bd607b210cc856b4698d122c2a68532aaa5602e5","symbol":"USDC/USD","pairUnit":"def5c14be6bceefb95769110a0c8c7d5362e58bf8f17b6ee1c1bd9020156dbaa55902bb40ff6c461c8b2b59c70ebbe3786e51e5e75a8bc1cbad4c1ac","action":"update"},{"intentHash":"0x645bab07ae2627ac2ab87111db883ea316fbb630116da01307dd6011bd55fd8c","symbol":"USDT/USD","pairUnit":"def5c14be6bceefb95769110a0c8c7d5362e58bf8f17b6ee1c1bd9025ec9fa6a8337c83985882517e4865a68763912f37490cffe992a26abfd29d315","action":"update"},{"intentHash":"0x21dc8ab1e52fe2c353de92c67364f289b34505a5e942808f47ba3f810657b90b","symbol":"DOGE/USD","pairUnit":"def5c14be6bceefb95769110a0c8c7d5362e58bf8f17b6ee1c1bd90219434a5bb684f659378f19bc8c3748046e646c079e79c10e484e2d29445ee02d","action":"update"}],"pairUnit":"def5c14be6bceefb95769110a0c8c7d5362e58bf8f17b6ee1c1bd9028a3859b168b77160150b13c200392328254c3758f082050fd7ec5c340ac2a497","pairAction":"update"}
[2026-06-18T20:53:18.098Z] [confirm] Cardano batch transaction confirmed
  meta: {"cardanoTxHash":"8a9f4f17bea6e7673a45bccc14827fdf349273ac61da39a471b02c0e6a7b3685","pairUnit":"def5c14be6bceefb95769110a0c8c7d5362e58bf8f17b6ee1c1bd9028a3859b168b77160150b13c200392328254c3758f082050fd7ec5c340ac2a497","pairAction":"update","batchSize":5}
