[2026-06-19T02:10:39.729Z] [connecting] connecting
[2026-06-19T02:10:47.045Z] [building] building
[2026-06-19T02:10:50.261Z] [signing] signing
  meta: {"txHash":"8309f75aca8c8cca7cfb376ff493508b297ef68dec2532d5055fa6b52d7e54dc"}
[2026-06-19T02:10:51.757Z] [submitting] submitting
  meta: {"txHash":"8309f75aca8c8cca7cfb376ff493508b297ef68dec2532d5055fa6b52d7e54dc"}
[2026-06-19T02:10:57.019Z] [connecting] connecting
[2026-06-19T02:11:03.391Z] [building] building
[2026-06-19T02:11:06.591Z] [signing] signing
  meta: {"txHash":"8309f75aca8c8cca7cfb376ff493508b297ef68dec2532d5055fa6b52d7e54dc"}
[2026-06-19T02:11:08.055Z] [submitting] submitting
  meta: {"txHash":"8309f75aca8c8cca7cfb376ff493508b297ef68dec2532d5055fa6b52d7e54dc"}
[2026-06-19T02:11:13.310Z] [connecting] connecting
[2026-06-19T02:11:20.609Z] [building] building
[2026-06-19T02:11:23.966Z] [signing] signing
  meta: {"txHash":"8309f75aca8c8cca7cfb376ff493508b297ef68dec2532d5055fa6b52d7e54dc"}
[2026-06-19T02:11:25.458Z] [submitting] submitting
  meta: {"txHash":"8309f75aca8c8cca7cfb376ff493508b297ef68dec2532d5055fa6b52d7e54dc"}
[2026-06-19T02:11:30.724Z] [connecting] connecting
[2026-06-19T02:11:37.076Z] [building] building
[2026-06-19T02:11:37.988Z] [superseded] Superseded by newer intent
  meta: {"supersededByHash":"0x3a8e2ae5aed792706b4e5d6e9fea4bbe1c27ea287b934479df62e3a9274f1820"}
[2026-06-19T02:11:40.279Z] [signing] signing
  meta: {"txHash":"8309f75aca8c8cca7cfb376ff493508b297ef68dec2532d5055fa6b52d7e54dc"}
[2026-06-19T02:11:41.756Z] [submitting] submitting
  meta: {"txHash":"8309f75aca8c8cca7cfb376ff493508b297ef68dec2532d5055fa6b52d7e54dc"}
[2026-06-19T02:11:42.040Z] [failed] Cardano transaction failed: Error: {"contents":{"contents":{"contents":{"era":"ShelleyBasedEraConway","error":["ConwayUtxowFailure (UtxoFailure (InsufficientCollateral (DeltaCoin (-118221792)) (Coin 1876604)))","ConwayUtxowFailure (UtxoFailure (IncorrectTotalCollateralField (DeltaCoin (-118221792)) (Coin 5000000)))","ConwayUtxowFailure (UtxoFailure NoCollateralInputs)","ConwayUtxowFailure (UtxoFailure (BadInputsUTxO (NonEmptySet (fromList [TxIn (TxId {unTxId = SafeHash \"bb9e56a1c9ba08b346c890c480ef5b8252fef018794e0aa6dd34dbba74e2619d\"}) (TxIx {unTxIx = 2})]))))","ConwayUtxowFailure (UtxoFailure (ValueNotConservedUTxO Mismatch (RelEQ) {supplied: MaryValue (Coin 9068950000) (MultiAsset (fromList [(PolicyID {policyID = ScriptHash \"def5c14be6bceefb95769110a0c8c7d5362e58bf8f17b6ee1c1bd902\"},fromList [(\"0156dbaa55902bb40ff6c461c8b2b59c70ebbe3786e51e5e75a8bc1cbad4c1ac\",1),(\"3d7739c2406edbe3bb594b8f762cf67a2c889a162f2234dc17841f61d33849f4\",1),(\"8a3859b168b77160150b13c200392328254c3758f082050fd7ec5c340ac2a497\",1)]),(PolicyID {policyID = ScriptHash \"e6721fde8af7e40aecbd6f146b0470cc20722e05a61c9230a052900d\"},fromList [(\"4449415f52454345495645525f434c49454e545f41\",1)])])), expected: MaryValue (Coin 9192171792) (MultiAsset (fromList [(PolicyID {policyID = ScriptHash \"def5c14be6bceefb95769110a0c8c7d5362e58bf8f17b6ee1c1bd902\"},fromList [(\"0156dbaa55902bb40ff6c461c8b2b59c70ebbe3786e51e5e75a8bc1cbad4c1ac\",1),(\"3d7739c2406edbe3bb594b8f762cf67a2c889a162f2234dc17841f61d33849f4\",1),(\"8a3859b168b77160150b13c200392328254c3758f082050fd7ec5c340ac2a497\",1)]),(PolicyID {policyID = ScriptHash \"e6721fde8af7e40aecbd6f146b0470cc20722e05a61c9230a052900d\"},fromList [(\"4449415f52454345495645525f434c49454e545f41\",1)])]))}))","ConwayUtxowFailure (UtxoFailure (UtxosFailure (CollectErrors (BadTranslation (BabbageContextError (AlonzoContextError (TranslationLogicMissingInput (TxIn (TxId {unTxId = SafeHash \"bb9e56a1c9ba08b346c890c480ef5b8252fef018794e0aa6dd34dbba74e2619d\"}) (TxIx {unTxIx = 2}))))) :| []))))"],"kind":"ShelleyTxValidationError"},"tag":"TxValidationErrorInCardanoMode"},"tag":"TxCmdTxSubmitValidationError"},"tag":"TxSubmitFail"}
  meta: {"code":"UtxoNotFound","remediation":"A required script UTxO could not be found on-chain. The chain state may need reconciliation — run the feeder's reconcile step.","error":"Error: {\"contents\":{\"contents\":{\"contents\":{\"era\":\"ShelleyBasedEraConway\",\"error\":[\"ConwayUtxowFailure (UtxoFailure (InsufficientCollateral (DeltaCoin (-118221792)) (Coin 1876604)))\",\"ConwayUtxowFailure (UtxoFailure (IncorrectTotalCollateralField (DeltaCoin (-118221792)) (Coin 5000000)))\",\"ConwayUtxowFailure (UtxoFailure NoCollateralInputs)\",\"ConwayUtxowFailure (UtxoFailure (BadInputsUTxO (NonEmptySet (fromList [TxIn (TxId {unTxId = SafeHash \\\"bb9e56a1c9ba08b346c890c480ef5b8252fef018794e0aa6dd34dbba74e2619d\\\"}) (TxIx {unTxIx = 2})]))))\",\"ConwayUtxowFailure (UtxoFailure (ValueNotConservedUTxO Mismatch (RelEQ) {supplied: MaryValue (Coin 9068950000) (MultiAsset (fromList [(PolicyID {policyID = ScriptHash \\\"def5c14be6bceefb95769110a0c8c7d5362e58bf8f17b6ee1c1bd902\\\"},fromList [(\\\"0156dbaa55902bb40ff6c461c8b2b59c70ebbe3786e51e5e75a8bc1cbad4c1ac\\\",1),(\\\"3d7739c2406edbe3bb594b8f762cf67a2c889a162f2234dc17841f61d33849f4\\\",1),(\\\"8a3859b168b77160150b13c200392328254c3758f082050fd7ec5c340ac2a497\\\",1)]),(PolicyID {policyID = ScriptHash \\\"e6721fde8af7e40aecbd6f146b0470cc20722e05a61c9230a052900d\\\"},fromList [(\\\"4449415f52454345495645525f434c49454e545f41\\\",1)])])), expected: MaryValue (Coin 9192171792) (MultiAsset (fromList [(PolicyID {policyID = ScriptHash \\\"def5c14be6bceefb95769110a0c8c7d5362e58bf8f17b6ee1c1bd902\\\"},fromList [(\\\"0156dbaa55902bb40ff6c461c8b2b59c70ebbe3786e51e5e75a8bc1cbad4c1ac\\\",1),(\\\"3d7739c2406edbe3bb594b8f762cf67a2c889a162f2234dc17841f61d33849f4\\\",1),(\\\"8a3859b168b77160150b13c200392328254c3758f082050fd7ec5c340ac2a497\\\",1)]),(PolicyID {policyID = ScriptHash \\\"e6721fde8af7e40aecbd6f146b0470cc20722e05a61c9230a052900d\\\"},fromList [(\\\"4449415f52454345495645525f434c49454e545f41\\\",1)])]))}))\",\"ConwayUtxowFailure (UtxoFailure (UtxosFailure (CollectErrors (BadTranslation (BabbageContextError (AlonzoContextError (TranslationLogicMissingInput (TxIn (TxId {unTxId = SafeHash \\\"bb9e56a1c9ba08b346c890c480ef5b8252fef018794e0aa6dd34dbba74e2619d\\\"}) (TxIx {unTxIx = 2}))))) :| []))))\"],\"kind\":\"ShelleyTxValidationError\"},\"tag\":\"TxValidationErrorInCardanoMode\"},\"tag\":\"TxCmdTxSubmitValidationError\"},\"tag\":\"TxSubmitFail\"}","batchSize":3,"batchMembers":[{"intentHash":"0x6dd353db47c6a1133f7c78234bb2d12cc9692507b5b56d9fe04ab6e22b42a6bb","symbol":"BTC/USD","pairUnit":"","action":"update"},{"intentHash":"0x42fea9a6e6ce392b6286962fe3bebe6cddb537d0c9006c19ebf390d7d1ccfb30","symbol":"ETH/USD","pairUnit":"","action":"update"},{"intentHash":"0x3ad11e1f1c655b07064a31644777465197976ab7272b350abccf9ec32ccf7e8a","symbol":"USDC/USD","pairUnit":"","action":"update"}]}
