[2026-06-18T18:28:43.039Z] [enriched] Intent enriched: XVG/USD @ 2507882900503334
  meta: {"price":"2507882900503334","timestamp":"1781807321","expiry":"1781810921","blockNumber":13619906}
[2026-06-18T18:28:43.039Z] [routed] Intent passed all filters
  meta: {"routerId":"client_test_01_router_b_alts","destinationIndex":0}
[2026-06-18T18:28:43.040Z] [queued] Intent accepted by coalescer
  meta: {"routerId":"client_test_01_router_b_alts","destinationIndex":0,"clientStatePath":"../state/preview_run_20260608-040304/clients/client-test-01.json"}
[2026-06-18T18:29:00.364Z] [connecting] connecting
[2026-06-18T18:29:05.368Z] [connecting] connecting
[2026-06-18T18:29:10.372Z] [connecting] connecting
[2026-06-18T18:29:15.377Z] [connecting] connecting
[2026-06-18T18:29:15.440Z] [failed] Cardano transaction failed: Missing required environment variable: BLOCKFROST_PROJECT_ID_TESTNET. Active CARDANO_NETWORK requires the *_TESTNET variant of every per-network setting.
  meta: {"code":"BuilderError","remediation":"A Cardano tx builder or signing error occurred. Check the feeder logs for the full stack trace.","error":"Missing required environment variable: BLOCKFROST_PROJECT_ID_TESTNET. Active CARDANO_NETWORK requires the *_TESTNET variant of every per-network setting.","batchSize":10,"batchMembers":[{"intentHash":"0xd7d440545cdf1db1ecffbe6208b57dac12e224b1635866627abf26418ae1b1db","symbol":"ARB/USD","pairUnit":"","action":"update"},{"intentHash":"0xec49a7771d68a23865aba44580dec18fe09294f3b7dc133a4920f6e791c7bff3","symbol":"NEIRO/USD","pairUnit":"","action":"update"},{"intentHash":"0x2cb24b0b5e77a8c5affa3c0c6c269832aac0ee095af73a3f33db0d3d5727e502","symbol":"BTC/USD","pairUnit":"","action":"update"},{"intentHash":"0x9046d9b080e80f33de1dda742105a71c3a98448c03d2bac91c4c81761b7c91c9","symbol":"ETH/USD","pairUnit":"","action":"update"},{"intentHash":"0xc4d76ae384b83e8647ebc5d530eb564dbeb895ce92f67aa5237debd44513b8b8","symbol":"USDC/USD","pairUnit":"","action":"update"},{"intentHash":"0xc54d310005fed0ee3eac278b3f8cf4685d0aa9e9511d69b95d4dde018071b989","symbol":"DOGE/USD","pairUnit":"","action":"update"},{"intentHash":"0xe841f1e5dfad1954e0bc42aeaf2b595685d6f3273149a83fbcd0e420099014b6","symbol":"LTC/USD","pairUnit":"","action":"update"},{"intentHash":"0x7beb1ba9c03fbb5ecc34d91fb215d7f9b207bc646530541a79942f92ede13dc8","symbol":"SHIB/USD","pairUnit":"","action":"update"},{"intentHash":"0x01779c8020e4e14a4036f945b7c5a7c9ad80987bf98ca2158c516f0366a382e6","symbol":"XVG/USD","pairUnit":"","action":"update"},{"intentHash":"0x36a68456c6a49886f757f8919466c7d5e92fa877b71eea286e2f9e60363f8671","symbol":"USDT/USD","pairUnit":"","action":"update"}]}
[2026-06-18T18:29:15.451Z] [connecting] connecting
[2026-06-18T18:29:20.379Z] [connecting] connecting
[2026-06-18T18:29:25.382Z] [connecting] connecting
[2026-06-18T18:29:30.386Z] [connecting] connecting
[2026-06-18T18:29:30.415Z] [failed] Cardano transaction failed: Missing required environment variable: BLOCKFROST_PROJECT_ID_TESTNET. Active CARDANO_NETWORK requires the *_TESTNET variant of every per-network setting.
  meta: {"code":"BuilderError","remediation":"A Cardano tx builder or signing error occurred. Check the feeder logs for the full stack trace.","error":"Missing required environment variable: BLOCKFROST_PROJECT_ID_TESTNET. Active CARDANO_NETWORK requires the *_TESTNET variant of every per-network setting.","batchSize":5,"batchMembers":[{"intentHash":"0x991bc05ad54d5b4a91b84664f676a1029bd6c126f6afffaf61ff522f26191778","symbol":"SHIB/USD","pairUnit":"","action":"update"},{"intentHash":"0x36a68456c6a49886f757f8919466c7d5e92fa877b71eea286e2f9e60363f8671","symbol":"USDT/USD","pairUnit":"","action":"update"},{"intentHash":"0xec49a7771d68a23865aba44580dec18fe09294f3b7dc133a4920f6e791c7bff3","symbol":"NEIRO/USD","pairUnit":"","action":"update"},{"intentHash":"0x01779c8020e4e14a4036f945b7c5a7c9ad80987bf98ca2158c516f0366a382e6","symbol":"XVG/USD","pairUnit":"","action":"update"},{"intentHash":"0xf4f0dad77bb83cd8a1e01b443943363f739aa51a2ec826b458f8cfc5e23850b8","symbol":"ARB/USD","pairUnit":"","action":"update"}]}
[2026-06-18T18:29:38.168Z] [superseded] Superseded by newer intent
  meta: {"supersededByHash":"0x4a57609aaab95dc110b50126bc360ce851682a20cd7539a415ecc5f8dcebdbd9"}
