[2026-06-18T06:52:43.544Z] [enriched] Intent enriched: NEIRO/USD @ 66387475525000
  meta: {"price":"66387475525000","timestamp":"1781765562","expiry":"1781769162","blockNumber":13504573}
[2026-06-18T06:52:43.544Z] [routed] Intent passed all filters
  meta: {"routerId":"client_test_01_router_default","destinationIndex":0}
[2026-06-18T06:52:43.545Z] [queued] Intent accepted by coalescer
  meta: {"routerId":"client_test_01_router_default","destinationIndex":0,"clientStatePath":"../state/preview_run_20260608-040304/clients/client-test-01.json"}
[2026-06-18T06:52:49.232Z] [connecting] connecting
[2026-06-18T06:52:53.855Z] [building] building
[2026-06-18T06:52:56.379Z] [signing] signing
  meta: {"txHash":"84571e3a411e74f68952475cf7f929f2e06c84b3b306891b7c8a397935ee497d"}
[2026-06-18T06:52:57.346Z] [submitting] submitting
  meta: {"txHash":"84571e3a411e74f68952475cf7f929f2e06c84b3b306891b7c8a397935ee497d"}
[2026-06-18T06:52:57.616Z] [submitted] submitted
  meta: {"txHash":"84571e3a411e74f68952475cf7f929f2e06c84b3b306891b7c8a397935ee497d"}
[2026-06-18T06:52:57.616Z] [waiting_confirm] waiting_confirm
  meta: {"txHash":"84571e3a411e74f68952475cf7f929f2e06c84b3b306891b7c8a397935ee497d"}
[2026-06-18T06:53:29.081Z] [waiting_utxo] waiting_utxo
  meta: {"txHash":"84571e3a411e74f68952475cf7f929f2e06c84b3b306891b7c8a397935ee497d"}
[2026-06-18T06:53:33.540Z] [writing_state] writing_state
  meta: {"txHash":"84571e3a411e74f68952475cf7f929f2e06c84b3b306891b7c8a397935ee497d"}
[2026-06-18T06:53:36.388Z] [confirm] Cardano transaction confirmed
  meta: {"cardanoTxHash":"84571e3a411e74f68952475cf7f929f2e06c84b3b306891b7c8a397935ee497d","pairUnit":"def5c14be6bceefb95769110a0c8c7d5362e58bf8f17b6ee1c1bd902a8c0b97b231afaebc42d067a57b139abb4a8631e36c7f81cee6a30173e22b6b2","pairAction":"update","batchSize":1}
