[2026-06-18T18:18:23.080Z] [enriched] Intent enriched: BTC/USD @ 62569588807102294392832
  meta: {"price":"62569588807102294392832","timestamp":"1781806701","expiry":"1781810301","blockNumber":13618234}
[2026-06-18T18:18:23.080Z] [routed] Intent passed all filters
  meta: {"routerId":"client_test_01_router_a_majors","destinationIndex":0}
[2026-06-18T18:18:23.081Z] [queued] Intent accepted by coalescer
  meta: {"routerId":"client_test_01_router_a_majors","destinationIndex":0,"clientStatePath":"../state/preview_run_20260608-040304/clients/client-test-01.json"}
[2026-06-18T18:18:23.084Z] [enriched] Intent enriched: BTC/USD @ 62569588807102294392832
  meta: {"price":"62569588807102294392832","timestamp":"1781806701","expiry":"1781810301","blockNumber":13618234}
[2026-06-18T18:18:23.084Z] [routed] Intent passed all filters
  meta: {"routerId":"client_test_02_router_default","destinationIndex":0}
[2026-06-18T18:18:23.085Z] [queued] Intent accepted by coalescer
  meta: {"routerId":"client_test_02_router_default","destinationIndex":0,"clientStatePath":"../state/preview_run_20260608-040304/clients/client-test-02.json"}
[2026-06-18T18:18:34.448Z] [connecting] connecting
[2026-06-18T18:18:39.669Z] [connecting] connecting
[2026-06-18T18:18:44.993Z] [connecting] connecting
[2026-06-18T18:18:50.306Z] [connecting] connecting
[2026-06-18T18:18:50.659Z] [failed] Cardano transaction failed: Unable to fetch protocol parameters from Blockfrost (402 Payment Required).
  meta: {"code":"BuilderError","remediation":"A Cardano tx builder or signing error occurred. Check the feeder logs for the full stack trace.","error":"Unable to fetch protocol parameters from Blockfrost (402 Payment Required).","batchSize":8,"batchMembers":[{"intentHash":"0xebd7a0fb25bd7901af07df08b2cce51fb010f252c488e198c2a78a0e6cb424bd","symbol":"USDT/USD","pairUnit":"","action":"update"},{"intentHash":"0xcb6015940296747381dac5beb3d1bc327804e23661fdda17042a7f6ec9d3b04d","symbol":"ARB/USD","pairUnit":"","action":"update"},{"intentHash":"0x45286fcdf11e724d6bb20fbc6e1e77864abd8f0986c1bd3bf11a8af8fcb9c117","symbol":"NEIRO/USD","pairUnit":"","action":"update"},{"intentHash":"0xa985a036e88e14ff38839c7feddd476c92a2471af2bb91d07af26be9b9b8f376","symbol":"XVG/USD","pairUnit":"","action":"update"},{"intentHash":"0xec8c4c7bef458b80f9b0bd10455aadf3a184e31c6f050d81450996f1b442d79b","symbol":"LTC/USD","pairUnit":"","action":"update"},{"intentHash":"0x83862f95717cb3845da23da5f4af5da952eef448d7f76bfc9dbe63cffdf668ef","symbol":"BTC/USD","pairUnit":"","action":"update"},{"intentHash":"0xddb5723fa79f2bc6d568df719a0fe46a70daa045bcf32d359801b8fea40d0b23","symbol":"ETH/USD","pairUnit":"","action":"update"},{"intentHash":"0xadf4e865dda51842d4e7d94ff0c68df1106ee0ccb8fd28c56c725d6b96e5cf14","symbol":"USDC/USD","pairUnit":"","action":"update"}]}
[2026-06-18T18:18:53.029Z] [connecting] connecting
[2026-06-18T18:18:58.257Z] [connecting] connecting
[2026-06-18T18:19:03.494Z] [connecting] connecting
[2026-06-18T18:19:06.536Z] [connecting] connecting
[2026-06-18T18:19:08.722Z] [connecting] connecting
[2026-06-18T18:19:08.957Z] [failed] Cardano transaction failed: Unable to fetch protocol parameters from Blockfrost (402 Payment Required).
  meta: {"code":"BuilderError","remediation":"A Cardano tx builder or signing error occurred. Check the feeder logs for the full stack trace.","error":"Unable to fetch protocol parameters from Blockfrost (402 Payment Required).","batchSize":1}
[2026-06-18T18:19:11.769Z] [connecting] connecting
[2026-06-18T18:19:16.999Z] [connecting] connecting
[2026-06-18T18:19:22.253Z] [connecting] connecting
[2026-06-18T18:19:22.477Z] [failed] Cardano transaction failed: Unable to fetch protocol parameters from Blockfrost (402 Payment Required).
  meta: {"code":"BuilderError","remediation":"A Cardano tx builder or signing error occurred. Check the feeder logs for the full stack trace.","error":"Unable to fetch protocol parameters from Blockfrost (402 Payment Required).","batchSize":8,"batchMembers":[{"intentHash":"0x83862f95717cb3845da23da5f4af5da952eef448d7f76bfc9dbe63cffdf668ef","symbol":"BTC/USD","pairUnit":"","action":"update"},{"intentHash":"0xddb5723fa79f2bc6d568df719a0fe46a70daa045bcf32d359801b8fea40d0b23","symbol":"ETH/USD","pairUnit":"","action":"update"},{"intentHash":"0xadf4e865dda51842d4e7d94ff0c68df1106ee0ccb8fd28c56c725d6b96e5cf14","symbol":"USDC/USD","pairUnit":"","action":"update"},{"intentHash":"0xc894da505545ee53c9b90dbe33090e72bc1ab131eae75912638ac802dfd397dd","symbol":"DOGE/USD","pairUnit":"","action":"update"},{"intentHash":"0xec8c4c7bef458b80f9b0bd10455aadf3a184e31c6f050d81450996f1b442d79b","symbol":"LTC/USD","pairUnit":"","action":"update"},{"intentHash":"0xe2be9dd115b28d87c44acfce938f7de7c220b2e23bb86cb279edaf7ff60a4a1d","symbol":"ARB/USD","pairUnit":"","action":"update"},{"intentHash":"0xcdf4e7eb3fc041bc92d1054760e94ca89963969e188b90c3e43f94608cc89634","symbol":"SHIB/USD","pairUnit":"","action":"update"},{"intentHash":"0xb4db33cbc84d2638104397fd4a5a406936f31c5e251508ed5299b07299ab4c86","symbol":"NEIRO/USD","pairUnit":"","action":"update"}]}
