[2026-06-18T16:22:06.306Z] [enriched] Intent enriched: DOGE/USD @ 82266526731166728
  meta: {"price":"82266526731166728","timestamp":"1781799723","expiry":"1781803323","blockNumber":13599277}
[2026-06-18T16:22:06.306Z] [routed] Intent passed all filters
  meta: {"routerId":"client_test_01_router_a_majors","destinationIndex":0}
[2026-06-18T16:22:06.308Z] [queued] Intent accepted by coalescer
  meta: {"routerId":"client_test_01_router_a_majors","destinationIndex":0,"clientStatePath":"../state/preview_run_20260608-040304/clients/client-test-01.json"}
[2026-06-18T16:22:36.317Z] [connecting] connecting
[2026-06-18T16:22:41.878Z] [building] building
[2026-06-18T16:22:45.239Z] [signing] signing
  meta: {"txHash":"88238cf68452f8e7a5b256a46330e230f9e0af786a1f93c630baa274f1d14d65"}
[2026-06-18T16:22:46.717Z] [submitting] submitting
  meta: {"txHash":"88238cf68452f8e7a5b256a46330e230f9e0af786a1f93c630baa274f1d14d65"}
[2026-06-18T16:22:46.984Z] [submitted] submitted
  meta: {"txHash":"88238cf68452f8e7a5b256a46330e230f9e0af786a1f93c630baa274f1d14d65"}
[2026-06-18T16:22:46.984Z] [waiting_confirm] waiting_confirm
  meta: {"txHash":"88238cf68452f8e7a5b256a46330e230f9e0af786a1f93c630baa274f1d14d65"}
[2026-06-18T16:23:30.237Z] [waiting_utxo] waiting_utxo
  meta: {"txHash":"88238cf68452f8e7a5b256a46330e230f9e0af786a1f93c630baa274f1d14d65"}
[2026-06-18T16:23:38.171Z] [writing_state] writing_state
  meta: {"txHash":"88238cf68452f8e7a5b256a46330e230f9e0af786a1f93c630baa274f1d14d65"}
[2026-06-18T16:23:41.562Z] [confirm] Cardano transaction confirmed
  meta: {"cardanoTxHash":"88238cf68452f8e7a5b256a46330e230f9e0af786a1f93c630baa274f1d14d65","pairUnit":"def5c14be6bceefb95769110a0c8c7d5362e58bf8f17b6ee1c1bd90219434a5bb684f659378f19bc8c3748046e646c079e79c10e484e2d29445ee02d","pairAction":"update","batchSize":1}
