[2026-06-18T08:17:14.330Z] [enriched] Intent enriched: BTC/USD @ 64378192395000004739072
  meta: {"price":"64378192395000004739072","timestamp":"1781770633","expiry":"1781774233","blockNumber":13518910}
[2026-06-18T08:17:14.330Z] [routed] Intent passed all filters
  meta: {"routerId":"client_test_01_router_a_majors","destinationIndex":0}
[2026-06-18T08:17:14.331Z] [queued] Intent accepted by coalescer
  meta: {"routerId":"client_test_01_router_a_majors","destinationIndex":0,"clientStatePath":"../state/preview_run_20260608-040304/clients/client-test-01.json"}
[2026-06-18T08:17:14.334Z] [enriched] Intent enriched: BTC/USD @ 64378192395000004739072
  meta: {"price":"64378192395000004739072","timestamp":"1781770633","expiry":"1781774233","blockNumber":13518910}
[2026-06-18T08:17:14.334Z] [routed] Intent passed all filters
  meta: {"routerId":"client_test_02_router_default","destinationIndex":0}
[2026-06-18T08:17:14.335Z] [queued] Intent accepted by coalescer
  meta: {"routerId":"client_test_02_router_default","destinationIndex":0,"clientStatePath":"../state/preview_run_20260608-040304/clients/client-test-02.json"}
[2026-06-18T08:17:29.030Z] [connecting] connecting
[2026-06-18T08:17:29.228Z] [connecting] connecting
[2026-06-18T08:17:33.938Z] [building] building
[2026-06-18T08:17:34.116Z] [failed] Cardano transaction failed: Intent for BTC/USD superseded on chain; not submitted.
  meta: {"code":"NonMonotonicNonce","remediation":"A newer intent for this pair is already on-chain. The stale intent was discarded; no operator action is needed.","error":"Intent for BTC/USD superseded on chain; not submitted.","batchSize":1}
[2026-06-18T08:17:36.638Z] [signing] signing
  meta: {"txHash":"9fa760fde4a28766f5c9cbd8ae2f173dd625604b2fde1dfc9bc5f9ebe597ca98"}
[2026-06-18T08:17:37.595Z] [submitting] submitting
  meta: {"txHash":"9fa760fde4a28766f5c9cbd8ae2f173dd625604b2fde1dfc9bc5f9ebe597ca98"}
[2026-06-18T08:17:37.849Z] [submitted] submitted
  meta: {"txHash":"9fa760fde4a28766f5c9cbd8ae2f173dd625604b2fde1dfc9bc5f9ebe597ca98"}
[2026-06-18T08:17:37.849Z] [waiting_confirm] waiting_confirm
  meta: {"txHash":"9fa760fde4a28766f5c9cbd8ae2f173dd625604b2fde1dfc9bc5f9ebe597ca98"}
[2026-06-18T08:18:18.255Z] [waiting_utxo] waiting_utxo
  meta: {"txHash":"9fa760fde4a28766f5c9cbd8ae2f173dd625604b2fde1dfc9bc5f9ebe597ca98"}
[2026-06-18T08:18:25.337Z] [writing_state] writing_state
  meta: {"txHash":"9fa760fde4a28766f5c9cbd8ae2f173dd625604b2fde1dfc9bc5f9ebe597ca98"}
[2026-06-18T08:18:28.265Z] [confirm] Cardano transaction confirmed
  meta: {"cardanoTxHash":"9fa760fde4a28766f5c9cbd8ae2f173dd625604b2fde1dfc9bc5f9ebe597ca98","pairUnit":"02435906b5bf2ebac57a72d8d5609aa7f642b5e0e4d79666e0b1a2938a3859b168b77160150b13c200392328254c3758f082050fd7ec5c340ac2a497","pairAction":"update","batchSize":1}
