[2026-06-18T19:25:47.522Z] [connecting] connecting
[2026-06-18T19:25:56.245Z] [building] building
[2026-06-18T19:25:59.536Z] [signing] signing
  meta: {"txHash":"4083528d9cfc3f0b614940074f8ae6b6e8cea84926a5304900a9fe21292c0716"}
[2026-06-18T19:26:01.017Z] [submitting] submitting
  meta: {"txHash":"4083528d9cfc3f0b614940074f8ae6b6e8cea84926a5304900a9fe21292c0716"}
[2026-06-18T19:26:01.310Z] [submitted] submitted
  meta: {"txHash":"4083528d9cfc3f0b614940074f8ae6b6e8cea84926a5304900a9fe21292c0716"}
[2026-06-18T19:26:01.330Z] [waiting_confirm] waiting_confirm
  meta: {"txHash":"4083528d9cfc3f0b614940074f8ae6b6e8cea84926a5304900a9fe21292c0716"}
[2026-06-18T19:26:11.565Z] [waiting_utxo] waiting_utxo
  meta: {"txHash":"4083528d9cfc3f0b614940074f8ae6b6e8cea84926a5304900a9fe21292c0716"}
[2026-06-18T19:26:19.765Z] [writing_state] writing_state
  meta: {"txHash":"4083528d9cfc3f0b614940074f8ae6b6e8cea84926a5304900a9fe21292c0716"}
[2026-06-18T19:26:23.207Z] [batched] Intent confirmed inside a batch of 4 intents
  meta: {"cardanoTxHash":"4083528d9cfc3f0b614940074f8ae6b6e8cea84926a5304900a9fe21292c0716","batchSize":4,"batchMembers":[{"intentHash":"0x3ddf0f0aebe6f656e603704cf94a17130350a462e9425b5f5d10b61e8159f6b6","symbol":"BTC/USD","pairUnit":"def5c14be6bceefb95769110a0c8c7d5362e58bf8f17b6ee1c1bd9028a3859b168b77160150b13c200392328254c3758f082050fd7ec5c340ac2a497","action":"update"},{"intentHash":"0x12f6c1a27d21e67788598cdf7dddbba4e4372f96dc39cb8866a501005ebf7110","symbol":"ETH/USD","pairUnit":"def5c14be6bceefb95769110a0c8c7d5362e58bf8f17b6ee1c1bd9023d7739c2406edbe3bb594b8f762cf67a2c889a162f2234dc17841f61d33849f4","action":"update"},{"intentHash":"0x2963bc2681bf253dd093f744d42e6a375c8f60bcce3ff02160f469f33bedb7bf","symbol":"USDC/USD","pairUnit":"def5c14be6bceefb95769110a0c8c7d5362e58bf8f17b6ee1c1bd9020156dbaa55902bb40ff6c461c8b2b59c70ebbe3786e51e5e75a8bc1cbad4c1ac","action":"update"},{"intentHash":"0xd3bd8b0d6b2eef50f44e757d209bd5d048d9156558823927aac5b070b03dedf2","symbol":"DOGE/USD","pairUnit":"def5c14be6bceefb95769110a0c8c7d5362e58bf8f17b6ee1c1bd90219434a5bb684f659378f19bc8c3748046e646c079e79c10e484e2d29445ee02d","action":"update"}],"pairUnit":"def5c14be6bceefb95769110a0c8c7d5362e58bf8f17b6ee1c1bd9023d7739c2406edbe3bb594b8f762cf67a2c889a162f2234dc17841f61d33849f4","pairAction":"update"}
[2026-06-18T19:26:23.208Z] [confirm] Cardano batch transaction confirmed
  meta: {"cardanoTxHash":"4083528d9cfc3f0b614940074f8ae6b6e8cea84926a5304900a9fe21292c0716","pairUnit":"def5c14be6bceefb95769110a0c8c7d5362e58bf8f17b6ee1c1bd9023d7739c2406edbe3bb594b8f762cf67a2c889a162f2234dc17841f61d33849f4","pairAction":"update","batchSize":4}
[2026-06-18T19:26:23.235Z] [connecting] connecting
[2026-06-18T19:26:32.488Z] [building] building
[2026-06-18T19:26:35.661Z] [signing] signing
  meta: {"txHash":"41dedf9971b3bb59d8117506738358c9bee5d17381d0a6a2681e6a4693aafab4"}
[2026-06-18T19:26:37.142Z] [submitting] submitting
  meta: {"txHash":"41dedf9971b3bb59d8117506738358c9bee5d17381d0a6a2681e6a4693aafab4"}
[2026-06-18T19:26:37.396Z] [submitted] submitted
  meta: {"txHash":"41dedf9971b3bb59d8117506738358c9bee5d17381d0a6a2681e6a4693aafab4"}
[2026-06-18T19:26:37.409Z] [waiting_confirm] waiting_confirm
  meta: {"txHash":"41dedf9971b3bb59d8117506738358c9bee5d17381d0a6a2681e6a4693aafab4"}
[2026-06-18T19:27:02.558Z] [waiting_utxo] waiting_utxo
  meta: {"txHash":"41dedf9971b3bb59d8117506738358c9bee5d17381d0a6a2681e6a4693aafab4"}
[2026-06-18T19:27:10.564Z] [writing_state] writing_state
  meta: {"txHash":"41dedf9971b3bb59d8117506738358c9bee5d17381d0a6a2681e6a4693aafab4"}
[2026-06-18T19:27:13.885Z] [failed] Cardano transaction failed: Intent for ETH/USD superseded on chain; not submitted.
  meta: {"code":"NonMonotonicNonce","remediation":"A newer intent for this pair is already on-chain. The stale intent was discarded; no operator action is needed.","error":"Intent for ETH/USD superseded on chain; not submitted.","batchSize":1,"batchMembers":[{"intentHash":"0x69665fed98741530d0f2ee3c451448284ae251377a214923af5a6460ec019bc6","symbol":"USDT/USD","pairUnit":"def5c14be6bceefb95769110a0c8c7d5362e58bf8f17b6ee1c1bd9025ec9fa6a8337c83985882517e4865a68763912f37490cffe992a26abfd29d315","action":"update"}]}
