[2026-06-18T17:23:35.748Z] [enriched] Intent enriched: DOGE/USD @ 82406543539011168
  meta: {"price":"82406543539011168","timestamp":"1781803414","expiry":"1781807014","blockNumber":13609353}
[2026-06-18T17:23:35.748Z] [routed] Intent passed all filters
  meta: {"routerId":"client_test_01_router_a_majors","destinationIndex":0}
[2026-06-18T17:23:35.749Z] [queued] Intent accepted by coalescer
  meta: {"routerId":"client_test_01_router_a_majors","destinationIndex":0,"clientStatePath":"../state/preview_run_20260608-040304/clients/client-test-01.json"}
[2026-06-18T17:24:02.127Z] [connecting] connecting
[2026-06-18T17:24:10.247Z] [building] building
[2026-06-18T17:24:13.703Z] [signing] signing
  meta: {"txHash":"37ea9e0b3bc0f2a1b1f443741a879d8fbfab03d099a71dc502280a931029492b"}
[2026-06-18T17:24:15.163Z] [submitting] submitting
  meta: {"txHash":"37ea9e0b3bc0f2a1b1f443741a879d8fbfab03d099a71dc502280a931029492b"}
[2026-06-18T17:24:15.442Z] [submitted] submitted
  meta: {"txHash":"37ea9e0b3bc0f2a1b1f443741a879d8fbfab03d099a71dc502280a931029492b"}
[2026-06-18T17:24:15.451Z] [waiting_confirm] waiting_confirm
  meta: {"txHash":"37ea9e0b3bc0f2a1b1f443741a879d8fbfab03d099a71dc502280a931029492b"}
[2026-06-18T17:25:04.609Z] [waiting_utxo] waiting_utxo
  meta: {"txHash":"37ea9e0b3bc0f2a1b1f443741a879d8fbfab03d099a71dc502280a931029492b"}
[2026-06-18T17:25:12.514Z] [writing_state] writing_state
  meta: {"txHash":"37ea9e0b3bc0f2a1b1f443741a879d8fbfab03d099a71dc502280a931029492b"}
[2026-06-18T17:25:15.891Z] [failed] Cardano transaction failed: Intent for DOGE/USD superseded on chain; not submitted.
  meta: {"code":"NonMonotonicNonce","remediation":"A newer intent for this pair is already on-chain. The stale intent was discarded; no operator action is needed.","error":"Intent for DOGE/USD superseded on chain; not submitted.","batchSize":3,"batchMembers":[{"intentHash":"0x377c2e05bffc39f18264ceea979510e637758c8fd7906f39a5537ae03c89b944","symbol":"USDC/USD","pairUnit":"def5c14be6bceefb95769110a0c8c7d5362e58bf8f17b6ee1c1bd9020156dbaa55902bb40ff6c461c8b2b59c70ebbe3786e51e5e75a8bc1cbad4c1ac","action":"update"},{"intentHash":"0x461e9963c915dc51bb33894247acd915517715849000d363fe6a433e3a1fa430","symbol":"BTC/USD","pairUnit":"def5c14be6bceefb95769110a0c8c7d5362e58bf8f17b6ee1c1bd9028a3859b168b77160150b13c200392328254c3758f082050fd7ec5c340ac2a497","action":"update"},{"intentHash":"0x1d00138b3e503a34fc3ecebcd92ad15e665dcb99206105793127037c8fcb80b7","symbol":"ETH/USD","pairUnit":"def5c14be6bceefb95769110a0c8c7d5362e58bf8f17b6ee1c1bd9023d7739c2406edbe3bb594b8f762cf67a2c889a162f2234dc17841f61d33849f4","action":"update"}]}
