[2026-06-18T15:31:56.711Z] [enriched] Intent enriched: BTC/USD @ 63582015509374999461888
  meta: {"price":"63582015509374999461888","timestamp":"1781796715","expiry":"1781800315","blockNumber":13590984}
[2026-06-18T15:31:56.711Z] [routed] Intent passed all filters
  meta: {"routerId":"client_test_01_router_a_majors","destinationIndex":0}
[2026-06-18T15:31:56.712Z] [queued] Intent accepted by coalescer
  meta: {"routerId":"client_test_01_router_a_majors","destinationIndex":0,"clientStatePath":"../state/preview_run_20260608-040304/clients/client-test-01.json"}
[2026-06-18T15:32:26.703Z] [connecting] connecting
[2026-06-18T15:32:33.814Z] [connecting] connecting
[2026-06-18T15:32:34.463Z] [building] building
[2026-06-18T15:32:37.217Z] [signing] signing
  meta: {"txHash":"79c7d7036f63cf72083931bd88c1015792fc05b463245f6fb836a3469b633e41"}
[2026-06-18T15:32:38.190Z] [submitting] submitting
  meta: {"txHash":"79c7d7036f63cf72083931bd88c1015792fc05b463245f6fb836a3469b633e41"}
[2026-06-18T15:32:38.444Z] [submitted] submitted
  meta: {"txHash":"79c7d7036f63cf72083931bd88c1015792fc05b463245f6fb836a3469b633e41"}
[2026-06-18T15:32:38.459Z] [waiting_confirm] waiting_confirm
  meta: {"txHash":"79c7d7036f63cf72083931bd88c1015792fc05b463245f6fb836a3469b633e41"}
[2026-06-18T15:32:39.425Z] [building] building
[2026-06-18T15:32:41.814Z] [signing] signing
  meta: {"txHash":"b9b7a13442a5418f71e7ef8b8e90c8cd476b0c51eef89dcf4990982c54d32b49"}
[2026-06-18T15:32:42.761Z] [submitting] submitting
  meta: {"txHash":"b9b7a13442a5418f71e7ef8b8e90c8cd476b0c51eef89dcf4990982c54d32b49"}
