[2026-06-18T16:07:33.090Z] [enriched] Intent enriched: ARB/USD @ 82550633000000000
  meta: {"price":"82550633000000000","timestamp":"1781798851","expiry":"1781802451","blockNumber":13596861}
[2026-06-18T16:07:33.090Z] [routed] Intent passed all filters
  meta: {"routerId":"client_test_01_router_b_alts","destinationIndex":0}
[2026-06-18T16:07:33.091Z] [queued] Intent accepted by coalescer
  meta: {"routerId":"client_test_01_router_b_alts","destinationIndex":0,"clientStatePath":"../state/preview_run_20260608-040304/clients/client-test-01.json"}
[2026-06-18T16:07:38.864Z] [connecting] connecting
[2026-06-18T16:07:46.917Z] [building] building
[2026-06-18T16:07:49.910Z] [signing] signing
  meta: {"txHash":"74ee71cea3dc05c6ab632a7896c3c2694b6047029d0be59a4b0898442de6ec7b"}
[2026-06-18T16:07:51.405Z] [submitting] submitting
  meta: {"txHash":"74ee71cea3dc05c6ab632a7896c3c2694b6047029d0be59a4b0898442de6ec7b"}
[2026-06-18T16:07:51.685Z] [submitted] submitted
  meta: {"txHash":"74ee71cea3dc05c6ab632a7896c3c2694b6047029d0be59a4b0898442de6ec7b"}
[2026-06-18T16:07:51.685Z] [waiting_confirm] waiting_confirm
  meta: {"txHash":"74ee71cea3dc05c6ab632a7896c3c2694b6047029d0be59a4b0898442de6ec7b"}
[2026-06-18T16:07:55.913Z] [waiting_utxo] waiting_utxo
  meta: {"txHash":"74ee71cea3dc05c6ab632a7896c3c2694b6047029d0be59a4b0898442de6ec7b"}
[2026-06-18T16:08:03.830Z] [writing_state] writing_state
  meta: {"txHash":"74ee71cea3dc05c6ab632a7896c3c2694b6047029d0be59a4b0898442de6ec7b"}
[2026-06-18T16:08:07.259Z] [confirm] Cardano transaction confirmed
  meta: {"cardanoTxHash":"74ee71cea3dc05c6ab632a7896c3c2694b6047029d0be59a4b0898442de6ec7b","pairUnit":"def5c14be6bceefb95769110a0c8c7d5362e58bf8f17b6ee1c1bd902dfafb09cf4921baf2478651f0d7072b3a0df58b6c434443d32511927fa7919fb","pairAction":"update","batchSize":1}
