[2026-06-18T17:46:22.691Z] [connecting] connecting
[2026-06-18T17:46:31.574Z] [building] building
[2026-06-18T17:46:35.028Z] [signing] signing
  meta: {"txHash":"a1b9969dc6ef603fd480bc67fa3833925458027d4fa5af9b1e38e3508b290bbd"}
[2026-06-18T17:46:36.369Z] [superseded] Superseded by newer intent
  meta: {"supersededByHash":"0x06156b6604c8bb92da5470bcbc02c1c9034088e4a4f0ec9ebc2b56ce8daf2f62"}
[2026-06-18T17:46:36.501Z] [submitting] submitting
  meta: {"txHash":"a1b9969dc6ef603fd480bc67fa3833925458027d4fa5af9b1e38e3508b290bbd"}
[2026-06-18T17:46:36.784Z] [submitted] submitted
  meta: {"txHash":"a1b9969dc6ef603fd480bc67fa3833925458027d4fa5af9b1e38e3508b290bbd"}
[2026-06-18T17:46:36.784Z] [waiting_confirm] waiting_confirm
  meta: {"txHash":"a1b9969dc6ef603fd480bc67fa3833925458027d4fa5af9b1e38e3508b290bbd"}
[2026-06-18T17:47:04.953Z] [waiting_utxo] waiting_utxo
  meta: {"txHash":"a1b9969dc6ef603fd480bc67fa3833925458027d4fa5af9b1e38e3508b290bbd"}
[2026-06-18T17:47:10.425Z] [writing_state] writing_state
  meta: {"txHash":"a1b9969dc6ef603fd480bc67fa3833925458027d4fa5af9b1e38e3508b290bbd"}
[2026-06-18T17:47:13.811Z] [batched] Intent confirmed inside a batch of 4 intents
  meta: {"cardanoTxHash":"a1b9969dc6ef603fd480bc67fa3833925458027d4fa5af9b1e38e3508b290bbd","batchSize":4,"batchMembers":[{"intentHash":"0xc9da8c3e0b59ab727fb9bd5cd6754fb89a5dba2c7a8fecbba8b0e95d26f3922e","symbol":"BTC/USD","pairUnit":"def5c14be6bceefb95769110a0c8c7d5362e58bf8f17b6ee1c1bd9028a3859b168b77160150b13c200392328254c3758f082050fd7ec5c340ac2a497","action":"update"},{"intentHash":"0x84f3fc8b1175e8dd0a890f25a343272c4b93a6d35d2004eb668f0d8216e0e78d","symbol":"ETH/USD","pairUnit":"def5c14be6bceefb95769110a0c8c7d5362e58bf8f17b6ee1c1bd9023d7739c2406edbe3bb594b8f762cf67a2c889a162f2234dc17841f61d33849f4","action":"update"},{"intentHash":"0x7528ca8772b1bfaa4226898d6656b30984a4b41ed30b0feda3410ef8c69155e0","symbol":"USDC/USD","pairUnit":"def5c14be6bceefb95769110a0c8c7d5362e58bf8f17b6ee1c1bd9020156dbaa55902bb40ff6c461c8b2b59c70ebbe3786e51e5e75a8bc1cbad4c1ac","action":"update"},{"intentHash":"0x8f18b47c7547f9d77634d2edb184dc5d1af3ebbe963a0f010d009cee99427ffa","symbol":"DOGE/USD","pairUnit":"def5c14be6bceefb95769110a0c8c7d5362e58bf8f17b6ee1c1bd90219434a5bb684f659378f19bc8c3748046e646c079e79c10e484e2d29445ee02d","action":"update"}],"pairUnit":"def5c14be6bceefb95769110a0c8c7d5362e58bf8f17b6ee1c1bd90219434a5bb684f659378f19bc8c3748046e646c079e79c10e484e2d29445ee02d","pairAction":"update"}
[2026-06-18T17:47:13.811Z] [confirm] Cardano batch transaction confirmed
  meta: {"cardanoTxHash":"a1b9969dc6ef603fd480bc67fa3833925458027d4fa5af9b1e38e3508b290bbd","pairUnit":"def5c14be6bceefb95769110a0c8c7d5362e58bf8f17b6ee1c1bd90219434a5bb684f659378f19bc8c3748046e646c079e79c10e484e2d29445ee02d","pairAction":"update","batchSize":4}
