[2026-06-18T23:50:38.246Z] [connecting] connecting
[2026-06-18T23:50:45.503Z] [building] building
[2026-06-18T23:50:52.934Z] [signing] signing
  meta: {"txHash":"42eebdb7bd063951acbdfda2d4fb352bae92658a52ced3aa51de49c6ca6ee51e"}
[2026-06-18T23:50:54.647Z] [submitting] submitting
  meta: {"txHash":"42eebdb7bd063951acbdfda2d4fb352bae92658a52ced3aa51de49c6ca6ee51e"}
[2026-06-18T23:50:54.941Z] [submitted] submitted
  meta: {"txHash":"42eebdb7bd063951acbdfda2d4fb352bae92658a52ced3aa51de49c6ca6ee51e"}
[2026-06-18T23:50:54.946Z] [waiting_confirm] waiting_confirm
  meta: {"txHash":"42eebdb7bd063951acbdfda2d4fb352bae92658a52ced3aa51de49c6ca6ee51e"}
[2026-06-18T23:51:05.182Z] [waiting_utxo] waiting_utxo
  meta: {"txHash":"42eebdb7bd063951acbdfda2d4fb352bae92658a52ced3aa51de49c6ca6ee51e"}
[2026-06-18T23:51:13.973Z] [writing_state] writing_state
  meta: {"txHash":"42eebdb7bd063951acbdfda2d4fb352bae92658a52ced3aa51de49c6ca6ee51e"}
[2026-06-18T23:51:17.393Z] [batched] Intent confirmed inside a batch of 3 intents
  meta: {"cardanoTxHash":"42eebdb7bd063951acbdfda2d4fb352bae92658a52ced3aa51de49c6ca6ee51e","batchSize":3,"batchMembers":[{"intentHash":"0xa3240a2ab1d2955118d7b6f2126408705c67bea91c36a23cde1d87a4db132761","symbol":"USDC/USD","pairUnit":"def5c14be6bceefb95769110a0c8c7d5362e58bf8f17b6ee1c1bd9020156dbaa55902bb40ff6c461c8b2b59c70ebbe3786e51e5e75a8bc1cbad4c1ac","action":"update"},{"intentHash":"0xf7dd93d4c620d5e0bad1ba29f9d3984afa36ef776465c0a7122bdc5687efc489","symbol":"USDT/USD","pairUnit":"def5c14be6bceefb95769110a0c8c7d5362e58bf8f17b6ee1c1bd9025ec9fa6a8337c83985882517e4865a68763912f37490cffe992a26abfd29d315","action":"update"},{"intentHash":"0x55815182c51b260d2593f44f6e6b87cb5edf7754cccd804d655d4f60138adcfb","symbol":"DOGE/USD","pairUnit":"def5c14be6bceefb95769110a0c8c7d5362e58bf8f17b6ee1c1bd90219434a5bb684f659378f19bc8c3748046e646c079e79c10e484e2d29445ee02d","action":"update"}],"pairUnit":"def5c14be6bceefb95769110a0c8c7d5362e58bf8f17b6ee1c1bd9025ec9fa6a8337c83985882517e4865a68763912f37490cffe992a26abfd29d315","pairAction":"update"}
[2026-06-18T23:51:17.393Z] [confirm] Cardano batch transaction confirmed
  meta: {"cardanoTxHash":"42eebdb7bd063951acbdfda2d4fb352bae92658a52ced3aa51de49c6ca6ee51e","pairUnit":"def5c14be6bceefb95769110a0c8c7d5362e58bf8f17b6ee1c1bd9025ec9fa6a8337c83985882517e4865a68763912f37490cffe992a26abfd29d315","pairAction":"update","batchSize":3}
[2026-06-18T23:51:17.404Z] [connecting] connecting
[2026-06-18T23:51:25.880Z] [building] building
[2026-06-18T23:51:36.090Z] [signing] signing
  meta: {"txHash":"419458bef4606da1ed326fa4f380af8b9d9e95f445428bcfca53821e53438d60"}
[2026-06-18T23:51:37.858Z] [submitting] submitting
  meta: {"txHash":"419458bef4606da1ed326fa4f380af8b9d9e95f445428bcfca53821e53438d60"}
[2026-06-18T23:51:38.219Z] [submitted] submitted
  meta: {"txHash":"419458bef4606da1ed326fa4f380af8b9d9e95f445428bcfca53821e53438d60"}
[2026-06-18T23:51:38.245Z] [waiting_confirm] waiting_confirm
  meta: {"txHash":"419458bef4606da1ed326fa4f380af8b9d9e95f445428bcfca53821e53438d60"}
[2026-06-18T23:51:42.491Z] [waiting_utxo] waiting_utxo
  meta: {"txHash":"419458bef4606da1ed326fa4f380af8b9d9e95f445428bcfca53821e53438d60"}
[2026-06-18T23:51:54.971Z] [writing_state] writing_state
  meta: {"txHash":"419458bef4606da1ed326fa4f380af8b9d9e95f445428bcfca53821e53438d60"}
[2026-06-18T23:51:58.356Z] [failed] Cardano transaction failed: Intent for USDT/USD superseded on chain; not submitted.
  meta: {"code":"NonMonotonicNonce","remediation":"A newer intent for this pair is already on-chain. The stale intent was discarded; no operator action is needed.","error":"Intent for USDT/USD superseded on chain; not submitted.","batchSize":4,"batchMembers":[{"intentHash":"0x153a81390197c16263caf9b1914c1b48ab5fc07bbe9faae2c9c4ef99ce2c74b4","symbol":"BTC/USD","pairUnit":"def5c14be6bceefb95769110a0c8c7d5362e58bf8f17b6ee1c1bd9028a3859b168b77160150b13c200392328254c3758f082050fd7ec5c340ac2a497","action":"update"},{"intentHash":"0xd4ad5e370bfd4447c9d3d6922fd4c5cf8ea4a331cac2068d19836373fb205589","symbol":"ETH/USD","pairUnit":"def5c14be6bceefb95769110a0c8c7d5362e58bf8f17b6ee1c1bd9023d7739c2406edbe3bb594b8f762cf67a2c889a162f2234dc17841f61d33849f4","action":"update"},{"intentHash":"0x91321f99f9bcc88fee696eef8bc563c2b9e3e90212d2a9d9fe5adf62a4a116c5","symbol":"USDC/USD","pairUnit":"def5c14be6bceefb95769110a0c8c7d5362e58bf8f17b6ee1c1bd9020156dbaa55902bb40ff6c461c8b2b59c70ebbe3786e51e5e75a8bc1cbad4c1ac","action":"update"},{"intentHash":"0xe813eb56a5224bf982f6c5c20a5d316f92c6e2663751ce6e9f40b37a430c6abe","symbol":"DOGE/USD","pairUnit":"def5c14be6bceefb95769110a0c8c7d5362e58bf8f17b6ee1c1bd90219434a5bb684f659378f19bc8c3748046e646c079e79c10e484e2d29445ee02d","action":"update"}]}
