[2026-06-19T00:36:31.273Z] [enriched] Intent enriched: USDT/USD @ 998929607653591936
  meta: {"price":"998929607653591936","timestamp":"1781829389","expiry":"1781832989","blockNumber":13680315}
[2026-06-19T00:36:31.273Z] [routed] Intent passed all filters
  meta: {"routerId":"client_test_01_router_a_majors","destinationIndex":0}
[2026-06-19T00:36:31.274Z] [queued] Intent accepted by coalescer
  meta: {"routerId":"client_test_01_router_a_majors","destinationIndex":0,"clientStatePath":"../state/preview_run_20260608-040304/clients/client-test-01.json"}
[2026-06-19T00:36:32.064Z] [connecting] connecting
[2026-06-19T00:36:39.393Z] [building] building
[2026-06-19T00:36:42.725Z] [signing] signing
  meta: {"txHash":"2b18b147f3c06dcff42da5cf7b742628f319512aaabce767d5eafcb0296a18db"}
[2026-06-19T00:36:44.215Z] [submitting] submitting
  meta: {"txHash":"2b18b147f3c06dcff42da5cf7b742628f319512aaabce767d5eafcb0296a18db"}
[2026-06-19T00:36:44.166Z] [submitted] submitted
  meta: {"txHash":"2b18b147f3c06dcff42da5cf7b742628f319512aaabce767d5eafcb0296a18db"}
[2026-06-19T00:36:44.173Z] [waiting_confirm] waiting_confirm
  meta: {"txHash":"2b18b147f3c06dcff42da5cf7b742628f319512aaabce767d5eafcb0296a18db"}
[2026-06-19T00:37:02.978Z] [waiting_utxo] waiting_utxo
  meta: {"txHash":"2b18b147f3c06dcff42da5cf7b742628f319512aaabce767d5eafcb0296a18db"}
[2026-06-19T00:37:11.378Z] [writing_state] writing_state
  meta: {"txHash":"2b18b147f3c06dcff42da5cf7b742628f319512aaabce767d5eafcb0296a18db"}
[2026-06-19T00:37:14.064Z] [failed] Cardano transaction failed: Intent for USDT/USD superseded on chain; not submitted.
  meta: {"code":"NonMonotonicNonce","remediation":"A newer intent for this pair is already on-chain. The stale intent was discarded; no operator action is needed.","error":"Intent for USDT/USD superseded on chain; not submitted.","batchSize":1,"batchMembers":[{"intentHash":"0x5d0f0e5c6ce36f8758f9d4e30931ba54192699360e9fd2917ab2ba65702f6c0c","symbol":"BTC/USD","pairUnit":"def5c14be6bceefb95769110a0c8c7d5362e58bf8f17b6ee1c1bd9028a3859b168b77160150b13c200392328254c3758f082050fd7ec5c340ac2a497","action":"update"}]}
