[2026-06-18T08:41:00.709Z] [connecting] connecting
[2026-06-18T08:41:00.753Z] [connecting] connecting
[2026-06-18T08:41:06.023Z] [building] building
[2026-06-18T08:41:08.548Z] [signing] signing
  meta: {"txHash":"a79ea50cd670c8fe533c10d5f8defb25759a8342572c33d4a70e48b3bfee1df5"}
[2026-06-18T08:41:08.646Z] [building] building
[2026-06-18T08:41:09.508Z] [submitting] submitting
  meta: {"txHash":"a79ea50cd670c8fe533c10d5f8defb25759a8342572c33d4a70e48b3bfee1df5"}
[2026-06-18T08:41:09.780Z] [submitted] submitted
  meta: {"txHash":"a79ea50cd670c8fe533c10d5f8defb25759a8342572c33d4a70e48b3bfee1df5"}
[2026-06-18T08:41:09.781Z] [waiting_confirm] waiting_confirm
  meta: {"txHash":"a79ea50cd670c8fe533c10d5f8defb25759a8342572c33d4a70e48b3bfee1df5"}
[2026-06-18T08:41:11.124Z] [signing] signing
  meta: {"txHash":"2844ca8d6468fff489fcb2e089bb16a3abd4abb0a0614c59a39e029afbe19e3c"}
[2026-06-18T08:41:12.075Z] [submitting] submitting
  meta: {"txHash":"2844ca8d6468fff489fcb2e089bb16a3abd4abb0a0614c59a39e029afbe19e3c"}
[2026-06-18T08:41:17.320Z] [connecting] connecting
[2026-06-18T08:41:24.941Z] [building] building
[2026-06-18T08:41:27.611Z] [signing] signing
  meta: {"txHash":"d1421a80ba9041a27ecd65ad9b502d8f3895da9db292b5052a370d3ef2a29939"}
[2026-06-18T08:41:28.561Z] [submitting] submitting
  meta: {"txHash":"d1421a80ba9041a27ecd65ad9b502d8f3895da9db292b5052a370d3ef2a29939"}
[2026-06-18T08:41:29.006Z] [waiting_utxo] waiting_utxo
  meta: {"txHash":"a79ea50cd670c8fe533c10d5f8defb25759a8342572c33d4a70e48b3bfee1df5"}
[2026-06-18T08:41:33.545Z] [writing_state] writing_state
  meta: {"txHash":"a79ea50cd670c8fe533c10d5f8defb25759a8342572c33d4a70e48b3bfee1df5"}
[2026-06-18T08:41:33.969Z] [connecting] connecting
[2026-06-18T08:41:36.465Z] [confirm] Cardano transaction confirmed
  meta: {"cardanoTxHash":"a79ea50cd670c8fe533c10d5f8defb25759a8342572c33d4a70e48b3bfee1df5","pairUnit":"02435906b5bf2ebac57a72d8d5609aa7f642b5e0e4d79666e0b1a2938a3859b168b77160150b13c200392328254c3758f082050fd7ec5c340ac2a497","pairAction":"update","batchSize":1}
[2026-06-18T08:41:41.503Z] [building] building
[2026-06-18T08:41:43.993Z] [signing] signing
  meta: {"txHash":"6a9df51fd368731fced5216182706b6df396af92c56c93f31da951dece8af8cf"}
[2026-06-18T08:41:44.946Z] [submitting] submitting
  meta: {"txHash":"6a9df51fd368731fced5216182706b6df396af92c56c93f31da951dece8af8cf"}
[2026-06-18T08:41:45.211Z] [submitted] submitted
  meta: {"txHash":"6a9df51fd368731fced5216182706b6df396af92c56c93f31da951dece8af8cf"}
[2026-06-18T08:41:45.230Z] [waiting_confirm] waiting_confirm
  meta: {"txHash":"6a9df51fd368731fced5216182706b6df396af92c56c93f31da951dece8af8cf"}
[2026-06-18T08:42:34.802Z] [waiting_utxo] waiting_utxo
  meta: {"txHash":"6a9df51fd368731fced5216182706b6df396af92c56c93f31da951dece8af8cf"}
[2026-06-18T08:42:36.880Z] [writing_state] writing_state
  meta: {"txHash":"6a9df51fd368731fced5216182706b6df396af92c56c93f31da951dece8af8cf"}
[2026-06-18T08:42:39.740Z] [batched] Intent confirmed inside a batch of 2 intents
  meta: {"cardanoTxHash":"6a9df51fd368731fced5216182706b6df396af92c56c93f31da951dece8af8cf","batchSize":2,"batchMembers":[{"intentHash":"0x69617e05a30bcd88d4c93c4874320f331b1c85a877da22df8339ceeefd96f868","symbol":"BTC/USD","pairUnit":"def5c14be6bceefb95769110a0c8c7d5362e58bf8f17b6ee1c1bd9028a3859b168b77160150b13c200392328254c3758f082050fd7ec5c340ac2a497","action":"update"},{"intentHash":"0x0e96a0d0de4fbcbc5738e10e0fc3b0b9fcffda827cccf34de416e8a93e50278d","symbol":"ETH/USD","pairUnit":"def5c14be6bceefb95769110a0c8c7d5362e58bf8f17b6ee1c1bd9023d7739c2406edbe3bb594b8f762cf67a2c889a162f2234dc17841f61d33849f4","action":"update"}],"pairUnit":"def5c14be6bceefb95769110a0c8c7d5362e58bf8f17b6ee1c1bd9028a3859b168b77160150b13c200392328254c3758f082050fd7ec5c340ac2a497","pairAction":"update"}
[2026-06-18T08:42:39.740Z] [confirm] Cardano batch transaction confirmed
  meta: {"cardanoTxHash":"6a9df51fd368731fced5216182706b6df396af92c56c93f31da951dece8af8cf","pairUnit":"def5c14be6bceefb95769110a0c8c7d5362e58bf8f17b6ee1c1bd9028a3859b168b77160150b13c200392328254c3758f082050fd7ec5c340ac2a497","pairAction":"update","batchSize":2}
