[2026-06-18T08:33:21.344Z] [enriched] Intent enriched: BTC/USD @ 64438980634267546025984
  meta: {"price":"64438980634267546025984","timestamp":"1781771600","expiry":"1781775200","blockNumber":13521637}
[2026-06-18T08:33:21.344Z] [routed] Intent passed all filters
  meta: {"routerId":"client_test_01_router_a_majors","destinationIndex":0}
[2026-06-18T08:33:21.344Z] [queued] Intent accepted by coalescer
  meta: {"routerId":"client_test_01_router_a_majors","destinationIndex":0,"clientStatePath":"../state/preview_run_20260608-040304/clients/client-test-01.json"}
[2026-06-18T08:34:23.096Z] [connecting] connecting
[2026-06-18T08:34:32.938Z] [building] building
[2026-06-18T08:34:35.771Z] [signing] signing
  meta: {"txHash":"fc5724ac3567dc4cf16ba9389995afd6b302960d6a2d4676ac44ba0467e5a97c"}
[2026-06-18T08:34:36.739Z] [submitting] submitting
  meta: {"txHash":"fc5724ac3567dc4cf16ba9389995afd6b302960d6a2d4676ac44ba0467e5a97c"}
[2026-06-18T08:34:37.000Z] [submitted] submitted
  meta: {"txHash":"fc5724ac3567dc4cf16ba9389995afd6b302960d6a2d4676ac44ba0467e5a97c"}
[2026-06-18T08:34:37.020Z] [waiting_confirm] waiting_confirm
  meta: {"txHash":"fc5724ac3567dc4cf16ba9389995afd6b302960d6a2d4676ac44ba0467e5a97c"}
[2026-06-18T08:35:17.400Z] [waiting_utxo] waiting_utxo
  meta: {"txHash":"fc5724ac3567dc4cf16ba9389995afd6b302960d6a2d4676ac44ba0467e5a97c"}
[2026-06-18T08:35:24.274Z] [writing_state] writing_state
  meta: {"txHash":"fc5724ac3567dc4cf16ba9389995afd6b302960d6a2d4676ac44ba0467e5a97c"}
[2026-06-18T08:35:27.111Z] [failed] Cardano transaction failed: Intent for BTC/USD superseded on chain; not submitted.
  meta: {"code":"NonMonotonicNonce","remediation":"A newer intent for this pair is already on-chain. The stale intent was discarded; no operator action is needed.","error":"Intent for BTC/USD superseded on chain; not submitted.","batchSize":2,"batchMembers":[{"intentHash":"0x6b2001b84ad63ca920cdbe9fdd3386b33c336511ccc6e79b7a32ac249ac73909","symbol":"ARB/USD","pairUnit":"def5c14be6bceefb95769110a0c8c7d5362e58bf8f17b6ee1c1bd902dfafb09cf4921baf2478651f0d7072b3a0df58b6c434443d32511927fa7919fb","action":"update"},{"intentHash":"0x910c524b7ddd5f3fecca66409eb4086eae2bdf529e2f0fe4b50009e45e1aeed1","symbol":"XVG/USD","pairUnit":"def5c14be6bceefb95769110a0c8c7d5362e58bf8f17b6ee1c1bd902e6643031cebf937d080904cd1e6dd3d5aebcac06fc08dc15de991ade67363588","action":"update"}]}
