[2026-06-18T08:15:46.976Z] [enriched] Intent enriched: BTC/USD @ 64376972421805188841472
  meta: {"price":"64376972421805188841472","timestamp":"1781770545","expiry":"1781774145","blockNumber":13518661}
[2026-06-18T08:15:46.976Z] [routed] Intent passed all filters
  meta: {"routerId":"client_test_01_router_a_majors","destinationIndex":0}
[2026-06-18T08:15:46.977Z] [queued] Intent accepted by coalescer
  meta: {"routerId":"client_test_01_router_a_majors","destinationIndex":0,"clientStatePath":"../state/preview_run_20260608-040304/clients/client-test-01.json"}
[2026-06-18T08:15:46.980Z] [enriched] Intent enriched: BTC/USD @ 64376972421805188841472
  meta: {"price":"64376972421805188841472","timestamp":"1781770545","expiry":"1781774145","blockNumber":13518661}
[2026-06-18T08:15:46.980Z] [routed] Intent passed all filters
  meta: {"routerId":"client_test_02_router_default","destinationIndex":0}
[2026-06-18T08:15:46.981Z] [queued] Intent accepted by coalescer
  meta: {"routerId":"client_test_02_router_default","destinationIndex":0,"clientStatePath":"../state/preview_run_20260608-040304/clients/client-test-02.json"}
[2026-06-18T08:16:02.678Z] [connecting] connecting
[2026-06-18T08:16:02.723Z] [connecting] connecting
[2026-06-18T08:16:07.372Z] [building] building
[2026-06-18T08:16:07.421Z] [failed] Cardano transaction failed: Intent for BTC/USD superseded on chain; not submitted.
  meta: {"code":"NonMonotonicNonce","remediation":"A newer intent for this pair is already on-chain. The stale intent was discarded; no operator action is needed.","error":"Intent for BTC/USD superseded on chain; not submitted.","batchSize":1}
[2026-06-18T08:16:10.166Z] [signing] signing
  meta: {"txHash":"169654160978835a26e87b2a3bdf61f183839fbf2db3a4be3683616f0f973207"}
[2026-06-18T08:16:11.133Z] [submitting] submitting
  meta: {"txHash":"169654160978835a26e87b2a3bdf61f183839fbf2db3a4be3683616f0f973207"}
[2026-06-18T08:16:11.382Z] [submitted] submitted
  meta: {"txHash":"169654160978835a26e87b2a3bdf61f183839fbf2db3a4be3683616f0f973207"}
[2026-06-18T08:16:11.383Z] [waiting_confirm] waiting_confirm
  meta: {"txHash":"169654160978835a26e87b2a3bdf61f183839fbf2db3a4be3683616f0f973207"}
[2026-06-18T08:17:18.983Z] [waiting_utxo] waiting_utxo
  meta: {"txHash":"169654160978835a26e87b2a3bdf61f183839fbf2db3a4be3683616f0f973207"}
[2026-06-18T08:17:26.074Z] [writing_state] writing_state
  meta: {"txHash":"169654160978835a26e87b2a3bdf61f183839fbf2db3a4be3683616f0f973207"}
[2026-06-18T08:17:29.011Z] [confirm] Cardano transaction confirmed
  meta: {"cardanoTxHash":"169654160978835a26e87b2a3bdf61f183839fbf2db3a4be3683616f0f973207","pairUnit":"02435906b5bf2ebac57a72d8d5609aa7f642b5e0e4d79666e0b1a2938a3859b168b77160150b13c200392328254c3758f082050fd7ec5c340ac2a497","pairAction":"mint","batchSize":1}
