[2026-06-18T20:11:40.660Z] [connecting] connecting
[2026-06-18T20:11:43.566Z] [connecting] connecting
[2026-06-18T20:11:46.237Z] [building] building
[2026-06-18T20:11:49.515Z] [signing] signing
  meta: {"txHash":"90f02709fca09e9cbbc24fe96cc5d05e8b335f8bed1ab343ff77a9c1212cff39"}
[2026-06-18T20:11:50.962Z] [building] building
[2026-06-18T20:11:50.985Z] [submitting] submitting
  meta: {"txHash":"90f02709fca09e9cbbc24fe96cc5d05e8b335f8bed1ab343ff77a9c1212cff39"}
[2026-06-18T20:11:51.249Z] [waiting_confirm] waiting_confirm
  meta: {"txHash":"90f02709fca09e9cbbc24fe96cc5d05e8b335f8bed1ab343ff77a9c1212cff39"}
[2026-06-18T20:11:51.249Z] [submitted] submitted
  meta: {"txHash":"90f02709fca09e9cbbc24fe96cc5d05e8b335f8bed1ab343ff77a9c1212cff39"}
[2026-06-18T20:11:54.168Z] [signing] signing
  meta: {"txHash":"6fe053112af2d3c838f62db1279d492305bea8630b3a3e3e8d6e5f782f2a0a72"}
[2026-06-18T20:11:55.632Z] [submitting] submitting
  meta: {"txHash":"6fe053112af2d3c838f62db1279d492305bea8630b3a3e3e8d6e5f782f2a0a72"}
[2026-06-18T20:12:00.919Z] [connecting] connecting
[2026-06-18T20:12:04.488Z] [waiting_utxo] waiting_utxo
  meta: {"txHash":"90f02709fca09e9cbbc24fe96cc5d05e8b335f8bed1ab343ff77a9c1212cff39"}
[2026-06-18T20:12:08.022Z] [building] building
[2026-06-18T20:12:09.352Z] [writing_state] writing_state
  meta: {"txHash":"90f02709fca09e9cbbc24fe96cc5d05e8b335f8bed1ab343ff77a9c1212cff39"}
[2026-06-18T20:12:11.192Z] [signing] signing
  meta: {"txHash":"de143d300b9a44ea53d2333993b020ab092479231c70d4312f4cf72a387797d1"}
[2026-06-18T20:12:12.666Z] [submitting] submitting
  meta: {"txHash":"de143d300b9a44ea53d2333993b020ab092479231c70d4312f4cf72a387797d1"}
[2026-06-18T20:12:12.830Z] [confirm] Cardano transaction confirmed
  meta: {"cardanoTxHash":"90f02709fca09e9cbbc24fe96cc5d05e8b335f8bed1ab343ff77a9c1212cff39","pairUnit":"02435906b5bf2ebac57a72d8d5609aa7f642b5e0e4d79666e0b1a2938a3859b168b77160150b13c200392328254c3758f082050fd7ec5c340ac2a497","pairAction":"update","batchSize":1}
[2026-06-18T20:12:12.836Z] [connecting] connecting
[2026-06-18T20:12:13.016Z] [submitted] submitted
  meta: {"txHash":"de143d300b9a44ea53d2333993b020ab092479231c70d4312f4cf72a387797d1"}
[2026-06-18T20:12:13.023Z] [waiting_confirm] waiting_confirm
  meta: {"txHash":"de143d300b9a44ea53d2333993b020ab092479231c70d4312f4cf72a387797d1"}
[2026-06-18T20:12:18.581Z] [building] building
[2026-06-18T20:12:18.592Z] [failed] Cardano transaction failed: Oracle intent timestamp must be greater than the current on-chain timestamp; intent superseded, not submitted.
  meta: {"code":"NonMonotonicNonce","remediation":"A newer intent for this pair is already on-chain. The stale intent was discarded; no operator action is needed.","error":"Oracle intent timestamp must be greater than the current on-chain timestamp; intent superseded, not submitted.","batchSize":1}
[2026-06-18T20:12:29.376Z] [waiting_utxo] waiting_utxo
  meta: {"txHash":"de143d300b9a44ea53d2333993b020ab092479231c70d4312f4cf72a387797d1"}
[2026-06-18T20:12:37.344Z] [writing_state] writing_state
  meta: {"txHash":"de143d300b9a44ea53d2333993b020ab092479231c70d4312f4cf72a387797d1"}
[2026-06-18T20:12:40.719Z] [confirm] Cardano transaction confirmed
  meta: {"cardanoTxHash":"de143d300b9a44ea53d2333993b020ab092479231c70d4312f4cf72a387797d1","pairUnit":"def5c14be6bceefb95769110a0c8c7d5362e58bf8f17b6ee1c1bd9028a3859b168b77160150b13c200392328254c3758f082050fd7ec5c340ac2a497","pairAction":"update","batchSize":1}
