[2026-06-18T22:10:45.485Z] [connecting] connecting
[2026-06-18T22:10:45.522Z] [connecting] connecting
[2026-06-18T22:10:50.957Z] [building] building
[2026-06-18T22:10:52.740Z] [building] building
[2026-06-18T22:10:54.002Z] [signing] signing
  meta: {"txHash":"8cde8f340da9af5fa1b816f3c621efa0b54adbe1679c24c4f1f841bf12b2a562"}
[2026-06-18T22:10:55.465Z] [submitting] submitting
  meta: {"txHash":"8cde8f340da9af5fa1b816f3c621efa0b54adbe1679c24c4f1f841bf12b2a562"}
[2026-06-18T22:10:55.757Z] [signing] signing
  meta: {"txHash":"1c62c5c13affdca1ed8572e160b2058b2eebf935885e9d8971b3359d6d5ae776"}
[2026-06-18T22:10:55.796Z] [submitted] submitted
  meta: {"txHash":"8cde8f340da9af5fa1b816f3c621efa0b54adbe1679c24c4f1f841bf12b2a562"}
[2026-06-18T22:10:55.796Z] [waiting_confirm] waiting_confirm
  meta: {"txHash":"8cde8f340da9af5fa1b816f3c621efa0b54adbe1679c24c4f1f841bf12b2a562"}
[2026-06-18T22:10:57.233Z] [submitting] submitting
  meta: {"txHash":"1c62c5c13affdca1ed8572e160b2058b2eebf935885e9d8971b3359d6d5ae776"}
[2026-06-18T22:11:02.475Z] [connecting] connecting
[2026-06-18T22:11:09.423Z] [building] building
[2026-06-18T22:11:12.520Z] [signing] signing
  meta: {"txHash":"1c62c5c13affdca1ed8572e160b2058b2eebf935885e9d8971b3359d6d5ae776"}
[2026-06-18T22:11:13.973Z] [submitting] submitting
  meta: {"txHash":"1c62c5c13affdca1ed8572e160b2058b2eebf935885e9d8971b3359d6d5ae776"}
[2026-06-18T22:11:19.228Z] [connecting] connecting
[2026-06-18T22:11:26.210Z] [building] building
[2026-06-18T22:11:29.296Z] [signing] signing
  meta: {"txHash":"1c62c5c13affdca1ed8572e160b2058b2eebf935885e9d8971b3359d6d5ae776"}
[2026-06-18T22:11:30.774Z] [submitting] submitting
  meta: {"txHash":"1c62c5c13affdca1ed8572e160b2058b2eebf935885e9d8971b3359d6d5ae776"}
[2026-06-18T22:11:36.023Z] [connecting] connecting
[2026-06-18T22:11:42.838Z] [building] building
[2026-06-18T22:11:45.272Z] [superseded] Superseded by newer intent
  meta: {"supersededByHash":"0xfae70c8bf5f89f218ba1533c1b6b9ce5a405f5690a62539f2d320f5c42d28931"}
[2026-06-18T22:11:45.284Z] [superseded] Superseded by newer intent
  meta: {"supersededByHash":"0xfae70c8bf5f89f218ba1533c1b6b9ce5a405f5690a62539f2d320f5c42d28931"}
[2026-06-18T22:11:45.958Z] [signing] signing
  meta: {"txHash":"1c62c5c13affdca1ed8572e160b2058b2eebf935885e9d8971b3359d6d5ae776"}
[2026-06-18T22:11:47.407Z] [submitting] submitting
  meta: {"txHash":"1c62c5c13affdca1ed8572e160b2058b2eebf935885e9d8971b3359d6d5ae776"}
[2026-06-18T22:11:47.658Z] [failed] Cardano transaction failed: Error: {"contents":{"contents":{"contents":{"era":"ShelleyBasedEraConway","error":["ConwayUtxowFailure (UtxoFailure (InsufficientCollateral (DeltaCoin (-206262363)) (Coin 1880451)))","ConwayUtxowFailure (UtxoFailure (IncorrectTotalCollateralField (DeltaCoin (-206262363)) (Coin 5000000)))","ConwayUtxowFailure (UtxoFailure NoCollateralInputs)","ConwayUtxowFailure (UtxoFailure (BadInputsUTxO (NonEmptySet (fromList [TxIn (TxId {unTxId = SafeHash \"5ced69bfcee5292bcb85ebfc0e916f9482331145d32716a541e99db3c8caa5fb\"}) (TxIx {unTxIx = 2})]))))","ConwayUtxowFailure (UtxoFailure (ValueNotConservedUTxO Mismatch (RelEQ) {supplied: MaryValue (Coin 9227150000) (MultiAsset (fromList [(PolicyID {policyID = ScriptHash \"def5c14be6bceefb95769110a0c8c7d5362e58bf8f17b6ee1c1bd902\"},fromList [(\"3d7739c2406edbe3bb594b8f762cf67a2c889a162f2234dc17841f61d33849f4\",1),(\"5ec9fa6a8337c83985882517e4865a68763912f37490cffe992a26abfd29d315\",1),(\"8a3859b168b77160150b13c200392328254c3758f082050fd7ec5c340ac2a497\",1)]),(PolicyID {policyID = ScriptHash \"e6721fde8af7e40aecbd6f146b0470cc20722e05a61c9230a052900d\"},fromList [(\"4449415f52454345495645525f434c49454e545f41\",1)])])), expected: MaryValue (Coin 9438412363) (MultiAsset (fromList [(PolicyID {policyID = ScriptHash \"def5c14be6bceefb95769110a0c8c7d5362e58bf8f17b6ee1c1bd902\"},fromList [(\"3d7739c2406edbe3bb594b8f762cf67a2c889a162f2234dc17841f61d33849f4\",1),(\"5ec9fa6a8337c83985882517e4865a68763912f37490cffe992a26abfd29d315\",1),(\"8a3859b168b77160150b13c200392328254c3758f082050fd7ec5c340ac2a497\",1)]),(PolicyID {policyID = ScriptHash \"e6721fde8af7e40aecbd6f146b0470cc20722e05a61c9230a052900d\"},fromList [(\"4449415f52454345495645525f434c49454e545f41\",1)])]))}))","ConwayUtxowFailure (UtxoFailure (UtxosFailure (CollectErrors (BadTranslation (BabbageContextError (AlonzoContextError (TranslationLogicMissingInput (TxIn (TxId {unTxId = SafeHash \"5ced69bfcee5292bcb85ebfc0e916f9482331145d32716a541e99db3c8caa5fb\"}) (TxIx {unTxIx = 2}))))) :| []))))"],"kind":"ShelleyTxValidationError"},"tag":"TxValidationErrorInCardanoMode"},"tag":"TxCmdTxSubmitValidationError"},"tag":"TxSubmitFail"}
  meta: {"code":"UtxoNotFound","remediation":"A required script UTxO could not be found on-chain. The chain state may need reconciliation — run the feeder's reconcile step.","error":"Error: {\"contents\":{\"contents\":{\"contents\":{\"era\":\"ShelleyBasedEraConway\",\"error\":[\"ConwayUtxowFailure (UtxoFailure (InsufficientCollateral (DeltaCoin (-206262363)) (Coin 1880451)))\",\"ConwayUtxowFailure (UtxoFailure (IncorrectTotalCollateralField (DeltaCoin (-206262363)) (Coin 5000000)))\",\"ConwayUtxowFailure (UtxoFailure NoCollateralInputs)\",\"ConwayUtxowFailure (UtxoFailure (BadInputsUTxO (NonEmptySet (fromList [TxIn (TxId {unTxId = SafeHash \\\"5ced69bfcee5292bcb85ebfc0e916f9482331145d32716a541e99db3c8caa5fb\\\"}) (TxIx {unTxIx = 2})]))))\",\"ConwayUtxowFailure (UtxoFailure (ValueNotConservedUTxO Mismatch (RelEQ) {supplied: MaryValue (Coin 9227150000) (MultiAsset (fromList [(PolicyID {policyID = ScriptHash \\\"def5c14be6bceefb95769110a0c8c7d5362e58bf8f17b6ee1c1bd902\\\"},fromList [(\\\"3d7739c2406edbe3bb594b8f762cf67a2c889a162f2234dc17841f61d33849f4\\\",1),(\\\"5ec9fa6a8337c83985882517e4865a68763912f37490cffe992a26abfd29d315\\\",1),(\\\"8a3859b168b77160150b13c200392328254c3758f082050fd7ec5c340ac2a497\\\",1)]),(PolicyID {policyID = ScriptHash \\\"e6721fde8af7e40aecbd6f146b0470cc20722e05a61c9230a052900d\\\"},fromList [(\\\"4449415f52454345495645525f434c49454e545f41\\\",1)])])), expected: MaryValue (Coin 9438412363) (MultiAsset (fromList [(PolicyID {policyID = ScriptHash \\\"def5c14be6bceefb95769110a0c8c7d5362e58bf8f17b6ee1c1bd902\\\"},fromList [(\\\"3d7739c2406edbe3bb594b8f762cf67a2c889a162f2234dc17841f61d33849f4\\\",1),(\\\"5ec9fa6a8337c83985882517e4865a68763912f37490cffe992a26abfd29d315\\\",1),(\\\"8a3859b168b77160150b13c200392328254c3758f082050fd7ec5c340ac2a497\\\",1)]),(PolicyID {policyID = ScriptHash \\\"e6721fde8af7e40aecbd6f146b0470cc20722e05a61c9230a052900d\\\"},fromList [(\\\"4449415f52454345495645525f434c49454e545f41\\\",1)])]))}))\",\"ConwayUtxowFailure (UtxoFailure (UtxosFailure (CollectErrors (BadTranslation (BabbageContextError (AlonzoContextError (TranslationLogicMissingInput (TxIn (TxId {unTxId = SafeHash \\\"5ced69bfcee5292bcb85ebfc0e916f9482331145d32716a541e99db3c8caa5fb\\\"}) (TxIx {unTxIx = 2}))))) :| []))))\"],\"kind\":\"ShelleyTxValidationError\"},\"tag\":\"TxValidationErrorInCardanoMode\"},\"tag\":\"TxCmdTxSubmitValidationError\"},\"tag\":\"TxSubmitFail\"}","batchSize":3,"batchMembers":[{"intentHash":"0x7252cc6dbdb42517109e33de096742f89b78a04ff919212019c016814a01679e","symbol":"BTC/USD","pairUnit":"","action":"update"},{"intentHash":"0x953c020cf16046c8861da483b3e8d0c1821a2d655c1f2950162aad16a94c2648","symbol":"ETH/USD","pairUnit":"","action":"update"},{"intentHash":"0x0a5efa03037e28f417aa4f2dc6e988c499a396a3b2b80a3c4be8ce6fdad253de","symbol":"USDT/USD","pairUnit":"","action":"update"}]}
[2026-06-18T22:11:47.748Z] [waiting_utxo] waiting_utxo
  meta: {"txHash":"8cde8f340da9af5fa1b816f3c621efa0b54adbe1679c24c4f1f841bf12b2a562"}
[2026-06-18T22:11:50.133Z] [writing_state] writing_state
  meta: {"txHash":"8cde8f340da9af5fa1b816f3c621efa0b54adbe1679c24c4f1f841bf12b2a562"}
[2026-06-18T22:11:53.469Z] [confirm] Cardano transaction confirmed
  meta: {"cardanoTxHash":"8cde8f340da9af5fa1b816f3c621efa0b54adbe1679c24c4f1f841bf12b2a562","pairUnit":"02435906b5bf2ebac57a72d8d5609aa7f642b5e0e4d79666e0b1a2938a3859b168b77160150b13c200392328254c3758f082050fd7ec5c340ac2a497","pairAction":"update","batchSize":1}
