[2026-06-18T16:36:00.910Z] [enriched] Intent enriched: BTC/USD @ 62551005618577063542784
  meta: {"price":"62551005618577063542784","timestamp":"1781800559","expiry":"1781804159","blockNumber":13601579}
[2026-06-18T16:36:00.910Z] [routed] Intent passed all filters
  meta: {"routerId":"client_test_01_router_a_majors","destinationIndex":0}
[2026-06-18T16:36:00.911Z] [queued] Intent accepted by coalescer
  meta: {"routerId":"client_test_01_router_a_majors","destinationIndex":0,"clientStatePath":"../state/preview_run_20260608-040304/clients/client-test-01.json"}
[2026-06-18T16:36:16.618Z] [connecting] connecting
[2026-06-18T16:36:24.875Z] [building] building
[2026-06-18T16:36:28.057Z] [signing] signing
  meta: {"txHash":"4f5358ab83ebf9d2951e447d412196efc6ab61a8592116624583e49165c886bf"}
[2026-06-18T16:36:29.513Z] [submitting] submitting
  meta: {"txHash":"4f5358ab83ebf9d2951e447d412196efc6ab61a8592116624583e49165c886bf"}
[2026-06-18T16:36:29.803Z] [submitted] submitted
  meta: {"txHash":"4f5358ab83ebf9d2951e447d412196efc6ab61a8592116624583e49165c886bf"}
[2026-06-18T16:36:29.812Z] [waiting_confirm] waiting_confirm
  meta: {"txHash":"4f5358ab83ebf9d2951e447d412196efc6ab61a8592116624583e49165c886bf"}
[2026-06-18T16:36:37.690Z] [superseded] Superseded by newer intent
  meta: {"supersededByHash":"0xa3c95c441e49e7e8f8c8ac947d89939cb1deee3a89c4acf3f4f61168e5ff62b7"}
[2026-06-18T16:36:46.612Z] [connecting] connecting
[2026-06-18T16:36:52.240Z] [building] building
[2026-06-18T16:36:55.134Z] [signing] signing
  meta: {"txHash":"d154ae8799e4f1bcec865a19cbe11e63b7bf396ca5da4d815933dce7536184bb"}
[2026-06-18T16:36:56.583Z] [submitting] submitting
  meta: {"txHash":"d154ae8799e4f1bcec865a19cbe11e63b7bf396ca5da4d815933dce7536184bb"}
