[2026-06-18T23:01:01.719Z] [connecting] connecting
[2026-06-18T23:01:06.896Z] [building] building
[2026-06-18T23:01:10.542Z] [signing] signing
  meta: {"txHash":"6487503e567a451fc78bb0b5e09f77931a9d1a816c8c937ee4a3d66b77c0ee3b"}
[2026-06-18T23:01:12.008Z] [submitting] submitting
  meta: {"txHash":"6487503e567a451fc78bb0b5e09f77931a9d1a816c8c937ee4a3d66b77c0ee3b"}
[2026-06-18T23:01:17.270Z] [connecting] connecting
[2026-06-18T23:01:20.871Z] [superseded] Superseded by newer intent
  meta: {"supersededByHash":"0x78c9c6c8c1ef68107ff76641c6cff9f965de1f27d93b37d211036959a614e7e9"}
[2026-06-18T23:01:22.657Z] [building] building
[2026-06-18T23:01:25.530Z] [signing] signing
  meta: {"txHash":"8ba46bb1995564593f1a8d5079e39995a32f7d51722d9b120cfe3c2141c30ca2"}
[2026-06-18T23:01:27.031Z] [submitting] submitting
  meta: {"txHash":"8ba46bb1995564593f1a8d5079e39995a32f7d51722d9b120cfe3c2141c30ca2"}
[2026-06-18T23:01:27.290Z] [submitted] submitted
  meta: {"txHash":"8ba46bb1995564593f1a8d5079e39995a32f7d51722d9b120cfe3c2141c30ca2"}
[2026-06-18T23:01:27.291Z] [waiting_confirm] waiting_confirm
  meta: {"txHash":"8ba46bb1995564593f1a8d5079e39995a32f7d51722d9b120cfe3c2141c30ca2"}
[2026-06-18T23:01:28.044Z] [connecting] connecting
[2026-06-18T23:01:31.517Z] [waiting_utxo] waiting_utxo
  meta: {"txHash":"8ba46bb1995564593f1a8d5079e39995a32f7d51722d9b120cfe3c2141c30ca2"}
[2026-06-18T23:01:39.374Z] [writing_state] writing_state
  meta: {"txHash":"8ba46bb1995564593f1a8d5079e39995a32f7d51722d9b120cfe3c2141c30ca2"}
[2026-06-18T23:01:40.961Z] [building] building
[2026-06-18T23:01:42.723Z] [confirm] Cardano transaction confirmed
  meta: {"cardanoTxHash":"8ba46bb1995564593f1a8d5079e39995a32f7d51722d9b120cfe3c2141c30ca2","pairUnit":"02435906b5bf2ebac57a72d8d5609aa7f642b5e0e4d79666e0b1a2938a3859b168b77160150b13c200392328254c3758f082050fd7ec5c340ac2a497","pairAction":"update","batchSize":1}
[2026-06-18T23:01:44.636Z] [signing] signing
  meta: {"txHash":"cde9be4d9725bf529692b53f6e5fb5c2aad00227f2a72e099f3fba505e865f87"}
[2026-06-18T23:01:46.110Z] [submitting] submitting
  meta: {"txHash":"cde9be4d9725bf529692b53f6e5fb5c2aad00227f2a72e099f3fba505e865f87"}
[2026-06-18T23:01:46.373Z] [submitted] submitted
  meta: {"txHash":"cde9be4d9725bf529692b53f6e5fb5c2aad00227f2a72e099f3fba505e865f87"}
[2026-06-18T23:01:46.412Z] [waiting_confirm] waiting_confirm
  meta: {"txHash":"cde9be4d9725bf529692b53f6e5fb5c2aad00227f2a72e099f3fba505e865f87"}
[2026-06-18T23:03:17.175Z] [waiting_utxo] waiting_utxo
  meta: {"txHash":"cde9be4d9725bf529692b53f6e5fb5c2aad00227f2a72e099f3fba505e865f87"}
[2026-06-18T23:03:21.986Z] [writing_state] writing_state
  meta: {"txHash":"cde9be4d9725bf529692b53f6e5fb5c2aad00227f2a72e099f3fba505e865f87"}
[2026-06-18T23:03:25.298Z] [batched] Intent confirmed inside a batch of 6 intents
  meta: {"cardanoTxHash":"cde9be4d9725bf529692b53f6e5fb5c2aad00227f2a72e099f3fba505e865f87","batchSize":6,"batchMembers":[{"intentHash":"0xa8712bba7321c250ae29fbf7960f6e44545f4270c0216ba7a22d5935bda341da","symbol":"BTC/USD","pairUnit":"def5c14be6bceefb95769110a0c8c7d5362e58bf8f17b6ee1c1bd9028a3859b168b77160150b13c200392328254c3758f082050fd7ec5c340ac2a497","action":"update"},{"intentHash":"0xbccfdee7a6577b8db69198ebee4a9126e26b45f4a6441a772cad71a051caabce","symbol":"ETH/USD","pairUnit":"def5c14be6bceefb95769110a0c8c7d5362e58bf8f17b6ee1c1bd9023d7739c2406edbe3bb594b8f762cf67a2c889a162f2234dc17841f61d33849f4","action":"update"},{"intentHash":"0x9eff0daf9727d9cd9d6da29d6bb5f8de5e29c9edd17e94fd21fd3be0c5bea9e7","symbol":"LTC/USD","pairUnit":"def5c14be6bceefb95769110a0c8c7d5362e58bf8f17b6ee1c1bd90201f8ca4f564d04963a1ffccbb3f49da8bf09c0373f278d84047413cf09399650","action":"update"},{"intentHash":"0xe65ef737fb54fbe2f26b22f550f86196424c2a047bc2acf7dcba8b99e856c67e","symbol":"ARB/USD","pairUnit":"def5c14be6bceefb95769110a0c8c7d5362e58bf8f17b6ee1c1bd902dfafb09cf4921baf2478651f0d7072b3a0df58b6c434443d32511927fa7919fb","action":"update"},{"intentHash":"0x85c0f73302a4c02c9fcb27e88bb863d58bdfabb9bca915cc9a4aec0640896f69","symbol":"DOGE/USD","pairUnit":"def5c14be6bceefb95769110a0c8c7d5362e58bf8f17b6ee1c1bd90219434a5bb684f659378f19bc8c3748046e646c079e79c10e484e2d29445ee02d","action":"update"},{"intentHash":"0x2e900de88ecb8da150e75a5c9df22406d7a50de2c6c4460e46aada4679286c52","symbol":"SHIB/USD","pairUnit":"def5c14be6bceefb95769110a0c8c7d5362e58bf8f17b6ee1c1bd902406a90956881e5fbe476ff634fd41235fb114c833053daebd4af3b30c0bde839","action":"update"}],"pairUnit":"def5c14be6bceefb95769110a0c8c7d5362e58bf8f17b6ee1c1bd9028a3859b168b77160150b13c200392328254c3758f082050fd7ec5c340ac2a497","pairAction":"update"}
[2026-06-18T23:03:25.299Z] [confirm] Cardano batch transaction confirmed
  meta: {"cardanoTxHash":"cde9be4d9725bf529692b53f6e5fb5c2aad00227f2a72e099f3fba505e865f87","pairUnit":"def5c14be6bceefb95769110a0c8c7d5362e58bf8f17b6ee1c1bd9028a3859b168b77160150b13c200392328254c3758f082050fd7ec5c340ac2a497","pairAction":"update","batchSize":6}
