[2026-06-18T18:10:44.449Z] [enriched] Intent enriched: DOGE/USD @ 82277426377056840
  meta: {"price":"82277426377056840","timestamp":"1781806242","expiry":"1781809842","blockNumber":13616961}
[2026-06-18T18:10:44.449Z] [routed] Intent passed all filters
  meta: {"routerId":"client_test_01_router_a_majors","destinationIndex":0}
[2026-06-18T18:10:44.450Z] [queued] Intent accepted by coalescer
  meta: {"routerId":"client_test_01_router_a_majors","destinationIndex":0,"clientStatePath":"../state/preview_run_20260608-040304/clients/client-test-01.json"}
[2026-06-18T18:10:47.701Z] [connecting] connecting
[2026-06-18T18:10:52.875Z] [connecting] connecting
[2026-06-18T18:10:58.112Z] [connecting] connecting
[2026-06-18T18:11:03.431Z] [connecting] connecting
[2026-06-18T18:11:03.812Z] [failed] Cardano transaction failed: Unable to fetch protocol parameters from Blockfrost (402 Payment Required).
  meta: {"code":"BuilderError","remediation":"A Cardano tx builder or signing error occurred. Check the feeder logs for the full stack trace.","error":"Unable to fetch protocol parameters from Blockfrost (402 Payment Required).","batchSize":9,"batchMembers":[{"intentHash":"0x944860f761de6baeace53475cc174b9d5e5df776715d85cfb13b3bd8a571ad88","symbol":"LTC/USD","pairUnit":"","action":"update"},{"intentHash":"0x7c3b6e1d72d4974e3479cdaa2c1126355298bf1a301f89a0e8245efd17db3951","symbol":"NEIRO/USD","pairUnit":"","action":"update"},{"intentHash":"0x71f67d16dc209abe1b71140ee5a77cb94bb5f5aa4146774d4e6c3c23b6e0a639","symbol":"BTC/USD","pairUnit":"","action":"update"},{"intentHash":"0xfc4d4c655d9cd5774ba79b1a2b2dd77b710167e47acffa9fdf274ee9736daa57","symbol":"ETH/USD","pairUnit":"","action":"update"},{"intentHash":"0xaa64e3a3da57b34941f90c8ddfce71f95e9f85576605e35af0eba0d66c4ca3c1","symbol":"USDC/USD","pairUnit":"","action":"update"},{"intentHash":"0xe730a09e42484f427dd7cdbab092f1b0bb287d6348d28c0f0fbbd0e97159badc","symbol":"XVG/USD","pairUnit":"","action":"update"},{"intentHash":"0xa1869080a895ec164a64f9c67883c76d30f5d4c876772cb4408e75bbbd73618b","symbol":"DOGE/USD","pairUnit":"","action":"update"},{"intentHash":"0xdc987a1f4d43e7424ad61c70d2dbc6cc5e9a884816850f78aaf35bcfd4ec0023","symbol":"USDT/USD","pairUnit":"","action":"update"},{"intentHash":"0x26c13bc0d52849ebba9939190f5a200f9ef1e9221b0a84ac10fce7d39eea21e5","symbol":"SHIB/USD","pairUnit":"","action":"update"}]}
[2026-06-18T18:11:03.833Z] [connecting] connecting
[2026-06-18T18:11:09.066Z] [connecting] connecting
[2026-06-18T18:11:14.394Z] [connecting] connecting
[2026-06-18T18:11:19.732Z] [connecting] connecting
[2026-06-18T18:11:20.096Z] [failed] Cardano transaction failed: Unable to fetch protocol parameters from Blockfrost (402 Payment Required).
  meta: {"code":"BuilderError","remediation":"A Cardano tx builder or signing error occurred. Check the feeder logs for the full stack trace.","error":"Unable to fetch protocol parameters from Blockfrost (402 Payment Required).","batchSize":7,"batchMembers":[{"intentHash":"0x71f67d16dc209abe1b71140ee5a77cb94bb5f5aa4146774d4e6c3c23b6e0a639","symbol":"BTC/USD","pairUnit":"","action":"update"},{"intentHash":"0xfc4d4c655d9cd5774ba79b1a2b2dd77b710167e47acffa9fdf274ee9736daa57","symbol":"ETH/USD","pairUnit":"","action":"update"},{"intentHash":"0xaa64e3a3da57b34941f90c8ddfce71f95e9f85576605e35af0eba0d66c4ca3c1","symbol":"USDC/USD","pairUnit":"","action":"update"},{"intentHash":"0xa1869080a895ec164a64f9c67883c76d30f5d4c876772cb4408e75bbbd73618b","symbol":"DOGE/USD","pairUnit":"","action":"update"},{"intentHash":"0x944860f761de6baeace53475cc174b9d5e5df776715d85cfb13b3bd8a571ad88","symbol":"LTC/USD","pairUnit":"","action":"update"},{"intentHash":"0x8972417ca47488e49f887b7a583d206149e3fb94beb7768dfe39ac63c616bfbd","symbol":"ARB/USD","pairUnit":"","action":"update"},{"intentHash":"0x26c13bc0d52849ebba9939190f5a200f9ef1e9221b0a84ac10fce7d39eea21e5","symbol":"SHIB/USD","pairUnit":"","action":"update"}]}
[2026-06-18T18:11:36.205Z] [connecting] connecting
[2026-06-18T18:11:41.426Z] [connecting] connecting
[2026-06-18T18:11:46.762Z] [connecting] connecting
[2026-06-18T18:11:52.079Z] [connecting] connecting
[2026-06-18T18:11:52.329Z] [failed] Cardano transaction failed: Unable to fetch protocol parameters from Blockfrost (402 Payment Required).
  meta: {"code":"BuilderError","remediation":"A Cardano tx builder or signing error occurred. Check the feeder logs for the full stack trace.","error":"Unable to fetch protocol parameters from Blockfrost (402 Payment Required).","batchSize":9,"batchMembers":[{"intentHash":"0xb916f65528ad23e250d03bdda69f53cf1f1377c46e0add1be7b17552fce49658","symbol":"BTC/USD","pairUnit":"","action":"update"},{"intentHash":"0xb8e3d1207597cbf4eae0102c6b58a0ee5f1c3fae410739d0f76aabb2eea7408c","symbol":"ETH/USD","pairUnit":"","action":"update"},{"intentHash":"0x9b840352e4cd8b07d1e79b4b4570d0e47cf009883fecfce2426162cd6621936c","symbol":"USDC/USD","pairUnit":"","action":"update"},{"intentHash":"0xa1869080a895ec164a64f9c67883c76d30f5d4c876772cb4408e75bbbd73618b","symbol":"DOGE/USD","pairUnit":"","action":"update"},{"intentHash":"0x5d79d826046124e2d0d4b60323c95a7ef3f06bba73766b5aff565a98c1681b14","symbol":"LTC/USD","pairUnit":"","action":"update"},{"intentHash":"0x26c13bc0d52849ebba9939190f5a200f9ef1e9221b0a84ac10fce7d39eea21e5","symbol":"SHIB/USD","pairUnit":"","action":"update"},{"intentHash":"0x6a5a067ad4afaf7cee2502452ae2fc98b5f81e7f17bfa9783d5967b0f6768812","symbol":"NEIRO/USD","pairUnit":"","action":"update"},{"intentHash":"0x52ed6eb966755e610a122ab2e0adcaf99cba4384c1101a1a638e7aa2060eafa7","symbol":"XVG/USD","pairUnit":"","action":"update"},{"intentHash":"0xd1a421b6e76b89fbefc1a3c5494cdfefdc31c833bbb3d20cfbcb9c7fe08748bf","symbol":"USDT/USD","pairUnit":"","action":"update"}]}
