[2026-06-18T16:05:53.521Z] [enriched] Intent enriched: NEIRO/USD @ 64319013900000
  meta: {"price":"64319013900000","timestamp":"1781798751","expiry":"1781802351","blockNumber":13596593}
[2026-06-18T16:05:53.521Z] [routed] Intent passed all filters
  meta: {"routerId":"client_test_01_router_b_alts","destinationIndex":0}
[2026-06-18T16:05:53.522Z] [queued] Intent accepted by coalescer
  meta: {"routerId":"client_test_01_router_b_alts","destinationIndex":0,"clientStatePath":"../state/preview_run_20260608-040304/clients/client-test-01.json"}
[2026-06-18T16:06:03.247Z] [connecting] connecting
[2026-06-18T16:06:10.660Z] [building] building
[2026-06-18T16:06:14.385Z] [signing] signing
  meta: {"txHash":"d6e325b1fc9d84982c3f9b7f13916f6e6f82ad348d908721dc4635d1cf83ac1b"}
[2026-06-18T16:06:15.851Z] [submitting] submitting
  meta: {"txHash":"d6e325b1fc9d84982c3f9b7f13916f6e6f82ad348d908721dc4635d1cf83ac1b"}
[2026-06-18T16:06:16.117Z] [submitted] submitted
  meta: {"txHash":"d6e325b1fc9d84982c3f9b7f13916f6e6f82ad348d908721dc4635d1cf83ac1b"}
[2026-06-18T16:06:16.122Z] [waiting_confirm] waiting_confirm
  meta: {"txHash":"d6e325b1fc9d84982c3f9b7f13916f6e6f82ad348d908721dc4635d1cf83ac1b"}
[2026-06-18T16:06:44.336Z] [waiting_utxo] waiting_utxo
  meta: {"txHash":"d6e325b1fc9d84982c3f9b7f13916f6e6f82ad348d908721dc4635d1cf83ac1b"}
[2026-06-18T16:06:52.659Z] [writing_state] writing_state
  meta: {"txHash":"d6e325b1fc9d84982c3f9b7f13916f6e6f82ad348d908721dc4635d1cf83ac1b"}
[2026-06-18T16:06:56.088Z] [failed] Cardano transaction failed: Intent for NEIRO/USD superseded on chain; not submitted.
  meta: {"code":"NonMonotonicNonce","remediation":"A newer intent for this pair is already on-chain. The stale intent was discarded; no operator action is needed.","error":"Intent for NEIRO/USD superseded on chain; not submitted.","batchSize":1,"batchMembers":[{"intentHash":"0x8d51ca00fb472584341a316d4032dbc8658800709f22994eb777c91792d38506","symbol":"USDT/USD","pairUnit":"def5c14be6bceefb95769110a0c8c7d5362e58bf8f17b6ee1c1bd9025ec9fa6a8337c83985882517e4865a68763912f37490cffe992a26abfd29d315","action":"update"}]}
