[2026-06-18T18:17:38.926Z] [enriched] Intent enriched: XVG/USD @ 2507660370000000
  meta: {"price":"2507660370000000","timestamp":"1781806657","expiry":"1781810257","blockNumber":13618113}
[2026-06-18T18:17:38.926Z] [routed] Intent passed all filters
  meta: {"routerId":"client_test_01_router_b_alts","destinationIndex":0}
[2026-06-18T18:17:38.928Z] [queued] Intent accepted by coalescer
  meta: {"routerId":"client_test_01_router_b_alts","destinationIndex":0,"clientStatePath":"../state/preview_run_20260608-040304/clients/client-test-01.json"}
[2026-06-18T18:17:46.094Z] [connecting] connecting
[2026-06-18T18:17:51.315Z] [connecting] connecting
[2026-06-18T18:17:56.560Z] [connecting] connecting
[2026-06-18T18:18:01.868Z] [connecting] connecting
[2026-06-18T18:18:02.193Z] [failed] Cardano transaction failed: Unable to fetch protocol parameters from Blockfrost (402 Payment Required).
  meta: {"code":"BuilderError","remediation":"A Cardano tx builder or signing error occurred. Check the feeder logs for the full stack trace.","error":"Unable to fetch protocol parameters from Blockfrost (402 Payment Required).","batchSize":5,"batchMembers":[{"intentHash":"0x4a408d1622e21e13609cbb842f8510fafa935c554177e6db1012addb3d561e5c","symbol":"XVG/USD","pairUnit":"","action":"update"},{"intentHash":"0xebd7a0fb25bd7901af07df08b2cce51fb010f252c488e198c2a78a0e6cb424bd","symbol":"USDT/USD","pairUnit":"","action":"update"},{"intentHash":"0xa0372a4bdb96844262770ca28f3dd71894b0cb013423e075ebcb1b6767732f50","symbol":"LTC/USD","pairUnit":"","action":"update"},{"intentHash":"0xc8002b216f9b1c5588f4e8748a53ec5d39a3751c594a78fb4e8703f3a213a0b0","symbol":"BTC/USD","pairUnit":"","action":"update"},{"intentHash":"0x6037fdad13c0ef73c286dcc7f66747638f20c8b865fd362d8a63640798665bd4","symbol":"ETH/USD","pairUnit":"","action":"update"}]}
[2026-06-18T18:18:02.222Z] [connecting] connecting
[2026-06-18T18:18:07.446Z] [connecting] connecting
[2026-06-18T18:18:12.754Z] [connecting] connecting
[2026-06-18T18:18:18.072Z] [connecting] connecting
[2026-06-18T18:18:18.415Z] [failed] Cardano transaction failed: Unable to fetch protocol parameters from Blockfrost (402 Payment Required).
  meta: {"code":"BuilderError","remediation":"A Cardano tx builder or signing error occurred. Check the feeder logs for the full stack trace.","error":"Unable to fetch protocol parameters from Blockfrost (402 Payment Required).","batchSize":6,"batchMembers":[{"intentHash":"0x5dbff02b1cf0cfd9a7044b3e3bb4603e85910efe6a0ff0923f87db3b87b7ac03","symbol":"USDC/USD","pairUnit":"","action":"update"},{"intentHash":"0xebd7a0fb25bd7901af07df08b2cce51fb010f252c488e198c2a78a0e6cb424bd","symbol":"USDT/USD","pairUnit":"","action":"update"},{"intentHash":"0xf293990c970f70b601952931fdcac94db46351ab8da0297a97911e5188bcdf47","symbol":"DOGE/USD","pairUnit":"","action":"update"},{"intentHash":"0x3fec8fe07eae38eae429cfa4c02797d6c9d2e4ca10f1225c489b242041d11961","symbol":"SHIB/USD","pairUnit":"","action":"update"},{"intentHash":"0x8c2fabbdba9897df6be2b0476dab4dcfff608065966f4433960bed183c1cb59c","symbol":"NEIRO/USD","pairUnit":"","action":"update"},{"intentHash":"0x4a408d1622e21e13609cbb842f8510fafa935c554177e6db1012addb3d561e5c","symbol":"XVG/USD","pairUnit":"","action":"update"}]}
[2026-06-18T18:18:33.309Z] [superseded] Superseded by newer intent
  meta: {"supersededByHash":"0xa985a036e88e14ff38839c7feddd476c92a2471af2bb91d07af26be9b9b8f376"}
