[2026-06-18T06:00:48.956Z] [connecting] connecting
[2026-06-18T06:00:56.123Z] [building] building
[2026-06-18T06:00:58.717Z] [signing] signing
  meta: {"txHash":"8492fc700822087adc36de92f994c363a9a10b421f0c4bb71a095b7c25fa4dd6"}
[2026-06-18T06:00:59.697Z] [submitting] submitting
  meta: {"txHash":"8492fc700822087adc36de92f994c363a9a10b421f0c4bb71a095b7c25fa4dd6"}
[2026-06-18T06:00:59.975Z] [submitted] submitted
  meta: {"txHash":"8492fc700822087adc36de92f994c363a9a10b421f0c4bb71a095b7c25fa4dd6"}
[2026-06-18T06:00:59.975Z] [waiting_confirm] waiting_confirm
  meta: {"txHash":"8492fc700822087adc36de92f994c363a9a10b421f0c4bb71a095b7c25fa4dd6"}
[2026-06-18T06:01:25.223Z] [superseded] Superseded by newer intent
  meta: {"supersededByHash":"0x63d191de4e7a1728f39e64fcb785ccdbd5b56ae80be79f54a97bd193bf33743f"}
[2026-06-18T06:01:55.730Z] [waiting_utxo] waiting_utxo
  meta: {"txHash":"8492fc700822087adc36de92f994c363a9a10b421f0c4bb71a095b7c25fa4dd6"}
[2026-06-18T06:02:00.636Z] [writing_state] writing_state
  meta: {"txHash":"8492fc700822087adc36de92f994c363a9a10b421f0c4bb71a095b7c25fa4dd6"}
[2026-06-18T06:02:03.625Z] [batched] Intent confirmed inside a batch of 2 intents
  meta: {"cardanoTxHash":"8492fc700822087adc36de92f994c363a9a10b421f0c4bb71a095b7c25fa4dd6","batchSize":2,"batchMembers":[{"intentHash":"0x2e8e569d393589a715148af05ab984b3a0d51f76b8c005d4c1e1641f49e9dade","symbol":"USDC/USD","pairUnit":"def5c14be6bceefb95769110a0c8c7d5362e58bf8f17b6ee1c1bd9020156dbaa55902bb40ff6c461c8b2b59c70ebbe3786e51e5e75a8bc1cbad4c1ac","action":"update"},{"intentHash":"0xe31761b1421c6e049efb8e0df6d14dd74546f05ae07eb2a901767571b8cf7051","symbol":"USDT/USD","pairUnit":"def5c14be6bceefb95769110a0c8c7d5362e58bf8f17b6ee1c1bd9025ec9fa6a8337c83985882517e4865a68763912f37490cffe992a26abfd29d315","action":"update"}],"pairUnit":"def5c14be6bceefb95769110a0c8c7d5362e58bf8f17b6ee1c1bd9025ec9fa6a8337c83985882517e4865a68763912f37490cffe992a26abfd29d315","pairAction":"update"}
[2026-06-18T06:02:03.626Z] [confirm] Cardano batch transaction confirmed
  meta: {"cardanoTxHash":"8492fc700822087adc36de92f994c363a9a10b421f0c4bb71a095b7c25fa4dd6","pairUnit":"def5c14be6bceefb95769110a0c8c7d5362e58bf8f17b6ee1c1bd9025ec9fa6a8337c83985882517e4865a68763912f37490cffe992a26abfd29d315","pairAction":"update","batchSize":2}
