[2026-06-19T01:31:24.086Z] [connecting] connecting
[2026-06-19T01:31:34.624Z] [building] building
[2026-06-19T01:31:37.893Z] [signing] signing
  meta: {"txHash":"4a2b8daa8a2ec20a5d0fe3274545e490b492bce0b940b5282727ce25ccb33d79"}
[2026-06-19T01:31:39.379Z] [submitting] submitting
  meta: {"txHash":"4a2b8daa8a2ec20a5d0fe3274545e490b492bce0b940b5282727ce25ccb33d79"}
[2026-06-19T01:31:43.755Z] [connecting] connecting
[2026-06-19T01:31:54.328Z] [building] building
[2026-06-19T01:31:58.056Z] [signing] signing
  meta: {"txHash":"4a2b8daa8a2ec20a5d0fe3274545e490b492bce0b940b5282727ce25ccb33d79"}
[2026-06-19T01:31:59.537Z] [submitting] submitting
  meta: {"txHash":"4a2b8daa8a2ec20a5d0fe3274545e490b492bce0b940b5282727ce25ccb33d79"}
[2026-06-19T01:32:04.797Z] [connecting] connecting
[2026-06-19T01:32:14.085Z] [building] building
[2026-06-19T01:32:17.782Z] [signing] signing
  meta: {"txHash":"4a2b8daa8a2ec20a5d0fe3274545e490b492bce0b940b5282727ce25ccb33d79"}
[2026-06-19T01:32:19.290Z] [submitting] submitting
  meta: {"txHash":"4a2b8daa8a2ec20a5d0fe3274545e490b492bce0b940b5282727ce25ccb33d79"}
[2026-06-19T01:32:24.648Z] [connecting] connecting
[2026-06-19T01:32:34.701Z] [building] building
[2026-06-19T01:32:38.261Z] [signing] signing
  meta: {"txHash":"a74384aaf1351806f5efe9653a4e7984f5cf9fee2818bf5c108e5e8724fe0b10"}
[2026-06-19T01:32:39.763Z] [submitting] submitting
  meta: {"txHash":"a74384aaf1351806f5efe9653a4e7984f5cf9fee2818bf5c108e5e8724fe0b10"}
[2026-06-19T01:32:40.064Z] [failed] Cardano transaction failed: Error: {"contents":{"contents":{"contents":{"era":"ShelleyBasedEraConway","error":["ConwayUtxowFailure (UtxoFailure (InsufficientCollateral (DeltaCoin (-123050000)) (Coin 2450814)))","ConwayUtxowFailure (UtxoFailure (IncorrectTotalCollateralField (DeltaCoin (-123050000)) (Coin 5000000)))","ConwayUtxowFailure (UtxoFailure NoCollateralInputs)","ConwayUtxowFailure (UtxoFailure (BadInputsUTxO (NonEmptySet (fromList [TxIn (TxId {unTxId = SafeHash \"16f163d6f12fac93ffe25f9dd73efcd8b0eaef1cfe8cc2052d68c5a58d67dad3\"}) (TxIx {unTxIx = 1})]))))","ConwayUtxowFailure (UtxoFailure (ValueNotConservedUTxO Mismatch (RelEQ) {supplied: MaryValue (Coin 9108950000) (MultiAsset (fromList [(PolicyID {policyID = ScriptHash \"def5c14be6bceefb95769110a0c8c7d5362e58bf8f17b6ee1c1bd902\"},fromList [(\"01f8ca4f564d04963a1ffccbb3f49da8bf09c0373f278d84047413cf09399650\",1),(\"19434a5bb684f659378f19bc8c3748046e646c079e79c10e484e2d29445ee02d\",1),(\"406a90956881e5fbe476ff634fd41235fb114c833053daebd4af3b30c0bde839\",1),(\"a8c0b97b231afaebc42d067a57b139abb4a8631e36c7f81cee6a30173e22b6b2\",1),(\"dfafb09cf4921baf2478651f0d7072b3a0df58b6c434443d32511927fa7919fb\",1)]),(PolicyID {policyID = ScriptHash \"e6721fde8af7e40aecbd6f146b0470cc20722e05a61c9230a052900d\"},fromList [(\"4449415f52454345495645525f434c49454e545f41\",1)])])), expected: MaryValue (Coin 9237000000) (MultiAsset (fromList [(PolicyID {policyID = ScriptHash \"def5c14be6bceefb95769110a0c8c7d5362e58bf8f17b6ee1c1bd902\"},fromList [(\"01f8ca4f564d04963a1ffccbb3f49da8bf09c0373f278d84047413cf09399650\",1),(\"19434a5bb684f659378f19bc8c3748046e646c079e79c10e484e2d29445ee02d\",1),(\"406a90956881e5fbe476ff634fd41235fb114c833053daebd4af3b30c0bde839\",1),(\"a8c0b97b231afaebc42d067a57b139abb4a8631e36c7f81cee6a30173e22b6b2\",1),(\"dfafb09cf4921baf2478651f0d7072b3a0df58b6c434443d32511927fa7919fb\",1)]),(PolicyID {policyID = ScriptHash \"e6721fde8af7e40aecbd6f146b0470cc20722e05a61c9230a052900d\"},fromList [(\"4449415f52454345495645525f434c49454e545f41\",1)])]))}))","ConwayUtxowFailure (UtxoFailure (UtxosFailure (CollectErrors (BadTranslation (BabbageContextError (AlonzoContextError (TranslationLogicMissingInput (TxIn (TxId {unTxId = SafeHash \"16f163d6f12fac93ffe25f9dd73efcd8b0eaef1cfe8cc2052d68c5a58d67dad3\"}) (TxIx {unTxIx = 1}))))) :| []))))"],"kind":"ShelleyTxValidationError"},"tag":"TxValidationErrorInCardanoMode"},"tag":"TxCmdTxSubmitValidationError"},"tag":"TxSubmitFail"}
  meta: {"code":"UtxoNotFound","remediation":"A required script UTxO could not be found on-chain. The chain state may need reconciliation — run the feeder's reconcile step.","error":"Error: {\"contents\":{\"contents\":{\"contents\":{\"era\":\"ShelleyBasedEraConway\",\"error\":[\"ConwayUtxowFailure (UtxoFailure (InsufficientCollateral (DeltaCoin (-123050000)) (Coin 2450814)))\",\"ConwayUtxowFailure (UtxoFailure (IncorrectTotalCollateralField (DeltaCoin (-123050000)) (Coin 5000000)))\",\"ConwayUtxowFailure (UtxoFailure NoCollateralInputs)\",\"ConwayUtxowFailure (UtxoFailure (BadInputsUTxO (NonEmptySet (fromList [TxIn (TxId {unTxId = SafeHash \\\"16f163d6f12fac93ffe25f9dd73efcd8b0eaef1cfe8cc2052d68c5a58d67dad3\\\"}) (TxIx {unTxIx = 1})]))))\",\"ConwayUtxowFailure (UtxoFailure (ValueNotConservedUTxO Mismatch (RelEQ) {supplied: MaryValue (Coin 9108950000) (MultiAsset (fromList [(PolicyID {policyID = ScriptHash \\\"def5c14be6bceefb95769110a0c8c7d5362e58bf8f17b6ee1c1bd902\\\"},fromList [(\\\"01f8ca4f564d04963a1ffccbb3f49da8bf09c0373f278d84047413cf09399650\\\",1),(\\\"19434a5bb684f659378f19bc8c3748046e646c079e79c10e484e2d29445ee02d\\\",1),(\\\"406a90956881e5fbe476ff634fd41235fb114c833053daebd4af3b30c0bde839\\\",1),(\\\"a8c0b97b231afaebc42d067a57b139abb4a8631e36c7f81cee6a30173e22b6b2\\\",1),(\\\"dfafb09cf4921baf2478651f0d7072b3a0df58b6c434443d32511927fa7919fb\\\",1)]),(PolicyID {policyID = ScriptHash \\\"e6721fde8af7e40aecbd6f146b0470cc20722e05a61c9230a052900d\\\"},fromList [(\\\"4449415f52454345495645525f434c49454e545f41\\\",1)])])), expected: MaryValue (Coin 9237000000) (MultiAsset (fromList [(PolicyID {policyID = ScriptHash \\\"def5c14be6bceefb95769110a0c8c7d5362e58bf8f17b6ee1c1bd902\\\"},fromList [(\\\"01f8ca4f564d04963a1ffccbb3f49da8bf09c0373f278d84047413cf09399650\\\",1),(\\\"19434a5bb684f659378f19bc8c3748046e646c079e79c10e484e2d29445ee02d\\\",1),(\\\"406a90956881e5fbe476ff634fd41235fb114c833053daebd4af3b30c0bde839\\\",1),(\\\"a8c0b97b231afaebc42d067a57b139abb4a8631e36c7f81cee6a30173e22b6b2\\\",1),(\\\"dfafb09cf4921baf2478651f0d7072b3a0df58b6c434443d32511927fa7919fb\\\",1)]),(PolicyID {policyID = ScriptHash \\\"e6721fde8af7e40aecbd6f146b0470cc20722e05a61c9230a052900d\\\"},fromList [(\\\"4449415f52454345495645525f434c49454e545f41\\\",1)])]))}))\",\"ConwayUtxowFailure (UtxoFailure (UtxosFailure (CollectErrors (BadTranslation (BabbageContextError (AlonzoContextError (TranslationLogicMissingInput (TxIn (TxId {unTxId = SafeHash \\\"16f163d6f12fac93ffe25f9dd73efcd8b0eaef1cfe8cc2052d68c5a58d67dad3\\\"}) (TxIx {unTxIx = 1}))))) :| []))))\"],\"kind\":\"ShelleyTxValidationError\"},\"tag\":\"TxValidationErrorInCardanoMode\"},\"tag\":\"TxCmdTxSubmitValidationError\"},\"tag\":\"TxSubmitFail\"}","batchSize":6,"batchMembers":[{"intentHash":"0x36cd784e18b5ce4c7574bac567e08498a82746ee0a83b9389aa2796e0519b6c8","symbol":"USDT/USD","pairUnit":"","action":"update"},{"intentHash":"0x64c312cd4e4f6d2a36586c6b5d39eb7972dede7176d33ae5d200059c1233a60c","symbol":"LTC/USD","pairUnit":"","action":"update"},{"intentHash":"0xf1df9e73a69db86478995ce58b00e9cad21bad11febb1244c0cadd26d8c977fb","symbol":"ARB/USD","pairUnit":"","action":"update"},{"intentHash":"0x890cc8e5f8dfb80b9bd50b5b8de80ca2b699bfdb2497dff6d1e69a5ae491ba39","symbol":"DOGE/USD","pairUnit":"","action":"update"},{"intentHash":"0xd2e937c70df7acab86de741bde2a42c67c09a87852a5bb37a5dda6edb5c81173","symbol":"SHIB/USD","pairUnit":"","action":"update"},{"intentHash":"0xd3093be778cbfd14cdb98af92985dad3e98b5a8ce6f8a796c13e37824ad0b42f","symbol":"NEIRO/USD","pairUnit":"","action":"update"}]}
