[2026-06-19T02:13:52.568Z] [enriched] Intent enriched: DOGE/USD @ 83668947762580096
  meta: {"price":"83668947762580096","timestamp":"1781835230","expiry":"1781838830","blockNumber":13696993}
[2026-06-19T02:13:52.568Z] [routed] Intent passed all filters
  meta: {"routerId":"client_test_01_router_a_majors","destinationIndex":0}
[2026-06-19T02:13:52.569Z] [queued] Intent accepted by coalescer
  meta: {"routerId":"client_test_01_router_a_majors","destinationIndex":0,"clientStatePath":"../state/preview_run_20260608-040304/clients/client-test-01.json"}
[2026-06-19T02:14:32.066Z] [connecting] connecting
[2026-06-19T02:14:40.943Z] [building] building
[2026-06-19T02:14:44.183Z] [signing] signing
  meta: {"txHash":"0ed58261a266bf212a1f0b0c3d61861ff15c3a7e4c7746e164bdece9a0ed6c45"}
[2026-06-19T02:14:45.696Z] [submitting] submitting
  meta: {"txHash":"0ed58261a266bf212a1f0b0c3d61861ff15c3a7e4c7746e164bdece9a0ed6c45"}
[2026-06-19T02:14:46.007Z] [submitted] submitted
  meta: {"txHash":"0ed58261a266bf212a1f0b0c3d61861ff15c3a7e4c7746e164bdece9a0ed6c45"}
[2026-06-19T02:14:46.013Z] [waiting_confirm] waiting_confirm
  meta: {"txHash":"0ed58261a266bf212a1f0b0c3d61861ff15c3a7e4c7746e164bdece9a0ed6c45"}
[2026-06-19T02:15:13.363Z] [waiting_utxo] waiting_utxo
  meta: {"txHash":"0ed58261a266bf212a1f0b0c3d61861ff15c3a7e4c7746e164bdece9a0ed6c45"}
[2026-06-19T02:15:21.377Z] [writing_state] writing_state
  meta: {"txHash":"0ed58261a266bf212a1f0b0c3d61861ff15c3a7e4c7746e164bdece9a0ed6c45"}
[2026-06-19T02:15:23.968Z] [failed] Cardano transaction failed: Intent for DOGE/USD superseded on chain; not submitted.
  meta: {"code":"NonMonotonicNonce","remediation":"A newer intent for this pair is already on-chain. The stale intent was discarded; no operator action is needed.","error":"Intent for DOGE/USD superseded on chain; not submitted.","batchSize":3,"batchMembers":[{"intentHash":"0x4b1a2779d6e47be23b6e5f1d08b8438fd8dcddb108e189a164b915de1b1591b4","symbol":"BTC/USD","pairUnit":"def5c14be6bceefb95769110a0c8c7d5362e58bf8f17b6ee1c1bd9028a3859b168b77160150b13c200392328254c3758f082050fd7ec5c340ac2a497","action":"update"},{"intentHash":"0x7433301467cc9de33bae66a642579982da22062fe6ef77f5160540c7324eaf51","symbol":"ETH/USD","pairUnit":"def5c14be6bceefb95769110a0c8c7d5362e58bf8f17b6ee1c1bd9023d7739c2406edbe3bb594b8f762cf67a2c889a162f2234dc17841f61d33849f4","action":"update"},{"intentHash":"0x9e4fbefb3740d567190ddb52efae0b0489783b36376a92fff5cc5eb3499623b0","symbol":"USDC/USD","pairUnit":"def5c14be6bceefb95769110a0c8c7d5362e58bf8f17b6ee1c1bd9020156dbaa55902bb40ff6c461c8b2b59c70ebbe3786e51e5e75a8bc1cbad4c1ac","action":"update"}]}
