[2026-06-18T18:32:44.118Z] [enriched] Intent enriched: USDC/USD @ 999728996500000064
  meta: {"price":"999728996500000064","timestamp":"1781807562","expiry":"1781811162","blockNumber":13620579}
[2026-06-18T18:32:44.118Z] [routed] Intent passed all filters
  meta: {"routerId":"client_test_01_router_a_majors","destinationIndex":0}
[2026-06-18T18:32:44.119Z] [queued] Intent accepted by coalescer
  meta: {"routerId":"client_test_01_router_a_majors","destinationIndex":0,"clientStatePath":"../state/preview_run_20260608-040304/clients/client-test-01.json"}
[2026-06-18T18:32:49.476Z] [connecting] connecting
[2026-06-18T18:32:54.408Z] [connecting] connecting
[2026-06-18T18:32:59.414Z] [connecting] connecting
[2026-06-18T18:33:04.418Z] [connecting] connecting
[2026-06-18T18:33:04.454Z] [failed] Cardano transaction failed: Missing required environment variable: BLOCKFROST_PROJECT_ID_TESTNET. Active CARDANO_NETWORK requires the *_TESTNET variant of every per-network setting.
  meta: {"code":"BuilderError","remediation":"A Cardano tx builder or signing error occurred. Check the feeder logs for the full stack trace.","error":"Missing required environment variable: BLOCKFROST_PROJECT_ID_TESTNET. Active CARDANO_NETWORK requires the *_TESTNET variant of every per-network setting.","batchSize":9,"batchMembers":[{"intentHash":"0x82974274a7cf52434a7cf2b4cb66bbdcf9792210daa0f59fea51d9b2ecd77cbf","symbol":"LTC/USD","pairUnit":"","action":"update"},{"intentHash":"0x0dabf24878f3af54dc9ba5f93808aa7814dc45e32b47c694fedae64667d8c515","symbol":"NEIRO/USD","pairUnit":"","action":"update"},{"intentHash":"0x93d4e193618057de9a06c57aa32e405ec9042f67c931bb049167df38d3b68a32","symbol":"BTC/USD","pairUnit":"","action":"update"},{"intentHash":"0x846f0743f0c5b898e2a993992ad5743ef3cb8c57b94c840e53910315ef3a4347","symbol":"ETH/USD","pairUnit":"","action":"update"},{"intentHash":"0xdd8e43a7fc23f494c7e8cb189dad5f440bf3a272f8426e27b64661069529f478","symbol":"USDC/USD","pairUnit":"","action":"update"},{"intentHash":"0x60921fe4c2838dae2715080ec351438a26863871526b95ea5d10832e97c7b28b","symbol":"XVG/USD","pairUnit":"","action":"update"},{"intentHash":"0xc5f7e1c4321ad3360489df26e53f76fdef9c27504a207345f50316b0dbd02af0","symbol":"DOGE/USD","pairUnit":"","action":"update"},{"intentHash":"0x437c40296ee8967affac47b418110f9950aee129e6ffdac5b960ac1188f7692d","symbol":"USDT/USD","pairUnit":"","action":"update"},{"intentHash":"0x7af19246dbed0733406cc117884090c06f06849e6325f856938e5e2542ca863c","symbol":"SHIB/USD","pairUnit":"","action":"update"}]}
[2026-06-18T18:33:04.482Z] [connecting] connecting
[2026-06-18T18:33:09.487Z] [connecting] connecting
[2026-06-18T18:33:14.507Z] [connecting] connecting
[2026-06-18T18:33:19.513Z] [connecting] connecting
[2026-06-18T18:33:19.540Z] [failed] Cardano transaction failed: Missing required environment variable: BLOCKFROST_PROJECT_ID_TESTNET. Active CARDANO_NETWORK requires the *_TESTNET variant of every per-network setting.
  meta: {"code":"BuilderError","remediation":"A Cardano tx builder or signing error occurred. Check the feeder logs for the full stack trace.","error":"Missing required environment variable: BLOCKFROST_PROJECT_ID_TESTNET. Active CARDANO_NETWORK requires the *_TESTNET variant of every per-network setting.","batchSize":7,"batchMembers":[{"intentHash":"0x93d4e193618057de9a06c57aa32e405ec9042f67c931bb049167df38d3b68a32","symbol":"BTC/USD","pairUnit":"","action":"update"},{"intentHash":"0x846f0743f0c5b898e2a993992ad5743ef3cb8c57b94c840e53910315ef3a4347","symbol":"ETH/USD","pairUnit":"","action":"update"},{"intentHash":"0xdd8e43a7fc23f494c7e8cb189dad5f440bf3a272f8426e27b64661069529f478","symbol":"USDC/USD","pairUnit":"","action":"update"},{"intentHash":"0xc5f7e1c4321ad3360489df26e53f76fdef9c27504a207345f50316b0dbd02af0","symbol":"DOGE/USD","pairUnit":"","action":"update"},{"intentHash":"0x82974274a7cf52434a7cf2b4cb66bbdcf9792210daa0f59fea51d9b2ecd77cbf","symbol":"LTC/USD","pairUnit":"","action":"update"},{"intentHash":"0xd357c477c6c68ca98e370eaa65e7c27895dc23c450b3af65de072b619ca8d675","symbol":"ARB/USD","pairUnit":"","action":"update"},{"intentHash":"0x7af19246dbed0733406cc117884090c06f06849e6325f856938e5e2542ca863c","symbol":"SHIB/USD","pairUnit":"","action":"update"}]}
[2026-06-18T18:33:34.563Z] [connecting] connecting
[2026-06-18T18:33:39.568Z] [connecting] connecting
[2026-06-18T18:33:44.574Z] [connecting] connecting
[2026-06-18T18:33:49.512Z] [connecting] connecting
[2026-06-18T18:33:49.561Z] [failed] Cardano transaction failed: Missing required environment variable: BLOCKFROST_PROJECT_ID_TESTNET. Active CARDANO_NETWORK requires the *_TESTNET variant of every per-network setting.
  meta: {"code":"BuilderError","remediation":"A Cardano tx builder or signing error occurred. Check the feeder logs for the full stack trace.","error":"Missing required environment variable: BLOCKFROST_PROJECT_ID_TESTNET. Active CARDANO_NETWORK requires the *_TESTNET variant of every per-network setting.","batchSize":9,"batchMembers":[{"intentHash":"0x757dc2d276e3a02eb4ddbab617d46f7978f95500105d388791f9def60de0cce2","symbol":"XVG/USD","pairUnit":"","action":"update"},{"intentHash":"0xeac559c468cc59192c3501fce54105065040af510fa358f6d4ac8cb64082500e","symbol":"LTC/USD","pairUnit":"","action":"update"},{"intentHash":"0xa5489f87dc28a75489db194bb94f7391dd7a6add9cd3319cadffa58c64a5b86f","symbol":"USDT/USD","pairUnit":"","action":"update"},{"intentHash":"0x6f6c2b08fdd0c9ce74af65a638732b3d77d0d9d598a28aa80e6a9f9e0a0902b9","symbol":"BTC/USD","pairUnit":"","action":"update"},{"intentHash":"0xac7117f19a4bf7b326af03f30e517b46f34d46981a5947bd186877f2d76e4d26","symbol":"ETH/USD","pairUnit":"","action":"update"},{"intentHash":"0xdd8e43a7fc23f494c7e8cb189dad5f440bf3a272f8426e27b64661069529f478","symbol":"USDC/USD","pairUnit":"","action":"update"},{"intentHash":"0xc5f7e1c4321ad3360489df26e53f76fdef9c27504a207345f50316b0dbd02af0","symbol":"DOGE/USD","pairUnit":"","action":"update"},{"intentHash":"0x7af19246dbed0733406cc117884090c06f06849e6325f856938e5e2542ca863c","symbol":"SHIB/USD","pairUnit":"","action":"update"},{"intentHash":"0x9426d4f47e9ca347a7c5a271bc7a709e87a8683c2bf0b225bfaff45d9942501e","symbol":"NEIRO/USD","pairUnit":"","action":"update"}]}
