[2026-06-18T16:25:01.303Z] [enriched] Intent enriched: BTC/USD @ 62602205673371757182976
  meta: {"price":"62602205673371757182976","timestamp":"1781799899","expiry":"1781803499","blockNumber":13599757}
[2026-06-18T16:25:01.303Z] [routed] Intent passed all filters
  meta: {"routerId":"client_test_02_router_default","destinationIndex":0}
[2026-06-18T16:25:01.304Z] [queued] Intent accepted by coalescer
  meta: {"routerId":"client_test_02_router_default","destinationIndex":0,"clientStatePath":"../state/preview_run_20260608-040304/clients/client-test-02.json"}
[2026-06-18T16:25:31.332Z] [connecting] connecting
[2026-06-18T16:25:36.768Z] [building] building
[2026-06-18T16:25:41.018Z] [signing] signing
  meta: {"txHash":"f4a4a3eef93e1631c42e4b310870dde236447ebcb22f7337b8f17b43d94dcc0f"}
[2026-06-18T16:25:42.501Z] [submitting] submitting
  meta: {"txHash":"f4a4a3eef93e1631c42e4b310870dde236447ebcb22f7337b8f17b43d94dcc0f"}
[2026-06-18T16:25:42.775Z] [submitted] submitted
  meta: {"txHash":"f4a4a3eef93e1631c42e4b310870dde236447ebcb22f7337b8f17b43d94dcc0f"}
[2026-06-18T16:25:42.775Z] [waiting_confirm] waiting_confirm
  meta: {"txHash":"f4a4a3eef93e1631c42e4b310870dde236447ebcb22f7337b8f17b43d94dcc0f"}
[2026-06-18T16:25:44.093Z] [connecting] connecting
[2026-06-18T16:25:51.271Z] [building] building
[2026-06-18T16:25:54.321Z] [signing] signing
  meta: {"txHash":"3d1762a09f966838830b21f05b73e1936066cee2b60eef894e1826632005748d"}
[2026-06-18T16:25:55.793Z] [submitting] submitting
  meta: {"txHash":"3d1762a09f966838830b21f05b73e1936066cee2b60eef894e1826632005748d"}
