[2026-06-18T09:01:51.678Z] [enriched] Intent enriched: USDT/USD @ 998995000000000000
  meta: {"price":"998995000000000000","timestamp":"1781773310","expiry":"1781776910","blockNumber":13526495}
[2026-06-18T09:01:51.678Z] [routed] Intent passed all filters
  meta: {"routerId":"client_test_01_router_a_majors","destinationIndex":0}
[2026-06-18T09:01:51.679Z] [queued] Intent accepted by coalescer
  meta: {"routerId":"client_test_01_router_a_majors","destinationIndex":0,"clientStatePath":"../state/preview_run_20260608-040304/clients/client-test-01.json"}
[2026-06-18T09:02:01.852Z] [connecting] connecting
[2026-06-18T09:02:07.572Z] [building] building
[2026-06-18T09:02:10.253Z] [signing] signing
  meta: {"txHash":"e7865ed588685d3aea9195abf0eb863e5c2c2c3b42b429c2ab410349f5c25904"}
[2026-06-18T09:02:11.245Z] [submitting] submitting
  meta: {"txHash":"e7865ed588685d3aea9195abf0eb863e5c2c2c3b42b429c2ab410349f5c25904"}
[2026-06-18T09:02:11.542Z] [submitted] submitted
  meta: {"txHash":"e7865ed588685d3aea9195abf0eb863e5c2c2c3b42b429c2ab410349f5c25904"}
[2026-06-18T09:02:11.542Z] [waiting_confirm] waiting_confirm
  meta: {"txHash":"e7865ed588685d3aea9195abf0eb863e5c2c2c3b42b429c2ab410349f5c25904"}
[2026-06-18T09:02:42.940Z] [waiting_utxo] waiting_utxo
  meta: {"txHash":"e7865ed588685d3aea9195abf0eb863e5c2c2c3b42b429c2ab410349f5c25904"}
[2026-06-18T09:02:44.875Z] [writing_state] writing_state
  meta: {"txHash":"e7865ed588685d3aea9195abf0eb863e5c2c2c3b42b429c2ab410349f5c25904"}
[2026-06-18T09:02:47.762Z] [failed] Cardano transaction failed: Intent for USDT/USD superseded on chain; not submitted.
  meta: {"code":"NonMonotonicNonce","remediation":"A newer intent for this pair is already on-chain. The stale intent was discarded; no operator action is needed.","error":"Intent for USDT/USD superseded on chain; not submitted.","batchSize":1,"batchMembers":[{"intentHash":"0x79451a4c17f16cdf3e89454b4c289ce590036ce79de6f224436a31c0a86c46c4","symbol":"XVG/USD","pairUnit":"def5c14be6bceefb95769110a0c8c7d5362e58bf8f17b6ee1c1bd902e6643031cebf937d080904cd1e6dd3d5aebcac06fc08dc15de991ade67363588","action":"update"}]}
