[2026-06-18T19:30:46.753Z] [connecting] connecting
[2026-06-18T19:30:57.524Z] [building] building
[2026-06-18T19:31:01.945Z] [signing] signing
  meta: {"txHash":"764d621b65de88aef5d8a9e2176c83d97056e571aa4544c1ef2fe4104298db41"}
[2026-06-18T19:31:03.426Z] [submitting] submitting
  meta: {"txHash":"764d621b65de88aef5d8a9e2176c83d97056e571aa4544c1ef2fe4104298db41"}
[2026-06-18T19:31:08.707Z] [connecting] connecting
[2026-06-18T19:31:19.824Z] [building] building
[2026-06-18T19:31:23.549Z] [signing] signing
  meta: {"txHash":"764d621b65de88aef5d8a9e2176c83d97056e571aa4544c1ef2fe4104298db41"}
[2026-06-18T19:31:25.015Z] [submitting] submitting
  meta: {"txHash":"764d621b65de88aef5d8a9e2176c83d97056e571aa4544c1ef2fe4104298db41"}
[2026-06-18T19:31:30.296Z] [connecting] connecting
[2026-06-18T19:31:41.421Z] [building] building
[2026-06-18T19:31:45.013Z] [signing] signing
  meta: {"txHash":"764d621b65de88aef5d8a9e2176c83d97056e571aa4544c1ef2fe4104298db41"}
[2026-06-18T19:31:46.462Z] [submitting] submitting
  meta: {"txHash":"764d621b65de88aef5d8a9e2176c83d97056e571aa4544c1ef2fe4104298db41"}
[2026-06-18T19:31:51.721Z] [connecting] connecting
[2026-06-18T19:32:02.921Z] [building] building
[2026-06-18T19:32:06.562Z] [signing] signing
  meta: {"txHash":"9b22da7a0ae2869bf9ea54b6b2a6f736829130c0980fa070267a6cd425b4c319"}
[2026-06-18T19:32:08.038Z] [submitting] submitting
  meta: {"txHash":"9b22da7a0ae2869bf9ea54b6b2a6f736829130c0980fa070267a6cd425b4c319"}
[2026-06-18T19:32:08.318Z] [submitted] submitted
  meta: {"txHash":"9b22da7a0ae2869bf9ea54b6b2a6f736829130c0980fa070267a6cd425b4c319"}
[2026-06-18T19:32:08.349Z] [waiting_confirm] waiting_confirm
  meta: {"txHash":"9b22da7a0ae2869bf9ea54b6b2a6f736829130c0980fa070267a6cd425b4c319"}
[2026-06-18T19:32:51.428Z] [waiting_utxo] waiting_utxo
  meta: {"txHash":"9b22da7a0ae2869bf9ea54b6b2a6f736829130c0980fa070267a6cd425b4c319"}
[2026-06-18T19:32:54.282Z] [writing_state] writing_state
  meta: {"txHash":"9b22da7a0ae2869bf9ea54b6b2a6f736829130c0980fa070267a6cd425b4c319"}
[2026-06-18T19:32:57.646Z] [batched] Intent confirmed inside a batch of 7 intents
  meta: {"cardanoTxHash":"9b22da7a0ae2869bf9ea54b6b2a6f736829130c0980fa070267a6cd425b4c319","batchSize":7,"batchMembers":[{"intentHash":"0xe5c4c9e9634a7559dbef53e633b417ad4f502db5579b4f87ad64443dc55f454d","symbol":"BTC/USD","pairUnit":"def5c14be6bceefb95769110a0c8c7d5362e58bf8f17b6ee1c1bd9028a3859b168b77160150b13c200392328254c3758f082050fd7ec5c340ac2a497","action":"update"},{"intentHash":"0xaef132ed88687cead9f54bae6f9b2abf29990a145655cd019284d201a8a0a60f","symbol":"ETH/USD","pairUnit":"def5c14be6bceefb95769110a0c8c7d5362e58bf8f17b6ee1c1bd9023d7739c2406edbe3bb594b8f762cf67a2c889a162f2234dc17841f61d33849f4","action":"update"},{"intentHash":"0x794aae1be1b681cbd4c41610cc975f7e40b8369df1d4dacb383ecc51e5206643","symbol":"USDC/USD","pairUnit":"def5c14be6bceefb95769110a0c8c7d5362e58bf8f17b6ee1c1bd9020156dbaa55902bb40ff6c461c8b2b59c70ebbe3786e51e5e75a8bc1cbad4c1ac","action":"update"},{"intentHash":"0xc89137064f320cd3081d2461836fcec64b7dc5309e7f9f31fac97d82ee983f0a","symbol":"DOGE/USD","pairUnit":"def5c14be6bceefb95769110a0c8c7d5362e58bf8f17b6ee1c1bd90219434a5bb684f659378f19bc8c3748046e646c079e79c10e484e2d29445ee02d","action":"update"},{"intentHash":"0xc8608b0a45c938c58ebe8c9a5f07b2d6d136851d18a1f3a7d6227ea6e2798d7b","symbol":"LTC/USD","pairUnit":"def5c14be6bceefb95769110a0c8c7d5362e58bf8f17b6ee1c1bd90201f8ca4f564d04963a1ffccbb3f49da8bf09c0373f278d84047413cf09399650","action":"update"},{"intentHash":"0x291c6eb7906b7593969f9660b79d8b4ecf2dbd7e7a885a7733fdb0b1c74e0040","symbol":"ARB/USD","pairUnit":"def5c14be6bceefb95769110a0c8c7d5362e58bf8f17b6ee1c1bd902dfafb09cf4921baf2478651f0d7072b3a0df58b6c434443d32511927fa7919fb","action":"update"},{"intentHash":"0x321b4b9a30bda1b1f5535926219af92e46bf81f4723ad0716fd35369d02a76bc","symbol":"SHIB/USD","pairUnit":"def5c14be6bceefb95769110a0c8c7d5362e58bf8f17b6ee1c1bd902406a90956881e5fbe476ff634fd41235fb114c833053daebd4af3b30c0bde839","action":"update"}],"pairUnit":"def5c14be6bceefb95769110a0c8c7d5362e58bf8f17b6ee1c1bd9023d7739c2406edbe3bb594b8f762cf67a2c889a162f2234dc17841f61d33849f4","pairAction":"update"}
[2026-06-18T19:32:57.647Z] [confirm] Cardano batch transaction confirmed
  meta: {"cardanoTxHash":"9b22da7a0ae2869bf9ea54b6b2a6f736829130c0980fa070267a6cd425b4c319","pairUnit":"def5c14be6bceefb95769110a0c8c7d5362e58bf8f17b6ee1c1bd9023d7739c2406edbe3bb594b8f762cf67a2c889a162f2234dc17841f61d33849f4","pairAction":"update","batchSize":7}
