[2026-06-18T23:15:57.252Z] [connecting] connecting
[2026-06-18T23:16:04.165Z] [building] building
[2026-06-18T23:16:07.628Z] [signing] signing
  meta: {"txHash":"1db02c4c8a7f78e4860c286cb10e62491b152b247db7fd9be85e1a58b840af53"}
[2026-06-18T23:16:09.099Z] [submitting] submitting
  meta: {"txHash":"1db02c4c8a7f78e4860c286cb10e62491b152b247db7fd9be85e1a58b840af53"}
[2026-06-18T23:16:09.380Z] [submitted] submitted
  meta: {"txHash":"1db02c4c8a7f78e4860c286cb10e62491b152b247db7fd9be85e1a58b840af53"}
[2026-06-18T23:16:09.387Z] [waiting_confirm] waiting_confirm
  meta: {"txHash":"1db02c4c8a7f78e4860c286cb10e62491b152b247db7fd9be85e1a58b840af53"}
[2026-06-18T23:16:40.452Z] [waiting_utxo] waiting_utxo
  meta: {"txHash":"1db02c4c8a7f78e4860c286cb10e62491b152b247db7fd9be85e1a58b840af53"}
[2026-06-18T23:16:48.169Z] [writing_state] writing_state
  meta: {"txHash":"1db02c4c8a7f78e4860c286cb10e62491b152b247db7fd9be85e1a58b840af53"}
[2026-06-18T23:16:51.468Z] [batched] Intent confirmed inside a batch of 3 intents
  meta: {"cardanoTxHash":"1db02c4c8a7f78e4860c286cb10e62491b152b247db7fd9be85e1a58b840af53","batchSize":3,"batchMembers":[{"intentHash":"0x248ccf284185779e7e6964a0e3f529d7be5caa647de782a3c295253223edc3b7","symbol":"BTC/USD","pairUnit":"def5c14be6bceefb95769110a0c8c7d5362e58bf8f17b6ee1c1bd9028a3859b168b77160150b13c200392328254c3758f082050fd7ec5c340ac2a497","action":"update"},{"intentHash":"0xae6771b2fca42a84327e0dea1d4999798c9286c5048838fbd60162f3b51076db","symbol":"ETH/USD","pairUnit":"def5c14be6bceefb95769110a0c8c7d5362e58bf8f17b6ee1c1bd9023d7739c2406edbe3bb594b8f762cf67a2c889a162f2234dc17841f61d33849f4","action":"update"},{"intentHash":"0x4d7778c70a8291651d30ec4773b57b2d35c0dd5a7052f8756e7be3203ccd9ae2","symbol":"USDT/USD","pairUnit":"def5c14be6bceefb95769110a0c8c7d5362e58bf8f17b6ee1c1bd9025ec9fa6a8337c83985882517e4865a68763912f37490cffe992a26abfd29d315","action":"update"}],"pairUnit":"def5c14be6bceefb95769110a0c8c7d5362e58bf8f17b6ee1c1bd9023d7739c2406edbe3bb594b8f762cf67a2c889a162f2234dc17841f61d33849f4","pairAction":"update"}
[2026-06-18T23:16:51.468Z] [confirm] Cardano batch transaction confirmed
  meta: {"cardanoTxHash":"1db02c4c8a7f78e4860c286cb10e62491b152b247db7fd9be85e1a58b840af53","pairUnit":"def5c14be6bceefb95769110a0c8c7d5362e58bf8f17b6ee1c1bd9023d7739c2406edbe3bb594b8f762cf67a2c889a162f2234dc17841f61d33849f4","pairAction":"update","batchSize":3}
[2026-06-18T23:16:51.478Z] [connecting] connecting
[2026-06-18T23:17:00.448Z] [building] building
[2026-06-18T23:17:03.866Z] [signing] signing
  meta: {"txHash":"bcd7a392f9176a4a3159b855ad5ead494041f20ac73c222b4d76040c6ddc56d0"}
[2026-06-18T23:17:05.317Z] [submitting] submitting
  meta: {"txHash":"bcd7a392f9176a4a3159b855ad5ead494041f20ac73c222b4d76040c6ddc56d0"}
[2026-06-18T23:17:05.590Z] [submitted] submitted
  meta: {"txHash":"bcd7a392f9176a4a3159b855ad5ead494041f20ac73c222b4d76040c6ddc56d0"}
[2026-06-18T23:17:05.613Z] [waiting_confirm] waiting_confirm
  meta: {"txHash":"bcd7a392f9176a4a3159b855ad5ead494041f20ac73c222b4d76040c6ddc56d0"}
[2026-06-18T23:17:45.660Z] [waiting_utxo] waiting_utxo
  meta: {"txHash":"bcd7a392f9176a4a3159b855ad5ead494041f20ac73c222b4d76040c6ddc56d0"}
[2026-06-18T23:17:53.351Z] [writing_state] writing_state
  meta: {"txHash":"bcd7a392f9176a4a3159b855ad5ead494041f20ac73c222b4d76040c6ddc56d0"}
[2026-06-18T23:17:56.698Z] [failed] Cardano transaction failed: Intent for ETH/USD superseded on chain; not submitted.
  meta: {"code":"NonMonotonicNonce","remediation":"A newer intent for this pair is already on-chain. The stale intent was discarded; no operator action is needed.","error":"Intent for ETH/USD superseded on chain; not submitted.","batchSize":3,"batchMembers":[{"intentHash":"0x05eddb05a5acab1f6870fd7b4fdaefbf08e9fbe5cede40350f3baeab13dbf161","symbol":"USDC/USD","pairUnit":"def5c14be6bceefb95769110a0c8c7d5362e58bf8f17b6ee1c1bd9020156dbaa55902bb40ff6c461c8b2b59c70ebbe3786e51e5e75a8bc1cbad4c1ac","action":"update"},{"intentHash":"0x7ba9bef630cbcc833b203cf09d223d3abac74a27c52a4b0b4c87667cee38687d","symbol":"DOGE/USD","pairUnit":"def5c14be6bceefb95769110a0c8c7d5362e58bf8f17b6ee1c1bd90219434a5bb684f659378f19bc8c3748046e646c079e79c10e484e2d29445ee02d","action":"update"},{"intentHash":"0x9fdd64860671f36406485fa3470c5c3e03b18ac83156f1e923dd685a6e6c194a","symbol":"USDT/USD","pairUnit":"def5c14be6bceefb95769110a0c8c7d5362e58bf8f17b6ee1c1bd9025ec9fa6a8337c83985882517e4865a68763912f37490cffe992a26abfd29d315","action":"update"}]}
