[2026-06-18T23:33:12.751Z] [enriched] Intent enriched: XVG/USD @ 2548680579999999
  meta: {"price":"2548680579999999","timestamp":"1781825590","expiry":"1781829190","blockNumber":13669614}
[2026-06-18T23:33:12.751Z] [routed] Intent passed all filters
  meta: {"routerId":"client_test_01_router_b_alts","destinationIndex":0}
[2026-06-18T23:33:12.752Z] [queued] Intent accepted by coalescer
  meta: {"routerId":"client_test_01_router_b_alts","destinationIndex":0,"clientStatePath":"../state/preview_run_20260608-040304/clients/client-test-01.json"}
[2026-06-18T23:34:54.300Z] [connecting] connecting
[2026-06-18T23:35:01.292Z] [building] building
[2026-06-18T23:35:04.496Z] [signing] signing
  meta: {"txHash":"c3c938b5ffad600db796fc6f50fadacdd7c815b4a9407962c8c455c5afe2aed6"}
[2026-06-18T23:35:05.995Z] [submitting] submitting
  meta: {"txHash":"c3c938b5ffad600db796fc6f50fadacdd7c815b4a9407962c8c455c5afe2aed6"}
[2026-06-18T23:35:11.255Z] [connecting] connecting
[2026-06-18T23:35:17.734Z] [building] building
[2026-06-18T23:35:20.667Z] [signing] signing
  meta: {"txHash":"53fe6cb17918398150bb0da116311367a86a86ddc2dde888b2730100e11142bd"}
[2026-06-18T23:35:22.148Z] [submitting] submitting
  meta: {"txHash":"53fe6cb17918398150bb0da116311367a86a86ddc2dde888b2730100e11142bd"}
[2026-06-18T23:35:22.431Z] [submitted] submitted
  meta: {"txHash":"53fe6cb17918398150bb0da116311367a86a86ddc2dde888b2730100e11142bd"}
[2026-06-18T23:35:22.432Z] [waiting_confirm] waiting_confirm
  meta: {"txHash":"53fe6cb17918398150bb0da116311367a86a86ddc2dde888b2730100e11142bd"}
[2026-06-18T23:36:48.988Z] [waiting_utxo] waiting_utxo
  meta: {"txHash":"53fe6cb17918398150bb0da116311367a86a86ddc2dde888b2730100e11142bd"}
[2026-06-18T23:36:54.489Z] [writing_state] writing_state
  meta: {"txHash":"53fe6cb17918398150bb0da116311367a86a86ddc2dde888b2730100e11142bd"}
[2026-06-18T23:36:57.916Z] [failed] Cardano transaction failed: Intent for XVG/USD superseded on chain; not submitted.
  meta: {"code":"NonMonotonicNonce","remediation":"A newer intent for this pair is already on-chain. The stale intent was discarded; no operator action is needed.","error":"Intent for XVG/USD superseded on chain; not submitted.","batchSize":1,"batchMembers":[{"intentHash":"0xe412717f318faaf274699d4995858048e5aad38da2b80de3f46f94113b1f40d4","symbol":"NEIRO/USD","pairUnit":"def5c14be6bceefb95769110a0c8c7d5362e58bf8f17b6ee1c1bd902a8c0b97b231afaebc42d067a57b139abb4a8631e36c7f81cee6a30173e22b6b2","action":"update"}]}
