[2026-06-18T21:43:28.444Z] [enriched] Intent enriched: USDT/USD @ 998850000000000000
  meta: {"price":"998850000000000000","timestamp":"1781819006","expiry":"1781822606","blockNumber":13651429}
[2026-06-18T21:43:28.444Z] [routed] Intent passed all filters
  meta: {"routerId":"client_test_01_router_a_majors","destinationIndex":0}
[2026-06-18T21:43:28.444Z] [queued] Intent accepted by coalescer
  meta: {"routerId":"client_test_01_router_a_majors","destinationIndex":0,"clientStatePath":"../state/preview_run_20260608-040304/clients/client-test-01.json"}
[2026-06-18T21:43:53.923Z] [connecting] connecting
[2026-06-18T21:44:02.840Z] [building] building
[2026-06-18T21:44:05.737Z] [signing] signing
  meta: {"txHash":"de879aa0ce0420b3ea21c071fb8964ac073793a8aa2b059ef3e7fd6df48c0a75"}
[2026-06-18T21:44:07.189Z] [submitting] submitting
  meta: {"txHash":"de879aa0ce0420b3ea21c071fb8964ac073793a8aa2b059ef3e7fd6df48c0a75"}
[2026-06-18T21:44:07.458Z] [submitted] submitted
  meta: {"txHash":"de879aa0ce0420b3ea21c071fb8964ac073793a8aa2b059ef3e7fd6df48c0a75"}
[2026-06-18T21:44:07.481Z] [waiting_confirm] waiting_confirm
  meta: {"txHash":"de879aa0ce0420b3ea21c071fb8964ac073793a8aa2b059ef3e7fd6df48c0a75"}
[2026-06-18T21:44:32.572Z] [waiting_utxo] waiting_utxo
  meta: {"txHash":"de879aa0ce0420b3ea21c071fb8964ac073793a8aa2b059ef3e7fd6df48c0a75"}
[2026-06-18T21:44:37.526Z] [writing_state] writing_state
  meta: {"txHash":"de879aa0ce0420b3ea21c071fb8964ac073793a8aa2b059ef3e7fd6df48c0a75"}
[2026-06-18T21:44:40.866Z] [confirm] Cardano transaction confirmed
  meta: {"cardanoTxHash":"de879aa0ce0420b3ea21c071fb8964ac073793a8aa2b059ef3e7fd6df48c0a75","pairUnit":"def5c14be6bceefb95769110a0c8c7d5362e58bf8f17b6ee1c1bd9025ec9fa6a8337c83985882517e4865a68763912f37490cffe992a26abfd29d315","pairAction":"update","batchSize":1}
