[2026-06-18T19:01:49.267Z] [connecting] connecting
[2026-06-18T19:01:50.886Z] [connecting] connecting
[2026-06-18T19:01:51.436Z] [superseded] Superseded by newer intent
  meta: {"supersededByHash":"0x652101d7c945c5730c11007aa414468f6c3e04bd1ac78007aa4bdee44f3800a4"}
[2026-06-18T19:01:55.956Z] [building] building
[2026-06-18T19:01:58.822Z] [signing] signing
  meta: {"txHash":"19bc884a09202258d33c5c64af1a419a8aa5cac55bb3bed00fff00d3b18b981c"}
[2026-06-18T19:02:00.268Z] [submitting] submitting
  meta: {"txHash":"19bc884a09202258d33c5c64af1a419a8aa5cac55bb3bed00fff00d3b18b981c"}
[2026-06-18T19:02:00.535Z] [submitted] submitted
  meta: {"txHash":"19bc884a09202258d33c5c64af1a419a8aa5cac55bb3bed00fff00d3b18b981c"}
[2026-06-18T19:02:00.536Z] [waiting_confirm] waiting_confirm
  meta: {"txHash":"19bc884a09202258d33c5c64af1a419a8aa5cac55bb3bed00fff00d3b18b981c"}
[2026-06-18T19:02:02.939Z] [building] building
[2026-06-18T19:02:06.922Z] [signing] signing
  meta: {"txHash":"7c7cfcc1016ae5753a77824c43c560fdc28f5716a5390caa283396b087990457"}
[2026-06-18T19:02:08.389Z] [submitting] submitting
  meta: {"txHash":"7c7cfcc1016ae5753a77824c43c560fdc28f5716a5390caa283396b087990457"}
[2026-06-18T19:02:13.632Z] [connecting] connecting
[2026-06-18T19:02:27.352Z] [building] building
[2026-06-18T19:02:30.962Z] [signing] signing
  meta: {"txHash":"7c7cfcc1016ae5753a77824c43c560fdc28f5716a5390caa283396b087990457"}
[2026-06-18T19:02:32.467Z] [submitting] submitting
  meta: {"txHash":"7c7cfcc1016ae5753a77824c43c560fdc28f5716a5390caa283396b087990457"}
[2026-06-18T19:02:35.732Z] [superseded] Superseded by newer intent
  meta: {"supersededByHash":"0xcd1a4761d54287a06442c8d51301ff5620e79bec3ce9f33ed58a0b238ad9a352"}
[2026-06-18T19:02:37.729Z] [connecting] connecting
[2026-06-18T19:02:51.492Z] [building] building
[2026-06-18T19:02:55.425Z] [signing] signing
  meta: {"txHash":"7647ec1c03776e9b2fbb5aca0a683d057ddff252f680d31897211f690fbc0808"}
[2026-06-18T19:02:56.679Z] [waiting_utxo] waiting_utxo
  meta: {"txHash":"19bc884a09202258d33c5c64af1a419a8aa5cac55bb3bed00fff00d3b18b981c"}
[2026-06-18T19:02:56.929Z] [submitting] submitting
  meta: {"txHash":"7647ec1c03776e9b2fbb5aca0a683d057ddff252f680d31897211f690fbc0808"}
[2026-06-18T19:02:57.236Z] [submitted] submitted
  meta: {"txHash":"7647ec1c03776e9b2fbb5aca0a683d057ddff252f680d31897211f690fbc0808"}
[2026-06-18T19:02:57.259Z] [waiting_confirm] waiting_confirm
  meta: {"txHash":"7647ec1c03776e9b2fbb5aca0a683d057ddff252f680d31897211f690fbc0808"}
[2026-06-18T19:02:59.150Z] [writing_state] writing_state
  meta: {"txHash":"19bc884a09202258d33c5c64af1a419a8aa5cac55bb3bed00fff00d3b18b981c"}
[2026-06-18T19:03:02.961Z] [confirm] Cardano transaction confirmed
  meta: {"cardanoTxHash":"19bc884a09202258d33c5c64af1a419a8aa5cac55bb3bed00fff00d3b18b981c","pairUnit":"02435906b5bf2ebac57a72d8d5609aa7f642b5e0e4d79666e0b1a2938a3859b168b77160150b13c200392328254c3758f082050fd7ec5c340ac2a497","pairAction":"update","batchSize":1}
[2026-06-18T19:03:13.636Z] [waiting_utxo] waiting_utxo
  meta: {"txHash":"7647ec1c03776e9b2fbb5aca0a683d057ddff252f680d31897211f690fbc0808"}
[2026-06-18T19:03:18.548Z] [writing_state] writing_state
  meta: {"txHash":"7647ec1c03776e9b2fbb5aca0a683d057ddff252f680d31897211f690fbc0808"}
[2026-06-18T19:03:22.041Z] [batched] Intent confirmed inside a batch of 7 intents
  meta: {"cardanoTxHash":"7647ec1c03776e9b2fbb5aca0a683d057ddff252f680d31897211f690fbc0808","batchSize":7,"batchMembers":[{"intentHash":"0x018ab266270abef36c60d3e1e15e4f463b2c30193a75a22a192761402d99544d","symbol":"LTC/USD","pairUnit":"def5c14be6bceefb95769110a0c8c7d5362e58bf8f17b6ee1c1bd90201f8ca4f564d04963a1ffccbb3f49da8bf09c0373f278d84047413cf09399650","action":"update"},{"intentHash":"0x84fe2635a892eba0a56c98fc047cdb9a6e4fec82d291f3ebc1adccaee4702bdc","symbol":"ARB/USD","pairUnit":"def5c14be6bceefb95769110a0c8c7d5362e58bf8f17b6ee1c1bd902dfafb09cf4921baf2478651f0d7072b3a0df58b6c434443d32511927fa7919fb","action":"update"},{"intentHash":"0x1cfa93920c71f9cb4a678c732ef94bf81e8218f93c3970a68d7851c1b5152af7","symbol":"BTC/USD","pairUnit":"def5c14be6bceefb95769110a0c8c7d5362e58bf8f17b6ee1c1bd9028a3859b168b77160150b13c200392328254c3758f082050fd7ec5c340ac2a497","action":"update"},{"intentHash":"0xaface0de63921ee59b7a7eb2f3e007cf9411ca08806a7d3cc02dec3a6626f246","symbol":"ETH/USD","pairUnit":"def5c14be6bceefb95769110a0c8c7d5362e58bf8f17b6ee1c1bd9023d7739c2406edbe3bb594b8f762cf67a2c889a162f2234dc17841f61d33849f4","action":"update"},{"intentHash":"0x0ffbed91a887c78e55f30bcab82663f5f54947cf82dbdc1ed87a5a4f9ed8b8e7","symbol":"USDC/USD","pairUnit":"def5c14be6bceefb95769110a0c8c7d5362e58bf8f17b6ee1c1bd9020156dbaa55902bb40ff6c461c8b2b59c70ebbe3786e51e5e75a8bc1cbad4c1ac","action":"update"},{"intentHash":"0xf5b4f8d85bea7ee4d8f8e9b889c19cc5d709b713725f8a8c132615ba8537ed19","symbol":"DOGE/USD","pairUnit":"def5c14be6bceefb95769110a0c8c7d5362e58bf8f17b6ee1c1bd90219434a5bb684f659378f19bc8c3748046e646c079e79c10e484e2d29445ee02d","action":"update"},{"intentHash":"0x6f0f043242c1f0edcb52e59ae7b85772cae83885f5c5041096f693a4ebd2c1f0","symbol":"SHIB/USD","pairUnit":"def5c14be6bceefb95769110a0c8c7d5362e58bf8f17b6ee1c1bd902406a90956881e5fbe476ff634fd41235fb114c833053daebd4af3b30c0bde839","action":"update"}],"pairUnit":"def5c14be6bceefb95769110a0c8c7d5362e58bf8f17b6ee1c1bd9028a3859b168b77160150b13c200392328254c3758f082050fd7ec5c340ac2a497","pairAction":"update"}
[2026-06-18T19:03:22.042Z] [confirm] Cardano batch transaction confirmed
  meta: {"cardanoTxHash":"7647ec1c03776e9b2fbb5aca0a683d057ddff252f680d31897211f690fbc0808","pairUnit":"def5c14be6bceefb95769110a0c8c7d5362e58bf8f17b6ee1c1bd9028a3859b168b77160150b13c200392328254c3758f082050fd7ec5c340ac2a497","pairAction":"update","batchSize":7}
