[2026-06-18T18:14:16.285Z] [enriched] Intent enriched: NEIRO/USD @ 64663882500000
  meta: {"price":"64663882500000","timestamp":"1781806454","expiry":"1781810054","blockNumber":13617552}
[2026-06-18T18:14:16.285Z] [routed] Intent passed all filters
  meta: {"routerId":"client_test_01_router_b_alts","destinationIndex":0}
[2026-06-18T18:14:16.302Z] [queued] Intent accepted by coalescer
  meta: {"routerId":"client_test_01_router_b_alts","destinationIndex":0,"clientStatePath":"../state/preview_run_20260608-040304/clients/client-test-01.json"}
[2026-06-18T18:14:16.343Z] [connecting] connecting
[2026-06-18T18:14:21.565Z] [connecting] connecting
[2026-06-18T18:14:26.724Z] [connecting] connecting
[2026-06-18T18:14:31.943Z] [connecting] connecting
[2026-06-18T18:14:32.181Z] [failed] Cardano transaction failed: Unable to fetch protocol parameters from Blockfrost (402 Payment Required).
  meta: {"code":"BuilderError","remediation":"A Cardano tx builder or signing error occurred. Check the feeder logs for the full stack trace.","error":"Unable to fetch protocol parameters from Blockfrost (402 Payment Required).","batchSize":2,"batchMembers":[{"intentHash":"0xd20d99830c6e3fa6c92cab3e510a3e70e6ff8c25856cfd598beed3b0d10355b8","symbol":"ARB/USD","pairUnit":"","action":"update"},{"intentHash":"0xbbe1e1d55dc62b0edd93aeb90aeb86244568fdecd77f462ef2951a691c33e08e","symbol":"NEIRO/USD","pairUnit":"","action":"update"}]}
[2026-06-18T18:14:32.184Z] [connecting] connecting
[2026-06-18T18:14:37.405Z] [connecting] connecting
[2026-06-18T18:14:42.630Z] [connecting] connecting
[2026-06-18T18:14:47.851Z] [connecting] connecting
[2026-06-18T18:14:48.119Z] [failed] Cardano transaction failed: Unable to fetch protocol parameters from Blockfrost (402 Payment Required).
  meta: {"code":"BuilderError","remediation":"A Cardano tx builder or signing error occurred. Check the feeder logs for the full stack trace.","error":"Unable to fetch protocol parameters from Blockfrost (402 Payment Required).","batchSize":9,"batchMembers":[{"intentHash":"0xc0a76d29ac8edc1687b91484cb8643a94dfdcc460445d0db966748e79b1bd3ac","symbol":"BTC/USD","pairUnit":"","action":"update"},{"intentHash":"0xbb5c56bf5a5d722c9f65e4c3f47bb993530f8354a3ac593a513e0b0557e9f70a","symbol":"ETH/USD","pairUnit":"","action":"update"},{"intentHash":"0x06601f972284f35931e1965a9aeb616f2eed58dab5dba649eee39d631ee86734","symbol":"USDC/USD","pairUnit":"","action":"update"},{"intentHash":"0x8cf05eafe14585d799c9cc48bed1afbe2340d296a77ba2085150a209499e3bea","symbol":"DOGE/USD","pairUnit":"","action":"update"},{"intentHash":"0xd86cec310aab920a313eed5dd275dfd72c3245f477cce9e6c4db3bde9dab05d1","symbol":"LTC/USD","pairUnit":"","action":"update"},{"intentHash":"0x5a63adcd55701a6d60c24b66d241da14458390677128b5db79eecb4c7f72ea93","symbol":"SHIB/USD","pairUnit":"","action":"update"},{"intentHash":"0xbbe1e1d55dc62b0edd93aeb90aeb86244568fdecd77f462ef2951a691c33e08e","symbol":"NEIRO/USD","pairUnit":"","action":"update"},{"intentHash":"0x3b15c6375b197ba760d951d354cdeb314ff133438c4cf020646d345e74b47f74","symbol":"XVG/USD","pairUnit":"","action":"update"},{"intentHash":"0x5bd4b52f5291f9f240f08223b2069e3366ab41124544a817d82f9069f889e83f","symbol":"USDT/USD","pairUnit":"","action":"update"}]}
[2026-06-18T18:15:04.129Z] [connecting] connecting
[2026-06-18T18:15:09.361Z] [connecting] connecting
[2026-06-18T18:15:14.685Z] [connecting] connecting
[2026-06-18T18:15:20.007Z] [connecting] connecting
[2026-06-18T18:15:20.356Z] [failed] Cardano transaction failed: Unable to fetch protocol parameters from Blockfrost (402 Payment Required).
  meta: {"code":"BuilderError","remediation":"A Cardano tx builder or signing error occurred. Check the feeder logs for the full stack trace.","error":"Unable to fetch protocol parameters from Blockfrost (402 Payment Required).","batchSize":4,"batchMembers":[{"intentHash":"0x5bd4b52f5291f9f240f08223b2069e3366ab41124544a817d82f9069f889e83f","symbol":"USDT/USD","pairUnit":"","action":"update"},{"intentHash":"0xbbe1e1d55dc62b0edd93aeb90aeb86244568fdecd77f462ef2951a691c33e08e","symbol":"NEIRO/USD","pairUnit":"","action":"update"},{"intentHash":"0x3b15c6375b197ba760d951d354cdeb314ff133438c4cf020646d345e74b47f74","symbol":"XVG/USD","pairUnit":"","action":"update"},{"intentHash":"0x8a34c187b09609c14ee7823196da270e105de542284adee618e08782c61dbb37","symbol":"ARB/USD","pairUnit":"","action":"update"}]}
