[2026-06-18T08:20:12.744Z] [enriched] Intent enriched: BTC/USD @ 64385173903989134065664
  meta: {"price":"64385173903989134065664","timestamp":"1781770811","expiry":"1781774411","blockNumber":13519408}
[2026-06-18T08:20:12.744Z] [routed] Intent passed all filters
  meta: {"routerId":"client_test_01_router_a_majors","destinationIndex":0}
[2026-06-18T08:20:12.744Z] [queued] Intent accepted by coalescer
  meta: {"routerId":"client_test_01_router_a_majors","destinationIndex":0,"clientStatePath":"../state/preview_run_20260608-040304/clients/client-test-01.json"}
[2026-06-18T08:20:28.127Z] [connecting] connecting
[2026-06-18T08:20:32.703Z] [failed] Cardano transaction failed: Intent for BTC/USD superseded on chain; not submitted.
  meta: {"code":"NonMonotonicNonce","remediation":"A newer intent for this pair is already on-chain. The stale intent was discarded; no operator action is needed.","error":"Intent for BTC/USD superseded on chain; not submitted.","batchSize":1}
[2026-06-18T08:20:52.973Z] [connecting] connecting
[2026-06-18T08:20:58.126Z] [building] building
[2026-06-18T08:21:00.825Z] [signing] signing
  meta: {"txHash":"32d52d0b5a3f3363c8ecc708bb893eb702010a8bde141a7b03c5d643415a19cf"}
[2026-06-18T08:21:01.778Z] [submitting] submitting
  meta: {"txHash":"32d52d0b5a3f3363c8ecc708bb893eb702010a8bde141a7b03c5d643415a19cf"}
[2026-06-18T08:21:02.060Z] [submitted] submitted
  meta: {"txHash":"32d52d0b5a3f3363c8ecc708bb893eb702010a8bde141a7b03c5d643415a19cf"}
[2026-06-18T08:21:02.061Z] [waiting_confirm] waiting_confirm
  meta: {"txHash":"32d52d0b5a3f3363c8ecc708bb893eb702010a8bde141a7b03c5d643415a19cf"}
[2026-06-18T08:21:18.430Z] [waiting_utxo] waiting_utxo
  meta: {"txHash":"32d52d0b5a3f3363c8ecc708bb893eb702010a8bde141a7b03c5d643415a19cf"}
[2026-06-18T08:21:22.777Z] [writing_state] writing_state
  meta: {"txHash":"32d52d0b5a3f3363c8ecc708bb893eb702010a8bde141a7b03c5d643415a19cf"}
[2026-06-18T08:21:25.814Z] [confirm] Cardano transaction confirmed
  meta: {"cardanoTxHash":"32d52d0b5a3f3363c8ecc708bb893eb702010a8bde141a7b03c5d643415a19cf","pairUnit":"02435906b5bf2ebac57a72d8d5609aa7f642b5e0e4d79666e0b1a2938a3859b168b77160150b13c200392328254c3758f082050fd7ec5c340ac2a497","pairAction":"update","batchSize":1}
[2026-06-18T08:21:25.820Z] [connecting] connecting
[2026-06-18T08:21:30.758Z] [building] building
[2026-06-18T08:21:30.769Z] [failed] Cardano transaction failed: Oracle intent timestamp must be greater than the current on-chain timestamp; intent superseded, not submitted.
  meta: {"code":"NonMonotonicNonce","remediation":"A newer intent for this pair is already on-chain. The stale intent was discarded; no operator action is needed.","error":"Oracle intent timestamp must be greater than the current on-chain timestamp; intent superseded, not submitted.","batchSize":1}
