[2026-06-19T00:11:33.252Z] [enriched] Intent enriched: USDT/USD @ 998940000000000000
  meta: {"price":"998940000000000000","timestamp":"1781827891","expiry":"1781831491","blockNumber":13676100}
[2026-06-19T00:11:33.252Z] [routed] Intent passed all filters
  meta: {"routerId":"client_test_01_router_a_majors","destinationIndex":0}
[2026-06-19T00:11:33.254Z] [queued] Intent accepted by coalescer
  meta: {"routerId":"client_test_01_router_a_majors","destinationIndex":0,"clientStatePath":"../state/preview_run_20260608-040304/clients/client-test-01.json"}
[2026-06-19T00:11:42.837Z] [connecting] connecting
[2026-06-19T00:11:52.011Z] [building] building
[2026-06-19T00:11:54.870Z] [signing] signing
  meta: {"txHash":"3e3eb2cc614c5aa808ad439d91a32d5f2fc6903c316d3164cd540aefb07f4d22"}
[2026-06-19T00:11:56.355Z] [submitting] submitting
  meta: {"txHash":"3e3eb2cc614c5aa808ad439d91a32d5f2fc6903c316d3164cd540aefb07f4d22"}
[2026-06-19T00:11:56.663Z] [submitted] submitted
  meta: {"txHash":"3e3eb2cc614c5aa808ad439d91a32d5f2fc6903c316d3164cd540aefb07f4d22"}
[2026-06-19T00:11:56.663Z] [waiting_confirm] waiting_confirm
  meta: {"txHash":"3e3eb2cc614c5aa808ad439d91a32d5f2fc6903c316d3164cd540aefb07f4d22"}
[2026-06-19T00:12:00.903Z] [waiting_utxo] waiting_utxo
  meta: {"txHash":"3e3eb2cc614c5aa808ad439d91a32d5f2fc6903c316d3164cd540aefb07f4d22"}
[2026-06-19T00:12:05.964Z] [writing_state] writing_state
  meta: {"txHash":"3e3eb2cc614c5aa808ad439d91a32d5f2fc6903c316d3164cd540aefb07f4d22"}
[2026-06-19T00:12:09.408Z] [failed] Cardano transaction failed: Intent for USDT/USD superseded on chain; not submitted.
  meta: {"code":"NonMonotonicNonce","remediation":"A newer intent for this pair is already on-chain. The stale intent was discarded; no operator action is needed.","error":"Intent for USDT/USD superseded on chain; not submitted.","batchSize":4,"batchMembers":[{"intentHash":"0xfd84c7fc970cfa0b78ed3ddd7af0d4e973a337c25ec0b65fb18fce2fe2d6e119","symbol":"BTC/USD","pairUnit":"def5c14be6bceefb95769110a0c8c7d5362e58bf8f17b6ee1c1bd9028a3859b168b77160150b13c200392328254c3758f082050fd7ec5c340ac2a497","action":"update"},{"intentHash":"0x1db141dfc4198802a70ddab7a21669c1efa44522bf995640439479120dbde845","symbol":"ETH/USD","pairUnit":"def5c14be6bceefb95769110a0c8c7d5362e58bf8f17b6ee1c1bd9023d7739c2406edbe3bb594b8f762cf67a2c889a162f2234dc17841f61d33849f4","action":"update"},{"intentHash":"0x39dd27c88f4a7d0c8a390bb2c7fc64f2ce7a665bb2ad39cfe332e1eb66028ec4","symbol":"USDC/USD","pairUnit":"def5c14be6bceefb95769110a0c8c7d5362e58bf8f17b6ee1c1bd9020156dbaa55902bb40ff6c461c8b2b59c70ebbe3786e51e5e75a8bc1cbad4c1ac","action":"update"},{"intentHash":"0x02da0dcb3b39f5b12fd9a70eb204acf2c63c006914ee1a2efb7e3fdf6397ea38","symbol":"DOGE/USD","pairUnit":"def5c14be6bceefb95769110a0c8c7d5362e58bf8f17b6ee1c1bd90219434a5bb684f659378f19bc8c3748046e646c079e79c10e484e2d29445ee02d","action":"update"}]}
