[2026-06-18T18:21:14.371Z] [enriched] Intent enriched: ARB/USD @ 82057442750000016
  meta: {"price":"82057442750000016","timestamp":"1781806872","expiry":"1781810472","blockNumber":13618701}
[2026-06-18T18:21:14.371Z] [routed] Intent passed all filters
  meta: {"routerId":"client_test_01_router_b_alts","destinationIndex":0}
[2026-06-18T18:21:14.373Z] [queued] Intent accepted by coalescer
  meta: {"routerId":"client_test_01_router_b_alts","destinationIndex":0,"clientStatePath":"../state/preview_run_20260608-040304/clients/client-test-01.json"}
[2026-06-18T18:21:15.224Z] [connecting] connecting
[2026-06-18T18:21:20.454Z] [connecting] connecting
[2026-06-18T18:21:25.621Z] [connecting] connecting
[2026-06-18T18:21:30.849Z] [connecting] connecting
[2026-06-18T18:21:31.203Z] [failed] Cardano transaction failed: Unable to fetch protocol parameters from Blockfrost (402 Payment Required).
  meta: {"code":"BuilderError","remediation":"A Cardano tx builder or signing error occurred. Check the feeder logs for the full stack trace.","error":"Unable to fetch protocol parameters from Blockfrost (402 Payment Required).","batchSize":4,"batchMembers":[{"intentHash":"0x26b74fbf3a54af9c6871fe4fe2c9f3fd9a06fddc4e7975721260c156bb09060b","symbol":"USDC/USD","pairUnit":"","action":"update"},{"intentHash":"0xa6f366f71c4198ddb8b98fca944717042b46e72513bfedf13a7473e839307eda","symbol":"DOGE/USD","pairUnit":"","action":"update"},{"intentHash":"0x1d0c4cf859491e89a8f558806c530e40648b3715b305b51ff0dff28b8ccc92c9","symbol":"SHIB/USD","pairUnit":"","action":"update"},{"intentHash":"0x536da92e1da1435a066557a309a7bdd9fe73250bbbb5ceda27dabd87cc882670","symbol":"ARB/USD","pairUnit":"","action":"update"}]}
[2026-06-18T18:21:31.205Z] [connecting] connecting
[2026-06-18T18:21:36.425Z] [connecting] connecting
[2026-06-18T18:21:41.739Z] [connecting] connecting
[2026-06-18T18:21:47.062Z] [connecting] connecting
[2026-06-18T18:21:47.739Z] [failed] Cardano transaction failed: Unable to fetch protocol parameters from Blockfrost (402 Payment Required).
  meta: {"code":"BuilderError","remediation":"A Cardano tx builder or signing error occurred. Check the feeder logs for the full stack trace.","error":"Unable to fetch protocol parameters from Blockfrost (402 Payment Required).","batchSize":5,"batchMembers":[{"intentHash":"0x4d6e99a734fea3fa9053096a7ec45bd49b6002ff4c7fc263f7232a1359acb992","symbol":"USDT/USD","pairUnit":"","action":"update"},{"intentHash":"0x536da92e1da1435a066557a309a7bdd9fe73250bbbb5ceda27dabd87cc882670","symbol":"ARB/USD","pairUnit":"","action":"update"},{"intentHash":"0x39f6e2d67edf42de17b72ea01ea1be51ea2bccd9c92e1d9377c6cdbe8e114108","symbol":"NEIRO/USD","pairUnit":"","action":"update"},{"intentHash":"0x45e8a18afc6384fea084ab1160134099867081af8b805d77f0f7e67f06fa6291","symbol":"XVG/USD","pairUnit":"","action":"update"},{"intentHash":"0x7d49bf67db9529239101d2489a06fe83c2bb73fb6f17f891417b66a9079b40f2","symbol":"LTC/USD","pairUnit":"","action":"update"}]}
[2026-06-18T18:22:03.757Z] [connecting] connecting
[2026-06-18T18:22:08.991Z] [connecting] connecting
[2026-06-18T18:22:14.230Z] [connecting] connecting
[2026-06-18T18:22:19.464Z] [connecting] connecting
[2026-06-18T18:22:19.735Z] [failed] Cardano transaction failed: Unable to fetch protocol parameters from Blockfrost (402 Payment Required).
  meta: {"code":"BuilderError","remediation":"A Cardano tx builder or signing error occurred. Check the feeder logs for the full stack trace.","error":"Unable to fetch protocol parameters from Blockfrost (402 Payment Required).","batchSize":7,"batchMembers":[{"intentHash":"0x75b97a3a61f048867f5ef5fde09ad616d6af42614b9a83ba2e674896f8c474e8","symbol":"BTC/USD","pairUnit":"","action":"update"},{"intentHash":"0xa31d739d0b44eb6c6721b177aa85483181d43976a2060c8aee96ecdce3873098","symbol":"ETH/USD","pairUnit":"","action":"update"},{"intentHash":"0x0d2eb8a0abcd0c06b03432105503ca244322f5f6f2017fd00201af8c60005b57","symbol":"USDC/USD","pairUnit":"","action":"update"},{"intentHash":"0x9d86b71f20d5e50191ec80a01b2ca75b9248487d3eb0e4ce1f06874507aa8c7b","symbol":"DOGE/USD","pairUnit":"","action":"update"},{"intentHash":"0x7d49bf67db9529239101d2489a06fe83c2bb73fb6f17f891417b66a9079b40f2","symbol":"LTC/USD","pairUnit":"","action":"update"},{"intentHash":"0x536da92e1da1435a066557a309a7bdd9fe73250bbbb5ceda27dabd87cc882670","symbol":"ARB/USD","pairUnit":"","action":"update"},{"intentHash":"0x6f00ab25f1e5d93716686124c0b70dc527df771a083717ae0cabcf37a515eb1d","symbol":"SHIB/USD","pairUnit":"","action":"update"}]}
