[2026-06-18T07:17:53.051Z] [enriched] Intent enriched: ARB/USD @ 84208218375000008
  meta: {"price":"84208218375000008","timestamp":"1781767072","expiry":"1781770672","blockNumber":13508857}
[2026-06-18T07:17:53.051Z] [routed] Intent passed all filters
  meta: {"routerId":"client_test_01_router_default","destinationIndex":0}
[2026-06-18T07:17:53.052Z] [queued] Intent accepted by coalescer
  meta: {"routerId":"client_test_01_router_default","destinationIndex":0,"clientStatePath":"../state/preview_run_20260608-040304/clients/client-test-01.json"}
[2026-06-18T07:17:55.767Z] [connecting] connecting
[2026-06-18T07:18:00.756Z] [building] building
[2026-06-18T07:18:03.373Z] [signing] signing
  meta: {"txHash":"eadf0c98404836e44f84e30e1aab689e85b282372b26029b0873ee14fbef173f"}
[2026-06-18T07:18:04.320Z] [submitting] submitting
  meta: {"txHash":"eadf0c98404836e44f84e30e1aab689e85b282372b26029b0873ee14fbef173f"}
[2026-06-18T07:18:04.580Z] [submitted] submitted
  meta: {"txHash":"eadf0c98404836e44f84e30e1aab689e85b282372b26029b0873ee14fbef173f"}
[2026-06-18T07:18:04.580Z] [waiting_confirm] waiting_confirm
  meta: {"txHash":"eadf0c98404836e44f84e30e1aab689e85b282372b26029b0873ee14fbef173f"}
[2026-06-18T07:18:12.005Z] [superseded] Superseded by newer intent
  meta: {"supersededByHash":"0xb574b10ea4ec336536b6e0ffc2ad978a68a2d3228ad9e65260ef3f0f38e2fe40"}
[2026-06-18T07:18:36.030Z] [waiting_utxo] waiting_utxo
  meta: {"txHash":"eadf0c98404836e44f84e30e1aab689e85b282372b26029b0873ee14fbef173f"}
[2026-06-18T07:18:40.486Z] [writing_state] writing_state
  meta: {"txHash":"eadf0c98404836e44f84e30e1aab689e85b282372b26029b0873ee14fbef173f"}
[2026-06-18T07:18:43.332Z] [confirm] Cardano transaction confirmed
  meta: {"cardanoTxHash":"eadf0c98404836e44f84e30e1aab689e85b282372b26029b0873ee14fbef173f","pairUnit":"def5c14be6bceefb95769110a0c8c7d5362e58bf8f17b6ee1c1bd902dfafb09cf4921baf2478651f0d7072b3a0df58b6c434443d32511927fa7919fb","pairAction":"update","batchSize":1}
