[2026-06-19T01:29:20.281Z] [enriched] Intent enriched: USDT/USD @ 998915000000000000
  meta: {"price":"998915000000000000","timestamp":"1781832558","expiry":"1781836158","blockNumber":13689336}
[2026-06-19T01:29:20.281Z] [routed] Intent passed all filters
  meta: {"routerId":"client_test_01_router_a_majors","destinationIndex":0}
[2026-06-19T01:29:20.282Z] [queued] Intent accepted by coalescer
  meta: {"routerId":"client_test_01_router_a_majors","destinationIndex":0,"clientStatePath":"../state/preview_run_20260608-040304/clients/client-test-01.json"}
[2026-06-19T01:29:24.897Z] [connecting] connecting
[2026-06-19T01:29:33.956Z] [building] building
[2026-06-19T01:29:37.137Z] [signing] signing
  meta: {"txHash":"17067c8ff3369328b14558687a727576268e707eaa947d5800e69e673deef1c9"}
[2026-06-19T01:29:38.759Z] [submitting] submitting
  meta: {"txHash":"17067c8ff3369328b14558687a727576268e707eaa947d5800e69e673deef1c9"}
[2026-06-19T01:29:39.096Z] [submitted] submitted
  meta: {"txHash":"17067c8ff3369328b14558687a727576268e707eaa947d5800e69e673deef1c9"}
[2026-06-19T01:29:39.097Z] [waiting_confirm] waiting_confirm
  meta: {"txHash":"17067c8ff3369328b14558687a727576268e707eaa947d5800e69e673deef1c9"}
[2026-06-19T01:30:23.738Z] [waiting_utxo] waiting_utxo
  meta: {"txHash":"17067c8ff3369328b14558687a727576268e707eaa947d5800e69e673deef1c9"}
[2026-06-19T01:30:27.349Z] [writing_state] writing_state
  meta: {"txHash":"17067c8ff3369328b14558687a727576268e707eaa947d5800e69e673deef1c9"}
[2026-06-19T01:30:30.790Z] [failed] Cardano transaction failed: Intent for USDT/USD superseded on chain; not submitted.
  meta: {"code":"NonMonotonicNonce","remediation":"A newer intent for this pair is already on-chain. The stale intent was discarded; no operator action is needed.","error":"Intent for USDT/USD superseded on chain; not submitted.","batchSize":3,"batchMembers":[{"intentHash":"0xfc9a7b5ccdf5ff2b5a54adb1f9995a0a9815a980647bbc7d4a2c9e0d65ca48fb","symbol":"BTC/USD","pairUnit":"def5c14be6bceefb95769110a0c8c7d5362e58bf8f17b6ee1c1bd9028a3859b168b77160150b13c200392328254c3758f082050fd7ec5c340ac2a497","action":"update"},{"intentHash":"0x73a3eb33f5a0bf9e086d37ad48ec2750b213a193498e5355add10c89e6160fd5","symbol":"ETH/USD","pairUnit":"def5c14be6bceefb95769110a0c8c7d5362e58bf8f17b6ee1c1bd9023d7739c2406edbe3bb594b8f762cf67a2c889a162f2234dc17841f61d33849f4","action":"update"},{"intentHash":"0x60cffc3f36ac67a93c5cc90c68e349c24f6c2b58ece7021ea1eb188253e44e12","symbol":"USDC/USD","pairUnit":"def5c14be6bceefb95769110a0c8c7d5362e58bf8f17b6ee1c1bd9020156dbaa55902bb40ff6c461c8b2b59c70ebbe3786e51e5e75a8bc1cbad4c1ac","action":"update"}]}
