[2026-06-18T18:32:17.926Z] [enriched] Intent enriched: ARB/USD @ 82091701500000000
  meta: {"price":"82091701500000000","timestamp":"1781807536","expiry":"1781811136","blockNumber":13620495}
[2026-06-18T18:32:17.926Z] [routed] Intent passed all filters
  meta: {"routerId":"client_test_01_router_b_alts","destinationIndex":0}
[2026-06-18T18:32:17.927Z] [queued] Intent accepted by coalescer
  meta: {"routerId":"client_test_01_router_b_alts","destinationIndex":0,"clientStatePath":"../state/preview_run_20260608-040304/clients/client-test-01.json"}
[2026-06-18T18:32:19.448Z] [connecting] connecting
[2026-06-18T18:32:24.380Z] [connecting] connecting
[2026-06-18T18:32:29.384Z] [connecting] connecting
[2026-06-18T18:32:34.387Z] [connecting] connecting
[2026-06-18T18:32:34.412Z] [failed] Cardano transaction failed: Missing required environment variable: BLOCKFROST_PROJECT_ID_TESTNET. Active CARDANO_NETWORK requires the *_TESTNET variant of every per-network setting.
  meta: {"code":"BuilderError","remediation":"A Cardano tx builder or signing error occurred. Check the feeder logs for the full stack trace.","error":"Missing required environment variable: BLOCKFROST_PROJECT_ID_TESTNET. Active CARDANO_NETWORK requires the *_TESTNET variant of every per-network setting.","batchSize":3,"batchMembers":[{"intentHash":"0x723508fe5532c535f3ddc19fa085f124af9ecf5d85edfa8ea0d4407a3d404647","symbol":"DOGE/USD","pairUnit":"","action":"update"},{"intentHash":"0x40529b201c5e035cc10520a224195b1d7662fca77a5a006000dfa0146a7ace32","symbol":"SHIB/USD","pairUnit":"","action":"update"},{"intentHash":"0xd357c477c6c68ca98e370eaa65e7c27895dc23c450b3af65de072b619ca8d675","symbol":"ARB/USD","pairUnit":"","action":"update"}]}
[2026-06-18T18:32:34.414Z] [connecting] connecting
[2026-06-18T18:32:39.419Z] [connecting] connecting
[2026-06-18T18:32:44.423Z] [connecting] connecting
[2026-06-18T18:32:49.428Z] [connecting] connecting
[2026-06-18T18:32:49.455Z] [failed] Cardano transaction failed: Missing required environment variable: BLOCKFROST_PROJECT_ID_TESTNET. Active CARDANO_NETWORK requires the *_TESTNET variant of every per-network setting.
  meta: {"code":"BuilderError","remediation":"A Cardano tx builder or signing error occurred. Check the feeder logs for the full stack trace.","error":"Missing required environment variable: BLOCKFROST_PROJECT_ID_TESTNET. Active CARDANO_NETWORK requires the *_TESTNET variant of every per-network setting.","batchSize":4,"batchMembers":[{"intentHash":"0xcc1df013ab392006618dcbca612f2c8903dcf9b406f1627f285af4e3e607d803","symbol":"USDT/USD","pairUnit":"","action":"update"},{"intentHash":"0xd357c477c6c68ca98e370eaa65e7c27895dc23c450b3af65de072b619ca8d675","symbol":"ARB/USD","pairUnit":"","action":"update"},{"intentHash":"0xc1163be243731f68f5c831ba082cef0e3ac8ce4cb7bec7a216fbc7d7d6ebf991","symbol":"NEIRO/USD","pairUnit":"","action":"update"},{"intentHash":"0xa7d0c4fd0e189413bebff2a369743197a8c789455d9fe8d4be17118d9788da57","symbol":"XVG/USD","pairUnit":"","action":"update"}]}
[2026-06-18T18:33:04.482Z] [connecting] connecting
[2026-06-18T18:33:09.487Z] [connecting] connecting
[2026-06-18T18:33:14.507Z] [connecting] connecting
[2026-06-18T18:33:19.513Z] [connecting] connecting
[2026-06-18T18:33:19.580Z] [failed] Cardano transaction failed: Missing required environment variable: BLOCKFROST_PROJECT_ID_TESTNET. Active CARDANO_NETWORK requires the *_TESTNET variant of every per-network setting.
  meta: {"code":"BuilderError","remediation":"A Cardano tx builder or signing error occurred. Check the feeder logs for the full stack trace.","error":"Missing required environment variable: BLOCKFROST_PROJECT_ID_TESTNET. Active CARDANO_NETWORK requires the *_TESTNET variant of every per-network setting.","batchSize":7,"batchMembers":[{"intentHash":"0x93d4e193618057de9a06c57aa32e405ec9042f67c931bb049167df38d3b68a32","symbol":"BTC/USD","pairUnit":"","action":"update"},{"intentHash":"0x846f0743f0c5b898e2a993992ad5743ef3cb8c57b94c840e53910315ef3a4347","symbol":"ETH/USD","pairUnit":"","action":"update"},{"intentHash":"0xdd8e43a7fc23f494c7e8cb189dad5f440bf3a272f8426e27b64661069529f478","symbol":"USDC/USD","pairUnit":"","action":"update"},{"intentHash":"0xc5f7e1c4321ad3360489df26e53f76fdef9c27504a207345f50316b0dbd02af0","symbol":"DOGE/USD","pairUnit":"","action":"update"},{"intentHash":"0x82974274a7cf52434a7cf2b4cb66bbdcf9792210daa0f59fea51d9b2ecd77cbf","symbol":"LTC/USD","pairUnit":"","action":"update"},{"intentHash":"0xd357c477c6c68ca98e370eaa65e7c27895dc23c450b3af65de072b619ca8d675","symbol":"ARB/USD","pairUnit":"","action":"update"},{"intentHash":"0x7af19246dbed0733406cc117884090c06f06849e6325f856938e5e2542ca863c","symbol":"SHIB/USD","pairUnit":"","action":"update"}]}
