[2026-06-18T21:36:15.437Z] [enriched] Intent enriched: ARB/USD @ 84602550975000008
  meta: {"price":"84602550975000008","timestamp":"1781818573","expiry":"1781822173","blockNumber":13650251}
[2026-06-18T21:36:15.437Z] [routed] Intent passed all filters
  meta: {"routerId":"client_test_01_router_b_alts","destinationIndex":0}
[2026-06-18T21:36:15.438Z] [queued] Intent accepted by coalescer
  meta: {"routerId":"client_test_01_router_b_alts","destinationIndex":0,"clientStatePath":"../state/preview_run_20260608-040304/clients/client-test-01.json"}
[2026-06-18T21:36:15.741Z] [connecting] connecting
[2026-06-18T21:36:27.583Z] [building] building
[2026-06-18T21:36:31.124Z] [signing] signing
  meta: {"txHash":"813a73be7732ea641ff3b080d5993531466bf1b153e2df0d0223c0b3473858cd"}
[2026-06-18T21:36:32.682Z] [submitting] submitting
  meta: {"txHash":"813a73be7732ea641ff3b080d5993531466bf1b153e2df0d0223c0b3473858cd"}
[2026-06-18T21:36:32.956Z] [submitted] submitted
  meta: {"txHash":"813a73be7732ea641ff3b080d5993531466bf1b153e2df0d0223c0b3473858cd"}
[2026-06-18T21:36:32.996Z] [waiting_confirm] waiting_confirm
  meta: {"txHash":"813a73be7732ea641ff3b080d5993531466bf1b153e2df0d0223c0b3473858cd"}
[2026-06-18T21:37:01.124Z] [waiting_utxo] waiting_utxo
  meta: {"txHash":"813a73be7732ea641ff3b080d5993531466bf1b153e2df0d0223c0b3473858cd"}
[2026-06-18T21:37:03.887Z] [writing_state] writing_state
  meta: {"txHash":"813a73be7732ea641ff3b080d5993531466bf1b153e2df0d0223c0b3473858cd"}
[2026-06-18T21:37:07.302Z] [batched] Intent confirmed inside a batch of 7 intents
  meta: {"cardanoTxHash":"813a73be7732ea641ff3b080d5993531466bf1b153e2df0d0223c0b3473858cd","batchSize":7,"batchMembers":[{"intentHash":"0x85b2b960b804c2e254290ba73b49c4f4fa54c54f56949782fffd4932c829f13a","symbol":"ARB/USD","pairUnit":"def5c14be6bceefb95769110a0c8c7d5362e58bf8f17b6ee1c1bd902dfafb09cf4921baf2478651f0d7072b3a0df58b6c434443d32511927fa7919fb","action":"update"},{"intentHash":"0x59e5f1356e55d1cba959ab7f532156ab696b6b8686b3720e7b08a24e9f6ab495","symbol":"USDT/USD","pairUnit":"def5c14be6bceefb95769110a0c8c7d5362e58bf8f17b6ee1c1bd9025ec9fa6a8337c83985882517e4865a68763912f37490cffe992a26abfd29d315","action":"update"},{"intentHash":"0xaf5b00b565cdfb3db4fd4340b9f52c3edd05798e48b51a70394059bcc563c294","symbol":"NEIRO/USD","pairUnit":"def5c14be6bceefb95769110a0c8c7d5362e58bf8f17b6ee1c1bd902a8c0b97b231afaebc42d067a57b139abb4a8631e36c7f81cee6a30173e22b6b2","action":"update"},{"intentHash":"0xa0e0f9906daa9dc3c18c73b2a8de54ab14b1f3738f7f5e780d1eb919a13e2757","symbol":"XVG/USD","pairUnit":"def5c14be6bceefb95769110a0c8c7d5362e58bf8f17b6ee1c1bd902e6643031cebf937d080904cd1e6dd3d5aebcac06fc08dc15de991ade67363588","action":"update"},{"intentHash":"0x453fb3da9ff5b2a2c811dac93241a50938456904a99926a0dfe3fe3ee74c2f44","symbol":"BTC/USD","pairUnit":"def5c14be6bceefb95769110a0c8c7d5362e58bf8f17b6ee1c1bd9028a3859b168b77160150b13c200392328254c3758f082050fd7ec5c340ac2a497","action":"update"},{"intentHash":"0x7136f2779b71fdac56baeeed902efff83cd2fd7f92356b8ca3aa6dd2d03bf458","symbol":"ETH/USD","pairUnit":"def5c14be6bceefb95769110a0c8c7d5362e58bf8f17b6ee1c1bd9023d7739c2406edbe3bb594b8f762cf67a2c889a162f2234dc17841f61d33849f4","action":"update"},{"intentHash":"0x8e41259fbf7e9ce78debbc33de2a059d77edba0e3f9234cbf07458aba6d484ae","symbol":"USDC/USD","pairUnit":"def5c14be6bceefb95769110a0c8c7d5362e58bf8f17b6ee1c1bd9020156dbaa55902bb40ff6c461c8b2b59c70ebbe3786e51e5e75a8bc1cbad4c1ac","action":"update"}],"pairUnit":"def5c14be6bceefb95769110a0c8c7d5362e58bf8f17b6ee1c1bd902dfafb09cf4921baf2478651f0d7072b3a0df58b6c434443d32511927fa7919fb","pairAction":"update"}
[2026-06-18T21:37:07.303Z] [confirm] Cardano batch transaction confirmed
  meta: {"cardanoTxHash":"813a73be7732ea641ff3b080d5993531466bf1b153e2df0d0223c0b3473858cd","pairUnit":"def5c14be6bceefb95769110a0c8c7d5362e58bf8f17b6ee1c1bd902dfafb09cf4921baf2478651f0d7072b3a0df58b6c434443d32511927fa7919fb","pairAction":"update","batchSize":7}
[2026-06-18T21:37:07.369Z] [connecting] connecting
[2026-06-18T21:37:16.147Z] [building] building
[2026-06-18T21:37:19.289Z] [signing] signing
  meta: {"txHash":"228ec05c9dd336f08f43918e14b3e7bd7f48d6186fbb03b358301e89136eeb6c"}
[2026-06-18T21:37:20.766Z] [submitting] submitting
  meta: {"txHash":"228ec05c9dd336f08f43918e14b3e7bd7f48d6186fbb03b358301e89136eeb6c"}
[2026-06-18T21:37:21.026Z] [submitted] submitted
  meta: {"txHash":"228ec05c9dd336f08f43918e14b3e7bd7f48d6186fbb03b358301e89136eeb6c"}
[2026-06-18T21:37:21.054Z] [waiting_confirm] waiting_confirm
  meta: {"txHash":"228ec05c9dd336f08f43918e14b3e7bd7f48d6186fbb03b358301e89136eeb6c"}
[2026-06-18T21:37:25.394Z] [waiting_utxo] waiting_utxo
  meta: {"txHash":"228ec05c9dd336f08f43918e14b3e7bd7f48d6186fbb03b358301e89136eeb6c"}
[2026-06-18T21:37:33.308Z] [writing_state] writing_state
  meta: {"txHash":"228ec05c9dd336f08f43918e14b3e7bd7f48d6186fbb03b358301e89136eeb6c"}
[2026-06-18T21:37:36.656Z] [failed] Cardano transaction failed: Intent for ARB/USD superseded on chain; not submitted.
  meta: {"code":"NonMonotonicNonce","remediation":"A newer intent for this pair is already on-chain. The stale intent was discarded; no operator action is needed.","error":"Intent for ARB/USD superseded on chain; not submitted.","batchSize":4,"batchMembers":[{"intentHash":"0xe0d62462818f6f14e10b0992a2f53bba0a97ac48555ef827f625ccce148f2e03","symbol":"BTC/USD","pairUnit":"def5c14be6bceefb95769110a0c8c7d5362e58bf8f17b6ee1c1bd9028a3859b168b77160150b13c200392328254c3758f082050fd7ec5c340ac2a497","action":"update"},{"intentHash":"0xcafc830b95157c016f3d185156238e0c71d57aa3e3e3e0a8a77ec71271b89a2a","symbol":"ETH/USD","pairUnit":"def5c14be6bceefb95769110a0c8c7d5362e58bf8f17b6ee1c1bd9023d7739c2406edbe3bb594b8f762cf67a2c889a162f2234dc17841f61d33849f4","action":"update"},{"intentHash":"0xeda4188a39eb2e8e7e70c3999bc6fe427f806dbba42029ebdaf69f2ffed0d286","symbol":"USDC/USD","pairUnit":"def5c14be6bceefb95769110a0c8c7d5362e58bf8f17b6ee1c1bd9020156dbaa55902bb40ff6c461c8b2b59c70ebbe3786e51e5e75a8bc1cbad4c1ac","action":"update"},{"intentHash":"0x9610baa1b1741ea4b3016cf1079c6f9237b16e5692932e9431967c844e07767e","symbol":"DOGE/USD","pairUnit":"def5c14be6bceefb95769110a0c8c7d5362e58bf8f17b6ee1c1bd90219434a5bb684f659378f19bc8c3748046e646c079e79c10e484e2d29445ee02d","action":"update"}]}
