[2026-06-19T02:20:50.862Z] [connecting] connecting
[2026-06-19T02:20:50.904Z] [connecting] connecting
[2026-06-19T02:20:53.883Z] [superseded] Superseded by newer intent
  meta: {"supersededByHash":"0x19e98a3b47e078cb2ce7bcaf35aaa7f22f90a9c00cb6cf109863e7fca3fbf031"}
[2026-06-19T02:20:56.565Z] [building] building
[2026-06-19T02:20:59.232Z] [building] building
[2026-06-19T02:21:01.656Z] [signing] signing
  meta: {"txHash":"60d0785f41c1518c9b7af78c76ce27b8a3c1afb618d2dd617153e9bfaf672ed9"}
[2026-06-19T02:21:03.174Z] [submitting] submitting
  meta: {"txHash":"60d0785f41c1518c9b7af78c76ce27b8a3c1afb618d2dd617153e9bfaf672ed9"}
[2026-06-19T02:21:03.471Z] [submitted] submitted
  meta: {"txHash":"60d0785f41c1518c9b7af78c76ce27b8a3c1afb618d2dd617153e9bfaf672ed9"}
[2026-06-19T02:21:03.472Z] [waiting_confirm] waiting_confirm
  meta: {"txHash":"60d0785f41c1518c9b7af78c76ce27b8a3c1afb618d2dd617153e9bfaf672ed9"}
[2026-06-19T02:21:11.558Z] [signing] signing
  meta: {"txHash":"d6f1718f5b08280b5c0c9cd212a191a388320970498105d9165a3bda7793bcfc"}
[2026-06-19T02:21:12.998Z] [waiting_utxo] waiting_utxo
  meta: {"txHash":"60d0785f41c1518c9b7af78c76ce27b8a3c1afb618d2dd617153e9bfaf672ed9"}
[2026-06-19T02:21:12.851Z] [submitting] submitting
  meta: {"txHash":"d6f1718f5b08280b5c0c9cd212a191a388320970498105d9165a3bda7793bcfc"}
[2026-06-19T02:21:17.556Z] [connecting] connecting
[2026-06-19T02:21:20.445Z] [writing_state] writing_state
  meta: {"txHash":"60d0785f41c1518c9b7af78c76ce27b8a3c1afb618d2dd617153e9bfaf672ed9"}
[2026-06-19T02:21:23.866Z] [confirm] Cardano transaction confirmed
  meta: {"cardanoTxHash":"60d0785f41c1518c9b7af78c76ce27b8a3c1afb618d2dd617153e9bfaf672ed9","pairUnit":"02435906b5bf2ebac57a72d8d5609aa7f642b5e0e4d79666e0b1a2938a3859b168b77160150b13c200392328254c3758f082050fd7ec5c340ac2a497","pairAction":"update","batchSize":1}
[2026-06-19T02:21:23.871Z] [connecting] connecting
[2026-06-19T02:21:25.748Z] [building] building
[2026-06-19T02:21:35.894Z] [signing] signing
  meta: {"txHash":"b95c2eff129c7d06d63fa5830c862ca4cae5f1a9dcea7da25b9e5908554f5aff"}
[2026-06-19T02:21:36.309Z] [building] building
[2026-06-19T02:21:36.326Z] [failed] Cardano transaction failed: Oracle intent timestamp must be greater than the current on-chain timestamp; intent superseded, not submitted.
  meta: {"code":"NonMonotonicNonce","remediation":"A newer intent for this pair is already on-chain. The stale intent was discarded; no operator action is needed.","error":"Oracle intent timestamp must be greater than the current on-chain timestamp; intent superseded, not submitted.","batchSize":1}
[2026-06-19T02:21:37.699Z] [submitting] submitting
  meta: {"txHash":"b95c2eff129c7d06d63fa5830c862ca4cae5f1a9dcea7da25b9e5908554f5aff"}
[2026-06-19T02:21:37.978Z] [submitted] submitted
  meta: {"txHash":"b95c2eff129c7d06d63fa5830c862ca4cae5f1a9dcea7da25b9e5908554f5aff"}
[2026-06-19T02:21:38.003Z] [waiting_confirm] waiting_confirm
  meta: {"txHash":"b95c2eff129c7d06d63fa5830c862ca4cae5f1a9dcea7da25b9e5908554f5aff"}
[2026-06-19T02:21:56.374Z] [waiting_utxo] waiting_utxo
  meta: {"txHash":"b95c2eff129c7d06d63fa5830c862ca4cae5f1a9dcea7da25b9e5908554f5aff"}
[2026-06-19T02:22:01.435Z] [writing_state] writing_state
  meta: {"txHash":"b95c2eff129c7d06d63fa5830c862ca4cae5f1a9dcea7da25b9e5908554f5aff"}
[2026-06-19T02:22:04.884Z] [batched] Intent confirmed inside a batch of 4 intents
  meta: {"cardanoTxHash":"b95c2eff129c7d06d63fa5830c862ca4cae5f1a9dcea7da25b9e5908554f5aff","batchSize":4,"batchMembers":[{"intentHash":"0xa133ec7cb2a8913e8972db3bc17a01bdb8952e3ba06891c1fa9dc0e63a2832f1","symbol":"BTC/USD","pairUnit":"def5c14be6bceefb95769110a0c8c7d5362e58bf8f17b6ee1c1bd9028a3859b168b77160150b13c200392328254c3758f082050fd7ec5c340ac2a497","action":"update"},{"intentHash":"0x4b83c483cf73eece8c170559151955d43d02c0ee4f5072bbcbc527d47c0f6b19","symbol":"ETH/USD","pairUnit":"def5c14be6bceefb95769110a0c8c7d5362e58bf8f17b6ee1c1bd9023d7739c2406edbe3bb594b8f762cf67a2c889a162f2234dc17841f61d33849f4","action":"update"},{"intentHash":"0x9f7e084cfd4afe3eba58c910dd223516297e426911b8d04a3856087905d32193","symbol":"USDC/USD","pairUnit":"def5c14be6bceefb95769110a0c8c7d5362e58bf8f17b6ee1c1bd9020156dbaa55902bb40ff6c461c8b2b59c70ebbe3786e51e5e75a8bc1cbad4c1ac","action":"update"},{"intentHash":"0x10ad2af741f236f75e970560310b6a68c9b4729c0666808bc17c3b7180005085","symbol":"DOGE/USD","pairUnit":"def5c14be6bceefb95769110a0c8c7d5362e58bf8f17b6ee1c1bd90219434a5bb684f659378f19bc8c3748046e646c079e79c10e484e2d29445ee02d","action":"update"}],"pairUnit":"def5c14be6bceefb95769110a0c8c7d5362e58bf8f17b6ee1c1bd9028a3859b168b77160150b13c200392328254c3758f082050fd7ec5c340ac2a497","pairAction":"update"}
[2026-06-19T02:22:04.885Z] [confirm] Cardano batch transaction confirmed
  meta: {"cardanoTxHash":"b95c2eff129c7d06d63fa5830c862ca4cae5f1a9dcea7da25b9e5908554f5aff","pairUnit":"def5c14be6bceefb95769110a0c8c7d5362e58bf8f17b6ee1c1bd9028a3859b168b77160150b13c200392328254c3758f082050fd7ec5c340ac2a497","pairAction":"update","batchSize":4}
