[2026-06-18T21:33:22.974Z] [connecting] connecting
[2026-06-18T21:33:31.055Z] [building] building
[2026-06-18T21:33:34.437Z] [signing] signing
  meta: {"txHash":"95828067eebd4a022c8052abf2914af78e9aa44610c48a1cbbdb51d20d8ff049"}
[2026-06-18T21:33:35.905Z] [submitting] submitting
  meta: {"txHash":"95828067eebd4a022c8052abf2914af78e9aa44610c48a1cbbdb51d20d8ff049"}
[2026-06-18T21:33:41.171Z] [connecting] connecting
[2026-06-18T21:33:49.038Z] [building] building
[2026-06-18T21:33:51.964Z] [signing] signing
  meta: {"txHash":"95828067eebd4a022c8052abf2914af78e9aa44610c48a1cbbdb51d20d8ff049"}
[2026-06-18T21:33:53.409Z] [submitting] submitting
  meta: {"txHash":"95828067eebd4a022c8052abf2914af78e9aa44610c48a1cbbdb51d20d8ff049"}
[2026-06-18T21:33:58.670Z] [connecting] connecting
[2026-06-18T21:34:06.895Z] [building] building
[2026-06-18T21:34:10.002Z] [signing] signing
  meta: {"txHash":"617c12c112515ad2d185791f275061b96b8bc8eb47cd84eb38e3bd7efe102291"}
[2026-06-18T21:34:11.472Z] [submitting] submitting
  meta: {"txHash":"617c12c112515ad2d185791f275061b96b8bc8eb47cd84eb38e3bd7efe102291"}
[2026-06-18T21:34:16.715Z] [connecting] connecting
[2026-06-18T21:34:24.337Z] [superseded] Superseded by newer intent
  meta: {"supersededByHash":"0xba73b56753db616c703a40f908a9f25c913e3d8b29ab98fc71a35a772bba0134"}
[2026-06-18T21:34:24.489Z] [building] building
[2026-06-18T21:34:27.627Z] [signing] signing
  meta: {"txHash":"617c12c112515ad2d185791f275061b96b8bc8eb47cd84eb38e3bd7efe102291"}
[2026-06-18T21:34:29.128Z] [submitting] submitting
  meta: {"txHash":"617c12c112515ad2d185791f275061b96b8bc8eb47cd84eb38e3bd7efe102291"}
[2026-06-18T21:34:29.405Z] [failed] Cardano transaction failed: Error: {"contents":{"contents":{"contents":{"era":"ShelleyBasedEraConway","error":["ConwayUtxowFailure (UtxoFailure (InsufficientCollateral (DeltaCoin (-222279488)) (Coin 1872557)))","ConwayUtxowFailure (UtxoFailure (IncorrectTotalCollateralField (DeltaCoin (-222279488)) (Coin 5000000)))","ConwayUtxowFailure (UtxoFailure NoCollateralInputs)","ConwayUtxowFailure (UtxoFailure (BadInputsUTxO (NonEmptySet (fromList [TxIn (TxId {unTxId = SafeHash \"68e2a72c6677009edd2b52ce3d0bb23d0b45dc143bdebbc2b3cdcc4d0b10cec0\"}) (TxIx {unTxIx = 3})]))))","ConwayUtxowFailure (UtxoFailure (ValueNotConservedUTxO Mismatch (RelEQ) {supplied: MaryValue (Coin 9259000000) (MultiAsset (fromList [(PolicyID {policyID = ScriptHash \"def5c14be6bceefb95769110a0c8c7d5362e58bf8f17b6ee1c1bd902\"},fromList [(\"5ec9fa6a8337c83985882517e4865a68763912f37490cffe992a26abfd29d315\",1),(\"a8c0b97b231afaebc42d067a57b139abb4a8631e36c7f81cee6a30173e22b6b2\",1),(\"e6643031cebf937d080904cd1e6dd3d5aebcac06fc08dc15de991ade67363588\",1)]),(PolicyID {policyID = ScriptHash \"e6721fde8af7e40aecbd6f146b0470cc20722e05a61c9230a052900d\"},fromList [(\"4449415f52454345495645525f434c49454e545f41\",1)])])), expected: MaryValue (Coin 9486279488) (MultiAsset (fromList [(PolicyID {policyID = ScriptHash \"def5c14be6bceefb95769110a0c8c7d5362e58bf8f17b6ee1c1bd902\"},fromList [(\"5ec9fa6a8337c83985882517e4865a68763912f37490cffe992a26abfd29d315\",1),(\"a8c0b97b231afaebc42d067a57b139abb4a8631e36c7f81cee6a30173e22b6b2\",1),(\"e6643031cebf937d080904cd1e6dd3d5aebcac06fc08dc15de991ade67363588\",1)]),(PolicyID {policyID = ScriptHash \"e6721fde8af7e40aecbd6f146b0470cc20722e05a61c9230a052900d\"},fromList [(\"4449415f52454345495645525f434c49454e545f41\",1)])]))}))","ConwayUtxowFailure (UtxoFailure (UtxosFailure (CollectErrors (BadTranslation (BabbageContextError (AlonzoContextError (TranslationLogicMissingInput (TxIn (TxId {unTxId = SafeHash \"68e2a72c6677009edd2b52ce3d0bb23d0b45dc143bdebbc2b3cdcc4d0b10cec0\"}) (TxIx {unTxIx = 3}))))) :| []))))"],"kind":"ShelleyTxValidationError"},"tag":"TxValidationErrorInCardanoMode"},"tag":"TxCmdTxSubmitValidationError"},"tag":"TxSubmitFail"}
  meta: {"code":"UtxoNotFound","remediation":"A required script UTxO could not be found on-chain. The chain state may need reconciliation — run the feeder's reconcile step.","error":"Error: {\"contents\":{\"contents\":{\"contents\":{\"era\":\"ShelleyBasedEraConway\",\"error\":[\"ConwayUtxowFailure (UtxoFailure (InsufficientCollateral (DeltaCoin (-222279488)) (Coin 1872557)))\",\"ConwayUtxowFailure (UtxoFailure (IncorrectTotalCollateralField (DeltaCoin (-222279488)) (Coin 5000000)))\",\"ConwayUtxowFailure (UtxoFailure NoCollateralInputs)\",\"ConwayUtxowFailure (UtxoFailure (BadInputsUTxO (NonEmptySet (fromList [TxIn (TxId {unTxId = SafeHash \\\"68e2a72c6677009edd2b52ce3d0bb23d0b45dc143bdebbc2b3cdcc4d0b10cec0\\\"}) (TxIx {unTxIx = 3})]))))\",\"ConwayUtxowFailure (UtxoFailure (ValueNotConservedUTxO Mismatch (RelEQ) {supplied: MaryValue (Coin 9259000000) (MultiAsset (fromList [(PolicyID {policyID = ScriptHash \\\"def5c14be6bceefb95769110a0c8c7d5362e58bf8f17b6ee1c1bd902\\\"},fromList [(\\\"5ec9fa6a8337c83985882517e4865a68763912f37490cffe992a26abfd29d315\\\",1),(\\\"a8c0b97b231afaebc42d067a57b139abb4a8631e36c7f81cee6a30173e22b6b2\\\",1),(\\\"e6643031cebf937d080904cd1e6dd3d5aebcac06fc08dc15de991ade67363588\\\",1)]),(PolicyID {policyID = ScriptHash \\\"e6721fde8af7e40aecbd6f146b0470cc20722e05a61c9230a052900d\\\"},fromList [(\\\"4449415f52454345495645525f434c49454e545f41\\\",1)])])), expected: MaryValue (Coin 9486279488) (MultiAsset (fromList [(PolicyID {policyID = ScriptHash \\\"def5c14be6bceefb95769110a0c8c7d5362e58bf8f17b6ee1c1bd902\\\"},fromList [(\\\"5ec9fa6a8337c83985882517e4865a68763912f37490cffe992a26abfd29d315\\\",1),(\\\"a8c0b97b231afaebc42d067a57b139abb4a8631e36c7f81cee6a30173e22b6b2\\\",1),(\\\"e6643031cebf937d080904cd1e6dd3d5aebcac06fc08dc15de991ade67363588\\\",1)]),(PolicyID {policyID = ScriptHash \\\"e6721fde8af7e40aecbd6f146b0470cc20722e05a61c9230a052900d\\\"},fromList [(\\\"4449415f52454345495645525f434c49454e545f41\\\",1)])]))}))\",\"ConwayUtxowFailure (UtxoFailure (UtxosFailure (CollectErrors (BadTranslation (BabbageContextError (AlonzoContextError (TranslationLogicMissingInput (TxIn (TxId {unTxId = SafeHash \\\"68e2a72c6677009edd2b52ce3d0bb23d0b45dc143bdebbc2b3cdcc4d0b10cec0\\\"}) (TxIx {unTxIx = 3}))))) :| []))))\"],\"kind\":\"ShelleyTxValidationError\"},\"tag\":\"TxValidationErrorInCardanoMode\"},\"tag\":\"TxCmdTxSubmitValidationError\"},\"tag\":\"TxSubmitFail\"}","batchSize":4,"batchMembers":[{"intentHash":"0xfb80a9c6e99828d258c01dff122f093072d19eecdd4dd8e00c3932bc5ae1c67a","symbol":"USDT/USD","pairUnit":"","action":"update"},{"intentHash":"0xfb551673e2764ae6de41b49f9dd0e8d38772a88e9363b8b947ebb267ad37a83b","symbol":"SHIB/USD","pairUnit":"","action":"update"},{"intentHash":"0x1f452bbf95b4bb88fc54222fe135cf789008f85a63e5fc2491b5d192331f6f26","symbol":"NEIRO/USD","pairUnit":"","action":"update"},{"intentHash":"0x0878f6058f85f5e45c1d97fffeaf636be340e4d00d35d2379a217e3ac9e57197","symbol":"XVG/USD","pairUnit":"","action":"update"}]}
