[2026-06-18T07:16:49.248Z] [enriched] Intent enriched: USDC/USD @ 999724130600000000
  meta: {"price":"999724130600000000","timestamp":"1781767008","expiry":"1781770608","blockNumber":13508678}
[2026-06-18T07:16:49.248Z] [routed] Intent passed all filters
  meta: {"routerId":"client_test_01_router_default","destinationIndex":0}
[2026-06-18T07:16:49.248Z] [queued] Intent accepted by coalescer
  meta: {"routerId":"client_test_01_router_default","destinationIndex":0,"clientStatePath":"../state/preview_run_20260608-040304/clients/client-test-01.json"}
[2026-06-18T07:16:55.931Z] [connecting] connecting
[2026-06-18T07:17:02.108Z] [building] building
[2026-06-18T07:17:05.496Z] [signing] signing
  meta: {"txHash":"ba283e115470be266d3e2c36c8ca3315c3029a64cfc267866ac857c4dd9db7dc"}
[2026-06-18T07:17:06.445Z] [submitting] submitting
  meta: {"txHash":"ba283e115470be266d3e2c36c8ca3315c3029a64cfc267866ac857c4dd9db7dc"}
[2026-06-18T07:17:06.708Z] [submitted] submitted
  meta: {"txHash":"ba283e115470be266d3e2c36c8ca3315c3029a64cfc267866ac857c4dd9db7dc"}
[2026-06-18T07:17:06.708Z] [waiting_confirm] waiting_confirm
  meta: {"txHash":"ba283e115470be266d3e2c36c8ca3315c3029a64cfc267866ac857c4dd9db7dc"}
[2026-06-18T07:17:07.613Z] [superseded] Superseded by newer intent
  meta: {"supersededByHash":"0x36ff04bf7865a19723562db9689272a41ec4d4c0fcb129cec2d8c996a96ab5f2"}
[2026-06-18T07:17:41.146Z] [waiting_utxo] waiting_utxo
  meta: {"txHash":"ba283e115470be266d3e2c36c8ca3315c3029a64cfc267866ac857c4dd9db7dc"}
[2026-06-18T07:17:48.020Z] [writing_state] writing_state
  meta: {"txHash":"ba283e115470be266d3e2c36c8ca3315c3029a64cfc267866ac857c4dd9db7dc"}
[2026-06-18T07:17:50.843Z] [confirm] Cardano transaction confirmed
  meta: {"cardanoTxHash":"ba283e115470be266d3e2c36c8ca3315c3029a64cfc267866ac857c4dd9db7dc","pairUnit":"def5c14be6bceefb95769110a0c8c7d5362e58bf8f17b6ee1c1bd9020156dbaa55902bb40ff6c461c8b2b59c70ebbe3786e51e5e75a8bc1cbad4c1ac","pairAction":"update","batchSize":1}
