[2026-06-19T01:18:22.810Z] [enriched] Intent enriched: USDT/USD @ 998919210507329088
  meta: {"price":"998919210507329088","timestamp":"1781831900","expiry":"1781835500","blockNumber":13687457}
[2026-06-19T01:18:22.810Z] [routed] Intent passed all filters
  meta: {"routerId":"client_test_01_router_a_majors","destinationIndex":0}
[2026-06-19T01:18:22.811Z] [queued] Intent accepted by coalescer
  meta: {"routerId":"client_test_01_router_a_majors","destinationIndex":0,"clientStatePath":"../state/preview_run_20260608-040304/clients/client-test-01.json"}
[2026-06-19T01:18:45.783Z] [connecting] connecting
[2026-06-19T01:18:51.249Z] [building] building
[2026-06-19T01:18:54.327Z] [signing] signing
  meta: {"txHash":"ce7bb60a59bad1b8ea5479acd3cee9d2bee395485d64091b2d11934884a11db7"}
[2026-06-19T01:18:55.929Z] [submitting] submitting
  meta: {"txHash":"ce7bb60a59bad1b8ea5479acd3cee9d2bee395485d64091b2d11934884a11db7"}
[2026-06-19T01:18:56.212Z] [submitted] submitted
  meta: {"txHash":"ce7bb60a59bad1b8ea5479acd3cee9d2bee395485d64091b2d11934884a11db7"}
[2026-06-19T01:18:56.212Z] [waiting_confirm] waiting_confirm
  meta: {"txHash":"ce7bb60a59bad1b8ea5479acd3cee9d2bee395485d64091b2d11934884a11db7"}
[2026-06-19T01:19:11.999Z] [waiting_utxo] waiting_utxo
  meta: {"txHash":"ce7bb60a59bad1b8ea5479acd3cee9d2bee395485d64091b2d11934884a11db7"}
[2026-06-19T01:19:16.881Z] [writing_state] writing_state
  meta: {"txHash":"ce7bb60a59bad1b8ea5479acd3cee9d2bee395485d64091b2d11934884a11db7"}
[2026-06-19T01:19:20.298Z] [confirm] Cardano transaction confirmed
  meta: {"cardanoTxHash":"ce7bb60a59bad1b8ea5479acd3cee9d2bee395485d64091b2d11934884a11db7","pairUnit":"def5c14be6bceefb95769110a0c8c7d5362e58bf8f17b6ee1c1bd9025ec9fa6a8337c83985882517e4865a68763912f37490cffe992a26abfd29d315","pairAction":"update","batchSize":1}
