[2026-06-18T20:17:01.670Z] [enriched] Intent enriched: ETH/USD @ 1702434515752305164288
  meta: {"price":"1702434515752305164288","timestamp":"1781813819","expiry":"1781817419","blockNumber":13637489}
[2026-06-18T20:17:01.670Z] [routed] Intent passed all filters
  meta: {"routerId":"client_test_01_router_a_majors","destinationIndex":0}
[2026-06-18T20:17:01.671Z] [queued] Intent accepted by coalescer
  meta: {"routerId":"client_test_01_router_a_majors","destinationIndex":0,"clientStatePath":"../state/preview_run_20260608-040304/clients/client-test-01.json"}
[2026-06-18T20:17:06.450Z] [connecting] connecting
[2026-06-18T20:17:12.569Z] [building] building
[2026-06-18T20:17:15.789Z] [signing] signing
  meta: {"txHash":"69445b2215224b4090e8fa22b2bb69c4947715fc78d48ec4342bd1085d1df3e8"}
[2026-06-18T20:17:17.324Z] [submitting] submitting
  meta: {"txHash":"69445b2215224b4090e8fa22b2bb69c4947715fc78d48ec4342bd1085d1df3e8"}
[2026-06-18T20:17:17.597Z] [submitted] submitted
  meta: {"txHash":"69445b2215224b4090e8fa22b2bb69c4947715fc78d48ec4342bd1085d1df3e8"}
[2026-06-18T20:17:17.597Z] [waiting_confirm] waiting_confirm
  meta: {"txHash":"69445b2215224b4090e8fa22b2bb69c4947715fc78d48ec4342bd1085d1df3e8"}
[2026-06-18T20:18:21.674Z] [waiting_utxo] waiting_utxo
  meta: {"txHash":"69445b2215224b4090e8fa22b2bb69c4947715fc78d48ec4342bd1085d1df3e8"}
[2026-06-18T20:18:29.718Z] [writing_state] writing_state
  meta: {"txHash":"69445b2215224b4090e8fa22b2bb69c4947715fc78d48ec4342bd1085d1df3e8"}
[2026-06-18T20:18:33.016Z] [confirm] Cardano transaction confirmed
  meta: {"cardanoTxHash":"69445b2215224b4090e8fa22b2bb69c4947715fc78d48ec4342bd1085d1df3e8","pairUnit":"def5c14be6bceefb95769110a0c8c7d5362e58bf8f17b6ee1c1bd9023d7739c2406edbe3bb594b8f762cf67a2c889a162f2234dc17841f61d33849f4","pairAction":"update","batchSize":1}
