[2026-06-18T15:48:46.171Z] [enriched] Intent enriched: ARB/USD @ 83998659499999992
  meta: {"price":"83998659499999992","timestamp":"1781797724","expiry":"1781801324","blockNumber":13593770}
[2026-06-18T15:48:46.171Z] [routed] Intent passed all filters
  meta: {"routerId":"client_test_01_router_b_alts","destinationIndex":0}
[2026-06-18T15:48:46.173Z] [queued] Intent accepted by coalescer
  meta: {"routerId":"client_test_01_router_b_alts","destinationIndex":0,"clientStatePath":"../state/preview_run_20260608-040304/clients/client-test-01.json"}
[2026-06-18T15:49:14.684Z] [connecting] connecting
[2026-06-18T15:49:20.487Z] [building] building
[2026-06-18T15:49:23.069Z] [signing] signing
  meta: {"txHash":"ea171269fdf1cee9e012ee6d49bda4c224aa33416a7144283d7d99b4f961bc42"}
[2026-06-18T15:49:24.045Z] [submitting] submitting
  meta: {"txHash":"ea171269fdf1cee9e012ee6d49bda4c224aa33416a7144283d7d99b4f961bc42"}
[2026-06-18T15:49:24.318Z] [submitted] submitted
  meta: {"txHash":"ea171269fdf1cee9e012ee6d49bda4c224aa33416a7144283d7d99b4f961bc42"}
[2026-06-18T15:49:24.318Z] [waiting_confirm] waiting_confirm
  meta: {"txHash":"ea171269fdf1cee9e012ee6d49bda4c224aa33416a7144283d7d99b4f961bc42"}
[2026-06-18T15:50:01.557Z] [waiting_utxo] waiting_utxo
  meta: {"txHash":"ea171269fdf1cee9e012ee6d49bda4c224aa33416a7144283d7d99b4f961bc42"}
[2026-06-18T15:50:08.647Z] [writing_state] writing_state
  meta: {"txHash":"ea171269fdf1cee9e012ee6d49bda4c224aa33416a7144283d7d99b4f961bc42"}
[2026-06-18T15:50:11.578Z] [confirm] Cardano transaction confirmed
  meta: {"cardanoTxHash":"ea171269fdf1cee9e012ee6d49bda4c224aa33416a7144283d7d99b4f961bc42","pairUnit":"def5c14be6bceefb95769110a0c8c7d5362e58bf8f17b6ee1c1bd902dfafb09cf4921baf2478651f0d7072b3a0df58b6c434443d32511927fa7919fb","pairAction":"update","batchSize":1}
