[2026-06-19T00:30:58.802Z] [connecting] connecting
[2026-06-19T00:31:04.718Z] [building] building
[2026-06-19T00:31:07.959Z] [signing] signing
  meta: {"txHash":"68d7e0a617799f9d9d23c8856b8261ef292e8dc9cfc286c9ef405a00002d9388"}
[2026-06-19T00:31:09.426Z] [submitting] submitting
  meta: {"txHash":"68d7e0a617799f9d9d23c8856b8261ef292e8dc9cfc286c9ef405a00002d9388"}
[2026-06-19T00:31:14.697Z] [connecting] connecting
[2026-06-19T00:31:20.378Z] [building] building
[2026-06-19T00:31:22.565Z] [signing] signing
  meta: {"txHash":"ea12abec707495473f67cd0cb71e48c4c1ccaca8a172db4d35ef752e2d75e0d9"}
[2026-06-19T00:31:24.054Z] [submitting] submitting
  meta: {"txHash":"ea12abec707495473f67cd0cb71e48c4c1ccaca8a172db4d35ef752e2d75e0d9"}
[2026-06-19T00:31:24.335Z] [submitted] submitted
  meta: {"txHash":"ea12abec707495473f67cd0cb71e48c4c1ccaca8a172db4d35ef752e2d75e0d9"}
[2026-06-19T00:31:24.336Z] [waiting_confirm] waiting_confirm
  meta: {"txHash":"ea12abec707495473f67cd0cb71e48c4c1ccaca8a172db4d35ef752e2d75e0d9"}
[2026-06-19T00:31:25.868Z] [connecting] connecting
[2026-06-19T00:31:39.023Z] [building] building
[2026-06-19T00:31:42.537Z] [signing] signing
  meta: {"txHash":"5031d9ab129ad1383aff9647bad57e30d94d497e0d8dc79c748f391feb0f6324"}
[2026-06-19T00:31:44.034Z] [submitting] submitting
  meta: {"txHash":"5031d9ab129ad1383aff9647bad57e30d94d497e0d8dc79c748f391feb0f6324"}
[2026-06-19T00:31:49.301Z] [connecting] connecting
[2026-06-19T00:31:55.031Z] [waiting_utxo] waiting_utxo
  meta: {"txHash":"ea12abec707495473f67cd0cb71e48c4c1ccaca8a172db4d35ef752e2d75e0d9"}
[2026-06-19T00:31:57.609Z] [superseded] Superseded by newer intent
  meta: {"supersededByHash":"0x50e9306873f40fc74642dd4968990025f4df68a09ee632557fb5be4b4fde5843"}
[2026-06-19T00:31:59.975Z] [writing_state] writing_state
  meta: {"txHash":"ea12abec707495473f67cd0cb71e48c4c1ccaca8a172db4d35ef752e2d75e0d9"}
[2026-06-19T00:32:01.891Z] [building] building
[2026-06-19T00:32:03.334Z] [confirm] Cardano transaction confirmed
  meta: {"cardanoTxHash":"ea12abec707495473f67cd0cb71e48c4c1ccaca8a172db4d35ef752e2d75e0d9","pairUnit":"02435906b5bf2ebac57a72d8d5609aa7f642b5e0e4d79666e0b1a2938a3859b168b77160150b13c200392328254c3758f082050fd7ec5c340ac2a497","pairAction":"update","batchSize":1}
[2026-06-19T00:32:05.421Z] [signing] signing
  meta: {"txHash":"537e7a99a2f8949aa1ce8e21a471b7e09f133151b7abad6ac91dba0eae61451c"}
[2026-06-19T00:32:06.918Z] [submitting] submitting
  meta: {"txHash":"537e7a99a2f8949aa1ce8e21a471b7e09f133151b7abad6ac91dba0eae61451c"}
[2026-06-19T00:32:07.207Z] [submitted] submitted
  meta: {"txHash":"537e7a99a2f8949aa1ce8e21a471b7e09f133151b7abad6ac91dba0eae61451c"}
[2026-06-19T00:32:07.234Z] [waiting_confirm] waiting_confirm
  meta: {"txHash":"537e7a99a2f8949aa1ce8e21a471b7e09f133151b7abad6ac91dba0eae61451c"}
[2026-06-19T00:32:22.709Z] [waiting_utxo] waiting_utxo
  meta: {"txHash":"537e7a99a2f8949aa1ce8e21a471b7e09f133151b7abad6ac91dba0eae61451c"}
[2026-06-19T00:32:27.801Z] [writing_state] writing_state
  meta: {"txHash":"537e7a99a2f8949aa1ce8e21a471b7e09f133151b7abad6ac91dba0eae61451c"}
[2026-06-19T00:32:31.249Z] [batched] Intent confirmed inside a batch of 7 intents
  meta: {"cardanoTxHash":"537e7a99a2f8949aa1ce8e21a471b7e09f133151b7abad6ac91dba0eae61451c","batchSize":7,"batchMembers":[{"intentHash":"0x20de7f89ab4e16796e1ad66921302ef3c41afc853177bbbcc3e72ac3fc519b87","symbol":"BTC/USD","pairUnit":"def5c14be6bceefb95769110a0c8c7d5362e58bf8f17b6ee1c1bd9028a3859b168b77160150b13c200392328254c3758f082050fd7ec5c340ac2a497","action":"update"},{"intentHash":"0x45fe1563ea7760ee52d293129b3a26fc2176a9e7c431ba6e0c839cb2d39a5a76","symbol":"LTC/USD","pairUnit":"def5c14be6bceefb95769110a0c8c7d5362e58bf8f17b6ee1c1bd90201f8ca4f564d04963a1ffccbb3f49da8bf09c0373f278d84047413cf09399650","action":"update"},{"intentHash":"0x9b1d786bf801c52cb0f608445c1967a65168e4b3cf737448bdfbcbc9d72a5f7b","symbol":"ARB/USD","pairUnit":"def5c14be6bceefb95769110a0c8c7d5362e58bf8f17b6ee1c1bd902dfafb09cf4921baf2478651f0d7072b3a0df58b6c434443d32511927fa7919fb","action":"update"},{"intentHash":"0x26d6685b6c1d87ea25fc5b0888fefc487709b792da18365155c9bb8b35ae08c7","symbol":"ETH/USD","pairUnit":"def5c14be6bceefb95769110a0c8c7d5362e58bf8f17b6ee1c1bd9023d7739c2406edbe3bb594b8f762cf67a2c889a162f2234dc17841f61d33849f4","action":"update"},{"intentHash":"0xf8ecafbc1d147b72b42fd890f364969c815c30d19bddece0fd7eb71d15db82ca","symbol":"USDC/USD","pairUnit":"def5c14be6bceefb95769110a0c8c7d5362e58bf8f17b6ee1c1bd9020156dbaa55902bb40ff6c461c8b2b59c70ebbe3786e51e5e75a8bc1cbad4c1ac","action":"update"},{"intentHash":"0xbfe9d6e6746126879ca4cde35aace6578b7877bca62d5580885808aedca93366","symbol":"DOGE/USD","pairUnit":"def5c14be6bceefb95769110a0c8c7d5362e58bf8f17b6ee1c1bd90219434a5bb684f659378f19bc8c3748046e646c079e79c10e484e2d29445ee02d","action":"update"},{"intentHash":"0xe508a40510931760967086d1fb455482c1ad28e1d2c2b605f0eae4e92f8c087e","symbol":"SHIB/USD","pairUnit":"def5c14be6bceefb95769110a0c8c7d5362e58bf8f17b6ee1c1bd902406a90956881e5fbe476ff634fd41235fb114c833053daebd4af3b30c0bde839","action":"update"}],"pairUnit":"def5c14be6bceefb95769110a0c8c7d5362e58bf8f17b6ee1c1bd9028a3859b168b77160150b13c200392328254c3758f082050fd7ec5c340ac2a497","pairAction":"update"}
[2026-06-19T00:32:31.250Z] [confirm] Cardano batch transaction confirmed
  meta: {"cardanoTxHash":"537e7a99a2f8949aa1ce8e21a471b7e09f133151b7abad6ac91dba0eae61451c","pairUnit":"def5c14be6bceefb95769110a0c8c7d5362e58bf8f17b6ee1c1bd9028a3859b168b77160150b13c200392328254c3758f082050fd7ec5c340ac2a497","pairAction":"update","batchSize":7}
