[2026-06-19T02:20:50.862Z] [connecting] connecting
[2026-06-19T02:20:55.041Z] [superseded] Superseded by newer intent
  meta: {"supersededByHash":"0xe2d38d2249cb249a2461a4d03a6690140eb0bf014a57f2603dec3e815b5bc5b8"}
[2026-06-19T02:20:59.232Z] [building] building
[2026-06-19T02:21:11.559Z] [signing] signing
  meta: {"txHash":"d6f1718f5b08280b5c0c9cd212a191a388320970498105d9165a3bda7793bcfc"}
[2026-06-19T02:21:12.851Z] [submitting] submitting
  meta: {"txHash":"d6f1718f5b08280b5c0c9cd212a191a388320970498105d9165a3bda7793bcfc"}
[2026-06-19T02:21:17.556Z] [connecting] connecting
[2026-06-19T02:21:25.748Z] [building] building
[2026-06-19T02:21:35.894Z] [signing] signing
  meta: {"txHash":"b95c2eff129c7d06d63fa5830c862ca4cae5f1a9dcea7da25b9e5908554f5aff"}
[2026-06-19T02:21:37.699Z] [submitting] submitting
  meta: {"txHash":"b95c2eff129c7d06d63fa5830c862ca4cae5f1a9dcea7da25b9e5908554f5aff"}
[2026-06-19T02:21:37.988Z] [submitted] submitted
  meta: {"txHash":"b95c2eff129c7d06d63fa5830c862ca4cae5f1a9dcea7da25b9e5908554f5aff"}
[2026-06-19T02:21:38.003Z] [waiting_confirm] waiting_confirm
  meta: {"txHash":"b95c2eff129c7d06d63fa5830c862ca4cae5f1a9dcea7da25b9e5908554f5aff"}
[2026-06-19T02:21:56.374Z] [waiting_utxo] waiting_utxo
  meta: {"txHash":"b95c2eff129c7d06d63fa5830c862ca4cae5f1a9dcea7da25b9e5908554f5aff"}
[2026-06-19T02:22:01.435Z] [writing_state] writing_state
  meta: {"txHash":"b95c2eff129c7d06d63fa5830c862ca4cae5f1a9dcea7da25b9e5908554f5aff"}
[2026-06-19T02:22:04.893Z] [batched] Intent confirmed inside a batch of 4 intents
  meta: {"cardanoTxHash":"b95c2eff129c7d06d63fa5830c862ca4cae5f1a9dcea7da25b9e5908554f5aff","batchSize":4,"batchMembers":[{"intentHash":"0xa133ec7cb2a8913e8972db3bc17a01bdb8952e3ba06891c1fa9dc0e63a2832f1","symbol":"BTC/USD","pairUnit":"def5c14be6bceefb95769110a0c8c7d5362e58bf8f17b6ee1c1bd9028a3859b168b77160150b13c200392328254c3758f082050fd7ec5c340ac2a497","action":"update"},{"intentHash":"0x4b83c483cf73eece8c170559151955d43d02c0ee4f5072bbcbc527d47c0f6b19","symbol":"ETH/USD","pairUnit":"def5c14be6bceefb95769110a0c8c7d5362e58bf8f17b6ee1c1bd9023d7739c2406edbe3bb594b8f762cf67a2c889a162f2234dc17841f61d33849f4","action":"update"},{"intentHash":"0x9f7e084cfd4afe3eba58c910dd223516297e426911b8d04a3856087905d32193","symbol":"USDC/USD","pairUnit":"def5c14be6bceefb95769110a0c8c7d5362e58bf8f17b6ee1c1bd9020156dbaa55902bb40ff6c461c8b2b59c70ebbe3786e51e5e75a8bc1cbad4c1ac","action":"update"},{"intentHash":"0x10ad2af741f236f75e970560310b6a68c9b4729c0666808bc17c3b7180005085","symbol":"DOGE/USD","pairUnit":"def5c14be6bceefb95769110a0c8c7d5362e58bf8f17b6ee1c1bd90219434a5bb684f659378f19bc8c3748046e646c079e79c10e484e2d29445ee02d","action":"update"}],"pairUnit":"def5c14be6bceefb95769110a0c8c7d5362e58bf8f17b6ee1c1bd9023d7739c2406edbe3bb594b8f762cf67a2c889a162f2234dc17841f61d33849f4","pairAction":"update"}
[2026-06-19T02:22:04.895Z] [confirm] Cardano batch transaction confirmed
  meta: {"cardanoTxHash":"b95c2eff129c7d06d63fa5830c862ca4cae5f1a9dcea7da25b9e5908554f5aff","pairUnit":"def5c14be6bceefb95769110a0c8c7d5362e58bf8f17b6ee1c1bd9023d7739c2406edbe3bb594b8f762cf67a2c889a162f2234dc17841f61d33849f4","pairAction":"update","batchSize":4}
