[2026-06-18T05:59:50.573Z] [enriched] Intent enriched: XVG/USD @ 2571117120000000
  meta: {"price":"2571117120000000","timestamp":"1781762389","expiry":"1781765989","blockNumber":13495466}
[2026-06-18T05:59:50.573Z] [routed] Intent passed all filters
  meta: {"routerId":"client_test_01_router_default","destinationIndex":0}
[2026-06-18T05:59:50.574Z] [queued] Intent accepted by coalescer
  meta: {"routerId":"client_test_01_router_default","destinationIndex":0,"clientStatePath":"../state/preview_run_20260608-040304/clients/client-test-01.json"}
[2026-06-18T06:00:11.547Z] [connecting] connecting
[2026-06-18T06:00:21.037Z] [building] building
[2026-06-18T06:00:24.033Z] [signing] signing
  meta: {"txHash":"c0e3954586549f45b0ec6f38f677776659293296331b0615c467a80af17618ac"}
[2026-06-18T06:00:24.991Z] [submitting] submitting
  meta: {"txHash":"c0e3954586549f45b0ec6f38f677776659293296331b0615c467a80af17618ac"}
[2026-06-18T06:00:25.258Z] [submitted] submitted
  meta: {"txHash":"c0e3954586549f45b0ec6f38f677776659293296331b0615c467a80af17618ac"}
[2026-06-18T06:00:25.281Z] [waiting_confirm] waiting_confirm
  meta: {"txHash":"c0e3954586549f45b0ec6f38f677776659293296331b0615c467a80af17618ac"}
[2026-06-18T06:00:38.757Z] [waiting_utxo] waiting_utxo
  meta: {"txHash":"c0e3954586549f45b0ec6f38f677776659293296331b0615c467a80af17618ac"}
[2026-06-18T06:00:46.043Z] [writing_state] writing_state
  meta: {"txHash":"c0e3954586549f45b0ec6f38f677776659293296331b0615c467a80af17618ac"}
[2026-06-18T06:00:48.915Z] [batched] Intent confirmed inside a batch of 5 intents
  meta: {"cardanoTxHash":"c0e3954586549f45b0ec6f38f677776659293296331b0615c467a80af17618ac","batchSize":5,"batchMembers":[{"intentHash":"0xfeb954859abd34fcd2b9d83e57cfaef3599efdca35546bd506b74ae0dfa2be49","symbol":"XVG/USD","pairUnit":"def5c14be6bceefb95769110a0c8c7d5362e58bf8f17b6ee1c1bd902e6643031cebf937d080904cd1e6dd3d5aebcac06fc08dc15de991ade67363588","action":"update"},{"intentHash":"0x22e7f805b2763fc0e9e898d5a84d9c3cd5b371d8a5000c7c6d2189e96d45e3a5","symbol":"ARB/USD","pairUnit":"def5c14be6bceefb95769110a0c8c7d5362e58bf8f17b6ee1c1bd902dfafb09cf4921baf2478651f0d7072b3a0df58b6c434443d32511927fa7919fb","action":"update"},{"intentHash":"0x610a6efd8d312e69c23be71440d11a4071087f2ea2469df2a0614482de52fa5b","symbol":"LTC/USD","pairUnit":"def5c14be6bceefb95769110a0c8c7d5362e58bf8f17b6ee1c1bd90201f8ca4f564d04963a1ffccbb3f49da8bf09c0373f278d84047413cf09399650","action":"update"},{"intentHash":"0x73927b6cb3d89e909d9e9807da4520dbadb785143b9ab46050a9d18a1e0ac309","symbol":"BTC/USD","pairUnit":"def5c14be6bceefb95769110a0c8c7d5362e58bf8f17b6ee1c1bd9028a3859b168b77160150b13c200392328254c3758f082050fd7ec5c340ac2a497","action":"update"},{"intentHash":"0x576010b230a01e70f677f7025d0be3057516377d206b7a979346430df1df3b49","symbol":"ETH/USD","pairUnit":"def5c14be6bceefb95769110a0c8c7d5362e58bf8f17b6ee1c1bd9023d7739c2406edbe3bb594b8f762cf67a2c889a162f2234dc17841f61d33849f4","action":"update"}],"pairUnit":"def5c14be6bceefb95769110a0c8c7d5362e58bf8f17b6ee1c1bd902e6643031cebf937d080904cd1e6dd3d5aebcac06fc08dc15de991ade67363588","pairAction":"update"}
[2026-06-18T06:00:48.915Z] [confirm] Cardano batch transaction confirmed
  meta: {"cardanoTxHash":"c0e3954586549f45b0ec6f38f677776659293296331b0615c467a80af17618ac","pairUnit":"def5c14be6bceefb95769110a0c8c7d5362e58bf8f17b6ee1c1bd902e6643031cebf937d080904cd1e6dd3d5aebcac06fc08dc15de991ade67363588","pairAction":"update","batchSize":5}
[2026-06-18T06:00:48.956Z] [connecting] connecting
[2026-06-18T06:00:56.123Z] [building] building
[2026-06-18T06:00:58.717Z] [signing] signing
  meta: {"txHash":"8492fc700822087adc36de92f994c363a9a10b421f0c4bb71a095b7c25fa4dd6"}
[2026-06-18T06:00:59.697Z] [submitting] submitting
  meta: {"txHash":"8492fc700822087adc36de92f994c363a9a10b421f0c4bb71a095b7c25fa4dd6"}
[2026-06-18T06:00:59.975Z] [submitted] submitted
  meta: {"txHash":"8492fc700822087adc36de92f994c363a9a10b421f0c4bb71a095b7c25fa4dd6"}
[2026-06-18T06:00:59.975Z] [waiting_confirm] waiting_confirm
  meta: {"txHash":"8492fc700822087adc36de92f994c363a9a10b421f0c4bb71a095b7c25fa4dd6"}
[2026-06-18T06:01:55.730Z] [waiting_utxo] waiting_utxo
  meta: {"txHash":"8492fc700822087adc36de92f994c363a9a10b421f0c4bb71a095b7c25fa4dd6"}
[2026-06-18T06:02:00.636Z] [writing_state] writing_state
  meta: {"txHash":"8492fc700822087adc36de92f994c363a9a10b421f0c4bb71a095b7c25fa4dd6"}
[2026-06-18T06:02:03.634Z] [failed] Cardano transaction failed: Intent for XVG/USD superseded on chain; not submitted.
  meta: {"code":"NonMonotonicNonce","remediation":"A newer intent for this pair is already on-chain. The stale intent was discarded; no operator action is needed.","error":"Intent for XVG/USD superseded on chain; not submitted.","batchSize":2,"batchMembers":[{"intentHash":"0x2e8e569d393589a715148af05ab984b3a0d51f76b8c005d4c1e1641f49e9dade","symbol":"USDC/USD","pairUnit":"def5c14be6bceefb95769110a0c8c7d5362e58bf8f17b6ee1c1bd9020156dbaa55902bb40ff6c461c8b2b59c70ebbe3786e51e5e75a8bc1cbad4c1ac","action":"update"},{"intentHash":"0xe31761b1421c6e049efb8e0df6d14dd74546f05ae07eb2a901767571b8cf7051","symbol":"USDT/USD","pairUnit":"def5c14be6bceefb95769110a0c8c7d5362e58bf8f17b6ee1c1bd9025ec9fa6a8337c83985882517e4865a68763912f37490cffe992a26abfd29d315","action":"update"}]}
