[2026-06-18T21:36:43.878Z] [enriched] Intent enriched: DOGE/USD @ 83272248675000008
  meta: {"price":"83272248675000008","timestamp":"1781818601","expiry":"1781822201","blockNumber":13650332}
[2026-06-18T21:36:43.878Z] [routed] Intent passed all filters
  meta: {"routerId":"client_test_01_router_a_majors","destinationIndex":0}
[2026-06-18T21:36:43.879Z] [queued] Intent accepted by coalescer
  meta: {"routerId":"client_test_01_router_a_majors","destinationIndex":0,"clientStatePath":"../state/preview_run_20260608-040304/clients/client-test-01.json"}
[2026-06-18T21:37:07.369Z] [connecting] connecting
[2026-06-18T21:37:16.148Z] [building] building
[2026-06-18T21:37:19.289Z] [signing] signing
  meta: {"txHash":"228ec05c9dd336f08f43918e14b3e7bd7f48d6186fbb03b358301e89136eeb6c"}
[2026-06-18T21:37:20.766Z] [submitting] submitting
  meta: {"txHash":"228ec05c9dd336f08f43918e14b3e7bd7f48d6186fbb03b358301e89136eeb6c"}
[2026-06-18T21:37:21.054Z] [submitted] submitted
  meta: {"txHash":"228ec05c9dd336f08f43918e14b3e7bd7f48d6186fbb03b358301e89136eeb6c"}
[2026-06-18T21:37:21.055Z] [waiting_confirm] waiting_confirm
  meta: {"txHash":"228ec05c9dd336f08f43918e14b3e7bd7f48d6186fbb03b358301e89136eeb6c"}
[2026-06-18T21:37:25.395Z] [waiting_utxo] waiting_utxo
  meta: {"txHash":"228ec05c9dd336f08f43918e14b3e7bd7f48d6186fbb03b358301e89136eeb6c"}
[2026-06-18T21:37:33.309Z] [writing_state] writing_state
  meta: {"txHash":"228ec05c9dd336f08f43918e14b3e7bd7f48d6186fbb03b358301e89136eeb6c"}
[2026-06-18T21:37:36.696Z] [batched] Intent confirmed inside a batch of 4 intents
  meta: {"cardanoTxHash":"228ec05c9dd336f08f43918e14b3e7bd7f48d6186fbb03b358301e89136eeb6c","batchSize":4,"batchMembers":[{"intentHash":"0xe0d62462818f6f14e10b0992a2f53bba0a97ac48555ef827f625ccce148f2e03","symbol":"BTC/USD","pairUnit":"def5c14be6bceefb95769110a0c8c7d5362e58bf8f17b6ee1c1bd9028a3859b168b77160150b13c200392328254c3758f082050fd7ec5c340ac2a497","action":"update"},{"intentHash":"0xcafc830b95157c016f3d185156238e0c71d57aa3e3e3e0a8a77ec71271b89a2a","symbol":"ETH/USD","pairUnit":"def5c14be6bceefb95769110a0c8c7d5362e58bf8f17b6ee1c1bd9023d7739c2406edbe3bb594b8f762cf67a2c889a162f2234dc17841f61d33849f4","action":"update"},{"intentHash":"0xeda4188a39eb2e8e7e70c3999bc6fe427f806dbba42029ebdaf69f2ffed0d286","symbol":"USDC/USD","pairUnit":"def5c14be6bceefb95769110a0c8c7d5362e58bf8f17b6ee1c1bd9020156dbaa55902bb40ff6c461c8b2b59c70ebbe3786e51e5e75a8bc1cbad4c1ac","action":"update"},{"intentHash":"0x9610baa1b1741ea4b3016cf1079c6f9237b16e5692932e9431967c844e07767e","symbol":"DOGE/USD","pairUnit":"def5c14be6bceefb95769110a0c8c7d5362e58bf8f17b6ee1c1bd90219434a5bb684f659378f19bc8c3748046e646c079e79c10e484e2d29445ee02d","action":"update"}],"pairUnit":"def5c14be6bceefb95769110a0c8c7d5362e58bf8f17b6ee1c1bd90219434a5bb684f659378f19bc8c3748046e646c079e79c10e484e2d29445ee02d","pairAction":"update"}
[2026-06-18T21:37:36.696Z] [confirm] Cardano batch transaction confirmed
  meta: {"cardanoTxHash":"228ec05c9dd336f08f43918e14b3e7bd7f48d6186fbb03b358301e89136eeb6c","pairUnit":"def5c14be6bceefb95769110a0c8c7d5362e58bf8f17b6ee1c1bd90219434a5bb684f659378f19bc8c3748046e646c079e79c10e484e2d29445ee02d","pairAction":"update","batchSize":4}
[2026-06-18T21:37:36.705Z] [connecting] connecting
[2026-06-18T21:37:42.100Z] [building] building
[2026-06-18T21:37:42.112Z] [failed] Cardano transaction failed: Oracle intent timestamp must be greater than the current on-chain timestamp; intent superseded, not submitted.
  meta: {"code":"NonMonotonicNonce","remediation":"A newer intent for this pair is already on-chain. The stale intent was discarded; no operator action is needed.","error":"Oracle intent timestamp must be greater than the current on-chain timestamp; intent superseded, not submitted.","batchSize":1}
