[2026-06-18T15:37:26.720Z] [enriched] Intent enriched: USDT/USD @ 998815000000000000
  meta: {"price":"998815000000000000","timestamp":"1781797045","expiry":"1781800645","blockNumber":13591914}
[2026-06-18T15:37:26.720Z] [routed] Intent passed all filters
  meta: {"routerId":"client_test_01_router_a_majors","destinationIndex":0}
[2026-06-18T15:37:26.721Z] [queued] Intent accepted by coalescer
  meta: {"routerId":"client_test_01_router_a_majors","destinationIndex":0,"clientStatePath":"../state/preview_run_20260608-040304/clients/client-test-01.json"}
[2026-06-18T15:37:56.708Z] [connecting] connecting
[2026-06-18T15:38:01.724Z] [building] building
[2026-06-18T15:38:04.572Z] [signing] signing
  meta: {"txHash":"94ee8ee06969bd87a22db34192b25f25dadf94267623f3c9d49a000c66456e65"}
[2026-06-18T15:38:05.565Z] [submitting] submitting
  meta: {"txHash":"94ee8ee06969bd87a22db34192b25f25dadf94267623f3c9d49a000c66456e65"}
[2026-06-18T15:38:05.846Z] [submitted] submitted
  meta: {"txHash":"94ee8ee06969bd87a22db34192b25f25dadf94267623f3c9d49a000c66456e65"}
[2026-06-18T15:38:05.846Z] [waiting_confirm] waiting_confirm
  meta: {"txHash":"94ee8ee06969bd87a22db34192b25f25dadf94267623f3c9d49a000c66456e65"}
[2026-06-18T15:38:19.083Z] [waiting_utxo] waiting_utxo
  meta: {"txHash":"94ee8ee06969bd87a22db34192b25f25dadf94267623f3c9d49a000c66456e65"}
[2026-06-18T15:38:26.004Z] [writing_state] writing_state
  meta: {"txHash":"94ee8ee06969bd87a22db34192b25f25dadf94267623f3c9d49a000c66456e65"}
[2026-06-18T15:38:28.922Z] [confirm] Cardano transaction confirmed
  meta: {"cardanoTxHash":"94ee8ee06969bd87a22db34192b25f25dadf94267623f3c9d49a000c66456e65","pairUnit":"def5c14be6bceefb95769110a0c8c7d5362e58bf8f17b6ee1c1bd9025ec9fa6a8337c83985882517e4865a68763912f37490cffe992a26abfd29d315","pairAction":"update","batchSize":1}
