[2026-06-18T19:03:22.106Z] [connecting] connecting
[2026-06-18T19:03:30.144Z] [building] building
[2026-06-18T19:03:33.297Z] [signing] signing
  meta: {"txHash":"6240467b3c01676dd43eaa79a527329057006d0ef9a80912d2e89c65f67faccd"}
[2026-06-18T19:03:34.767Z] [submitting] submitting
  meta: {"txHash":"6240467b3c01676dd43eaa79a527329057006d0ef9a80912d2e89c65f67faccd"}
[2026-06-18T19:03:40.022Z] [connecting] connecting
[2026-06-18T19:03:47.921Z] [building] building
[2026-06-18T19:03:51.289Z] [signing] signing
  meta: {"txHash":"62c9058a652a3aa0d479f26b54f2fe76b725e09814c6f85b8015ef8241fe0d37"}
[2026-06-18T19:03:52.753Z] [submitting] submitting
  meta: {"txHash":"62c9058a652a3aa0d479f26b54f2fe76b725e09814c6f85b8015ef8241fe0d37"}
[2026-06-18T19:03:53.026Z] [submitted] submitted
  meta: {"txHash":"62c9058a652a3aa0d479f26b54f2fe76b725e09814c6f85b8015ef8241fe0d37"}
[2026-06-18T19:03:53.033Z] [waiting_confirm] waiting_confirm
  meta: {"txHash":"62c9058a652a3aa0d479f26b54f2fe76b725e09814c6f85b8015ef8241fe0d37"}
[2026-06-18T19:04:24.196Z] [waiting_utxo] waiting_utxo
  meta: {"txHash":"62c9058a652a3aa0d479f26b54f2fe76b725e09814c6f85b8015ef8241fe0d37"}
[2026-06-18T19:04:26.753Z] [writing_state] writing_state
  meta: {"txHash":"62c9058a652a3aa0d479f26b54f2fe76b725e09814c6f85b8015ef8241fe0d37"}
[2026-06-18T19:04:30.168Z] [batched] Intent confirmed inside a batch of 4 intents
  meta: {"cardanoTxHash":"62c9058a652a3aa0d479f26b54f2fe76b725e09814c6f85b8015ef8241fe0d37","batchSize":4,"batchMembers":[{"intentHash":"0xcd1a4761d54287a06442c8d51301ff5620e79bec3ce9f33ed58a0b238ad9a352","symbol":"BTC/USD","pairUnit":"def5c14be6bceefb95769110a0c8c7d5362e58bf8f17b6ee1c1bd9028a3859b168b77160150b13c200392328254c3758f082050fd7ec5c340ac2a497","action":"update"},{"intentHash":"0x366f90b4945c490d5ccf3647731455d63b6ed3818c5fbb039f6cce53254abf3f","symbol":"ETH/USD","pairUnit":"def5c14be6bceefb95769110a0c8c7d5362e58bf8f17b6ee1c1bd9023d7739c2406edbe3bb594b8f762cf67a2c889a162f2234dc17841f61d33849f4","action":"update"},{"intentHash":"0xc407cd5dbd2a0944fd6f6ac1ff137d0d1072a2a0b5a29cdd58fd25155ea5031c","symbol":"ARB/USD","pairUnit":"def5c14be6bceefb95769110a0c8c7d5362e58bf8f17b6ee1c1bd902dfafb09cf4921baf2478651f0d7072b3a0df58b6c434443d32511927fa7919fb","action":"update"},{"intentHash":"0x08f5123963a73e2c8561386edac67bd540b29e0adbe170a3f0044bbf97127f68","symbol":"LTC/USD","pairUnit":"def5c14be6bceefb95769110a0c8c7d5362e58bf8f17b6ee1c1bd90201f8ca4f564d04963a1ffccbb3f49da8bf09c0373f278d84047413cf09399650","action":"update"}],"pairUnit":"def5c14be6bceefb95769110a0c8c7d5362e58bf8f17b6ee1c1bd902dfafb09cf4921baf2478651f0d7072b3a0df58b6c434443d32511927fa7919fb","pairAction":"update"}
[2026-06-18T19:04:30.168Z] [confirm] Cardano batch transaction confirmed
  meta: {"cardanoTxHash":"62c9058a652a3aa0d479f26b54f2fe76b725e09814c6f85b8015ef8241fe0d37","pairUnit":"def5c14be6bceefb95769110a0c8c7d5362e58bf8f17b6ee1c1bd902dfafb09cf4921baf2478651f0d7072b3a0df58b6c434443d32511927fa7919fb","pairAction":"update","batchSize":4}
