[2026-06-18T18:38:58.577Z] [enriched] Intent enriched: SHIB/USD @ 4658562345000
  meta: {"price":"4658562345000","timestamp":"1781807936","expiry":"1781811536","blockNumber":13621592}
[2026-06-18T18:38:58.577Z] [routed] Intent passed all filters
  meta: {"routerId":"client_test_01_router_b_alts","destinationIndex":0}
[2026-06-18T18:38:58.578Z] [queued] Intent accepted by coalescer
  meta: {"routerId":"client_test_01_router_b_alts","destinationIndex":0,"clientStatePath":"../state/preview_run_20260608-040304/clients/client-test-01.json"}
[2026-06-18T18:39:36.020Z] [connecting] connecting
[2026-06-18T18:39:42.067Z] [building] building
[2026-06-18T18:39:45.092Z] [signing] signing
  meta: {"txHash":"5d9e5b5d0abb479bee3b9f3a01ef6397fa6540c341223418280311ae94d0bfac"}
[2026-06-18T18:39:46.536Z] [submitting] submitting
  meta: {"txHash":"5d9e5b5d0abb479bee3b9f3a01ef6397fa6540c341223418280311ae94d0bfac"}
[2026-06-18T18:39:46.802Z] [submitted] submitted
  meta: {"txHash":"5d9e5b5d0abb479bee3b9f3a01ef6397fa6540c341223418280311ae94d0bfac"}
[2026-06-18T18:39:46.802Z] [waiting_confirm] waiting_confirm
  meta: {"txHash":"5d9e5b5d0abb479bee3b9f3a01ef6397fa6540c341223418280311ae94d0bfac"}
[2026-06-18T18:39:50.953Z] [waiting_utxo] waiting_utxo
  meta: {"txHash":"5d9e5b5d0abb479bee3b9f3a01ef6397fa6540c341223418280311ae94d0bfac"}
[2026-06-18T18:39:58.873Z] [writing_state] writing_state
  meta: {"txHash":"5d9e5b5d0abb479bee3b9f3a01ef6397fa6540c341223418280311ae94d0bfac"}
[2026-06-18T18:40:02.217Z] [batched] Intent confirmed inside a batch of 2 intents
  meta: {"cardanoTxHash":"5d9e5b5d0abb479bee3b9f3a01ef6397fa6540c341223418280311ae94d0bfac","batchSize":2,"batchMembers":[{"intentHash":"0x965c9ea048670f7bd9ad4cc2e090291a1ba652d13366a05aa35c6326cc23e27d","symbol":"LTC/USD","pairUnit":"def5c14be6bceefb95769110a0c8c7d5362e58bf8f17b6ee1c1bd90201f8ca4f564d04963a1ffccbb3f49da8bf09c0373f278d84047413cf09399650","action":"update"},{"intentHash":"0xf4451b9ed67c2e7642cdf05b9b3a7d36441ee7e1c0beab1319dd24f6f691a7bc","symbol":"SHIB/USD","pairUnit":"def5c14be6bceefb95769110a0c8c7d5362e58bf8f17b6ee1c1bd902406a90956881e5fbe476ff634fd41235fb114c833053daebd4af3b30c0bde839","action":"update"}],"pairUnit":"def5c14be6bceefb95769110a0c8c7d5362e58bf8f17b6ee1c1bd902406a90956881e5fbe476ff634fd41235fb114c833053daebd4af3b30c0bde839","pairAction":"update"}
[2026-06-18T18:40:02.217Z] [confirm] Cardano batch transaction confirmed
  meta: {"cardanoTxHash":"5d9e5b5d0abb479bee3b9f3a01ef6397fa6540c341223418280311ae94d0bfac","pairUnit":"def5c14be6bceefb95769110a0c8c7d5362e58bf8f17b6ee1c1bd902406a90956881e5fbe476ff634fd41235fb114c833053daebd4af3b30c0bde839","pairAction":"update","batchSize":2}
