[2026-06-18T20:55:42.560Z] [connecting] connecting
[2026-06-18T20:55:51.157Z] [building] building
[2026-06-18T20:56:01.085Z] [signing] signing
  meta: {"txHash":"c44cebc4cc9d88e79395b797da5cb7d5dc54ef2da59abfd20ff136f094374772"}
[2026-06-18T20:56:02.827Z] [submitting] submitting
  meta: {"txHash":"c44cebc4cc9d88e79395b797da5cb7d5dc54ef2da59abfd20ff136f094374772"}
[2026-06-18T20:56:03.132Z] [submitted] submitted
  meta: {"txHash":"c44cebc4cc9d88e79395b797da5cb7d5dc54ef2da59abfd20ff136f094374772"}
[2026-06-18T20:56:03.149Z] [waiting_confirm] waiting_confirm
  meta: {"txHash":"c44cebc4cc9d88e79395b797da5cb7d5dc54ef2da59abfd20ff136f094374772"}
[2026-06-18T20:56:22.586Z] [waiting_utxo] waiting_utxo
  meta: {"txHash":"c44cebc4cc9d88e79395b797da5cb7d5dc54ef2da59abfd20ff136f094374772"}
[2026-06-18T20:56:27.825Z] [writing_state] writing_state
  meta: {"txHash":"c44cebc4cc9d88e79395b797da5cb7d5dc54ef2da59abfd20ff136f094374772"}
[2026-06-18T20:56:31.207Z] [batched] Intent confirmed inside a batch of 4 intents
  meta: {"cardanoTxHash":"c44cebc4cc9d88e79395b797da5cb7d5dc54ef2da59abfd20ff136f094374772","batchSize":4,"batchMembers":[{"intentHash":"0x8be4368851c82ebb1ecfe706f22dff8d55d387b52a20fe7be37aa29ced8abd88","symbol":"BTC/USD","pairUnit":"def5c14be6bceefb95769110a0c8c7d5362e58bf8f17b6ee1c1bd9028a3859b168b77160150b13c200392328254c3758f082050fd7ec5c340ac2a497","action":"update"},{"intentHash":"0x85cbdc04398ef8539a30b562ed01faa569e11c33786ca0dd9b89328c2bd5a323","symbol":"ETH/USD","pairUnit":"def5c14be6bceefb95769110a0c8c7d5362e58bf8f17b6ee1c1bd9023d7739c2406edbe3bb594b8f762cf67a2c889a162f2234dc17841f61d33849f4","action":"update"},{"intentHash":"0xa7d3760e19f9a0e6760084915497ebf7d668307526b9577f10698fc883ddace1","symbol":"USDC/USD","pairUnit":"def5c14be6bceefb95769110a0c8c7d5362e58bf8f17b6ee1c1bd9020156dbaa55902bb40ff6c461c8b2b59c70ebbe3786e51e5e75a8bc1cbad4c1ac","action":"update"},{"intentHash":"0x13bc71d4e677204a7a4f6893c8abb87eb3fe6162aadedf2a2e420c4daf922c11","symbol":"USDT/USD","pairUnit":"def5c14be6bceefb95769110a0c8c7d5362e58bf8f17b6ee1c1bd9025ec9fa6a8337c83985882517e4865a68763912f37490cffe992a26abfd29d315","action":"update"}],"pairUnit":"def5c14be6bceefb95769110a0c8c7d5362e58bf8f17b6ee1c1bd9028a3859b168b77160150b13c200392328254c3758f082050fd7ec5c340ac2a497","pairAction":"update"}
[2026-06-18T20:56:31.207Z] [confirm] Cardano batch transaction confirmed
  meta: {"cardanoTxHash":"c44cebc4cc9d88e79395b797da5cb7d5dc54ef2da59abfd20ff136f094374772","pairUnit":"def5c14be6bceefb95769110a0c8c7d5362e58bf8f17b6ee1c1bd9028a3859b168b77160150b13c200392328254c3758f082050fd7ec5c340ac2a497","pairAction":"update","batchSize":4}
[2026-06-18T20:56:31.241Z] [connecting] connecting
[2026-06-18T20:56:40.420Z] [building] building
[2026-06-18T20:56:47.257Z] [signing] signing
  meta: {"txHash":"929d89b6bacf8edd26e19c4634890d63a1bf2511feaa933899c89d418bf6797c"}
[2026-06-18T20:56:49.195Z] [submitting] submitting
  meta: {"txHash":"929d89b6bacf8edd26e19c4634890d63a1bf2511feaa933899c89d418bf6797c"}
[2026-06-18T20:56:49.457Z] [submitted] submitted
  meta: {"txHash":"929d89b6bacf8edd26e19c4634890d63a1bf2511feaa933899c89d418bf6797c"}
[2026-06-18T20:56:49.474Z] [waiting_confirm] waiting_confirm
  meta: {"txHash":"929d89b6bacf8edd26e19c4634890d63a1bf2511feaa933899c89d418bf6797c"}
[2026-06-18T20:57:32.466Z] [waiting_utxo] waiting_utxo
  meta: {"txHash":"929d89b6bacf8edd26e19c4634890d63a1bf2511feaa933899c89d418bf6797c"}
[2026-06-18T20:57:40.386Z] [writing_state] writing_state
  meta: {"txHash":"929d89b6bacf8edd26e19c4634890d63a1bf2511feaa933899c89d418bf6797c"}
[2026-06-18T20:57:43.844Z] [failed] Cardano transaction failed: Intent for BTC/USD superseded on chain; not submitted.
  meta: {"code":"NonMonotonicNonce","remediation":"A newer intent for this pair is already on-chain. The stale intent was discarded; no operator action is needed.","error":"Intent for BTC/USD superseded on chain; not submitted.","batchSize":2,"batchMembers":[{"intentHash":"0x040eedd554186c687fad71d3eb589201a6c50301e23da6d3c177425e162ba004","symbol":"DOGE/USD","pairUnit":"def5c14be6bceefb95769110a0c8c7d5362e58bf8f17b6ee1c1bd90219434a5bb684f659378f19bc8c3748046e646c079e79c10e484e2d29445ee02d","action":"update"},{"intentHash":"0x0b18860aebd08b145847c2ae61a87d830340d214da454f0c018a957a2c4eb152","symbol":"USDT/USD","pairUnit":"def5c14be6bceefb95769110a0c8c7d5362e58bf8f17b6ee1c1bd9025ec9fa6a8337c83985882517e4865a68763912f37490cffe992a26abfd29d315","action":"update"}]}
