[2026-06-18T16:07:02.293Z] [enriched] Intent enriched: DOGE/USD @ 82341621533372112
  meta: {"price":"82341621533372112","timestamp":"1781798820","expiry":"1781802420","blockNumber":13596780}
[2026-06-18T16:07:02.293Z] [routed] Intent passed all filters
  meta: {"routerId":"client_test_01_router_a_majors","destinationIndex":0}
[2026-06-18T16:07:02.294Z] [queued] Intent accepted by coalescer
  meta: {"routerId":"client_test_01_router_a_majors","destinationIndex":0,"clientStatePath":"../state/preview_run_20260608-040304/clients/client-test-01.json"}
[2026-06-18T16:07:38.863Z] [connecting] connecting
[2026-06-18T16:07:46.917Z] [building] building
[2026-06-18T16:07:49.910Z] [signing] signing
  meta: {"txHash":"74ee71cea3dc05c6ab632a7896c3c2694b6047029d0be59a4b0898442de6ec7b"}
[2026-06-18T16:07:51.405Z] [submitting] submitting
  meta: {"txHash":"74ee71cea3dc05c6ab632a7896c3c2694b6047029d0be59a4b0898442de6ec7b"}
[2026-06-18T16:07:51.673Z] [submitted] submitted
  meta: {"txHash":"74ee71cea3dc05c6ab632a7896c3c2694b6047029d0be59a4b0898442de6ec7b"}
[2026-06-18T16:07:51.685Z] [waiting_confirm] waiting_confirm
  meta: {"txHash":"74ee71cea3dc05c6ab632a7896c3c2694b6047029d0be59a4b0898442de6ec7b"}
[2026-06-18T16:07:55.913Z] [waiting_utxo] waiting_utxo
  meta: {"txHash":"74ee71cea3dc05c6ab632a7896c3c2694b6047029d0be59a4b0898442de6ec7b"}
[2026-06-18T16:08:03.830Z] [writing_state] writing_state
  meta: {"txHash":"74ee71cea3dc05c6ab632a7896c3c2694b6047029d0be59a4b0898442de6ec7b"}
[2026-06-18T16:08:07.246Z] [failed] Cardano transaction failed: Intent for DOGE/USD superseded on chain; not submitted.
  meta: {"code":"NonMonotonicNonce","remediation":"A newer intent for this pair is already on-chain. The stale intent was discarded; no operator action is needed.","error":"Intent for DOGE/USD superseded on chain; not submitted.","batchSize":1,"batchMembers":[{"intentHash":"0xeea22458435a999a2e849e74f39562fe9517c35f62f5e446feeebb9eab59b794","symbol":"ARB/USD","pairUnit":"def5c14be6bceefb95769110a0c8c7d5362e58bf8f17b6ee1c1bd902dfafb09cf4921baf2478651f0d7072b3a0df58b6c434443d32511927fa7919fb","action":"update"}]}
