[2026-06-18T07:22:28.309Z] [enriched] Intent enriched: LTC/USD @ 44320000000000000000
  meta: {"price":"44320000000000000000","timestamp":"1781767347","expiry":"1781770947","blockNumber":13509639}
[2026-06-18T07:22:28.309Z] [routed] Intent passed all filters
  meta: {"routerId":"client_test_01_router_default","destinationIndex":0}
[2026-06-18T07:22:28.310Z] [queued] Intent accepted by coalescer
  meta: {"routerId":"client_test_01_router_default","destinationIndex":0,"clientStatePath":"../state/preview_run_20260608-040304/clients/client-test-01.json"}
[2026-06-18T07:22:28.894Z] [connecting] connecting
[2026-06-18T07:22:33.981Z] [building] building
[2026-06-18T07:22:36.606Z] [signing] signing
  meta: {"txHash":"118480143780200a15cf6d8ab181428d187b55019768f2d8e4c3493f300d874c"}
[2026-06-18T07:22:37.556Z] [submitting] submitting
  meta: {"txHash":"118480143780200a15cf6d8ab181428d187b55019768f2d8e4c3493f300d874c"}
[2026-06-18T07:22:37.804Z] [submitted] submitted
  meta: {"txHash":"118480143780200a15cf6d8ab181428d187b55019768f2d8e4c3493f300d874c"}
[2026-06-18T07:22:37.804Z] [waiting_confirm] waiting_confirm
  meta: {"txHash":"118480143780200a15cf6d8ab181428d187b55019768f2d8e4c3493f300d874c"}
[2026-06-18T07:22:45.014Z] [superseded] Superseded by newer intent
  meta: {"supersededByHash":"0x7d2ae83ff837ddbdfab9aefc7c66f907c8a048aef797764feb53c47969dd39f5"}
[2026-06-18T07:22:57.023Z] [waiting_utxo] waiting_utxo
  meta: {"txHash":"118480143780200a15cf6d8ab181428d187b55019768f2d8e4c3493f300d874c"}
[2026-06-18T07:23:04.283Z] [writing_state] writing_state
  meta: {"txHash":"118480143780200a15cf6d8ab181428d187b55019768f2d8e4c3493f300d874c"}
[2026-06-18T07:23:07.189Z] [confirm] Cardano transaction confirmed
  meta: {"cardanoTxHash":"118480143780200a15cf6d8ab181428d187b55019768f2d8e4c3493f300d874c","pairUnit":"def5c14be6bceefb95769110a0c8c7d5362e58bf8f17b6ee1c1bd90201f8ca4f564d04963a1ffccbb3f49da8bf09c0373f278d84047413cf09399650","pairAction":"update","batchSize":1}
