[2026-06-18T07:16:44.347Z] [enriched] Intent enriched: ARB/USD @ 84207565483741008
  meta: {"price":"84207565483741008","timestamp":"1781767002","expiry":"1781770602","blockNumber":13508664}
[2026-06-18T07:16:44.347Z] [routed] Intent passed all filters
  meta: {"routerId":"client_test_01_router_default","destinationIndex":0}
[2026-06-18T07:16:44.348Z] [queued] Intent accepted by coalescer
  meta: {"routerId":"client_test_01_router_default","destinationIndex":0,"clientStatePath":"../state/preview_run_20260608-040304/clients/client-test-01.json"}
[2026-06-18T07:16:55.931Z] [connecting] connecting
[2026-06-18T07:17:02.108Z] [building] building
[2026-06-18T07:17:05.496Z] [signing] signing
  meta: {"txHash":"ba283e115470be266d3e2c36c8ca3315c3029a64cfc267866ac857c4dd9db7dc"}
[2026-06-18T07:17:06.444Z] [submitting] submitting
  meta: {"txHash":"ba283e115470be266d3e2c36c8ca3315c3029a64cfc267866ac857c4dd9db7dc"}
[2026-06-18T07:17:06.702Z] [submitted] submitted
  meta: {"txHash":"ba283e115470be266d3e2c36c8ca3315c3029a64cfc267866ac857c4dd9db7dc"}
[2026-06-18T07:17:06.708Z] [waiting_confirm] waiting_confirm
  meta: {"txHash":"ba283e115470be266d3e2c36c8ca3315c3029a64cfc267866ac857c4dd9db7dc"}
[2026-06-18T07:17:41.146Z] [waiting_utxo] waiting_utxo
  meta: {"txHash":"ba283e115470be266d3e2c36c8ca3315c3029a64cfc267866ac857c4dd9db7dc"}
[2026-06-18T07:17:48.020Z] [writing_state] writing_state
  meta: {"txHash":"ba283e115470be266d3e2c36c8ca3315c3029a64cfc267866ac857c4dd9db7dc"}
[2026-06-18T07:17:50.835Z] [failed] Cardano transaction failed: Intent for ARB/USD superseded on chain; not submitted.
  meta: {"code":"NonMonotonicNonce","remediation":"A newer intent for this pair is already on-chain. The stale intent was discarded; no operator action is needed.","error":"Intent for ARB/USD superseded on chain; not submitted.","batchSize":1,"batchMembers":[{"intentHash":"0xf96825e660ae126faaca13ece454a237fd4ddb1530dffd89c224fa563cd00a76","symbol":"USDC/USD","pairUnit":"def5c14be6bceefb95769110a0c8c7d5362e58bf8f17b6ee1c1bd9020156dbaa55902bb40ff6c461c8b2b59c70ebbe3786e51e5e75a8bc1cbad4c1ac","action":"update"}]}
