[2026-06-18T20:10:36.515Z] [connecting] connecting
[2026-06-18T20:10:45.913Z] [building] building
[2026-06-18T20:10:48.987Z] [signing] signing
  meta: {"txHash":"511be81fcbd638bd7cc1c522768debc03a3c139f565857d64d5512c0614cea47"}
[2026-06-18T20:10:50.467Z] [submitting] submitting
  meta: {"txHash":"511be81fcbd638bd7cc1c522768debc03a3c139f565857d64d5512c0614cea47"}
[2026-06-18T20:10:50.812Z] [submitted] submitted
  meta: {"txHash":"511be81fcbd638bd7cc1c522768debc03a3c139f565857d64d5512c0614cea47"}
[2026-06-18T20:10:50.817Z] [waiting_confirm] waiting_confirm
  meta: {"txHash":"511be81fcbd638bd7cc1c522768debc03a3c139f565857d64d5512c0614cea47"}
[2026-06-18T20:10:55.054Z] [waiting_utxo] waiting_utxo
  meta: {"txHash":"511be81fcbd638bd7cc1c522768debc03a3c139f565857d64d5512c0614cea47"}
[2026-06-18T20:11:02.966Z] [writing_state] writing_state
  meta: {"txHash":"511be81fcbd638bd7cc1c522768debc03a3c139f565857d64d5512c0614cea47"}
[2026-06-18T20:11:06.280Z] [batched] Intent confirmed inside a batch of 2 intents
  meta: {"cardanoTxHash":"511be81fcbd638bd7cc1c522768debc03a3c139f565857d64d5512c0614cea47","batchSize":2,"batchMembers":[{"intentHash":"0x2a381caf7c418cb86894adb17527d17eeadd5c5b268fb3309ec80d4ec35c048b","symbol":"USDC/USD","pairUnit":"def5c14be6bceefb95769110a0c8c7d5362e58bf8f17b6ee1c1bd9020156dbaa55902bb40ff6c461c8b2b59c70ebbe3786e51e5e75a8bc1cbad4c1ac","action":"update"},{"intentHash":"0xcb57f85acef8850f3cc4fed5c527e6e8bfc890aedd2f9e7bb8563ba6c02c0d8e","symbol":"USDT/USD","pairUnit":"def5c14be6bceefb95769110a0c8c7d5362e58bf8f17b6ee1c1bd9025ec9fa6a8337c83985882517e4865a68763912f37490cffe992a26abfd29d315","action":"update"}],"pairUnit":"def5c14be6bceefb95769110a0c8c7d5362e58bf8f17b6ee1c1bd9025ec9fa6a8337c83985882517e4865a68763912f37490cffe992a26abfd29d315","pairAction":"update"}
[2026-06-18T20:11:06.281Z] [confirm] Cardano batch transaction confirmed
  meta: {"cardanoTxHash":"511be81fcbd638bd7cc1c522768debc03a3c139f565857d64d5512c0614cea47","pairUnit":"def5c14be6bceefb95769110a0c8c7d5362e58bf8f17b6ee1c1bd9025ec9fa6a8337c83985882517e4865a68763912f37490cffe992a26abfd29d315","pairAction":"update","batchSize":2}
[2026-06-18T20:11:06.291Z] [connecting] connecting
[2026-06-18T20:11:13.730Z] [building] building
[2026-06-18T20:11:16.738Z] [signing] signing
  meta: {"txHash":"f139892fbaafab3b407b1e4123596160f1a3dfbab1805d98b60ea057a93701b1"}
[2026-06-18T20:11:18.205Z] [submitting] submitting
  meta: {"txHash":"f139892fbaafab3b407b1e4123596160f1a3dfbab1805d98b60ea057a93701b1"}
[2026-06-18T20:11:18.468Z] [submitted] submitted
  meta: {"txHash":"f139892fbaafab3b407b1e4123596160f1a3dfbab1805d98b60ea057a93701b1"}
[2026-06-18T20:11:18.482Z] [waiting_confirm] waiting_confirm
  meta: {"txHash":"f139892fbaafab3b407b1e4123596160f1a3dfbab1805d98b60ea057a93701b1"}
[2026-06-18T20:11:31.714Z] [waiting_utxo] waiting_utxo
  meta: {"txHash":"f139892fbaafab3b407b1e4123596160f1a3dfbab1805d98b60ea057a93701b1"}
[2026-06-18T20:11:39.922Z] [writing_state] writing_state
  meta: {"txHash":"f139892fbaafab3b407b1e4123596160f1a3dfbab1805d98b60ea057a93701b1"}
[2026-06-18T20:11:43.544Z] [failed] Cardano transaction failed: Intent for USDT/USD superseded on chain; not submitted.
  meta: {"code":"NonMonotonicNonce","remediation":"A newer intent for this pair is already on-chain. The stale intent was discarded; no operator action is needed.","error":"Intent for USDT/USD superseded on chain; not submitted.","batchSize":2,"batchMembers":[{"intentHash":"0xd5faa1aeb78f0462094ff16dba6576f4d6f73abe8203407d0172eb5a14b3d6fa","symbol":"ETH/USD","pairUnit":"def5c14be6bceefb95769110a0c8c7d5362e58bf8f17b6ee1c1bd9023d7739c2406edbe3bb594b8f762cf67a2c889a162f2234dc17841f61d33849f4","action":"update"},{"intentHash":"0xcaf0cb61274f2e0a84f395a673fa8faeb31b6064bdcd13c8b8e49e4099a40930","symbol":"DOGE/USD","pairUnit":"def5c14be6bceefb95769110a0c8c7d5362e58bf8f17b6ee1c1bd90219434a5bb684f659378f19bc8c3748046e646c079e79c10e484e2d29445ee02d","action":"update"}]}
