[2026-06-18T18:17:43.761Z] [enriched] Intent enriched: BTC/USD @ 62568585176921434750976
  meta: {"price":"62568585176921434750976","timestamp":"1781806662","expiry":"1781810262","blockNumber":13618125}
[2026-06-18T18:17:43.761Z] [routed] Intent passed all filters
  meta: {"routerId":"client_test_01_router_a_majors","destinationIndex":0}
[2026-06-18T18:17:43.762Z] [queued] Intent accepted by coalescer
  meta: {"routerId":"client_test_01_router_a_majors","destinationIndex":0,"clientStatePath":"../state/preview_run_20260608-040304/clients/client-test-01.json"}
[2026-06-18T18:17:43.766Z] [enriched] Intent enriched: BTC/USD @ 62568585176921434750976
  meta: {"price":"62568585176921434750976","timestamp":"1781806662","expiry":"1781810262","blockNumber":13618125}
[2026-06-18T18:17:43.766Z] [routed] Intent passed all filters
  meta: {"routerId":"client_test_02_router_default","destinationIndex":0}
[2026-06-18T18:17:43.768Z] [queued] Intent accepted by coalescer
  meta: {"routerId":"client_test_02_router_default","destinationIndex":0,"clientStatePath":"../state/preview_run_20260608-040304/clients/client-test-02.json"}
[2026-06-18T18:17:46.094Z] [connecting] connecting
[2026-06-18T18:17:51.316Z] [connecting] connecting
[2026-06-18T18:17:51.348Z] [connecting] connecting
[2026-06-18T18:17:56.504Z] [connecting] connecting
[2026-06-18T18:17:56.560Z] [connecting] connecting
[2026-06-18T18:18:01.828Z] [connecting] connecting
[2026-06-18T18:18:01.868Z] [connecting] connecting
[2026-06-18T18:18:02.214Z] [failed] Cardano transaction failed: Unable to fetch protocol parameters from Blockfrost (402 Payment Required).
  meta: {"code":"BuilderError","remediation":"A Cardano tx builder or signing error occurred. Check the feeder logs for the full stack trace.","error":"Unable to fetch protocol parameters from Blockfrost (402 Payment Required).","batchSize":5,"batchMembers":[{"intentHash":"0x4a408d1622e21e13609cbb842f8510fafa935c554177e6db1012addb3d561e5c","symbol":"XVG/USD","pairUnit":"","action":"update"},{"intentHash":"0xebd7a0fb25bd7901af07df08b2cce51fb010f252c488e198c2a78a0e6cb424bd","symbol":"USDT/USD","pairUnit":"","action":"update"},{"intentHash":"0xa0372a4bdb96844262770ca28f3dd71894b0cb013423e075ebcb1b6767732f50","symbol":"LTC/USD","pairUnit":"","action":"update"},{"intentHash":"0xc8002b216f9b1c5588f4e8748a53ec5d39a3751c594a78fb4e8703f3a213a0b0","symbol":"BTC/USD","pairUnit":"","action":"update"},{"intentHash":"0x6037fdad13c0ef73c286dcc7f66747638f20c8b865fd362d8a63640798665bd4","symbol":"ETH/USD","pairUnit":"","action":"update"}]}
[2026-06-18T18:18:07.155Z] [connecting] connecting
[2026-06-18T18:18:07.474Z] [failed] Cardano transaction failed: Unable to fetch protocol parameters from Blockfrost (402 Payment Required).
  meta: {"code":"BuilderError","remediation":"A Cardano tx builder or signing error occurred. Check the feeder logs for the full stack trace.","error":"Unable to fetch protocol parameters from Blockfrost (402 Payment Required).","batchSize":1}
