[2026-06-18T19:02:35.707Z] [enriched] Intent enriched: BTC/USD @ 62699607251000003395584
  meta: {"price":"62699607251000003395584","timestamp":"1781809354","expiry":"1781812954","blockNumber":13625416}
[2026-06-18T19:02:35.707Z] [routed] Intent passed all filters
  meta: {"routerId":"client_test_01_router_a_majors","destinationIndex":0}
[2026-06-18T19:02:35.728Z] [queued] Intent accepted by coalescer
  meta: {"routerId":"client_test_01_router_a_majors","destinationIndex":0,"clientStatePath":"../state/preview_run_20260608-040304/clients/client-test-01.json"}
[2026-06-18T19:02:35.731Z] [enriched] Intent enriched: BTC/USD @ 62699607251000003395584
  meta: {"price":"62699607251000003395584","timestamp":"1781809354","expiry":"1781812954","blockNumber":13625416}
[2026-06-18T19:02:35.731Z] [routed] Intent passed all filters
  meta: {"routerId":"client_test_02_router_default","destinationIndex":0}
[2026-06-18T19:02:35.733Z] [queued] Intent accepted by coalescer
  meta: {"routerId":"client_test_02_router_default","destinationIndex":0,"clientStatePath":"../state/preview_run_20260608-040304/clients/client-test-02.json"}
[2026-06-18T19:03:02.981Z] [connecting] connecting
[2026-06-18T19:03:08.714Z] [building] building
[2026-06-18T19:03:12.052Z] [signing] signing
  meta: {"txHash":"d51f91755c5f787a0da3e0d3e510c67b254d5ded0c394d9f10cf13b8202e422f"}
[2026-06-18T19:03:13.507Z] [submitting] submitting
  meta: {"txHash":"d51f91755c5f787a0da3e0d3e510c67b254d5ded0c394d9f10cf13b8202e422f"}
[2026-06-18T19:03:18.671Z] [connecting] connecting
[2026-06-18T19:03:22.106Z] [connecting] connecting
[2026-06-18T19:03:24.050Z] [building] building
[2026-06-18T19:03:26.991Z] [signing] signing
  meta: {"txHash":"e09bdbe7b69cb30b62d349372fa5c49ea812a5b75bc6117ffe042b9fb725b9ec"}
[2026-06-18T19:03:28.436Z] [submitting] submitting
  meta: {"txHash":"e09bdbe7b69cb30b62d349372fa5c49ea812a5b75bc6117ffe042b9fb725b9ec"}
[2026-06-18T19:03:28.698Z] [submitted] submitted
  meta: {"txHash":"e09bdbe7b69cb30b62d349372fa5c49ea812a5b75bc6117ffe042b9fb725b9ec"}
[2026-06-18T19:03:28.699Z] [waiting_confirm] waiting_confirm
  meta: {"txHash":"e09bdbe7b69cb30b62d349372fa5c49ea812a5b75bc6117ffe042b9fb725b9ec"}
[2026-06-18T19:03:30.143Z] [building] building
[2026-06-18T19:03:33.295Z] [signing] signing
  meta: {"txHash":"6240467b3c01676dd43eaa79a527329057006d0ef9a80912d2e89c65f67faccd"}
[2026-06-18T19:03:34.767Z] [submitting] submitting
  meta: {"txHash":"6240467b3c01676dd43eaa79a527329057006d0ef9a80912d2e89c65f67faccd"}
[2026-06-18T19:03:40.021Z] [connecting] connecting
[2026-06-18T19:03:42.071Z] [waiting_utxo] waiting_utxo
  meta: {"txHash":"e09bdbe7b69cb30b62d349372fa5c49ea812a5b75bc6117ffe042b9fb725b9ec"}
[2026-06-18T19:03:47.025Z] [writing_state] writing_state
  meta: {"txHash":"e09bdbe7b69cb30b62d349372fa5c49ea812a5b75bc6117ffe042b9fb725b9ec"}
[2026-06-18T19:03:47.920Z] [building] building
[2026-06-18T19:03:50.463Z] [confirm] Cardano transaction confirmed
  meta: {"cardanoTxHash":"e09bdbe7b69cb30b62d349372fa5c49ea812a5b75bc6117ffe042b9fb725b9ec","pairUnit":"02435906b5bf2ebac57a72d8d5609aa7f642b5e0e4d79666e0b1a2938a3859b168b77160150b13c200392328254c3758f082050fd7ec5c340ac2a497","pairAction":"update","batchSize":1}
[2026-06-18T19:03:51.283Z] [signing] signing
  meta: {"txHash":"62c9058a652a3aa0d479f26b54f2fe76b725e09814c6f85b8015ef8241fe0d37"}
[2026-06-18T19:03:52.753Z] [submitting] submitting
  meta: {"txHash":"62c9058a652a3aa0d479f26b54f2fe76b725e09814c6f85b8015ef8241fe0d37"}
[2026-06-18T19:03:53.009Z] [submitted] submitted
  meta: {"txHash":"62c9058a652a3aa0d479f26b54f2fe76b725e09814c6f85b8015ef8241fe0d37"}
[2026-06-18T19:03:53.033Z] [waiting_confirm] waiting_confirm
  meta: {"txHash":"62c9058a652a3aa0d479f26b54f2fe76b725e09814c6f85b8015ef8241fe0d37"}
[2026-06-18T19:04:24.195Z] [waiting_utxo] waiting_utxo
  meta: {"txHash":"62c9058a652a3aa0d479f26b54f2fe76b725e09814c6f85b8015ef8241fe0d37"}
[2026-06-18T19:04:26.752Z] [writing_state] writing_state
  meta: {"txHash":"62c9058a652a3aa0d479f26b54f2fe76b725e09814c6f85b8015ef8241fe0d37"}
[2026-06-18T19:04:30.144Z] [batched] Intent confirmed inside a batch of 4 intents
  meta: {"cardanoTxHash":"62c9058a652a3aa0d479f26b54f2fe76b725e09814c6f85b8015ef8241fe0d37","batchSize":4,"batchMembers":[{"intentHash":"0xcd1a4761d54287a06442c8d51301ff5620e79bec3ce9f33ed58a0b238ad9a352","symbol":"BTC/USD","pairUnit":"def5c14be6bceefb95769110a0c8c7d5362e58bf8f17b6ee1c1bd9028a3859b168b77160150b13c200392328254c3758f082050fd7ec5c340ac2a497","action":"update"},{"intentHash":"0x366f90b4945c490d5ccf3647731455d63b6ed3818c5fbb039f6cce53254abf3f","symbol":"ETH/USD","pairUnit":"def5c14be6bceefb95769110a0c8c7d5362e58bf8f17b6ee1c1bd9023d7739c2406edbe3bb594b8f762cf67a2c889a162f2234dc17841f61d33849f4","action":"update"},{"intentHash":"0xc407cd5dbd2a0944fd6f6ac1ff137d0d1072a2a0b5a29cdd58fd25155ea5031c","symbol":"ARB/USD","pairUnit":"def5c14be6bceefb95769110a0c8c7d5362e58bf8f17b6ee1c1bd902dfafb09cf4921baf2478651f0d7072b3a0df58b6c434443d32511927fa7919fb","action":"update"},{"intentHash":"0x08f5123963a73e2c8561386edac67bd540b29e0adbe170a3f0044bbf97127f68","symbol":"LTC/USD","pairUnit":"def5c14be6bceefb95769110a0c8c7d5362e58bf8f17b6ee1c1bd90201f8ca4f564d04963a1ffccbb3f49da8bf09c0373f278d84047413cf09399650","action":"update"}],"pairUnit":"def5c14be6bceefb95769110a0c8c7d5362e58bf8f17b6ee1c1bd9028a3859b168b77160150b13c200392328254c3758f082050fd7ec5c340ac2a497","pairAction":"update"}
[2026-06-18T19:04:30.144Z] [confirm] Cardano batch transaction confirmed
  meta: {"cardanoTxHash":"62c9058a652a3aa0d479f26b54f2fe76b725e09814c6f85b8015ef8241fe0d37","pairUnit":"def5c14be6bceefb95769110a0c8c7d5362e58bf8f17b6ee1c1bd9028a3859b168b77160150b13c200392328254c3758f082050fd7ec5c340ac2a497","pairAction":"update","batchSize":4}
