[2026-06-18T17:03:52.018Z] [enriched] Intent enriched: NEIRO/USD @ 64213334175000
  meta: {"price":"64213334175000","timestamp":"1781802230","expiry":"1781805830","blockNumber":13606132}
[2026-06-18T17:03:52.018Z] [routed] Intent passed all filters
  meta: {"routerId":"client_test_01_router_b_alts","destinationIndex":0}
[2026-06-18T17:03:52.019Z] [queued] Intent accepted by coalescer
  meta: {"routerId":"client_test_01_router_b_alts","destinationIndex":0,"clientStatePath":"../state/preview_run_20260608-040304/clients/client-test-01.json"}
[2026-06-18T17:04:03.561Z] [connecting] connecting
[2026-06-18T17:04:14.691Z] [building] building
[2026-06-18T17:04:17.988Z] [signing] signing
  meta: {"txHash":"fc19a3535bd26daf913cdb975d6c9470b3406b6b6a0e6e2de998030cb359dcd7"}
[2026-06-18T17:04:19.445Z] [submitting] submitting
  meta: {"txHash":"fc19a3535bd26daf913cdb975d6c9470b3406b6b6a0e6e2de998030cb359dcd7"}
[2026-06-18T17:04:19.733Z] [submitted] submitted
  meta: {"txHash":"fc19a3535bd26daf913cdb975d6c9470b3406b6b6a0e6e2de998030cb359dcd7"}
[2026-06-18T17:04:19.738Z] [waiting_confirm] waiting_confirm
  meta: {"txHash":"fc19a3535bd26daf913cdb975d6c9470b3406b6b6a0e6e2de998030cb359dcd7"}
[2026-06-18T17:04:27.197Z] [superseded] Superseded by newer intent
  meta: {"supersededByHash":"0x52fe9998cfebac7e93466025af70b84827f90498e774c14a9042fd7cb4aeb779"}
[2026-06-18T17:04:50.929Z] [waiting_utxo] waiting_utxo
  meta: {"txHash":"fc19a3535bd26daf913cdb975d6c9470b3406b6b6a0e6e2de998030cb359dcd7"}
[2026-06-18T17:04:53.433Z] [writing_state] writing_state
  meta: {"txHash":"fc19a3535bd26daf913cdb975d6c9470b3406b6b6a0e6e2de998030cb359dcd7"}
[2026-06-18T17:04:56.862Z] [batched] Intent confirmed inside a batch of 2 intents
  meta: {"cardanoTxHash":"fc19a3535bd26daf913cdb975d6c9470b3406b6b6a0e6e2de998030cb359dcd7","batchSize":2,"batchMembers":[{"intentHash":"0x09b04d223e6bbb70ff1033b7d31e460667c76d7ebfdf153cd4aec10ba3c33b0e","symbol":"NEIRO/USD","pairUnit":"def5c14be6bceefb95769110a0c8c7d5362e58bf8f17b6ee1c1bd902a8c0b97b231afaebc42d067a57b139abb4a8631e36c7f81cee6a30173e22b6b2","action":"update"},{"intentHash":"0xa0ab9f4f3033829f0ef0705385da312c8d396f676c80e26ee38ccae8cbd3ccfd","symbol":"XVG/USD","pairUnit":"def5c14be6bceefb95769110a0c8c7d5362e58bf8f17b6ee1c1bd902e6643031cebf937d080904cd1e6dd3d5aebcac06fc08dc15de991ade67363588","action":"update"}],"pairUnit":"def5c14be6bceefb95769110a0c8c7d5362e58bf8f17b6ee1c1bd902a8c0b97b231afaebc42d067a57b139abb4a8631e36c7f81cee6a30173e22b6b2","pairAction":"update"}
[2026-06-18T17:04:56.863Z] [confirm] Cardano batch transaction confirmed
  meta: {"cardanoTxHash":"fc19a3535bd26daf913cdb975d6c9470b3406b6b6a0e6e2de998030cb359dcd7","pairUnit":"def5c14be6bceefb95769110a0c8c7d5362e58bf8f17b6ee1c1bd902a8c0b97b231afaebc42d067a57b139abb4a8631e36c7f81cee6a30173e22b6b2","pairAction":"update","batchSize":2}
