[2026-06-18T05:59:00.522Z] [enriched] Intent enriched: ARB/USD @ 83906130000000016
  meta: {"price":"83906130000000016","timestamp":"1781762327","expiry":"1781765927","blockNumber":13495286}
[2026-06-18T05:59:00.522Z] [routed] Intent passed all filters
  meta: {"routerId":"client_test_01_router_default","destinationIndex":0}
[2026-06-18T05:59:00.524Z] [queued] Intent accepted by coalescer
  meta: {"routerId":"client_test_01_router_default","destinationIndex":0,"clientStatePath":"../state/preview_run_20260608-040304/clients/client-test-01.json"}
[2026-06-18T05:59:27.807Z] [connecting] connecting
[2026-06-18T05:59:39.188Z] [building] building
[2026-06-18T05:59:42.342Z] [signing] signing
  meta: {"txHash":"a63afea645c418d4c814bddc84632b96532fc3bf324677d3af475e5168f83062"}
[2026-06-18T05:59:43.299Z] [submitting] submitting
  meta: {"txHash":"a63afea645c418d4c814bddc84632b96532fc3bf324677d3af475e5168f83062"}
[2026-06-18T05:59:43.596Z] [submitted] submitted
  meta: {"txHash":"a63afea645c418d4c814bddc84632b96532fc3bf324677d3af475e5168f83062"}
[2026-06-18T05:59:43.622Z] [waiting_confirm] waiting_confirm
  meta: {"txHash":"a63afea645c418d4c814bddc84632b96532fc3bf324677d3af475e5168f83062"}
[2026-06-18T06:00:03.105Z] [waiting_utxo] waiting_utxo
  meta: {"txHash":"a63afea645c418d4c814bddc84632b96532fc3bf324677d3af475e5168f83062"}
[2026-06-18T06:00:08.539Z] [writing_state] writing_state
  meta: {"txHash":"a63afea645c418d4c814bddc84632b96532fc3bf324677d3af475e5168f83062"}
[2026-06-18T06:00:11.513Z] [batched] Intent confirmed inside a batch of 7 intents
  meta: {"cardanoTxHash":"a63afea645c418d4c814bddc84632b96532fc3bf324677d3af475e5168f83062","batchSize":7,"batchMembers":[{"intentHash":"0xda913004e1795a3ddf8781d3e6fe27e12078fc82abd071dba1d3224e748decf3","symbol":"LTC/USD","pairUnit":"def5c14be6bceefb95769110a0c8c7d5362e58bf8f17b6ee1c1bd90201f8ca4f564d04963a1ffccbb3f49da8bf09c0373f278d84047413cf09399650","action":"update"},{"intentHash":"0x5f38f704b61d64fcfd3f59291397b960ee1e1fccc55cbc7ffdeaaeb24d470655","symbol":"BTC/USD","pairUnit":"def5c14be6bceefb95769110a0c8c7d5362e58bf8f17b6ee1c1bd9028a3859b168b77160150b13c200392328254c3758f082050fd7ec5c340ac2a497","action":"update"},{"intentHash":"0x63d224a1ce3ae0293549419bf3270f69d6a51fa554d00068a766a2e8e274a452","symbol":"ETH/USD","pairUnit":"def5c14be6bceefb95769110a0c8c7d5362e58bf8f17b6ee1c1bd9023d7739c2406edbe3bb594b8f762cf67a2c889a162f2234dc17841f61d33849f4","action":"update"},{"intentHash":"0x89d6da4e6db522cc138a7dd63346fffd3ba4d471e7c8be604e3d54241bdf98d8","symbol":"ARB/USD","pairUnit":"def5c14be6bceefb95769110a0c8c7d5362e58bf8f17b6ee1c1bd902dfafb09cf4921baf2478651f0d7072b3a0df58b6c434443d32511927fa7919fb","action":"update"},{"intentHash":"0xcac121f1b7b6fe8586caa34342f41b5bb8f8ba7b3d9b15361da37bb96a67684d","symbol":"DOGE/USD","pairUnit":"def5c14be6bceefb95769110a0c8c7d5362e58bf8f17b6ee1c1bd90219434a5bb684f659378f19bc8c3748046e646c079e79c10e484e2d29445ee02d","action":"update"},{"intentHash":"0x8ccba6f17060e0960daf8ae2e6ef76b1b520059ec3867bbea21b3754a1ad7f59","symbol":"SHIB/USD","pairUnit":"def5c14be6bceefb95769110a0c8c7d5362e58bf8f17b6ee1c1bd902406a90956881e5fbe476ff634fd41235fb114c833053daebd4af3b30c0bde839","action":"update"},{"intentHash":"0xc09f0b9f856771ccc4974499bc16f2ec22fa80dfc2953dca7c83dea4c80404c1","symbol":"NEIRO/USD","pairUnit":"def5c14be6bceefb95769110a0c8c7d5362e58bf8f17b6ee1c1bd902a8c0b97b231afaebc42d067a57b139abb4a8631e36c7f81cee6a30173e22b6b2","action":"update"}],"pairUnit":"def5c14be6bceefb95769110a0c8c7d5362e58bf8f17b6ee1c1bd902dfafb09cf4921baf2478651f0d7072b3a0df58b6c434443d32511927fa7919fb","pairAction":"update"}
[2026-06-18T06:00:11.514Z] [confirm] Cardano batch transaction confirmed
  meta: {"cardanoTxHash":"a63afea645c418d4c814bddc84632b96532fc3bf324677d3af475e5168f83062","pairUnit":"def5c14be6bceefb95769110a0c8c7d5362e58bf8f17b6ee1c1bd902dfafb09cf4921baf2478651f0d7072b3a0df58b6c434443d32511927fa7919fb","pairAction":"update","batchSize":7}
