[2026-06-18T18:29:10.569Z] [enriched] Intent enriched: ARB/USD @ 82073987300000008
  meta: {"price":"82073987300000008","timestamp":"1781807348","expiry":"1781810948","blockNumber":13619980}
[2026-06-18T18:29:10.569Z] [routed] Intent passed all filters
  meta: {"routerId":"client_test_01_router_b_alts","destinationIndex":0}
[2026-06-18T18:29:10.570Z] [queued] Intent accepted by coalescer
  meta: {"routerId":"client_test_01_router_b_alts","destinationIndex":0,"clientStatePath":"../state/preview_run_20260608-040304/clients/client-test-01.json"}
[2026-06-18T18:29:15.451Z] [connecting] connecting
[2026-06-18T18:29:20.379Z] [connecting] connecting
[2026-06-18T18:29:25.382Z] [connecting] connecting
[2026-06-18T18:29:30.386Z] [connecting] connecting
[2026-06-18T18:29:30.422Z] [failed] Cardano transaction failed: Missing required environment variable: BLOCKFROST_PROJECT_ID_TESTNET. Active CARDANO_NETWORK requires the *_TESTNET variant of every per-network setting.
  meta: {"code":"BuilderError","remediation":"A Cardano tx builder or signing error occurred. Check the feeder logs for the full stack trace.","error":"Missing required environment variable: BLOCKFROST_PROJECT_ID_TESTNET. Active CARDANO_NETWORK requires the *_TESTNET variant of every per-network setting.","batchSize":5,"batchMembers":[{"intentHash":"0x991bc05ad54d5b4a91b84664f676a1029bd6c126f6afffaf61ff522f26191778","symbol":"SHIB/USD","pairUnit":"","action":"update"},{"intentHash":"0x36a68456c6a49886f757f8919466c7d5e92fa877b71eea286e2f9e60363f8671","symbol":"USDT/USD","pairUnit":"","action":"update"},{"intentHash":"0xec49a7771d68a23865aba44580dec18fe09294f3b7dc133a4920f6e791c7bff3","symbol":"NEIRO/USD","pairUnit":"","action":"update"},{"intentHash":"0x01779c8020e4e14a4036f945b7c5a7c9ad80987bf98ca2158c516f0366a382e6","symbol":"XVG/USD","pairUnit":"","action":"update"},{"intentHash":"0xf4f0dad77bb83cd8a1e01b443943363f739aa51a2ec826b458f8cfc5e23850b8","symbol":"ARB/USD","pairUnit":"","action":"update"}]}
[2026-06-18T18:29:45.458Z] [connecting] connecting
[2026-06-18T18:29:50.397Z] [connecting] connecting
[2026-06-18T18:29:55.402Z] [connecting] connecting
[2026-06-18T18:30:00.407Z] [connecting] connecting
[2026-06-18T18:30:00.461Z] [failed] Cardano transaction failed: Missing required environment variable: BLOCKFROST_PROJECT_ID_TESTNET. Active CARDANO_NETWORK requires the *_TESTNET variant of every per-network setting.
  meta: {"code":"BuilderError","remediation":"A Cardano tx builder or signing error occurred. Check the feeder logs for the full stack trace.","error":"Missing required environment variable: BLOCKFROST_PROJECT_ID_TESTNET. Active CARDANO_NETWORK requires the *_TESTNET variant of every per-network setting.","batchSize":9,"batchMembers":[{"intentHash":"0x2877fdd6c66f72249cf9495275055c12c9727cc0864f8cd99e1c0856b8e965c9","symbol":"BTC/USD","pairUnit":"","action":"update"},{"intentHash":"0x1740988f9143854777a8a4f79a2a280ce09c7607acb62f27eae7e2589900a82f","symbol":"ETH/USD","pairUnit":"","action":"update"},{"intentHash":"0xeefc0204791dd40065682759202718a91f549fcdcb7f852ccce4d9d5dbdbe324","symbol":"USDT/USD","pairUnit":"","action":"update"},{"intentHash":"0xeed723041e8c39f328fe4aa613aeab2e418f0955a5583bd8daee73f38810ac7b","symbol":"LTC/USD","pairUnit":"","action":"update"},{"intentHash":"0xf4f0dad77bb83cd8a1e01b443943363f739aa51a2ec826b458f8cfc5e23850b8","symbol":"ARB/USD","pairUnit":"","action":"update"},{"intentHash":"0x4a57609aaab95dc110b50126bc360ce851682a20cd7539a415ecc5f8dcebdbd9","symbol":"XVG/USD","pairUnit":"","action":"update"},{"intentHash":"0xd8e60e4492bf52affd4674a1200395658f52b81d2575f94a25ce2a0b3b7c8111","symbol":"USDC/USD","pairUnit":"","action":"update"},{"intentHash":"0xdc2927617e7304e4a72b271b2ba7e428a61754a35b121057acbce4e3502877d7","symbol":"DOGE/USD","pairUnit":"","action":"update"},{"intentHash":"0xa2b735bded29c6eb8c0fc676061ada15a50e2601187ed796c37b9d7fc4879fc4","symbol":"SHIB/USD","pairUnit":"","action":"update"}]}
[2026-06-18T18:30:04.675Z] [superseded] Superseded by newer intent
  meta: {"supersededByHash":"0x6df8a7d1d0dac1f5186300bd71e4b6b1bb44cfb893466b5449b2b052a9fa0dd9"}
