[2026-06-18T09:00:23.552Z] [enriched] Intent enriched: USDT/USD @ 998990000000000000
  meta: {"price":"998990000000000000","timestamp":"1781773222","expiry":"1781776822","blockNumber":13526249}
[2026-06-18T09:00:23.552Z] [routed] Intent passed all filters
  meta: {"routerId":"client_test_01_router_a_majors","destinationIndex":0}
[2026-06-18T09:00:23.553Z] [queued] Intent accepted by coalescer
  meta: {"routerId":"client_test_01_router_a_majors","destinationIndex":0,"clientStatePath":"../state/preview_run_20260608-040304/clients/client-test-01.json"}
[2026-06-18T09:00:37.881Z] [connecting] connecting
[2026-06-18T09:00:43.251Z] [building] building
[2026-06-18T09:00:45.831Z] [signing] signing
  meta: {"txHash":"05a661383a09032c19b16e6b046991676944fb5b16def820f54809a1464c57a6"}
[2026-06-18T09:00:46.809Z] [submitting] submitting
  meta: {"txHash":"05a661383a09032c19b16e6b046991676944fb5b16def820f54809a1464c57a6"}
[2026-06-18T09:00:47.078Z] [submitted] submitted
  meta: {"txHash":"05a661383a09032c19b16e6b046991676944fb5b16def820f54809a1464c57a6"}
[2026-06-18T09:00:47.078Z] [waiting_confirm] waiting_confirm
  meta: {"txHash":"05a661383a09032c19b16e6b046991676944fb5b16def820f54809a1464c57a6"}
[2026-06-18T09:01:15.469Z] [waiting_utxo] waiting_utxo
  meta: {"txHash":"05a661383a09032c19b16e6b046991676944fb5b16def820f54809a1464c57a6"}
[2026-06-18T09:01:19.937Z] [writing_state] writing_state
  meta: {"txHash":"05a661383a09032c19b16e6b046991676944fb5b16def820f54809a1464c57a6"}
[2026-06-18T09:01:22.833Z] [failed] Cardano transaction failed: Intent for USDT/USD superseded on chain; not submitted.
  meta: {"code":"NonMonotonicNonce","remediation":"A newer intent for this pair is already on-chain. The stale intent was discarded; no operator action is needed.","error":"Intent for USDT/USD superseded on chain; not submitted.","batchSize":1,"batchMembers":[{"intentHash":"0x65078b335d0a1dfbf87a797957f9e7e28579962e6430cccc0e601499455135a3","symbol":"NEIRO/USD","pairUnit":"def5c14be6bceefb95769110a0c8c7d5362e58bf8f17b6ee1c1bd902a8c0b97b231afaebc42d067a57b139abb4a8631e36c7f81cee6a30173e22b6b2","action":"update"}]}
