[2026-06-18T18:13:36.341Z] [enriched] Intent enriched: LTC/USD @ 43189174524999999488
  meta: {"price":"43189174524999999488","timestamp":"1781806414","expiry":"1781810014","blockNumber":13617440}
[2026-06-18T18:13:36.341Z] [routed] Intent passed all filters
  meta: {"routerId":"client_test_01_router_b_alts","destinationIndex":0}
[2026-06-18T18:13:36.342Z] [queued] Intent accepted by coalescer
  meta: {"routerId":"client_test_01_router_b_alts","destinationIndex":0,"clientStatePath":"../state/preview_run_20260608-040304/clients/client-test-01.json"}
[2026-06-18T18:13:43.418Z] [connecting] connecting
[2026-06-18T18:13:48.640Z] [connecting] connecting
[2026-06-18T18:13:53.901Z] [connecting] connecting
[2026-06-18T18:13:59.130Z] [connecting] connecting
[2026-06-18T18:13:59.783Z] [failed] Cardano transaction failed: Unable to fetch protocol parameters from Blockfrost (402 Payment Required).
  meta: {"code":"BuilderError","remediation":"A Cardano tx builder or signing error occurred. Check the feeder logs for the full stack trace.","error":"Unable to fetch protocol parameters from Blockfrost (402 Payment Required).","batchSize":4,"batchMembers":[{"intentHash":"0xb9c88d4b06c558a591d7f28d6fac9be3d95921b40992757e929ecc04f1e91765","symbol":"LTC/USD","pairUnit":"","action":"update"},{"intentHash":"0x16fc40046f4aa2e960c1ca9484cf65b5fe309c9936c39d0df14ae2013b5b299f","symbol":"NEIRO/USD","pairUnit":"","action":"update"},{"intentHash":"0xc0a76d29ac8edc1687b91484cb8643a94dfdcc460445d0db966748e79b1bd3ac","symbol":"BTC/USD","pairUnit":"","action":"update"},{"intentHash":"0xbb5c56bf5a5d722c9f65e4c3f47bb993530f8354a3ac593a513e0b0557e9f70a","symbol":"ETH/USD","pairUnit":"","action":"update"}]}
[2026-06-18T18:13:59.810Z] [connecting] connecting
[2026-06-18T18:14:05.031Z] [connecting] connecting
[2026-06-18T18:14:10.800Z] [connecting] connecting
[2026-06-18T18:14:16.025Z] [connecting] connecting
[2026-06-18T18:14:16.334Z] [failed] Cardano transaction failed: Unable to fetch protocol parameters from Blockfrost (402 Payment Required).
  meta: {"code":"BuilderError","remediation":"A Cardano tx builder or signing error occurred. Check the feeder logs for the full stack trace.","error":"Unable to fetch protocol parameters from Blockfrost (402 Payment Required).","batchSize":9,"batchMembers":[{"intentHash":"0x06601f972284f35931e1965a9aeb616f2eed58dab5dba649eee39d631ee86734","symbol":"USDC/USD","pairUnit":"","action":"update"},{"intentHash":"0x1ef21580b7269927d6cca0e8335c08b5af182901c4201ed6bbf9fb6805f5de34","symbol":"XVG/USD","pairUnit":"","action":"update"},{"intentHash":"0x8cf05eafe14585d799c9cc48bed1afbe2340d296a77ba2085150a209499e3bea","symbol":"DOGE/USD","pairUnit":"","action":"update"},{"intentHash":"0x80c65c019abb6048135801b6d8685d093cef2123611a99bdc786e7d1cc8d93b7","symbol":"USDT/USD","pairUnit":"","action":"update"},{"intentHash":"0x5a63adcd55701a6d60c24b66d241da14458390677128b5db79eecb4c7f72ea93","symbol":"SHIB/USD","pairUnit":"","action":"update"},{"intentHash":"0xc0a76d29ac8edc1687b91484cb8643a94dfdcc460445d0db966748e79b1bd3ac","symbol":"BTC/USD","pairUnit":"","action":"update"},{"intentHash":"0xbb5c56bf5a5d722c9f65e4c3f47bb993530f8354a3ac593a513e0b0557e9f70a","symbol":"ETH/USD","pairUnit":"","action":"update"},{"intentHash":"0xb9c88d4b06c558a591d7f28d6fac9be3d95921b40992757e929ecc04f1e91765","symbol":"LTC/USD","pairUnit":"","action":"update"},{"intentHash":"0x1ff2ed3d4b0694fc89cf662f745718a9882ae4091abbfc95da1a832e63916d5c","symbol":"ARB/USD","pairUnit":"","action":"update"}]}
[2026-06-18T18:14:31.373Z] [superseded] Superseded by newer intent
  meta: {"supersededByHash":"0xd86cec310aab920a313eed5dd275dfd72c3245f477cce9e6c4db3bde9dab05d1"}
