[2026-06-19T01:36:45.404Z] [connecting] connecting
[2026-06-19T01:36:54.507Z] [building] building
[2026-06-19T01:36:57.860Z] [signing] signing
  meta: {"txHash":"7226f3192196b51584a86f0d3f52cf75b2df320e705fca052e5916e4657d3e13"}
[2026-06-19T01:36:59.346Z] [submitting] submitting
  meta: {"txHash":"7226f3192196b51584a86f0d3f52cf75b2df320e705fca052e5916e4657d3e13"}
[2026-06-19T01:36:59.640Z] [submitted] submitted
  meta: {"txHash":"7226f3192196b51584a86f0d3f52cf75b2df320e705fca052e5916e4657d3e13"}
[2026-06-19T01:36:59.645Z] [waiting_confirm] waiting_confirm
  meta: {"txHash":"7226f3192196b51584a86f0d3f52cf75b2df320e705fca052e5916e4657d3e13"}
[2026-06-19T01:37:29.990Z] [waiting_utxo] waiting_utxo
  meta: {"txHash":"7226f3192196b51584a86f0d3f52cf75b2df320e705fca052e5916e4657d3e13"}
[2026-06-19T01:37:37.088Z] [writing_state] writing_state
  meta: {"txHash":"7226f3192196b51584a86f0d3f52cf75b2df320e705fca052e5916e4657d3e13"}
[2026-06-19T01:37:40.531Z] [batched] Intent confirmed inside a batch of 4 intents
  meta: {"cardanoTxHash":"7226f3192196b51584a86f0d3f52cf75b2df320e705fca052e5916e4657d3e13","batchSize":4,"batchMembers":[{"intentHash":"0x07ed6071d98d2c447310c892ad072bb5fcd27494d1f1316c6252758d361cb839","symbol":"BTC/USD","pairUnit":"def5c14be6bceefb95769110a0c8c7d5362e58bf8f17b6ee1c1bd9028a3859b168b77160150b13c200392328254c3758f082050fd7ec5c340ac2a497","action":"update"},{"intentHash":"0xaad3ca2d4862a9deae2226fb4df14de330d63fadc042a2ca680868ab0b0b768e","symbol":"ETH/USD","pairUnit":"def5c14be6bceefb95769110a0c8c7d5362e58bf8f17b6ee1c1bd9023d7739c2406edbe3bb594b8f762cf67a2c889a162f2234dc17841f61d33849f4","action":"update"},{"intentHash":"0x07a69c968edf823aba20473e1f1ea83463fe4b6938ebb0b4136a37d40574fe45","symbol":"USDC/USD","pairUnit":"def5c14be6bceefb95769110a0c8c7d5362e58bf8f17b6ee1c1bd9020156dbaa55902bb40ff6c461c8b2b59c70ebbe3786e51e5e75a8bc1cbad4c1ac","action":"update"},{"intentHash":"0xf2e59110d77ec9c6f9afe19bd263c26c3ae5ddfa2ebcd7e0e5588651a5ff2c04","symbol":"DOGE/USD","pairUnit":"def5c14be6bceefb95769110a0c8c7d5362e58bf8f17b6ee1c1bd90219434a5bb684f659378f19bc8c3748046e646c079e79c10e484e2d29445ee02d","action":"update"}],"pairUnit":"def5c14be6bceefb95769110a0c8c7d5362e58bf8f17b6ee1c1bd90219434a5bb684f659378f19bc8c3748046e646c079e79c10e484e2d29445ee02d","pairAction":"update"}
[2026-06-19T01:37:40.531Z] [confirm] Cardano batch transaction confirmed
  meta: {"cardanoTxHash":"7226f3192196b51584a86f0d3f52cf75b2df320e705fca052e5916e4657d3e13","pairUnit":"def5c14be6bceefb95769110a0c8c7d5362e58bf8f17b6ee1c1bd90219434a5bb684f659378f19bc8c3748046e646c079e79c10e484e2d29445ee02d","pairAction":"update","batchSize":4}
[2026-06-19T01:37:40.539Z] [connecting] connecting
[2026-06-19T01:37:46.727Z] [building] building
[2026-06-19T01:37:49.707Z] [signing] signing
  meta: {"txHash":"9e5995ebd450af11ce862b1d776fc6d2477afd0be8ac0e7674beafae75cc3441"}
[2026-06-19T01:37:51.171Z] [submitting] submitting
  meta: {"txHash":"9e5995ebd450af11ce862b1d776fc6d2477afd0be8ac0e7674beafae75cc3441"}
[2026-06-19T01:37:51.434Z] [submitted] submitted
  meta: {"txHash":"9e5995ebd450af11ce862b1d776fc6d2477afd0be8ac0e7674beafae75cc3441"}
[2026-06-19T01:37:51.445Z] [waiting_confirm] waiting_confirm
  meta: {"txHash":"9e5995ebd450af11ce862b1d776fc6d2477afd0be8ac0e7674beafae75cc3441"}
[2026-06-19T01:38:15.849Z] [waiting_utxo] waiting_utxo
  meta: {"txHash":"9e5995ebd450af11ce862b1d776fc6d2477afd0be8ac0e7674beafae75cc3441"}
[2026-06-19T01:38:20.839Z] [writing_state] writing_state
  meta: {"txHash":"9e5995ebd450af11ce862b1d776fc6d2477afd0be8ac0e7674beafae75cc3441"}
[2026-06-19T01:38:24.213Z] [failed] Cardano transaction failed: Intent for DOGE/USD superseded on chain; not submitted.
  meta: {"code":"NonMonotonicNonce","remediation":"A newer intent for this pair is already on-chain. The stale intent was discarded; no operator action is needed.","error":"Intent for DOGE/USD superseded on chain; not submitted.","batchSize":1,"batchMembers":[{"intentHash":"0x484e2c2e1e20c4f039da4a6da4f5e9555f4ad43bbc5905aa5b6f35013e5927b5","symbol":"USDT/USD","pairUnit":"def5c14be6bceefb95769110a0c8c7d5362e58bf8f17b6ee1c1bd9025ec9fa6a8337c83985882517e4865a68763912f37490cffe992a26abfd29d315","action":"update"}]}
