[2026-06-18T06:53:40.247Z] [enriched] Intent enriched: USDC/USD @ 999719136000000000
  meta: {"price":"999719136000000000","timestamp":"1781765619","expiry":"1781769219","blockNumber":13504732}
[2026-06-18T06:53:40.247Z] [routed] Intent passed all filters
  meta: {"routerId":"client_test_01_router_default","destinationIndex":0}
[2026-06-18T06:53:40.249Z] [queued] Intent accepted by coalescer
  meta: {"routerId":"client_test_01_router_default","destinationIndex":0,"clientStatePath":"../state/preview_run_20260608-040304/clients/client-test-01.json"}
[2026-06-18T06:53:41.248Z] [connecting] connecting
[2026-06-18T06:53:46.110Z] [building] building
[2026-06-18T06:53:48.601Z] [signing] signing
  meta: {"txHash":"7c858fcaa171b313e9ba20218466d3f4da4a02e4da40221ce0e312c5a0c5b04e"}
[2026-06-18T06:53:49.773Z] [submitting] submitting
  meta: {"txHash":"7c858fcaa171b313e9ba20218466d3f4da4a02e4da40221ce0e312c5a0c5b04e"}
[2026-06-18T06:53:50.038Z] [submitted] submitted
  meta: {"txHash":"7c858fcaa171b313e9ba20218466d3f4da4a02e4da40221ce0e312c5a0c5b04e"}
[2026-06-18T06:53:50.038Z] [waiting_confirm] waiting_confirm
  meta: {"txHash":"7c858fcaa171b313e9ba20218466d3f4da4a02e4da40221ce0e312c5a0c5b04e"}
[2026-06-18T06:54:03.581Z] [superseded] Superseded by newer intent
  meta: {"supersededByHash":"0xc6b399645a73a931ad68a2441b4d32b3a43bed4ef2dd411342db236a88a23524"}
[2026-06-18T06:54:33.486Z] [waiting_utxo] waiting_utxo
  meta: {"txHash":"7c858fcaa171b313e9ba20218466d3f4da4a02e4da40221ce0e312c5a0c5b04e"}
[2026-06-18T06:54:40.456Z] [writing_state] writing_state
  meta: {"txHash":"7c858fcaa171b313e9ba20218466d3f4da4a02e4da40221ce0e312c5a0c5b04e"}
[2026-06-18T06:54:43.333Z] [confirm] Cardano transaction confirmed
  meta: {"cardanoTxHash":"7c858fcaa171b313e9ba20218466d3f4da4a02e4da40221ce0e312c5a0c5b04e","pairUnit":"def5c14be6bceefb95769110a0c8c7d5362e58bf8f17b6ee1c1bd9020156dbaa55902bb40ff6c461c8b2b59c70ebbe3786e51e5e75a8bc1cbad4c1ac","pairAction":"update","batchSize":1}
