[2026-06-18T18:23:08.013Z] [enriched] Intent enriched: BTC/USD @ 62578266700647254458368
  meta: {"price":"62578266700647254458368","timestamp":"1781806986","expiry":"1781810586","blockNumber":13619004}
[2026-06-18T18:23:08.013Z] [routed] Intent passed all filters
  meta: {"routerId":"client_test_01_router_a_majors","destinationIndex":0}
[2026-06-18T18:23:08.014Z] [queued] Intent accepted by coalescer
  meta: {"routerId":"client_test_01_router_a_majors","destinationIndex":0,"clientStatePath":"../state/preview_run_20260608-040304/clients/client-test-01.json"}
[2026-06-18T18:23:08.020Z] [enriched] Intent enriched: BTC/USD @ 62578266700647254458368
  meta: {"price":"62578266700647254458368","timestamp":"1781806986","expiry":"1781810586","blockNumber":13619004}
[2026-06-18T18:23:08.020Z] [routed] Intent passed all filters
  meta: {"routerId":"client_test_02_router_default","destinationIndex":0}
[2026-06-18T18:23:08.021Z] [queued] Intent accepted by coalescer
  meta: {"routerId":"client_test_02_router_default","destinationIndex":0,"clientStatePath":"../state/preview_run_20260608-040304/clients/client-test-02.json"}
[2026-06-18T18:23:36.405Z] [connecting] connecting
[2026-06-18T18:23:38.004Z] [connecting] connecting
[2026-06-18T18:23:41.416Z] [connecting] connecting
[2026-06-18T18:23:43.017Z] [connecting] connecting
[2026-06-18T18:23:46.424Z] [connecting] connecting
[2026-06-18T18:23:48.025Z] [connecting] connecting
[2026-06-18T18:23:51.373Z] [connecting] connecting
[2026-06-18T18:23:51.399Z] [failed] Cardano transaction failed: Missing required environment variable: BLOCKFROST_PROJECT_ID_TESTNET. Active CARDANO_NETWORK requires the *_TESTNET variant of every per-network setting.
  meta: {"code":"BuilderError","remediation":"A Cardano tx builder or signing error occurred. Check the feeder logs for the full stack trace.","error":"Missing required environment variable: BLOCKFROST_PROJECT_ID_TESTNET. Active CARDANO_NETWORK requires the *_TESTNET variant of every per-network setting.","batchSize":9,"batchMembers":[{"intentHash":"0x653fd7fbaea10adc74416c14672fa3d4597b98310b756ecadf5691ac1c396a79","symbol":"NEIRO/USD","pairUnit":"","action":"update"},{"intentHash":"0x3b62e169b24dc7f971f1dc8748414b7adc153c3eecf4335b448b40f5e4810e82","symbol":"LTC/USD","pairUnit":"","action":"update"},{"intentHash":"0x22e847c6299244367fe5621cea85490e96ea61115a61445dd8c71c0ed88758a7","symbol":"BTC/USD","pairUnit":"","action":"update"},{"intentHash":"0x5a1f8ced7407f905dfceedf51f5a728fdfd6d52ac8517d3af132b86e8a28549f","symbol":"ETH/USD","pairUnit":"","action":"update"},{"intentHash":"0x8a96fba18ef373e279e26496f13f1c928fcbc3218c72f0cc1173cc2f986f4583","symbol":"USDC/USD","pairUnit":"","action":"update"},{"intentHash":"0x09422b4327967db8f64055080e3416a17fc3f6738c7397504363f197e49c0319","symbol":"XVG/USD","pairUnit":"","action":"update"},{"intentHash":"0xe724128c10b7b187b06a9344876b7f71773ba14dae06e78463fbbd33cb2bd93c","symbol":"USDT/USD","pairUnit":"","action":"update"},{"intentHash":"0x30505de31a70d3be2e983778ff39de774419cd2d3f7ec774001e2c724c758a58","symbol":"DOGE/USD","pairUnit":"","action":"update"},{"intentHash":"0x457db5984cbd2f172c889aca837abe67f6f6decf76ed54022936ee7104076f6b","symbol":"SHIB/USD","pairUnit":"","action":"update"}]}
[2026-06-18T18:23:52.969Z] [connecting] connecting
[2026-06-18T18:23:52.982Z] [failed] Cardano transaction failed: Missing required environment variable: BLOCKFROST_PROJECT_ID_TESTNET. Active CARDANO_NETWORK requires the *_TESTNET variant of every per-network setting.
  meta: {"code":"BuilderError","remediation":"A Cardano tx builder or signing error occurred. Check the feeder logs for the full stack trace.","error":"Missing required environment variable: BLOCKFROST_PROJECT_ID_TESTNET. Active CARDANO_NETWORK requires the *_TESTNET variant of every per-network setting.","batchSize":1}
