[2026-06-18T19:20:48.232Z] [connecting] connecting
[2026-06-18T19:20:55.046Z] [building] building
[2026-06-18T19:20:58.464Z] [signing] signing
  meta: {"txHash":"13cb4f7bba0c1f7c505d616b216932fa297822d93b7ab97041ccd7c4ebd5a8e0"}
[2026-06-18T19:20:59.965Z] [submitting] submitting
  meta: {"txHash":"13cb4f7bba0c1f7c505d616b216932fa297822d93b7ab97041ccd7c4ebd5a8e0"}
[2026-06-18T19:21:05.218Z] [connecting] connecting
[2026-06-18T19:21:12.381Z] [building] building
[2026-06-18T19:21:16.257Z] [signing] signing
  meta: {"txHash":"2c716c33bc101095a411e1a4b55fc50485d3715b90cfb318e8b24f38bf9d9ce0"}
[2026-06-18T19:21:17.707Z] [submitting] submitting
  meta: {"txHash":"2c716c33bc101095a411e1a4b55fc50485d3715b90cfb318e8b24f38bf9d9ce0"}
[2026-06-18T19:21:22.952Z] [connecting] connecting
[2026-06-18T19:21:30.041Z] [building] building
[2026-06-18T19:21:33.939Z] [signing] signing
  meta: {"txHash":"2c716c33bc101095a411e1a4b55fc50485d3715b90cfb318e8b24f38bf9d9ce0"}
[2026-06-18T19:21:35.417Z] [submitting] submitting
  meta: {"txHash":"2c716c33bc101095a411e1a4b55fc50485d3715b90cfb318e8b24f38bf9d9ce0"}
[2026-06-18T19:21:40.691Z] [connecting] connecting
[2026-06-18T19:21:47.605Z] [building] building
[2026-06-18T19:21:50.899Z] [signing] signing
  meta: {"txHash":"e69014be14a676d63cffbcc2d022cb0408ab627e257a9ae06e9c58460176060d"}
[2026-06-18T19:21:52.491Z] [submitting] submitting
  meta: {"txHash":"e69014be14a676d63cffbcc2d022cb0408ab627e257a9ae06e9c58460176060d"}
[2026-06-18T19:21:52.750Z] [submitted] submitted
  meta: {"txHash":"e69014be14a676d63cffbcc2d022cb0408ab627e257a9ae06e9c58460176060d"}
[2026-06-18T19:21:52.760Z] [waiting_confirm] waiting_confirm
  meta: {"txHash":"e69014be14a676d63cffbcc2d022cb0408ab627e257a9ae06e9c58460176060d"}
[2026-06-18T19:22:18.071Z] [superseded] Superseded by newer intent
  meta: {"supersededByHash":"0x5760fdc930727aacb5e229acd50d04b72aafb893bbbd9e759e99026f47bc91d2"}
[2026-06-18T19:22:23.925Z] [waiting_utxo] waiting_utxo
  meta: {"txHash":"e69014be14a676d63cffbcc2d022cb0408ab627e257a9ae06e9c58460176060d"}
[2026-06-18T19:22:29.202Z] [writing_state] writing_state
  meta: {"txHash":"e69014be14a676d63cffbcc2d022cb0408ab627e257a9ae06e9c58460176060d"}
[2026-06-18T19:22:32.583Z] [batched] Intent confirmed inside a batch of 3 intents
  meta: {"cardanoTxHash":"e69014be14a676d63cffbcc2d022cb0408ab627e257a9ae06e9c58460176060d","batchSize":3,"batchMembers":[{"intentHash":"0xa78e21a920415b1b20f0a397ac5f17505d8a4be032966b800f898defffe49798","symbol":"BTC/USD","pairUnit":"def5c14be6bceefb95769110a0c8c7d5362e58bf8f17b6ee1c1bd9028a3859b168b77160150b13c200392328254c3758f082050fd7ec5c340ac2a497","action":"update"},{"intentHash":"0x971ba23835ab183ca11734916071fb9f239a5b001281377b882ad69fe5c9921e","symbol":"ETH/USD","pairUnit":"def5c14be6bceefb95769110a0c8c7d5362e58bf8f17b6ee1c1bd9023d7739c2406edbe3bb594b8f762cf67a2c889a162f2234dc17841f61d33849f4","action":"update"},{"intentHash":"0x0d0cc1254181b53b5f67ae2d39cc2498b57276ba4a9614b588de9768dc7a3da3","symbol":"USDT/USD","pairUnit":"def5c14be6bceefb95769110a0c8c7d5362e58bf8f17b6ee1c1bd9025ec9fa6a8337c83985882517e4865a68763912f37490cffe992a26abfd29d315","action":"update"}],"pairUnit":"def5c14be6bceefb95769110a0c8c7d5362e58bf8f17b6ee1c1bd9023d7739c2406edbe3bb594b8f762cf67a2c889a162f2234dc17841f61d33849f4","pairAction":"update"}
[2026-06-18T19:22:32.584Z] [confirm] Cardano batch transaction confirmed
  meta: {"cardanoTxHash":"e69014be14a676d63cffbcc2d022cb0408ab627e257a9ae06e9c58460176060d","pairUnit":"def5c14be6bceefb95769110a0c8c7d5362e58bf8f17b6ee1c1bd9023d7739c2406edbe3bb594b8f762cf67a2c889a162f2234dc17841f61d33849f4","pairAction":"update","batchSize":3}
