[2026-06-18T06:22:15.463Z] [enriched] Intent enriched: USDC/USD @ 999684117550000128
  meta: {"price":"999684117550000128","timestamp":"1781763734","expiry":"1781767334","blockNumber":13499352}
[2026-06-18T06:22:15.463Z] [routed] Intent passed all filters
  meta: {"routerId":"client_test_01_router_default","destinationIndex":0}
[2026-06-18T06:22:15.464Z] [queued] Intent accepted by coalescer
  meta: {"routerId":"client_test_01_router_default","destinationIndex":0,"clientStatePath":"../state/preview_run_20260608-040304/clients/client-test-01.json"}
[2026-06-18T06:22:39.858Z] [connecting] connecting
[2026-06-18T06:22:48.332Z] [building] building
[2026-06-18T06:22:50.803Z] [signing] signing
  meta: {"txHash":"a8f20f691e88b1601a5fa28e648b7d5da921e903cfdc9f90c09155070bf91aac"}
[2026-06-18T06:22:51.747Z] [submitting] submitting
  meta: {"txHash":"a8f20f691e88b1601a5fa28e648b7d5da921e903cfdc9f90c09155070bf91aac"}
[2026-06-18T06:22:52.019Z] [submitted] submitted
  meta: {"txHash":"a8f20f691e88b1601a5fa28e648b7d5da921e903cfdc9f90c09155070bf91aac"}
[2026-06-18T06:22:52.027Z] [waiting_confirm] waiting_confirm
  meta: {"txHash":"a8f20f691e88b1601a5fa28e648b7d5da921e903cfdc9f90c09155070bf91aac"}
[2026-06-18T06:23:57.031Z] [waiting_utxo] waiting_utxo
  meta: {"txHash":"a8f20f691e88b1601a5fa28e648b7d5da921e903cfdc9f90c09155070bf91aac"}
[2026-06-18T06:24:03.877Z] [writing_state] writing_state
  meta: {"txHash":"a8f20f691e88b1601a5fa28e648b7d5da921e903cfdc9f90c09155070bf91aac"}
[2026-06-18T06:24:07.012Z] [failed] Cardano transaction failed: Intent for USDC/USD superseded on chain; not submitted.
  meta: {"code":"NonMonotonicNonce","remediation":"A newer intent for this pair is already on-chain. The stale intent was discarded; no operator action is needed.","error":"Intent for USDC/USD superseded on chain; not submitted.","batchSize":2,"batchMembers":[{"intentHash":"0xa288f3208a2e9f702f61bed63af2012bd6f9ef1b3a62f111632d31f2e7b035c4","symbol":"LTC/USD","pairUnit":"def5c14be6bceefb95769110a0c8c7d5362e58bf8f17b6ee1c1bd90201f8ca4f564d04963a1ffccbb3f49da8bf09c0373f278d84047413cf09399650","action":"update"},{"intentHash":"0x1728427f9aed8f5ffb05b7dd4f87d25f1deed897b94e58f0e74609a6155d9a98","symbol":"NEIRO/USD","pairUnit":"def5c14be6bceefb95769110a0c8c7d5362e58bf8f17b6ee1c1bd902a8c0b97b231afaebc42d067a57b139abb4a8631e36c7f81cee6a30173e22b6b2","action":"update"}]}
