[2026-06-18T17:34:44.667Z] [enriched] Intent enriched: USDT/USD @ 998760000000000000
  meta: {"price":"998760000000000000","timestamp":"1781804083","expiry":"1781807683","blockNumber":13611165}
[2026-06-18T17:34:44.667Z] [routed] Intent passed all filters
  meta: {"routerId":"client_test_01_router_a_majors","destinationIndex":0}
[2026-06-18T17:34:44.668Z] [queued] Intent accepted by coalescer
  meta: {"routerId":"client_test_01_router_a_majors","destinationIndex":0,"clientStatePath":"../state/preview_run_20260608-040304/clients/client-test-01.json"}
[2026-06-18T17:35:03.464Z] [connecting] connecting
[2026-06-18T17:35:13.564Z] [building] building
[2026-06-18T17:35:16.680Z] [signing] signing
  meta: {"txHash":"13e4b0ea8456c31295e8481df6a8a6e8f1b4d70a7d72e3f288048898633e5bc3"}
[2026-06-18T17:35:18.132Z] [submitting] submitting
  meta: {"txHash":"13e4b0ea8456c31295e8481df6a8a6e8f1b4d70a7d72e3f288048898633e5bc3"}
[2026-06-18T17:35:18.414Z] [submitted] submitted
  meta: {"txHash":"13e4b0ea8456c31295e8481df6a8a6e8f1b4d70a7d72e3f288048898633e5bc3"}
[2026-06-18T17:35:18.415Z] [waiting_confirm] waiting_confirm
  meta: {"txHash":"13e4b0ea8456c31295e8481df6a8a6e8f1b4d70a7d72e3f288048898633e5bc3"}
[2026-06-18T17:35:37.595Z] [waiting_utxo] waiting_utxo
  meta: {"txHash":"13e4b0ea8456c31295e8481df6a8a6e8f1b4d70a7d72e3f288048898633e5bc3"}
[2026-06-18T17:35:45.431Z] [writing_state] writing_state
  meta: {"txHash":"13e4b0ea8456c31295e8481df6a8a6e8f1b4d70a7d72e3f288048898633e5bc3"}
[2026-06-18T17:35:46.031Z] [superseded] Superseded by newer intent
  meta: {"supersededByHash":"0x408788fad5f6a10f986b9aaa9e9573f98903215eb34ff44339010a0ca5607f69"}
[2026-06-18T17:35:48.827Z] [batched] Intent confirmed inside a batch of 2 intents
  meta: {"cardanoTxHash":"13e4b0ea8456c31295e8481df6a8a6e8f1b4d70a7d72e3f288048898633e5bc3","batchSize":2,"batchMembers":[{"intentHash":"0x4241c594ad77aaab4a6cddde53ed1da8f42283478c2caa44a3477cbce99af99f","symbol":"NEIRO/USD","pairUnit":"def5c14be6bceefb95769110a0c8c7d5362e58bf8f17b6ee1c1bd902a8c0b97b231afaebc42d067a57b139abb4a8631e36c7f81cee6a30173e22b6b2","action":"update"},{"intentHash":"0x482739797d1d7d4cecad96bd6e8ae1ddd2c01c7f266acbe2174f540d9d90f435","symbol":"USDT/USD","pairUnit":"def5c14be6bceefb95769110a0c8c7d5362e58bf8f17b6ee1c1bd9025ec9fa6a8337c83985882517e4865a68763912f37490cffe992a26abfd29d315","action":"update"}],"pairUnit":"def5c14be6bceefb95769110a0c8c7d5362e58bf8f17b6ee1c1bd9025ec9fa6a8337c83985882517e4865a68763912f37490cffe992a26abfd29d315","pairAction":"update"}
[2026-06-18T17:35:48.828Z] [confirm] Cardano batch transaction confirmed
  meta: {"cardanoTxHash":"13e4b0ea8456c31295e8481df6a8a6e8f1b4d70a7d72e3f288048898633e5bc3","pairUnit":"def5c14be6bceefb95769110a0c8c7d5362e58bf8f17b6ee1c1bd9025ec9fa6a8337c83985882517e4865a68763912f37490cffe992a26abfd29d315","pairAction":"update","batchSize":2}
