
> @diadata-org/dia-cardano-oracle-cli@0.1.0 cli
> tsx src/index.ts pair:burn --protocol-state ../state/mainnet_run_20260517-063917/config-bootstrap.json --client-state ../state/mainnet_run_20260517-063917/clients/client-a.json --pair-state ../state/mainnet_run_20260517-063917/clients/client-a/pairs/usdc-usd.json

[1G[0K[pair:burn] Loading protocol, client and pair state
[pair:burn] Connecting to Mainnet and selecting the configured wallet
[pair:burn] Finding Config UTxO
[pair:burn] Finding Pair UTxO
[pair:burn] Burning Pair NFT 71d73275dfbbcb8fbb931245efab810ad4f6c8d1a13da6fe7cf6c5610156dbaa55902bb40ff6c461c8b2b59c70ebbe3786e51e5e75a8bc1cbad4c1ac and recovering 5000000 lovelace.
[pair:burn] Tx resources: fee=0.441137 ADA (441137 lovelace), cpu=158670212, mem=513069
[pair:burn] Output[0] | addr=addr1qxp3wp7xa...ulrq72 | lovelace=4.558863 ADA (4558863)
[pair:burn] Submitted: 2068251578aed24472aa2d1a168f07d2d08780b7481966ec6bc7ec8ccf287731
[pair:burn] Confirmed by Blockfrost: pair:burn 2068251578aed24472aa2d1a168f07d2d08780b7481966ec6bc7ec8ccf287731.
[cli] Wrote JSON output to /home/manuelpadilla/sources/reposUbuntu/PROTOFIRE/DIA/dia-cardano-oracle/offchain/state/mainnet_run_20260517-063917/clients/client-a/pairs/usdc-usd.json
{
  "wallet": {
    "source": "seed",
    "address": "addr1qxp3wp7xa70jddcj95luvrud8p587fm7dsktwz8s5ts28hv8n5a536xf3tq74m47tnr8afr68v8wyhdst8c7aeanxvlqulrq72"
  },
  "pair": {
    "tokenName": "0156dbaa55902bb40ff6c461c8b2b59c70ebbe3786e51e5e75a8bc1cbad4c1ac",
    "pairId": "555344432f555344",
    "pairUnit": "71d73275dfbbcb8fbb931245efab810ad4f6c8d1a13da6fe7cf6c5610156dbaa55902bb40ff6c461c8b2b59c70ebbe3786e51e5e75a8bc1cbad4c1ac",
    "pairValidatorAddress": "addr1w9cawvn4m7auhramjvfytmatsy9dfakg6xsnmfh70nmv2cg0rwvyu"
  },
  "pairState": {
    "pairId": "555344432f555344",
    "price": "100045678",
    "timestamp": "1779001071",
    "nonce": "1779001071000",
    "intentHash": "9d57cb870ce005fd55a16a35f623280db9480ba650fb93ecc5355476d55f45da",
    "signer": "2b1c7eff297766569966b630a6862947a8e5285a",
    "minUtxoLovelace": "5000000",
    "intent": {
      "intentType": "OracleUpdate",
      "version": "1.0",
      "chainId": "100640",
      "nonce": "1779001071000",
      "expiry": "1779004671",
      "symbol": "USDC/USD",
      "price": "100045678",
      "timestamp": "1779001071",
      "source": "DIA Oracle",
      "signature": "eb10fa152a8ebbfde1b074a12104cae272e6865276778ec8f2cdbcf6e6a00ba62e328350114aa015d12d3e4d3e0592ddeadd62ac35aa0ddab8b24dce810962d71c",
      "signer": "0x2b1c7eff297766569966b630a6862947a8e5285a"
    }
  },
  "datum": {
    "pairCbor": ""
  },
  "transactions": [
    {
      "step": "mainnet:update",
      "submittedTxHash": "786bc7681899ed58bafe916ce173915184736b60aa572757575e67ec0e04ed0a",
      "confirmed": true
    },
    {
      "step": "mainnet:pair:burn",
      "submittedTxHash": "2068251578aed24472aa2d1a168f07d2d08780b7481966ec6bc7ec8ccf287731",
      "confirmed": true
    }
  ]
}
[1G[0K⠙[1G[0K