
> @diadata-org/dia-cardano-oracle-cli@0.1.0 cli
> tsx src/index.ts pair:burn --protocol-state ../state/mainnet_run_20260517-063917/config-bootstrap.json --client-state ../state/mainnet_run_20260517-063917/clients/client-a.json --pair-state ../state/mainnet_run_20260517-063917/clients/client-a/pairs/dai-usd.json --build-only

[1G[0K[pair:burn] Loading protocol, client and pair state
[pair:burn] Connecting to Mainnet and selecting the configured wallet
[pair:burn] Finding Config UTxO
[pair:burn] Finding Pair UTxO
[pair:burn] Burning Pair NFT 71d73275dfbbcb8fbb931245efab810ad4f6c8d1a13da6fe7cf6c5610ae6401fc15363e085cf3d2f90ae10566e797d8686ab048ba30f5914c7ff2852 and recovering 5000000 lovelace.
[pair:burn] Tx resources: fee=0.441137 ADA (441137 lovelace), cpu=158670212, mem=513069
[pair:burn] Output[0] | addr=addr1qxp3wp7xa...ulrq72 | lovelace=4.558863 ADA (4558863)
[pair:burn] Build-only: unsigned hash = 39346504414b480c86cee1f5afbddfe4a9a16997fd84b07693d9a403a5edbccd
{
  "wallet": {
    "source": "seed",
    "address": "addr1qxp3wp7xa70jddcj95luvrud8p587fm7dsktwz8s5ts28hv8n5a536xf3tq74m47tnr8afr68v8wyhdst8c7aeanxvlqulrq72"
  },
  "pair": {
    "tokenName": "0ae6401fc15363e085cf3d2f90ae10566e797d8686ab048ba30f5914c7ff2852",
    "pairId": "4441492f555344",
    "pairUnit": "71d73275dfbbcb8fbb931245efab810ad4f6c8d1a13da6fe7cf6c5610ae6401fc15363e085cf3d2f90ae10566e797d8686ab048ba30f5914c7ff2852",
    "pairValidatorAddress": "addr1w9cawvn4m7auhramjvfytmatsy9dfakg6xsnmfh70nmv2cg0rwvyu"
  },
  "pairState": {
    "pairId": "4441492f555344",
    "price": "100100345",
    "timestamp": "1779003414",
    "nonce": "1779003414000",
    "intentHash": "1eb6a4c1786a4398188cf427a29750c3e47a31d446acf71bb8659deb1f6fd296",
    "signer": "2b1c7eff297766569966b630a6862947a8e5285a",
    "minUtxoLovelace": "5000000",
    "intent": {
      "intentType": "OracleUpdate",
      "version": "1.0",
      "chainId": "100640",
      "nonce": "1779003414000",
      "expiry": "1779007014",
      "symbol": "DAI/USD",
      "price": "100100345",
      "timestamp": "1779003414",
      "source": "DIA Oracle",
      "signature": "be4596261b829bd6b927b467294accc0da699cee54ee2bab8d3beb52a0bb266a7033315fa3158597928958fc77419ea0877715dc2d79abc84b79d63f686d95801c",
      "signer": "0x2b1c7eff297766569966b630a6862947a8e5285a"
    }
  },
  "datum": {
    "pairCbor": ""
  },
  "transactions": [
    {
      "step": "mainnet:update",
      "submittedTxHash": "a7bdf474e3bc5ed31bd886d7eef5358b18a11267cb89559480ed6781d53e4472",
      "confirmed": true
    },
    {
      "step": "mainnet:update:batch",
      "submittedTxHash": "9877cce1b34b77929a32c26c72fe9b4a850f35ac4d947be68ae9750dab3569b4",
      "confirmed": true
    }
  ]
}
[1G[0K⠙[1G[0K