
> @diadata-org/dia-cardano-oracle-cli@0.1.0 cli
> tsx src/index.ts pair:burn --protocol-state ../state/mainnet_run_20260517-063917/config-bootstrap.json --client-state ../state/mainnet_run_20260517-063917/clients/client-a.json --pair-state ../state/mainnet_run_20260517-063917/clients/client-a/pairs/sol-usd.json --build-only

[1G[0K[pair:burn] Loading protocol, client and pair state
[pair:burn] Connecting to Mainnet and selecting the configured wallet
[pair:burn] Finding Config UTxO
[pair:burn] Finding Pair UTxO
[pair:burn] Burning Pair NFT 71d73275dfbbcb8fbb931245efab810ad4f6c8d1a13da6fe7cf6c561396545cb87b0103c8ddb5ff4329eeff88e2aef114f76b0807b21ce3d68bbbe64 and recovering 5000000 lovelace.
[pair:burn] Tx resources: fee=0.441137 ADA (441137 lovelace), cpu=158670212, mem=513069
[pair:burn] Output[0] | addr=addr1qxp3wp7xa...ulrq72 | lovelace=4.558863 ADA (4558863)
[pair:burn] Build-only: unsigned hash = b39c84cf48cf3c48327c717527f3c23d23672e89ca37680f71dd353270a242bd
{
  "wallet": {
    "source": "seed",
    "address": "addr1qxp3wp7xa70jddcj95luvrud8p587fm7dsktwz8s5ts28hv8n5a536xf3tq74m47tnr8afr68v8wyhdst8c7aeanxvlqulrq72"
  },
  "pair": {
    "tokenName": "396545cb87b0103c8ddb5ff4329eeff88e2aef114f76b0807b21ce3d68bbbe64",
    "pairId": "534f4c2f555344",
    "pairUnit": "71d73275dfbbcb8fbb931245efab810ad4f6c8d1a13da6fe7cf6c561396545cb87b0103c8ddb5ff4329eeff88e2aef114f76b0807b21ce3d68bbbe64",
    "pairValidatorAddress": "addr1w9cawvn4m7auhramjvfytmatsy9dfakg6xsnmfh70nmv2cg0rwvyu"
  },
  "pairState": {
    "pairId": "534f4c2f555344",
    "price": "18510000000",
    "timestamp": "1779003414",
    "nonce": "1779003414000",
    "intentHash": "19cf25567c944beb2bc6114b9b0cf3a1144ed4ef982c3231e57396e70173a31b",
    "signer": "2b1c7eff297766569966b630a6862947a8e5285a",
    "minUtxoLovelace": "5000000",
    "intent": {
      "intentType": "OracleUpdate",
      "version": "1.0",
      "chainId": "100640",
      "nonce": "1779003414000",
      "expiry": "1779007014",
      "symbol": "SOL/USD",
      "price": "18510000000",
      "timestamp": "1779003414",
      "source": "DIA Oracle",
      "signature": "3f79a7d8d68a2ddf9a2afd5971f5ef8914c65ff822a10ef7e10021788a0f280a5b113aa72061e9c8e7f14017149f444f33e4f665d50e7a5c115fcc6393e609311c",
      "signer": "0x2b1c7eff297766569966b630a6862947a8e5285a"
    }
  },
  "datum": {
    "pairCbor": ""
  },
  "transactions": [
    {
      "step": "mainnet:update",
      "submittedTxHash": "d82b0cb78c3a3abb9bffe89db7addb7367d3dd4cbce341fc4210f029b3ae94e6",
      "confirmed": true
    },
    {
      "step": "mainnet:update:batch",
      "submittedTxHash": "9877cce1b34b77929a32c26c72fe9b4a850f35ac4d947be68ae9750dab3569b4",
      "confirmed": true
    }
  ]
}
[1G[0K⠙[1G[0K