
> @diadata-org/dia-cardano-oracle-cli@0.1.0 cli
> tsx src/index.ts pair:burn --protocol-state ../state/mainnet_run_20260517-063917/config-bootstrap.json --client-state ../state/mainnet_run_20260517-063917/clients/client-a.json --pair-state ../state/mainnet_run_20260517-063917/clients/client-a/pairs/ada-usd.json --build-only

[1G[0K[pair:burn] Loading protocol, client and pair state
[pair:burn] Connecting to Mainnet and selecting the configured wallet
[pair:burn] Finding Config UTxO
[pair:burn] Finding Pair UTxO
[pair:burn] Burning Pair NFT 71d73275dfbbcb8fbb931245efab810ad4f6c8d1a13da6fe7cf6c56104e5366fb69cdc906d0e8841d641628f09a50f7618e944de5cdb7a26b95e32b4 and recovering 5000000 lovelace.
[pair:burn] Tx resources: fee=0.441137 ADA (441137 lovelace), cpu=158670212, mem=513069
[pair:burn] Output[0] | addr=addr1qxp3wp7xa...ulrq72 | lovelace=4.558863 ADA (4558863)
[pair:burn] Build-only: unsigned hash = d9515837a70d7b7de4d005133f809c3ee677dcbfadd7ce7561832bbb31502e73
{
  "wallet": {
    "source": "seed",
    "address": "addr1qxp3wp7xa70jddcj95luvrud8p587fm7dsktwz8s5ts28hv8n5a536xf3tq74m47tnr8afr68v8wyhdst8c7aeanxvlqulrq72"
  },
  "pair": {
    "tokenName": "04e5366fb69cdc906d0e8841d641628f09a50f7618e944de5cdb7a26b95e32b4",
    "pairId": "4144412f555344",
    "pairUnit": "71d73275dfbbcb8fbb931245efab810ad4f6c8d1a13da6fe7cf6c56104e5366fb69cdc906d0e8841d641628f09a50f7618e944de5cdb7a26b95e32b4",
    "pairValidatorAddress": "addr1w9cawvn4m7auhramjvfytmatsy9dfakg6xsnmfh70nmv2cg0rwvyu"
  },
  "pairState": {
    "pairId": "4144412f555344",
    "price": "751000000",
    "timestamp": "1779003414",
    "nonce": "1779003414000",
    "intentHash": "42d542f0621a7ad6e1c5d12a7f9887459db526ec2d28ee6257115bdcf8b7de35",
    "signer": "2b1c7eff297766569966b630a6862947a8e5285a",
    "minUtxoLovelace": "5000000",
    "intent": {
      "intentType": "OracleUpdate",
      "version": "1.0",
      "chainId": "100640",
      "nonce": "1779003414000",
      "expiry": "1779007014",
      "symbol": "ADA/USD",
      "price": "751000000",
      "timestamp": "1779003414",
      "source": "DIA Oracle",
      "signature": "456d73439c98f386aa30bda40c146dde421595ea9a9c003f454ffd3b553f1d28316f723050653be8152da5977aa6793178f25078bebbd77183afe8415ff7b29b1c",
      "signer": "0x2b1c7eff297766569966b630a6862947a8e5285a"
    }
  },
  "datum": {
    "pairCbor": ""
  },
  "transactions": [
    {
      "step": "mainnet:update",
      "submittedTxHash": "851f8334f5c6690c2b604de487f7cf1bad7c916c870dac26de13acfc19e4d1a6",
      "confirmed": true
    },
    {
      "step": "mainnet:update:batch",
      "submittedTxHash": "9877cce1b34b77929a32c26c72fe9b4a850f35ac4d947be68ae9750dab3569b4",
      "confirmed": true
    }
  ]
}
[1G[0K⠙[1G[0K