
> @diadata-org/dia-cardano-oracle-cli@0.1.0 cli
> tsx src/index.ts update --intent ./state/preview_run_20260606-082456/intents/usdc-usd.signed.json --protocol-state ./state/preview_run_20260606-082456/config-bootstrap.json --client-state ./state/preview_run_20260606-082456/clients/client-a.json --pair-state ./state/preview_run_20260606-082456/clients/client-a/pairs/usdc-usd.json

[1G[0K[update] Loading signed intent from /home/manuelpadilla/sources/reposUbuntu/PROTOFIRE/DIA/dia-cardano-oracle/offchain/cli/state/preview_run_20260606-082456/intents/usdc-usd.signed.json
[update] Loading client and protocol state
[update] Connecting to Preview and selecting the configured wallet
[update] Building Preview oracle update transaction
[update] Tx resources: fee=0.797480 ADA (797480 lovelace), cpu=700572111, mem=1928998
[update] Output[0] | addr=addr_test1wz0c...y0nw7v | lovelace=5.000000 ADA (5000000) | assets=9f80dd966e4a...d4c1ac=1 | datum=inline(92B)
[update] Output[1] | addr=addr_test1wr5m...d0pf2h | lovelace=35.000000 ADA (35000000) | assets=e9b20749e642...545f41=1 | datum=inline(19B)
[update] Output[2] | addr=addr_test1qpgp...quxj3j | lovelace=1222.347448 ADA (1222347448)
[update] Unsigned transaction ready: 0a5523c90d8107a12c8e436b94604c90177c62067ef0576a2218c4bf1d566916
[update] Submitted transaction hash: 0a5523c90d8107a12c8e436b94604c90177c62067ef0576a2218c4bf1d566916
[update] Confirmed by Blockfrost: oracle update transaction 0a5523c90d8107a12c8e436b94604c90177c62067ef0576a2218c4bf1d566916.
[cli] Wrote JSON output to /home/manuelpadilla/sources/reposUbuntu/PROTOFIRE/DIA/dia-cardano-oracle/offchain/cli/state/preview_run_20260606-082456/clients/client-a/pairs/usdc-usd.json
{
  "wallet": {
    "source": "seed",
    "address": "addr_test1qpgpsm75w7l9u6au7shqzsaulrtxz2gp6xw9zhun70es6tt4t3wsjavx26kmh586erf8xxhqc2y7urq5az32sjv56nyqquxj3j"
  },
  "pair": {
    "tokenName": "0156dbaa55902bb40ff6c461c8b2b59c70ebbe3786e51e5e75a8bc1cbad4c1ac",
    "pairId": "555344432f555344",
    "pairUnit": "9f80dd966e4a06cce7efd25f6267b15da7a5dc4cc3157e78928fe2880156dbaa55902bb40ff6c461c8b2b59c70ebbe3786e51e5e75a8bc1cbad4c1ac",
    "pairValidatorAddress": "addr_test1wz0cphvkde9qdn88alf97cn8k9w60fwufnp32lncj2879zqy0nw7v"
  },
  "pairState": {
    "pairId": "555344432f555344",
    "price": "100045678",
    "timestamp": "1780735948",
    "nonce": "1780735948000",
    "intentHash": "07eff4b509b9a7d262049004e08ea44d2a385bcae51104653bc4fd0deb4fd5b1",
    "signer": "2b1c7eff297766569966b630a6862947a8e5285a",
    "minUtxoLovelace": "5000000",
    "intent": {
      "intentType": "OracleUpdate",
      "version": "1.0",
      "chainId": "10050",
      "nonce": "1780735948000",
      "expiry": "1780739548",
      "symbol": "USDC/USD",
      "price": "100045678",
      "timestamp": "1780735948",
      "source": "DIA Oracle",
      "signature": "1dd1ffc79b9914ca481b92f6641b4740c409d431218638732d8b8a658244a42b79d1a9f7cfb1f0735917b3dcee299cc54b606bd3cf933311dcbb7c7f33de96311c",
      "signer": "2b1c7eff297766569966b630a6862947a8e5285a"
    }
  },
  "datum": {
    "pairCbor": "d8799f48555344432f5553441a05f6936e1a6a23dfcc1b0000019e9c2234e0582007eff4b509b9a7d262049004e08ea44d2a385bcae51104653bc4fd0deb4fd5b1542b1c7eff297766569966b630a6862947a8e5285a1a004c4b40ff"
  },
  "transactions": [
    {
      "step": "preview:update",
      "submittedTxHash": "0a5523c90d8107a12c8e436b94604c90177c62067ef0576a2218c4bf1d566916",
      "confirmed": true
    }
  ]
}
[1G[0K⠙[1G[0K