
> @diadata-org/dia-cardano-oracle-cli@0.1.0 cli
> tsx src/index.ts update --intent ./state/preview_run_20260606-082456/intents/btc-usd.signed.json --protocol-state ./state/preview_run_20260606-082456/config-bootstrap.json --client-state ./state/preview_run_20260606-082456/clients/client-a.json --pair-state ./state/preview_run_20260606-082456/clients/client-a/pairs/btc-usd.json

[1G[0K[update] Loading signed intent from /home/manuelpadilla/sources/reposUbuntu/PROTOFIRE/DIA/dia-cardano-oracle/offchain/cli/state/preview_run_20260606-082456/intents/btc-usd.signed.json
[update] Loading client and protocol state
[update] Connecting to Preview and selecting the configured wallet
[update] Building Preview oracle update transaction
[update] Tx resources: fee=0.797744 ADA (797744 lovelace), cpu=700572111, mem=1928998
[update] Output[0] | addr=addr_test1wz0c...y0nw7v | lovelace=5.000000 ADA (5000000) | assets=9f80dd966e4a...c2a497=1 | datum=inline(95B)
[update] Output[1] | addr=addr_test1wr5m...d0pf2h | lovelace=35.000000 ADA (35000000) | assets=e9b20749e642...545f41=1 | datum=inline(19B)
[update] Output[2] | addr=addr_test1qpgp...quxj3j | lovelace=1216.549704 ADA (1216549704)
[update] Unsigned transaction ready: 2c3abdb53b409de517e08d2205a26eb8e4be902cbb11b50f2aa8afa8cda4bcde
[update] Submitted transaction hash: 2c3abdb53b409de517e08d2205a26eb8e4be902cbb11b50f2aa8afa8cda4bcde
[update] Confirmed by Blockfrost: oracle update transaction 2c3abdb53b409de517e08d2205a26eb8e4be902cbb11b50f2aa8afa8cda4bcde.
[cli] Wrote JSON output to /home/manuelpadilla/sources/reposUbuntu/PROTOFIRE/DIA/dia-cardano-oracle/offchain/cli/state/preview_run_20260606-082456/clients/client-a/pairs/btc-usd.json
{
  "wallet": {
    "source": "seed",
    "address": "addr_test1qpgpsm75w7l9u6au7shqzsaulrtxz2gp6xw9zhun70es6tt4t3wsjavx26kmh586erf8xxhqc2y7urq5az32sjv56nyqquxj3j"
  },
  "pair": {
    "tokenName": "8a3859b168b77160150b13c200392328254c3758f082050fd7ec5c340ac2a497",
    "pairId": "4254432f555344",
    "pairUnit": "9f80dd966e4a06cce7efd25f6267b15da7a5dc4cc3157e78928fe2888a3859b168b77160150b13c200392328254c3758f082050fd7ec5c340ac2a497",
    "pairValidatorAddress": "addr_test1wz0cphvkde9qdn88alf97cn8k9w60fwufnp32lncj2879zqy0nw7v"
  },
  "pairState": {
    "pairId": "4254432f555344",
    "price": "6000000000000",
    "timestamp": "1780736200",
    "nonce": "1780736200000",
    "intentHash": "2862f8395d60faf63278f9a4e79f0e9b9221951f425c2d5448d521e96e4ba784",
    "signer": "2b1c7eff297766569966b630a6862947a8e5285a",
    "minUtxoLovelace": "5000000",
    "intent": {
      "intentType": "OracleUpdate",
      "version": "1.0",
      "chainId": "10050",
      "nonce": "1780736200000",
      "expiry": "1780739800",
      "symbol": "BTC/USD",
      "price": "6000000000000",
      "timestamp": "1780736200",
      "source": "DIA Oracle",
      "signature": "90ab2dcff023ae714545298bdf787d07e6d0df271c40805951c04ccbaf9198bb27678c2ffd3a97ce695ee591c042fc66c224f81e5d14250d22b22c347beb16e61c",
      "signer": "2b1c7eff297766569966b630a6862947a8e5285a"
    }
  },
  "datum": {
    "pairCbor": "d8799f474254432f5553441b00000574fbde60001a6a23e0c81b0000019e9c260d4058202862f8395d60faf63278f9a4e79f0e9b9221951f425c2d5448d521e96e4ba784542b1c7eff297766569966b630a6862947a8e5285a1a004c4b40ff"
  },
  "transactions": [
    {
      "step": "preview:update",
      "submittedTxHash": "2c3abdb53b409de517e08d2205a26eb8e4be902cbb11b50f2aa8afa8cda4bcde",
      "confirmed": true
    }
  ]
}
[1G[0K⠙[1G[0K