
> @diadata-org/dia-cardano-oracle-cli@0.1.0 cli
> tsx src/index.ts update --intent ./state/preview_run_20260606-082456/intents/eth-usd.signed.json --protocol-state ./state/preview_run_20260606-082456/config-bootstrap.json --client-state ./state/preview_run_20260606-082456/clients/client-a.json --pair-state ./state/preview_run_20260606-082456/clients/client-a/pairs/eth-usd.json

[1G[0K[update] Loading signed intent from /home/manuelpadilla/sources/reposUbuntu/PROTOFIRE/DIA/dia-cardano-oracle/offchain/cli/state/preview_run_20260606-082456/intents/eth-usd.signed.json
[update] Loading client and protocol state
[update] Connecting to Preview and selecting the configured wallet
[update] Building Preview oracle update transaction
[update] Tx resources: fee=0.797744 ADA (797744 lovelace), cpu=700572111, mem=1928998
[update] Output[0] | addr=addr_test1wz0c...y0nw7v | lovelace=5.000000 ADA (5000000) | assets=9f80dd966e4a...3849f4=1 | datum=inline(95B)
[update] Output[1] | addr=addr_test1wr5m...d0pf2h | lovelace=35.000000 ADA (35000000) | assets=e9b20749e642...545f41=1 | datum=inline(19B)
[update] Output[2] | addr=addr_test1qpgp...quxj3j | lovelace=1210.751960 ADA (1210751960)
[update] Unsigned transaction ready: 28f6188df6061ea1d4ab67bfab1127096fad15b834b42002ef905f94044b1dad
[update] Submitted transaction hash: 28f6188df6061ea1d4ab67bfab1127096fad15b834b42002ef905f94044b1dad
[update] Confirmed by Blockfrost: oracle update transaction 28f6188df6061ea1d4ab67bfab1127096fad15b834b42002ef905f94044b1dad.
[cli] Wrote JSON output to /home/manuelpadilla/sources/reposUbuntu/PROTOFIRE/DIA/dia-cardano-oracle/offchain/cli/state/preview_run_20260606-082456/clients/client-a/pairs/eth-usd.json
{
  "wallet": {
    "source": "seed",
    "address": "addr_test1qpgpsm75w7l9u6au7shqzsaulrtxz2gp6xw9zhun70es6tt4t3wsjavx26kmh586erf8xxhqc2y7urq5az32sjv56nyqquxj3j"
  },
  "pair": {
    "tokenName": "3d7739c2406edbe3bb594b8f762cf67a2c889a162f2234dc17841f61d33849f4",
    "pairId": "4554482f555344",
    "pairUnit": "9f80dd966e4a06cce7efd25f6267b15da7a5dc4cc3157e78928fe2883d7739c2406edbe3bb594b8f762cf67a2c889a162f2234dc17841f61d33849f4",
    "pairValidatorAddress": "addr_test1wz0cphvkde9qdn88alf97cn8k9w60fwufnp32lncj2879zqy0nw7v"
  },
  "pairState": {
    "pairId": "4554482f555344",
    "price": "250000000000",
    "timestamp": "1780736420",
    "nonce": "1780736420000",
    "intentHash": "832e5fd5563c250888a9375e4975bb513a4ad2081533bba12d8fd7579cd3b26e",
    "signer": "2b1c7eff297766569966b630a6862947a8e5285a",
    "minUtxoLovelace": "5000000",
    "intent": {
      "intentType": "OracleUpdate",
      "version": "1.0",
      "chainId": "10050",
      "nonce": "1780736420000",
      "expiry": "1780740020",
      "symbol": "ETH/USD",
      "price": "250000000000",
      "timestamp": "1780736420",
      "source": "DIA Oracle",
      "signature": "0531460f277ba986d7ff191531eff257b95922cfe9c9945eedc8e92ee9a838d72ba3d2f5bf542cda344c78dcd9c31f9439963bc9cff594151ea248ed89437ca51b",
      "signer": "2b1c7eff297766569966b630a6862947a8e5285a"
    }
  },
  "datum": {
    "pairCbor": "d8799f474554482f5553441b0000003a352944001a6a23e1a41b0000019e9c2968a05820832e5fd5563c250888a9375e4975bb513a4ad2081533bba12d8fd7579cd3b26e542b1c7eff297766569966b630a6862947a8e5285a1a004c4b40ff"
  },
  "transactions": [
    {
      "step": "preview:update",
      "submittedTxHash": "28f6188df6061ea1d4ab67bfab1127096fad15b834b42002ef905f94044b1dad",
      "confirmed": true
    }
  ]
}
[1G[0K⠙[1G[0K