[run] intent:create-and-sign --protocol-state ./state/preview_run_20260606-082456/config-bootstrap.json --intent-type OracleUpdate --symbol ETH/USD --price 250000000000 --source "DIA Oracle" --out ./state/preview_run_20260606-082456/intents/eth-usd.signed.json

> @diadata-org/dia-cardano-oracle-cli@0.1.0 cli
> tsx src/index.ts intent:create-and-sign --protocol-state ./state/preview_run_20260606-082456/config-bootstrap.json --intent-type OracleUpdate --symbol ETH/USD --price 250000000000 --source DIA Oracle --out ./state/preview_run_20260606-082456/intents/eth-usd.signed.json

[1G[0K[cli] Wrote JSON output to /home/manuelpadilla/sources/reposUbuntu/PROTOFIRE/DIA/dia-cardano-oracle/offchain/cli/state/preview_run_20260606-082456/intents/eth-usd.signed.json
{
  "intent": {
    "intentType": "OracleUpdate",
    "version": "1.0",
    "chainId": "10050",
    "nonce": "1780736420000",
    "expiry": "1780740020",
    "symbol": "ETH/USD",
    "price": "250000000000",
    "timestamp": "1780736420",
    "source": "DIA Oracle",
    "signature": "0x0531460f277ba986d7ff191531eff257b95922cfe9c9945eedc8e92ee9a838d72ba3d2f5bf542cda344c78dcd9c31f9439963bc9cff594151ea248ed89437ca51b",
    "signer": "0x2b1c7eff297766569966b630a6862947a8e5285a"
  },
  "witness": {
    "signerPublicKey": "02d78ade9f8a9c064c8c588dba903df0cc0118596b9ec65f665dea1b448519f531",
    "signerAddress": "0x2b1c7eff297766569966b630a6862947a8e5285a",
    "intentHash": "832e5fd5563c250888a9375e4975bb513a4ad2081533bba12d8fd7579cd3b26e",
    "compactSignature": "0531460f277ba986d7ff191531eff257b95922cfe9c9945eedc8e92ee9a838d72ba3d2f5bf542cda344c78dcd9c31f9439963bc9cff594151ea248ed89437ca5"
  }
}
[1G[0K⠙[1G[0K