[run] intent:create-and-sign --protocol-state ./state/preview_run_20260606-082456/config-bootstrap.json --intent-type OracleUpdate --symbol ADA/USD --price 750000000 --source "DIA Oracle" --out ./state/preview_run_20260606-082456/intents/ada-usd.signed.json

> @diadata-org/dia-cardano-oracle-cli@0.1.0 cli
> tsx src/index.ts intent:create-and-sign --protocol-state ./state/preview_run_20260606-082456/config-bootstrap.json --intent-type OracleUpdate --symbol ADA/USD --price 750000000 --source DIA Oracle --out ./state/preview_run_20260606-082456/intents/ada-usd.signed.json

[1G[0K[cli] Wrote JSON output to /home/manuelpadilla/sources/reposUbuntu/PROTOFIRE/DIA/dia-cardano-oracle/offchain/cli/state/preview_run_20260606-082456/intents/ada-usd.signed.json
{
  "intent": {
    "intentType": "OracleUpdate",
    "version": "1.0",
    "chainId": "10050",
    "nonce": "1780736555000",
    "expiry": "1780740155",
    "symbol": "ADA/USD",
    "price": "750000000",
    "timestamp": "1780736555",
    "source": "DIA Oracle",
    "signature": "0xe197e324b201de0093dcb9af19616a87f7e2e9597f61176965397174c586c8f53654f345bb73085a7b92fcde234019bfda4d3fb44400343512415cbf7af60f431b",
    "signer": "0x2b1c7eff297766569966b630a6862947a8e5285a"
  },
  "witness": {
    "signerPublicKey": "02d78ade9f8a9c064c8c588dba903df0cc0118596b9ec65f665dea1b448519f531",
    "signerAddress": "0x2b1c7eff297766569966b630a6862947a8e5285a",
    "intentHash": "db56eacbe40958cf4bf22973d07683464ceedaaed83000f694f205cb53e552b1",
    "compactSignature": "e197e324b201de0093dcb9af19616a87f7e2e9597f61176965397174c586c8f53654f345bb73085a7b92fcde234019bfda4d3fb44400343512415cbf7af60f43"
  }
}
[1G[0K⠙[1G[0K