[run] intent:create-and-sign --protocol-state ./state/preview_run_20260606-082456/config-bootstrap.json --intent-type OracleUpdate --symbol USDT/USD --price 100001234 --source "DIA Oracle" --out ./state/preview_run_20260606-082456/intents/usdt-usd.signed.json

> @diadata-org/dia-cardano-oracle-cli@0.1.0 cli
> tsx src/index.ts intent:create-and-sign --protocol-state ./state/preview_run_20260606-082456/config-bootstrap.json --intent-type OracleUpdate --symbol USDT/USD --price 100001234 --source DIA Oracle --out ./state/preview_run_20260606-082456/intents/usdt-usd.signed.json

[1G[0K[cli] Wrote JSON output to /home/manuelpadilla/sources/reposUbuntu/PROTOFIRE/DIA/dia-cardano-oracle/offchain/cli/state/preview_run_20260606-082456/intents/usdt-usd.signed.json
{
  "intent": {
    "intentType": "OracleUpdate",
    "version": "1.0",
    "chainId": "10050",
    "nonce": "1780736837000",
    "expiry": "1780740437",
    "symbol": "USDT/USD",
    "price": "100001234",
    "timestamp": "1780736837",
    "source": "DIA Oracle",
    "signature": "0xa0f56cef7c322efae7fc71d9d8e7fa3a0a5031c0bc1db39db91bb82384d2e8e31350ebb35b7ee6354097d0a5bc1ea38aaf263eb88d3558f178022301cc12b3dc1b",
    "signer": "0x2b1c7eff297766569966b630a6862947a8e5285a"
  },
  "witness": {
    "signerPublicKey": "02d78ade9f8a9c064c8c588dba903df0cc0118596b9ec65f665dea1b448519f531",
    "signerAddress": "0x2b1c7eff297766569966b630a6862947a8e5285a",
    "intentHash": "6e98d7f81941f5ab46773031bfe9ab2b1f28bd3cb0feddf606a1fd1746a90de5",
    "compactSignature": "a0f56cef7c322efae7fc71d9d8e7fa3a0a5031c0bc1db39db91bb82384d2e8e31350ebb35b7ee6354097d0a5bc1ea38aaf263eb88d3558f178022301cc12b3dc"
  }
}
[1G[0K⠙[1G[0K