
> @diadata-org/dia-cardano-oracle-cli@0.1.0 cli
> tsx src/index.ts update --intent ./state/preview_run_20260606-082456/intents/sol-usd.signed.json --protocol-state ./state/preview_run_20260606-082456/config-bootstrap.json --client-state ./state/preview_run_20260606-082456/clients/client-a.json --pair-state ./state/preview_run_20260606-082456/clients/client-a/pairs/sol-usd.json

[1G[0K[update] Loading signed intent from /home/manuelpadilla/sources/reposUbuntu/PROTOFIRE/DIA/dia-cardano-oracle/offchain/cli/state/preview_run_20260606-082456/intents/sol-usd.signed.json
[update] Loading client and protocol state
[update] Connecting to Preview and selecting the configured wallet
[update] Building Preview oracle update transaction
[update] Tx resources: fee=0.797744 ADA (797744 lovelace), cpu=700572111, mem=1928998
[update] Output[0] | addr=addr_test1wz0c...y0nw7v | lovelace=5.000000 ADA (5000000) | assets=9f80dd966e4a...bbbe64=1 | datum=inline(95B)
[update] Output[1] | addr=addr_test1wr5m...d0pf2h | lovelace=35.000000 ADA (35000000) | assets=e9b20749e642...545f41=1 | datum=inline(19B)
[update] Output[2] | addr=addr_test1qpgp...quxj3j | lovelace=1187.561952 ADA (1187561952)
[update] Unsigned transaction ready: 6b1025d687088d4866e27f2a7693cad34ae62483a152e36d96b8d99d1baff07d
[update] Submitted transaction hash: 6b1025d687088d4866e27f2a7693cad34ae62483a152e36d96b8d99d1baff07d
[update] Confirmed by Blockfrost: oracle update transaction 6b1025d687088d4866e27f2a7693cad34ae62483a152e36d96b8d99d1baff07d.
[cli] Wrote JSON output to /home/manuelpadilla/sources/reposUbuntu/PROTOFIRE/DIA/dia-cardano-oracle/offchain/cli/state/preview_run_20260606-082456/clients/client-a/pairs/sol-usd.json
{
  "wallet": {
    "source": "seed",
    "address": "addr_test1qpgpsm75w7l9u6au7shqzsaulrtxz2gp6xw9zhun70es6tt4t3wsjavx26kmh586erf8xxhqc2y7urq5az32sjv56nyqquxj3j"
  },
  "pair": {
    "tokenName": "396545cb87b0103c8ddb5ff4329eeff88e2aef114f76b0807b21ce3d68bbbe64",
    "pairId": "534f4c2f555344",
    "pairUnit": "9f80dd966e4a06cce7efd25f6267b15da7a5dc4cc3157e78928fe288396545cb87b0103c8ddb5ff4329eeff88e2aef114f76b0807b21ce3d68bbbe64",
    "pairValidatorAddress": "addr_test1wz0cphvkde9qdn88alf97cn8k9w60fwufnp32lncj2879zqy0nw7v"
  },
  "pairState": {
    "pairId": "534f4c2f555344",
    "price": "18500000000",
    "timestamp": "1780737249",
    "nonce": "1780737249000",
    "intentHash": "a4f5e71567a582ff1dea394ad37f8c0eceedd5e6754726033d04b31e510db1e2",
    "signer": "2b1c7eff297766569966b630a6862947a8e5285a",
    "minUtxoLovelace": "5000000",
    "intent": {
      "intentType": "OracleUpdate",
      "version": "1.0",
      "chainId": "10050",
      "nonce": "1780737249000",
      "expiry": "1780740849",
      "symbol": "SOL/USD",
      "price": "18500000000",
      "timestamp": "1780737249",
      "source": "DIA Oracle",
      "signature": "140ebecf6f8c491ee30bedd5cf91c6fa57e0acb35bb20223314bd03acc731c271906631de39ca73cda3209a55ee4577db63a0f5c90398a5a706e375e500c29b71b",
      "signer": "2b1c7eff297766569966b630a6862947a8e5285a"
    }
  },
  "datum": {
    "pairCbor": "d8799f47534f4c2f5553441b000000044eaf99001a6a23e4e11b0000019e9c360ee85820a4f5e71567a582ff1dea394ad37f8c0eceedd5e6754726033d04b31e510db1e2542b1c7eff297766569966b630a6862947a8e5285a1a004c4b40ff"
  },
  "transactions": [
    {
      "step": "preview:update",
      "submittedTxHash": "6b1025d687088d4866e27f2a7693cad34ae62483a152e36d96b8d99d1baff07d",
      "confirmed": true
    }
  ]
}
[1G[0K⠙[1G[0K