
> @diadata-org/dia-cardano-oracle-cli@0.1.0 cli
> tsx src/index.ts update --intent ./state/preview_run_20260606-082456/intents/bnb-usd.signed.json --protocol-state ./state/preview_run_20260606-082456/config-bootstrap.json --client-state ./state/preview_run_20260606-082456/clients/client-a.json --pair-state ./state/preview_run_20260606-082456/clients/client-a/pairs/bnb-usd.json

[1G[0K[update] Loading signed intent from /home/manuelpadilla/sources/reposUbuntu/PROTOFIRE/DIA/dia-cardano-oracle/offchain/cli/state/preview_run_20260606-082456/intents/bnb-usd.signed.json
[update] Loading client and protocol state
[update] Connecting to Preview and selecting the configured wallet
[update] Building Preview oracle update transaction
[update] Tx resources: fee=0.797744 ADA (797744 lovelace), cpu=700572111, mem=1928998
[update] Output[0] | addr=addr_test1wz0c...y0nw7v | lovelace=5.000000 ADA (5000000) | assets=9f80dd966e4a...30b101=1 | datum=inline(95B)
[update] Output[1] | addr=addr_test1wr5m...d0pf2h | lovelace=35.000000 ADA (35000000) | assets=e9b20749e642...545f41=1 | datum=inline(19B)
[update] Output[2] | addr=addr_test1qpgp...quxj3j | lovelace=1181.764208 ADA (1181764208)
[update] Unsigned transaction ready: 027c4cfa7933504ec3b02d05a4c8ceedd3103291346f29e1db597d3fc3f4b909
[update] Submitted transaction hash: 027c4cfa7933504ec3b02d05a4c8ceedd3103291346f29e1db597d3fc3f4b909
[update] Confirmed by Blockfrost: oracle update transaction 027c4cfa7933504ec3b02d05a4c8ceedd3103291346f29e1db597d3fc3f4b909.
[cli] Wrote JSON output to /home/manuelpadilla/sources/reposUbuntu/PROTOFIRE/DIA/dia-cardano-oracle/offchain/cli/state/preview_run_20260606-082456/clients/client-a/pairs/bnb-usd.json
{
  "wallet": {
    "source": "seed",
    "address": "addr_test1qpgpsm75w7l9u6au7shqzsaulrtxz2gp6xw9zhun70es6tt4t3wsjavx26kmh586erf8xxhqc2y7urq5az32sjv56nyqquxj3j"
  },
  "pair": {
    "tokenName": "09da81653014451f3a86d96589f6a9e5d97b4e8236a461c7b2edbe1bab30b101",
    "pairId": "424e422f555344",
    "pairUnit": "9f80dd966e4a06cce7efd25f6267b15da7a5dc4cc3157e78928fe28809da81653014451f3a86d96589f6a9e5d97b4e8236a461c7b2edbe1bab30b101",
    "pairValidatorAddress": "addr_test1wz0cphvkde9qdn88alf97cn8k9w60fwufnp32lncj2879zqy0nw7v"
  },
  "pairState": {
    "pairId": "424e422f555344",
    "price": "61500000000",
    "timestamp": "1780737490",
    "nonce": "1780737490000",
    "intentHash": "def9a65bef764fa6effb5c0546376f6384cfa8db5cf95c7f6937c4ad600b6644",
    "signer": "2b1c7eff297766569966b630a6862947a8e5285a",
    "minUtxoLovelace": "5000000",
    "intent": {
      "intentType": "OracleUpdate",
      "version": "1.0",
      "chainId": "10050",
      "nonce": "1780737490000",
      "expiry": "1780741090",
      "symbol": "BNB/USD",
      "price": "61500000000",
      "timestamp": "1780737490",
      "source": "DIA Oracle",
      "signature": "6b6d4ba9d607fe064b7d330e4e7bba92d87082524c0f24bcf462e525255195187cfe06724b3437e7860f51e5057ad63878b3fe2d7c065ad3242b16075d3b88611b",
      "signer": "2b1c7eff297766569966b630a6862947a8e5285a"
    }
  },
  "datum": {
    "pairCbor": "d8799f47424e422f5553441b0000000e51af87001a6a23e5d21b0000019e9c39bc505820def9a65bef764fa6effb5c0546376f6384cfa8db5cf95c7f6937c4ad600b6644542b1c7eff297766569966b630a6862947a8e5285a1a004c4b40ff"
  },
  "transactions": [
    {
      "step": "preview:update",
      "submittedTxHash": "027c4cfa7933504ec3b02d05a4c8ceedd3103291346f29e1db597d3fc3f4b909",
      "confirmed": true
    }
  ]
}
[1G[0K⠙[1G[0K