
> @diadata-org/dia-cardano-oracle-cli@0.1.0 cli
> tsx src/index.ts update --intent ./state/preview_run_20260606-082456/intents/matic-usd.signed.json --protocol-state ./state/preview_run_20260606-082456/config-bootstrap.json --client-state ./state/preview_run_20260606-082456/clients/client-a.json --pair-state ./state/preview_run_20260606-082456/clients/client-a/pairs/matic-usd.json

[1G[0K[update] Loading signed intent from /home/manuelpadilla/sources/reposUbuntu/PROTOFIRE/DIA/dia-cardano-oracle/offchain/cli/state/preview_run_20260606-082456/intents/matic-usd.signed.json
[update] Loading client and protocol state
[update] Connecting to Preview and selecting the configured wallet
[update] Building Preview oracle update transaction
[update] Tx resources: fee=0.797574 ADA (797574 lovelace), cpu=700653469, mem=1928998
[update] Output[0] | addr=addr_test1wz0c...y0nw7v | lovelace=5.000000 ADA (5000000) | assets=9f80dd966e4a...57e571=1 | datum=inline(93B)
[update] Output[1] | addr=addr_test1wr5m...d0pf2h | lovelace=35.000000 ADA (35000000) | assets=e9b20749e642...545f41=1 | datum=inline(19B)
[update] Output[2] | addr=addr_test1qpgp...quxj3j | lovelace=1170.169242 ADA (1170169242)
[update] Unsigned transaction ready: 6ae8836f0e6576268095557852b8d3d0d0b2c28647b8c60d3d5d272dfd778283
[update] Submitted transaction hash: 6ae8836f0e6576268095557852b8d3d0d0b2c28647b8c60d3d5d272dfd778283
[update] Confirmed by Blockfrost: oracle update transaction 6ae8836f0e6576268095557852b8d3d0d0b2c28647b8c60d3d5d272dfd778283.
[cli] Wrote JSON output to /home/manuelpadilla/sources/reposUbuntu/PROTOFIRE/DIA/dia-cardano-oracle/offchain/cli/state/preview_run_20260606-082456/clients/client-a/pairs/matic-usd.json
{
  "wallet": {
    "source": "seed",
    "address": "addr_test1qpgpsm75w7l9u6au7shqzsaulrtxz2gp6xw9zhun70es6tt4t3wsjavx26kmh586erf8xxhqc2y7urq5az32sjv56nyqquxj3j"
  },
  "pair": {
    "tokenName": "d2a1402553abe60aecdea3464be08e7ced64530fea0989b8fdfd49351157e571",
    "pairId": "4d415449432f555344",
    "pairUnit": "9f80dd966e4a06cce7efd25f6267b15da7a5dc4cc3157e78928fe288d2a1402553abe60aecdea3464be08e7ced64530fea0989b8fdfd49351157e571",
    "pairValidatorAddress": "addr_test1wz0cphvkde9qdn88alf97cn8k9w60fwufnp32lncj2879zqy0nw7v"
  },
  "pairState": {
    "pairId": "4d415449432f555344",
    "price": "980000000",
    "timestamp": "1780737851",
    "nonce": "1780737851000",
    "intentHash": "7ce60e13ebdae0a14d4e7bbad20db6a30f217f01a03cd119e9c0cdef7906ce6e",
    "signer": "2b1c7eff297766569966b630a6862947a8e5285a",
    "minUtxoLovelace": "5000000",
    "intent": {
      "intentType": "OracleUpdate",
      "version": "1.0",
      "chainId": "10050",
      "nonce": "1780737851000",
      "expiry": "1780741451",
      "symbol": "MATIC/USD",
      "price": "980000000",
      "timestamp": "1780737851",
      "source": "DIA Oracle",
      "signature": "d4f020a53db0a22026f2332143cbf4c58f21f90f05d6a0cbdf218cfeae367d954549a5dce850d02a233abfdb9f999ec13f87a0dcfbb476dce9185b71e545ab181b",
      "signer": "2b1c7eff297766569966b630a6862947a8e5285a"
    }
  },
  "datum": {
    "pairCbor": "d8799f494d415449432f5553441a3a699d001a6a23e73b1b0000019e9c3f3e7858207ce60e13ebdae0a14d4e7bbad20db6a30f217f01a03cd119e9c0cdef7906ce6e542b1c7eff297766569966b630a6862947a8e5285a1a004c4b40ff"
  },
  "transactions": [
    {
      "step": "preview:update",
      "submittedTxHash": "6ae8836f0e6576268095557852b8d3d0d0b2c28647b8c60d3d5d272dfd778283",
      "confirmed": true
    }
  ]
}
[1G[0K⠙[1G[0K