
> @diadata-org/dia-cardano-oracle-cli@0.1.0 cli
> tsx src/index.ts update --intent ./state/preview_run_20260606-082456/intents/dot-usd.signed.json --protocol-state ./state/preview_run_20260606-082456/config-bootstrap.json --client-state ./state/preview_run_20260606-082456/clients/client-a.json --pair-state ./state/preview_run_20260606-082456/clients/client-a/pairs/dot-usd.json

[1G[0K[update] Loading signed intent from /home/manuelpadilla/sources/reposUbuntu/PROTOFIRE/DIA/dia-cardano-oracle/offchain/cli/state/preview_run_20260606-082456/intents/dot-usd.signed.json
[update] Loading client and protocol state
[update] Connecting to Preview and selecting the configured wallet
[update] Building Preview oracle update transaction
[update] Tx resources: fee=0.797392 ADA (797392 lovelace), cpu=700572111, mem=1928998
[update] Output[0] | addr=addr_test1wz0c...y0nw7v | lovelace=5.000000 ADA (5000000) | assets=9f80dd966e4a...52daee=1 | datum=inline(91B)
[update] Output[1] | addr=addr_test1wr5m...d0pf2h | lovelace=35.000000 ADA (35000000) | assets=e9b20749e642...545f41=1 | datum=inline(19B)
[update] Output[2] | addr=addr_test1qpgp...quxj3j | lovelace=1164.371850 ADA (1164371850)
[update] Unsigned transaction ready: 0a14bed1b9b840e437656d12d6fb3da9ad64cbe4454a94663457ee50e3ae8977
[update] Submitted transaction hash: 0a14bed1b9b840e437656d12d6fb3da9ad64cbe4454a94663457ee50e3ae8977
[update] Confirmed by Blockfrost: oracle update transaction 0a14bed1b9b840e437656d12d6fb3da9ad64cbe4454a94663457ee50e3ae8977.
[cli] Wrote JSON output to /home/manuelpadilla/sources/reposUbuntu/PROTOFIRE/DIA/dia-cardano-oracle/offchain/cli/state/preview_run_20260606-082456/clients/client-a/pairs/dot-usd.json
{
  "wallet": {
    "source": "seed",
    "address": "addr_test1qpgpsm75w7l9u6au7shqzsaulrtxz2gp6xw9zhun70es6tt4t3wsjavx26kmh586erf8xxhqc2y7urq5az32sjv56nyqquxj3j"
  },
  "pair": {
    "tokenName": "ff3f796230b336b4e5c8d3af0440cbe0346a64cdab5e9cba4a8e2f476152daee",
    "pairId": "444f542f555344",
    "pairUnit": "9f80dd966e4a06cce7efd25f6267b15da7a5dc4cc3157e78928fe288ff3f796230b336b4e5c8d3af0440cbe0346a64cdab5e9cba4a8e2f476152daee",
    "pairValidatorAddress": "addr_test1wz0cphvkde9qdn88alf97cn8k9w60fwufnp32lncj2879zqy0nw7v"
  },
  "pairState": {
    "pairId": "444f542f555344",
    "price": "420000000",
    "timestamp": "1780738135",
    "nonce": "1780738135000",
    "intentHash": "a8e2fa3bff1c55bcc1067a14a52c9cdc17ceb1f59c78c125d22f4b268776138f",
    "signer": "2b1c7eff297766569966b630a6862947a8e5285a",
    "minUtxoLovelace": "5000000",
    "intent": {
      "intentType": "OracleUpdate",
      "version": "1.0",
      "chainId": "10050",
      "nonce": "1780738135000",
      "expiry": "1780741735",
      "symbol": "DOT/USD",
      "price": "420000000",
      "timestamp": "1780738135",
      "source": "DIA Oracle",
      "signature": "3e2ae6d2b96e28d1189bd6186c1e3c260156db553db567829741e5f104fe51766329f46a47e9a87a7605d5d5e54957d40b3914722b7fdfbbf80ffa2c48442a1a1b",
      "signer": "2b1c7eff297766569966b630a6862947a8e5285a"
    }
  },
  "datum": {
    "pairCbor": "d8799f47444f542f5553441a1908b1001a6a23e8571b0000019e9c4393d85820a8e2fa3bff1c55bcc1067a14a52c9cdc17ceb1f59c78c125d22f4b268776138f542b1c7eff297766569966b630a6862947a8e5285a1a004c4b40ff"
  },
  "transactions": [
    {
      "step": "preview:update",
      "submittedTxHash": "0a14bed1b9b840e437656d12d6fb3da9ad64cbe4454a94663457ee50e3ae8977",
      "confirmed": true
    }
  ]
}
[1G[0K⠙[1G[0K