[run] intent:create-and-sign --protocol-state ./state/preview_run_20260606-082456/config-bootstrap.json --intent-type OracleUpdate --symbol DOT/USD --price 420000000 --source "DIA Oracle" --out ./state/preview_run_20260606-082456/intents/dot-usd.signed.json

> @diadata-org/dia-cardano-oracle-cli@0.1.0 cli
> tsx src/index.ts intent:create-and-sign --protocol-state ./state/preview_run_20260606-082456/config-bootstrap.json --intent-type OracleUpdate --symbol DOT/USD --price 420000000 --source DIA Oracle --out ./state/preview_run_20260606-082456/intents/dot-usd.signed.json

[1G[0K[cli] Wrote JSON output to /home/manuelpadilla/sources/reposUbuntu/PROTOFIRE/DIA/dia-cardano-oracle/offchain/cli/state/preview_run_20260606-082456/intents/dot-usd.signed.json
{
  "intent": {
    "intentType": "OracleUpdate",
    "version": "1.0",
    "chainId": "10050",
    "nonce": "1780738135000",
    "expiry": "1780741735",
    "symbol": "DOT/USD",
    "price": "420000000",
    "timestamp": "1780738135",
    "source": "DIA Oracle",
    "signature": "0x3e2ae6d2b96e28d1189bd6186c1e3c260156db553db567829741e5f104fe51766329f46a47e9a87a7605d5d5e54957d40b3914722b7fdfbbf80ffa2c48442a1a1b",
    "signer": "0x2b1c7eff297766569966b630a6862947a8e5285a"
  },
  "witness": {
    "signerPublicKey": "02d78ade9f8a9c064c8c588dba903df0cc0118596b9ec65f665dea1b448519f531",
    "signerAddress": "0x2b1c7eff297766569966b630a6862947a8e5285a",
    "intentHash": "a8e2fa3bff1c55bcc1067a14a52c9cdc17ceb1f59c78c125d22f4b268776138f",
    "compactSignature": "3e2ae6d2b96e28d1189bd6186c1e3c260156db553db567829741e5f104fe51766329f46a47e9a87a7605d5d5e54957d40b3914722b7fdfbbf80ffa2c48442a1a"
  }
}
[1G[0K⠙[1G[0K