[run] intent:create-and-sign --protocol-state ./state/preview_run_20260606-082456/config-bootstrap.json --intent-type OracleUpdate --symbol BTC/USD --price 6001000000000 --source "DIA Oracle" --out ./state/preview_run_20260606-082456/intents/btc-usd-batch.signed.json

> @diadata-org/dia-cardano-oracle-cli@0.1.0 cli
> tsx src/index.ts intent:create-and-sign --protocol-state ./state/preview_run_20260606-082456/config-bootstrap.json --intent-type OracleUpdate --symbol BTC/USD --price 6001000000000 --source DIA Oracle --out ./state/preview_run_20260606-082456/intents/btc-usd-batch.signed.json

[1G[0K[cli] Wrote JSON output to /home/manuelpadilla/sources/reposUbuntu/PROTOFIRE/DIA/dia-cardano-oracle/offchain/cli/state/preview_run_20260606-082456/intents/btc-usd-batch.signed.json
{
  "intent": {
    "intentType": "OracleUpdate",
    "version": "1.0",
    "chainId": "10050",
    "nonce": "1780738479000",
    "expiry": "1780742079",
    "symbol": "BTC/USD",
    "price": "6001000000000",
    "timestamp": "1780738479",
    "source": "DIA Oracle",
    "signature": "0x885a3ea9bbd6f2a7973f2ec3be4ce0edd1ad3444534ed0eeb81b9fefa0c1df384ae3c982eeee5cd08e5d52bbca6e284e7c8756b9b5cef19ac59881692fce5e801c",
    "signer": "0x2b1c7eff297766569966b630a6862947a8e5285a"
  },
  "witness": {
    "signerPublicKey": "02d78ade9f8a9c064c8c588dba903df0cc0118596b9ec65f665dea1b448519f531",
    "signerAddress": "0x2b1c7eff297766569966b630a6862947a8e5285a",
    "intentHash": "fcbbd792c8dc95eb5d9f8e9ebdf6a2732a7c6655a58b625cb1fc5051a908a500",
    "compactSignature": "885a3ea9bbd6f2a7973f2ec3be4ce0edd1ad3444534ed0eeb81b9fefa0c1df384ae3c982eeee5cd08e5d52bbca6e284e7c8756b9b5cef19ac59881692fce5e80"
  }
}
[1G[0K⠙[1G[0K[run] intent:create-and-sign --protocol-state ./state/preview_run_20260606-082456/config-bootstrap.json --intent-type OracleUpdate --symbol ETH/USD --price 250100000000 --source "DIA Oracle" --out ./state/preview_run_20260606-082456/intents/eth-usd-batch.signed.json

> @diadata-org/dia-cardano-oracle-cli@0.1.0 cli
> tsx src/index.ts intent:create-and-sign --protocol-state ./state/preview_run_20260606-082456/config-bootstrap.json --intent-type OracleUpdate --symbol ETH/USD --price 250100000000 --source DIA Oracle --out ./state/preview_run_20260606-082456/intents/eth-usd-batch.signed.json

[1G[0K[cli] Wrote JSON output to /home/manuelpadilla/sources/reposUbuntu/PROTOFIRE/DIA/dia-cardano-oracle/offchain/cli/state/preview_run_20260606-082456/intents/eth-usd-batch.signed.json
{
  "intent": {
    "intentType": "OracleUpdate",
    "version": "1.0",
    "chainId": "10050",
    "nonce": "1780738479000",
    "expiry": "1780742079",
    "symbol": "ETH/USD",
    "price": "250100000000",
    "timestamp": "1780738479",
    "source": "DIA Oracle",
    "signature": "0x43adb93061a681f59500b92fb5a0eab04543159ffd913d932ae20a515bf1ddcc56bbfc397bcf345481b7101d92463dce1510052a38f7aae8acfe7d0f74f0dccf1b",
    "signer": "0x2b1c7eff297766569966b630a6862947a8e5285a"
  },
  "witness": {
    "signerPublicKey": "02d78ade9f8a9c064c8c588dba903df0cc0118596b9ec65f665dea1b448519f531",
    "signerAddress": "0x2b1c7eff297766569966b630a6862947a8e5285a",
    "intentHash": "4693be289c18bf1d425461dd257b515783870b943fcc26ed1a9d80ae59d067ff",
    "compactSignature": "43adb93061a681f59500b92fb5a0eab04543159ffd913d932ae20a515bf1ddcc56bbfc397bcf345481b7101d92463dce1510052a38f7aae8acfe7d0f74f0dccf"
  }
}
[1G[0K⠙[1G[0K[run] intent:create-and-sign --protocol-state ./state/preview_run_20260606-082456/config-bootstrap.json --intent-type OracleUpdate --symbol ADA/USD --price 751000000 --source "DIA Oracle" --out ./state/preview_run_20260606-082456/intents/ada-usd-batch.signed.json

> @diadata-org/dia-cardano-oracle-cli@0.1.0 cli
> tsx src/index.ts intent:create-and-sign --protocol-state ./state/preview_run_20260606-082456/config-bootstrap.json --intent-type OracleUpdate --symbol ADA/USD --price 751000000 --source DIA Oracle --out ./state/preview_run_20260606-082456/intents/ada-usd-batch.signed.json

[1G[0K[cli] Wrote JSON output to /home/manuelpadilla/sources/reposUbuntu/PROTOFIRE/DIA/dia-cardano-oracle/offchain/cli/state/preview_run_20260606-082456/intents/ada-usd-batch.signed.json
{
  "intent": {
    "intentType": "OracleUpdate",
    "version": "1.0",
    "chainId": "10050",
    "nonce": "1780738479000",
    "expiry": "1780742079",
    "symbol": "ADA/USD",
    "price": "751000000",
    "timestamp": "1780738479",
    "source": "DIA Oracle",
    "signature": "0x5f2677a8ad9481cde43da9ee0699c590fe1c42f81e88483345651cf658cc3d2b1ff4e17d33262977fed159c9b4d91eb636ae917e9e04837eedc66330b7acfc241b",
    "signer": "0x2b1c7eff297766569966b630a6862947a8e5285a"
  },
  "witness": {
    "signerPublicKey": "02d78ade9f8a9c064c8c588dba903df0cc0118596b9ec65f665dea1b448519f531",
    "signerAddress": "0x2b1c7eff297766569966b630a6862947a8e5285a",
    "intentHash": "b02e5d187edd76dff804d9bfb6b5d601cfe15a8961a84b23b4e514d33d3b25c1",
    "compactSignature": "5f2677a8ad9481cde43da9ee0699c590fe1c42f81e88483345651cf658cc3d2b1ff4e17d33262977fed159c9b4d91eb636ae917e9e04837eedc66330b7acfc24"
  }
}
[1G[0K⠙[1G[0K[run] intent:create-and-sign --protocol-state ./state/preview_run_20260606-082456/config-bootstrap.json --intent-type OracleUpdate --symbol USDT/USD --price 100101234 --source "DIA Oracle" --out ./state/preview_run_20260606-082456/intents/usdt-usd-batch.signed.json

> @diadata-org/dia-cardano-oracle-cli@0.1.0 cli
> tsx src/index.ts intent:create-and-sign --protocol-state ./state/preview_run_20260606-082456/config-bootstrap.json --intent-type OracleUpdate --symbol USDT/USD --price 100101234 --source DIA Oracle --out ./state/preview_run_20260606-082456/intents/usdt-usd-batch.signed.json

[1G[0K[cli] Wrote JSON output to /home/manuelpadilla/sources/reposUbuntu/PROTOFIRE/DIA/dia-cardano-oracle/offchain/cli/state/preview_run_20260606-082456/intents/usdt-usd-batch.signed.json
{
  "intent": {
    "intentType": "OracleUpdate",
    "version": "1.0",
    "chainId": "10050",
    "nonce": "1780738479000",
    "expiry": "1780742079",
    "symbol": "USDT/USD",
    "price": "100101234",
    "timestamp": "1780738479",
    "source": "DIA Oracle",
    "signature": "0x176a7ce2ea4557e74ac00f3f1f04db432aa488362c4f29265f7e0507bf3adb831522d0ec0eee5caa84c60054f2934887459621b306cc7a28578edbe9a79679b61b",
    "signer": "0x2b1c7eff297766569966b630a6862947a8e5285a"
  },
  "witness": {
    "signerPublicKey": "02d78ade9f8a9c064c8c588dba903df0cc0118596b9ec65f665dea1b448519f531",
    "signerAddress": "0x2b1c7eff297766569966b630a6862947a8e5285a",
    "intentHash": "eeaa0c4a2875336f6bf37acadf34354f12f4c0b3fbd3d11b063b22c20176ba7c",
    "compactSignature": "176a7ce2ea4557e74ac00f3f1f04db432aa488362c4f29265f7e0507bf3adb831522d0ec0eee5caa84c60054f2934887459621b306cc7a28578edbe9a79679b6"
  }
}
[1G[0K⠙[1G[0K[run] intent:create-and-sign --protocol-state ./state/preview_run_20260606-082456/config-bootstrap.json --intent-type OracleUpdate --symbol DAI/USD --price 100100345 --source "DIA Oracle" --out ./state/preview_run_20260606-082456/intents/dai-usd-batch.signed.json

> @diadata-org/dia-cardano-oracle-cli@0.1.0 cli
> tsx src/index.ts intent:create-and-sign --protocol-state ./state/preview_run_20260606-082456/config-bootstrap.json --intent-type OracleUpdate --symbol DAI/USD --price 100100345 --source DIA Oracle --out ./state/preview_run_20260606-082456/intents/dai-usd-batch.signed.json

[1G[0K[cli] Wrote JSON output to /home/manuelpadilla/sources/reposUbuntu/PROTOFIRE/DIA/dia-cardano-oracle/offchain/cli/state/preview_run_20260606-082456/intents/dai-usd-batch.signed.json
{
  "intent": {
    "intentType": "OracleUpdate",
    "version": "1.0",
    "chainId": "10050",
    "nonce": "1780738479000",
    "expiry": "1780742079",
    "symbol": "DAI/USD",
    "price": "100100345",
    "timestamp": "1780738479",
    "source": "DIA Oracle",
    "signature": "0x2681656851f2854f7a17d6210eff4b49dce96233774a2f1941227be9ea47cf70632da0fcc0584d02d9fbf404e8451c34ada1307eae52aeadb45536e12e558dea1c",
    "signer": "0x2b1c7eff297766569966b630a6862947a8e5285a"
  },
  "witness": {
    "signerPublicKey": "02d78ade9f8a9c064c8c588dba903df0cc0118596b9ec65f665dea1b448519f531",
    "signerAddress": "0x2b1c7eff297766569966b630a6862947a8e5285a",
    "intentHash": "faeeb0aa4ce50d7a76f024fca3712d21bc2f76c000e584000ec19b5c8f5d4618",
    "compactSignature": "2681656851f2854f7a17d6210eff4b49dce96233774a2f1941227be9ea47cf70632da0fcc0584d02d9fbf404e8451c34ada1307eae52aeadb45536e12e558dea"
  }
}
[1G[0K⠙[1G[0K[run] intent:create-and-sign --protocol-state ./state/preview_run_20260606-082456/config-bootstrap.json --intent-type OracleUpdate --symbol SOL/USD --price 18510000000 --source "DIA Oracle" --out ./state/preview_run_20260606-082456/intents/sol-usd-batch.signed.json

> @diadata-org/dia-cardano-oracle-cli@0.1.0 cli
> tsx src/index.ts intent:create-and-sign --protocol-state ./state/preview_run_20260606-082456/config-bootstrap.json --intent-type OracleUpdate --symbol SOL/USD --price 18510000000 --source DIA Oracle --out ./state/preview_run_20260606-082456/intents/sol-usd-batch.signed.json

[1G[0K[cli] Wrote JSON output to /home/manuelpadilla/sources/reposUbuntu/PROTOFIRE/DIA/dia-cardano-oracle/offchain/cli/state/preview_run_20260606-082456/intents/sol-usd-batch.signed.json
{
  "intent": {
    "intentType": "OracleUpdate",
    "version": "1.0",
    "chainId": "10050",
    "nonce": "1780738479000",
    "expiry": "1780742079",
    "symbol": "SOL/USD",
    "price": "18510000000",
    "timestamp": "1780738479",
    "source": "DIA Oracle",
    "signature": "0x45449df8fbaf71baa14405cb62e91748983517488cd025c527bd15d041dc1d7a084d4f2592010434bc89769874d5ac20005ade21c8aeffa2fb7d47c5d33e8ae31b",
    "signer": "0x2b1c7eff297766569966b630a6862947a8e5285a"
  },
  "witness": {
    "signerPublicKey": "02d78ade9f8a9c064c8c588dba903df0cc0118596b9ec65f665dea1b448519f531",
    "signerAddress": "0x2b1c7eff297766569966b630a6862947a8e5285a",
    "intentHash": "ad533ca5fc6c25ce2575918037a8c27075378a6359e2f30b7c905dc10310925e",
    "compactSignature": "45449df8fbaf71baa14405cb62e91748983517488cd025c527bd15d041dc1d7a084d4f2592010434bc89769874d5ac20005ade21c8aeffa2fb7d47c5d33e8ae3"
  }
}
[1G[0K⠙[1G[0K[run] intent:create-and-sign --protocol-state ./state/preview_run_20260606-082456/config-bootstrap.json --intent-type OracleUpdate --symbol BNB/USD --price 61510000000 --source "DIA Oracle" --out ./state/preview_run_20260606-082456/intents/bnb-usd-batch.signed.json

> @diadata-org/dia-cardano-oracle-cli@0.1.0 cli
> tsx src/index.ts intent:create-and-sign --protocol-state ./state/preview_run_20260606-082456/config-bootstrap.json --intent-type OracleUpdate --symbol BNB/USD --price 61510000000 --source DIA Oracle --out ./state/preview_run_20260606-082456/intents/bnb-usd-batch.signed.json

[1G[0K[cli] Wrote JSON output to /home/manuelpadilla/sources/reposUbuntu/PROTOFIRE/DIA/dia-cardano-oracle/offchain/cli/state/preview_run_20260606-082456/intents/bnb-usd-batch.signed.json
{
  "intent": {
    "intentType": "OracleUpdate",
    "version": "1.0",
    "chainId": "10050",
    "nonce": "1780738479000",
    "expiry": "1780742079",
    "symbol": "BNB/USD",
    "price": "61510000000",
    "timestamp": "1780738479",
    "source": "DIA Oracle",
    "signature": "0xe7860fc458ecf099828b7b84093df03ad385ce432b204470a213ecc02d2091541aa8ce1a5a80409666d0ddc8dac7bed52fd0028d78109917c014e151cfcc1da71c",
    "signer": "0x2b1c7eff297766569966b630a6862947a8e5285a"
  },
  "witness": {
    "signerPublicKey": "02d78ade9f8a9c064c8c588dba903df0cc0118596b9ec65f665dea1b448519f531",
    "signerAddress": "0x2b1c7eff297766569966b630a6862947a8e5285a",
    "intentHash": "cbb56ae05e8d302db373cfdca7a685b125610e62dfe00350a5627e8e06d270e5",
    "compactSignature": "e7860fc458ecf099828b7b84093df03ad385ce432b204470a213ecc02d2091541aa8ce1a5a80409666d0ddc8dac7bed52fd0028d78109917c014e151cfcc1da7"
  }
}
[1G[0K⠙[1G[0K[run] intent:create-and-sign --protocol-state ./state/preview_run_20260606-082456/config-bootstrap.json --intent-type OracleUpdate --symbol XRP/USD --price 521000000 --source "DIA Oracle" --out ./state/preview_run_20260606-082456/intents/xrp-usd-batch.signed.json

> @diadata-org/dia-cardano-oracle-cli@0.1.0 cli
> tsx src/index.ts intent:create-and-sign --protocol-state ./state/preview_run_20260606-082456/config-bootstrap.json --intent-type OracleUpdate --symbol XRP/USD --price 521000000 --source DIA Oracle --out ./state/preview_run_20260606-082456/intents/xrp-usd-batch.signed.json

[1G[0K[cli] Wrote JSON output to /home/manuelpadilla/sources/reposUbuntu/PROTOFIRE/DIA/dia-cardano-oracle/offchain/cli/state/preview_run_20260606-082456/intents/xrp-usd-batch.signed.json
{
  "intent": {
    "intentType": "OracleUpdate",
    "version": "1.0",
    "chainId": "10050",
    "nonce": "1780738479000",
    "expiry": "1780742079",
    "symbol": "XRP/USD",
    "price": "521000000",
    "timestamp": "1780738479",
    "source": "DIA Oracle",
    "signature": "0x80014a9b8d04d8c307e72d9e49238e8ba190452547c0a67d6ba406db593cd08c6a844c9db0cd2923282436af57230d53e8b280490b8075d434638ed5764592411c",
    "signer": "0x2b1c7eff297766569966b630a6862947a8e5285a"
  },
  "witness": {
    "signerPublicKey": "02d78ade9f8a9c064c8c588dba903df0cc0118596b9ec65f665dea1b448519f531",
    "signerAddress": "0x2b1c7eff297766569966b630a6862947a8e5285a",
    "intentHash": "20e9fe958a1335152f686ce9c11743f7eb94fb8ab05037ee61a003f186033d74",
    "compactSignature": "80014a9b8d04d8c307e72d9e49238e8ba190452547c0a67d6ba406db593cd08c6a844c9db0cd2923282436af57230d53e8b280490b8075d434638ed576459241"
  }
}
[1G[0K⠙[1G[0K[run] intent:create-and-sign --protocol-state ./state/preview_run_20260606-082456/config-bootstrap.json --intent-type OracleUpdate --symbol MATIC/USD --price 981000000 --source "DIA Oracle" --out ./state/preview_run_20260606-082456/intents/matic-usd-batch.signed.json

> @diadata-org/dia-cardano-oracle-cli@0.1.0 cli
> tsx src/index.ts intent:create-and-sign --protocol-state ./state/preview_run_20260606-082456/config-bootstrap.json --intent-type OracleUpdate --symbol MATIC/USD --price 981000000 --source DIA Oracle --out ./state/preview_run_20260606-082456/intents/matic-usd-batch.signed.json

[1G[0K[cli] Wrote JSON output to /home/manuelpadilla/sources/reposUbuntu/PROTOFIRE/DIA/dia-cardano-oracle/offchain/cli/state/preview_run_20260606-082456/intents/matic-usd-batch.signed.json
{
  "intent": {
    "intentType": "OracleUpdate",
    "version": "1.0",
    "chainId": "10050",
    "nonce": "1780738479000",
    "expiry": "1780742079",
    "symbol": "MATIC/USD",
    "price": "981000000",
    "timestamp": "1780738479",
    "source": "DIA Oracle",
    "signature": "0x6eaff47eaa12b0a005cc9ae92296578594c64b58ec50152ffaa202b1462cf9ec3abac4f2bd78f31b445e59a0551ba6572f6def98bd8ecb4098b8f5dc76d68bd01b",
    "signer": "0x2b1c7eff297766569966b630a6862947a8e5285a"
  },
  "witness": {
    "signerPublicKey": "02d78ade9f8a9c064c8c588dba903df0cc0118596b9ec65f665dea1b448519f531",
    "signerAddress": "0x2b1c7eff297766569966b630a6862947a8e5285a",
    "intentHash": "a31c35c865436f199b4ac58d4890cf061f9ce24ad113c3bea96067a460ebe746",
    "compactSignature": "6eaff47eaa12b0a005cc9ae92296578594c64b58ec50152ffaa202b1462cf9ec3abac4f2bd78f31b445e59a0551ba6572f6def98bd8ecb4098b8f5dc76d68bd0"
  }
}
[1G[0K⠙[1G[0K[run] intent:create-and-sign --protocol-state ./state/preview_run_20260606-082456/config-bootstrap.json --intent-type OracleUpdate --symbol DOT/USD --price 421000000 --source "DIA Oracle" --out ./state/preview_run_20260606-082456/intents/dot-usd-batch.signed.json

> @diadata-org/dia-cardano-oracle-cli@0.1.0 cli
> tsx src/index.ts intent:create-and-sign --protocol-state ./state/preview_run_20260606-082456/config-bootstrap.json --intent-type OracleUpdate --symbol DOT/USD --price 421000000 --source DIA Oracle --out ./state/preview_run_20260606-082456/intents/dot-usd-batch.signed.json

[1G[0K[cli] Wrote JSON output to /home/manuelpadilla/sources/reposUbuntu/PROTOFIRE/DIA/dia-cardano-oracle/offchain/cli/state/preview_run_20260606-082456/intents/dot-usd-batch.signed.json
{
  "intent": {
    "intentType": "OracleUpdate",
    "version": "1.0",
    "chainId": "10050",
    "nonce": "1780738479000",
    "expiry": "1780742079",
    "symbol": "DOT/USD",
    "price": "421000000",
    "timestamp": "1780738479",
    "source": "DIA Oracle",
    "signature": "0xbbbbc91ec67fa85e089669f955e3fad05ef4a2203cd7378adbca9fc9858d58d24acfe2e606d3dab9bc08218336adf674733de2e0b10e0a570b5defc4e5b890431c",
    "signer": "0x2b1c7eff297766569966b630a6862947a8e5285a"
  },
  "witness": {
    "signerPublicKey": "02d78ade9f8a9c064c8c588dba903df0cc0118596b9ec65f665dea1b448519f531",
    "signerAddress": "0x2b1c7eff297766569966b630a6862947a8e5285a",
    "intentHash": "9f3caf75b2ddb2cbb97a17db1be4874aa083b576fdee48bbe70318ad552ff822",
    "compactSignature": "bbbbc91ec67fa85e089669f955e3fad05ef4a2203cd7378adbca9fc9858d58d24acfe2e606d3dab9bc08218336adf674733de2e0b10e0a570b5defc4e5b89043"
  }
}
[1G[0K⠙[1G[0K