
> @diadata-org/dia-cardano-oracle-cli@0.1.0 cli
> tsx src/index.ts update:batch --protocol-state ./state/preview_run_20260606-082456/config-bootstrap.json --client-state ./state/preview_run_20260606-082456/clients/client-a.json --manifest ./state/preview_run_20260606-082456/update-batches/batch-10.manifest.json --out ./state/preview_run_20260606-082456/update-batches/batch-10.result.json

[1G[0K[update:batch] Loading batch update manifest from /home/manuelpadilla/sources/reposUbuntu/PROTOFIRE/DIA/dia-cardano-oracle/offchain/cli/state/preview_run_20260606-082456/update-batches/batch-10.manifest.json
[update:batch] Connecting to Preview and selecting the configured wallet
[update:batch] Building Preview oracle batch update transaction
[update:batch] Tx resources: fee=2.668809 ADA (2668809 lovelace), cpu=4519212324, mem=11595159
[update:batch] Output[0] | addr=addr_test1wz0c...y0nw7v | lovelace=5.000000 ADA (5000000) | assets=9f80dd966e4a...5e32b4=1 | datum=inline(91B)
[update:batch] Output[1] | addr=addr_test1wz0c...y0nw7v | lovelace=5.000000 ADA (5000000) | assets=9f80dd966e4a...30b101=1 | datum=inline(95B)
[update:batch] Output[2] | addr=addr_test1wz0c...y0nw7v | lovelace=5.000000 ADA (5000000) | assets=9f80dd966e4a...ff2852=1 | datum=inline(91B)
[update:batch] Output[3] | addr=addr_test1wz0c...y0nw7v | lovelace=5.000000 ADA (5000000) | assets=9f80dd966e4a...bbbe64=1 | datum=inline(95B)
[update:batch] Output[4] | addr=addr_test1wz0c...y0nw7v | lovelace=5.000000 ADA (5000000) | assets=9f80dd966e4a...3849f4=1 | datum=inline(95B)
[update:batch] Output[5] | addr=addr_test1wz0c...y0nw7v | lovelace=5.000000 ADA (5000000) | assets=9f80dd966e4a...29d315=1 | datum=inline(92B)
[update:batch] Output[6] | addr=addr_test1wz0c...y0nw7v | lovelace=5.000000 ADA (5000000) | assets=9f80dd966e4a...c2a497=1 | datum=inline(95B)
[update:batch] Output[7] | addr=addr_test1wz0c...y0nw7v | lovelace=5.000000 ADA (5000000) | assets=9f80dd966e4a...eed0bc=1 | datum=inline(91B)
[update:batch] Output[8] | addr=addr_test1wz0c...y0nw7v | lovelace=5.000000 ADA (5000000) | assets=9f80dd966e4a...57e571=1 | datum=inline(93B)
[update:batch] Output[9] | addr=addr_test1wz0c...y0nw7v | lovelace=5.000000 ADA (5000000) | assets=9f80dd966e4a...52daee=1 | datum=inline(91B)
[update:batch] Output[10] | addr=addr_test1wr5m...d0pf2h | lovelace=65.000000 ADA (65000000) | assets=e9b20749e642...545f41=1 | datum=inline(19B)
[update:batch] Output[11] | addr=addr_test1qpgp...quxj3j | lovelace=1131.350922 ADA (1131350922)
[update:batch] Unsigned transaction ready: 88d52ff51063b0d0da9f9d51448e762e9198a462e94cd2ee29161bf7d65c83f8
[update:batch] Submitted transaction hash: 88d52ff51063b0d0da9f9d51448e762e9198a462e94cd2ee29161bf7d65c83f8
[update:batch] Confirmed by Blockfrost: oracle batch update transaction 88d52ff51063b0d0da9f9d51448e762e9198a462e94cd2ee29161bf7d65c83f8.
[cli] Wrote JSON output to /home/manuelpadilla/sources/reposUbuntu/PROTOFIRE/DIA/dia-cardano-oracle/offchain/cli/state/preview_run_20260606-082456/update-batches/batch-10.result.json
{
  "wallet": {
    "source": "seed",
    "address": "addr_test1qpgpsm75w7l9u6au7shqzsaulrtxz2gp6xw9zhun70es6tt4t3wsjavx26kmh586erf8xxhqc2y7urq5az32sjv56nyqquxj3j"
  },
  "receiver": {
    "clientId": "client-a",
    "bootstrapRef": {
      "txHash": "9dc3d36c90d639cd29be40b4503ee893f01292b97536bf58ffdf45a963bd13e2",
      "outputIndex": 1
    },
    "receiverAssetName": "4449415f52454345495645525f434c49454e545f41",
    "receiverPolicyId": "e9b20749e6425daa670bcffbbc84f494e7e7009ec80560b26f2f0d2b",
    "receiverUnit": "e9b20749e6425daa670bcffbbc84f494e7e7009ec80560b26f2f0d2b4449415f52454345495645525f434c49454e545f41",
    "receiverValidatorHash": "e9b20749e6425daa670bcffbbc84f494e7e7009ec80560b26f2f0d2b",
    "receiverValidatorAddress": "addr_test1wr5myp6fuep9m2n8p08lh0yy7j2w0ecqnmyq2c9jduhs62cd0pf2h",
    "receiverState": {
      "balanceLovelace": "47550000",
      "accruedToHookLovelace": "12450000",
      "minUtxoLovelace": "5000000"
    }
  },
  "pairs": [
    {
      "statePath": "/home/manuelpadilla/sources/reposUbuntu/PROTOFIRE/DIA/dia-cardano-oracle/offchain/cli/state/preview_run_20260606-082456/clients/client-a/pairs/btc-usd.json",
      "outPath": "/home/manuelpadilla/sources/reposUbuntu/PROTOFIRE/DIA/dia-cardano-oracle/offchain/cli/state/preview_run_20260606-082456/clients/client-a/pairs/btc-usd.json",
      "pairId": "4254432f555344",
      "pairUnit": "9f80dd966e4a06cce7efd25f6267b15da7a5dc4cc3157e78928fe2888a3859b168b77160150b13c200392328254c3758f082050fd7ec5c340ac2a497"
    },
    {
      "statePath": "/home/manuelpadilla/sources/reposUbuntu/PROTOFIRE/DIA/dia-cardano-oracle/offchain/cli/state/preview_run_20260606-082456/clients/client-a/pairs/eth-usd.json",
      "outPath": "/home/manuelpadilla/sources/reposUbuntu/PROTOFIRE/DIA/dia-cardano-oracle/offchain/cli/state/preview_run_20260606-082456/clients/client-a/pairs/eth-usd.json",
      "pairId": "4554482f555344",
      "pairUnit": "9f80dd966e4a06cce7efd25f6267b15da7a5dc4cc3157e78928fe2883d7739c2406edbe3bb594b8f762cf67a2c889a162f2234dc17841f61d33849f4"
    },
    {
      "statePath": "/home/manuelpadilla/sources/reposUbuntu/PROTOFIRE/DIA/dia-cardano-oracle/offchain/cli/state/preview_run_20260606-082456/clients/client-a/pairs/ada-usd.json",
      "outPath": "/home/manuelpadilla/sources/reposUbuntu/PROTOFIRE/DIA/dia-cardano-oracle/offchain/cli/state/preview_run_20260606-082456/clients/client-a/pairs/ada-usd.json",
      "pairId": "4144412f555344",
      "pairUnit": "9f80dd966e4a06cce7efd25f6267b15da7a5dc4cc3157e78928fe28804e5366fb69cdc906d0e8841d641628f09a50f7618e944de5cdb7a26b95e32b4"
    },
    {
      "statePath": "/home/manuelpadilla/sources/reposUbuntu/PROTOFIRE/DIA/dia-cardano-oracle/offchain/cli/state/preview_run_20260606-082456/clients/client-a/pairs/usdt-usd.json",
      "outPath": "/home/manuelpadilla/sources/reposUbuntu/PROTOFIRE/DIA/dia-cardano-oracle/offchain/cli/state/preview_run_20260606-082456/clients/client-a/pairs/usdt-usd.json",
      "pairId": "555344542f555344",
      "pairUnit": "9f80dd966e4a06cce7efd25f6267b15da7a5dc4cc3157e78928fe2885ec9fa6a8337c83985882517e4865a68763912f37490cffe992a26abfd29d315"
    },
    {
      "statePath": "/home/manuelpadilla/sources/reposUbuntu/PROTOFIRE/DIA/dia-cardano-oracle/offchain/cli/state/preview_run_20260606-082456/clients/client-a/pairs/dai-usd.json",
      "outPath": "/home/manuelpadilla/sources/reposUbuntu/PROTOFIRE/DIA/dia-cardano-oracle/offchain/cli/state/preview_run_20260606-082456/clients/client-a/pairs/dai-usd.json",
      "pairId": "4441492f555344",
      "pairUnit": "9f80dd966e4a06cce7efd25f6267b15da7a5dc4cc3157e78928fe2880ae6401fc15363e085cf3d2f90ae10566e797d8686ab048ba30f5914c7ff2852"
    },
    {
      "statePath": "/home/manuelpadilla/sources/reposUbuntu/PROTOFIRE/DIA/dia-cardano-oracle/offchain/cli/state/preview_run_20260606-082456/clients/client-a/pairs/sol-usd.json",
      "outPath": "/home/manuelpadilla/sources/reposUbuntu/PROTOFIRE/DIA/dia-cardano-oracle/offchain/cli/state/preview_run_20260606-082456/clients/client-a/pairs/sol-usd.json",
      "pairId": "534f4c2f555344",
      "pairUnit": "9f80dd966e4a06cce7efd25f6267b15da7a5dc4cc3157e78928fe288396545cb87b0103c8ddb5ff4329eeff88e2aef114f76b0807b21ce3d68bbbe64"
    },
    {
      "statePath": "/home/manuelpadilla/sources/reposUbuntu/PROTOFIRE/DIA/dia-cardano-oracle/offchain/cli/state/preview_run_20260606-082456/clients/client-a/pairs/bnb-usd.json",
      "outPath": "/home/manuelpadilla/sources/reposUbuntu/PROTOFIRE/DIA/dia-cardano-oracle/offchain/cli/state/preview_run_20260606-082456/clients/client-a/pairs/bnb-usd.json",
      "pairId": "424e422f555344",
      "pairUnit": "9f80dd966e4a06cce7efd25f6267b15da7a5dc4cc3157e78928fe28809da81653014451f3a86d96589f6a9e5d97b4e8236a461c7b2edbe1bab30b101"
    },
    {
      "statePath": "/home/manuelpadilla/sources/reposUbuntu/PROTOFIRE/DIA/dia-cardano-oracle/offchain/cli/state/preview_run_20260606-082456/clients/client-a/pairs/xrp-usd.json",
      "outPath": "/home/manuelpadilla/sources/reposUbuntu/PROTOFIRE/DIA/dia-cardano-oracle/offchain/cli/state/preview_run_20260606-082456/clients/client-a/pairs/xrp-usd.json",
      "pairId": "5852502f555344",
      "pairUnit": "9f80dd966e4a06cce7efd25f6267b15da7a5dc4cc3157e78928fe288bac7b9f5648596883156b7004ce94ebb55cc5049bd65b93188cd724e9feed0bc"
    },
    {
      "statePath": "/home/manuelpadilla/sources/reposUbuntu/PROTOFIRE/DIA/dia-cardano-oracle/offchain/cli/state/preview_run_20260606-082456/clients/client-a/pairs/matic-usd.json",
      "outPath": "/home/manuelpadilla/sources/reposUbuntu/PROTOFIRE/DIA/dia-cardano-oracle/offchain/cli/state/preview_run_20260606-082456/clients/client-a/pairs/matic-usd.json",
      "pairId": "4d415449432f555344",
      "pairUnit": "9f80dd966e4a06cce7efd25f6267b15da7a5dc4cc3157e78928fe288d2a1402553abe60aecdea3464be08e7ced64530fea0989b8fdfd49351157e571"
    },
    {
      "statePath": "/home/manuelpadilla/sources/reposUbuntu/PROTOFIRE/DIA/dia-cardano-oracle/offchain/cli/state/preview_run_20260606-082456/clients/client-a/pairs/dot-usd.json",
      "outPath": "/home/manuelpadilla/sources/reposUbuntu/PROTOFIRE/DIA/dia-cardano-oracle/offchain/cli/state/preview_run_20260606-082456/clients/client-a/pairs/dot-usd.json",
      "pairId": "444f542f555344",
      "pairUnit": "9f80dd966e4a06cce7efd25f6267b15da7a5dc4cc3157e78928fe288ff3f796230b336b4e5c8d3af0440cbe0346a64cdab5e9cba4a8e2f476152daee"
    }
  ],
  "transactions": [
    {
      "step": "preview:update:batch",
      "submittedTxHash": "88d52ff51063b0d0da9f9d51448e762e9198a462e94cd2ee29161bf7d65c83f8",
      "confirmed": true
    }
  ]
}
[1G[0K⠙[1G[0K