
> @diadata-org/dia-cardano-oracle-cli@0.1.0 cli
> tsx src/index.ts settle --protocol-state ./state/preview_run_20260606-082456/config-bootstrap.json --client-state ./state/preview_run_20260606-082456/clients/client-a.json

[1G[0K[settle] Loading protocol state from /home/manuelpadilla/sources/reposUbuntu/PROTOFIRE/DIA/dia-cardano-oracle/offchain/cli/state/preview_run_20260606-082456/config-bootstrap.json
[settle] Loading client state from /home/manuelpadilla/sources/reposUbuntu/PROTOFIRE/DIA/dia-cardano-oracle/offchain/cli/state/preview_run_20260606-082456/clients/client-a.json
[settle] Connecting to Preview and selecting the configured wallet
[settle] Building Preview settle transaction
[settle] Settling 12450000 lovelace from receiver to payment hook
[settle] Tx resources: fee=0.765775 ADA (765775 lovelace), cpu=568367574, mem=1771871
[settle] Output[0] | addr=addr_test1wr5m...d0pf2h | lovelace=52.550000 ADA (52550000) | assets=e9b20749e642...545f41=1 | datum=inline(15B)
[settle] Output[1] | addr=addr_test1wpq7...u33th0 | lovelace=17.450000 ADA (17450000) | assets=41e9911905cc...4f4f4b=1 | datum=inline(100B)
[settle] Output[2] | addr=addr_test1qpgp...quxj3j | lovelace=1130.585147 ADA (1130585147)
[settle] Unsigned transaction ready: bb24bcfe1a8cdd16b8ee942220339966c7fa94b3c1cff6947cae1a7a95993754
[settle] Submitted transaction hash: bb24bcfe1a8cdd16b8ee942220339966c7fa94b3c1cff6947cae1a7a95993754
[settle] Confirmed by Blockfrost: settle transaction bb24bcfe1a8cdd16b8ee942220339966c7fa94b3c1cff6947cae1a7a95993754.
{
  "wallet": {
    "source": "seed",
    "address": "addr_test1qpgpsm75w7l9u6au7shqzsaulrtxz2gp6xw9zhun70es6tt4t3wsjavx26kmh586erf8xxhqc2y7urq5az32sjv56nyqquxj3j"
  },
  "settledReceivers": [
    {
      "clientId": "client-a",
      "receiverUnit": "e9b20749e6425daa670bcffbbc84f494e7e7009ec80560b26f2f0d2b4449415f52454345495645525f434c49454e545f41",
      "drainedLovelace": "12450000"
    }
  ],
  "totalSettledLovelace": "12450000",
  "transactions": [
    {
      "step": "preview:settle",
      "submittedTxHash": "bb24bcfe1a8cdd16b8ee942220339966c7fa94b3c1cff6947cae1a7a95993754",
      "confirmed": true
    }
  ]
}
[1G[0K⠙[1G[0K