
> @diadata-org/dia-cardano-oracle-cli@0.1.0 cli
> tsx src/index.ts update --intent ../state/mainnet_run_20260616-074413/intents/usdc-usd.signed.json --protocol-state ../state/mainnet_run_20260616-074413/config-bootstrap.json --client-state ../state/mainnet_run_20260616-074413/clients/client-a.json --pair-state ../state/mainnet_run_20260616-074413/clients/client-a/pairs/usdc-usd.json

[1G[0K[update] Loading signed intent from /home/manuelpadilla/sources/reposUbuntu/PROTOFIRE/DIA/dia-cardano-oracle/offchain/state/mainnet_run_20260616-074413/intents/usdc-usd.signed.json
[update] Loading client and protocol state
[update] Connecting to Mainnet and selecting the configured wallet
[update] Building Mainnet oracle update transaction
[update] Tx resources: fee=0.808575 ADA (808575 lovelace), cpu=695330277, mem=1913108
[update] Output[0] | addr=addr1wxcmjva8k...gwmdlu | lovelace=5.000000 ADA (5000000) | assets=b1b933a7b08e...d4c1ac=1 | datum=inline(92B)
[update] Output[1] | addr=addr1w9hvfdd22...7fc477 | lovelace=35.000000 ADA (35000000) | assets=6ec4b5aa5723...545f41=1 | datum=inline(19B)
[update] Output[2] | addr=addr1qxp3wp7xa...ulrq72 | lovelace=28.425315 ADA (28425315)
[update] Unsigned transaction ready: 3eb459969fdfb2cb33d987259e7539ac8c81a051c85cf9c73ff580cc999ac8df
[update] Submitted transaction hash: 3eb459969fdfb2cb33d987259e7539ac8c81a051c85cf9c73ff580cc999ac8df
[update] Confirmed by Blockfrost: oracle update transaction 3eb459969fdfb2cb33d987259e7539ac8c81a051c85cf9c73ff580cc999ac8df.
[cli] Wrote JSON output to /home/manuelpadilla/sources/reposUbuntu/PROTOFIRE/DIA/dia-cardano-oracle/offchain/state/mainnet_run_20260616-074413/clients/client-a/pairs/usdc-usd.json
{
  "wallet": {
    "source": "seed",
    "address": "addr1qxp3wp7xa70jddcj95luvrud8p587fm7dsktwz8s5ts28hv8n5a536xf3tq74m47tnr8afr68v8wyhdst8c7aeanxvlqulrq72"
  },
  "pair": {
    "tokenName": "0156dbaa55902bb40ff6c461c8b2b59c70ebbe3786e51e5e75a8bc1cbad4c1ac",
    "pairId": "555344432f555344",
    "pairUnit": "b1b933a7b08ebdee6d957b4ae3d027ac4a13f9d319dbd8a2b95e052f0156dbaa55902bb40ff6c461c8b2b59c70ebbe3786e51e5e75a8bc1cbad4c1ac",
    "pairValidatorAddress": "addr1wxcmjva8kz8tmmndj4a54c7sy7ky5yle6vvahk9zh90q2tcgwmdlu"
  },
  "pairState": {
    "pairId": "555344432f555344",
    "price": "100045678",
    "timestamp": "1781597487",
    "nonce": "1781597487000000000",
    "intentHash": "e7684228afa6a1964507c1059bea0f53d355fac562c8bf27496814cd1bfd584f",
    "signer": "2b1c7eff297766569966b630a6862947a8e5285a",
    "minUtxoLovelace": "5000000",
    "intent": {
      "intentType": "OracleUpdate",
      "version": "1.0",
      "chainId": "1050",
      "nonce": "1781597487000000000",
      "expiry": "1781601087",
      "symbol": "USDC/USD",
      "price": "100045678",
      "timestamp": "1781597487",
      "source": "DIA Oracle",
      "signature": "c4986ff95f1d8bcc92ec8b92c7c90cc18a5111d773a5df927ac2e9711524bd7d7c051cb76a0d65a3ee5c2e7929d11c6b8e0e8c7ca563c86c2f710ecaee249a191c",
      "signer": "2b1c7eff297766569966b630a6862947a8e5285a"
    }
  },
  "datum": {
    "pairCbor": "d8799f48555344432f5553441a05f6936e1a6a31052f1b18b98179a15d16005820e7684228afa6a1964507c1059bea0f53d355fac562c8bf27496814cd1bfd584f542b1c7eff297766569966b630a6862947a8e5285a1a004c4b40ff"
  },
  "transactions": [
    {
      "step": "mainnet:update",
      "submittedTxHash": "3eb459969fdfb2cb33d987259e7539ac8c81a051c85cf9c73ff580cc999ac8df",
      "confirmed": true
    }
  ]
}
[1G[0K⠙[1G[0K