
> @diadata-org/dia-cardano-oracle-cli@0.1.0 cli
> tsx src/index.ts update --intent ../state/mainnet_run_20260616-074413/intents/eth-usd.signed.json --protocol-state ../state/mainnet_run_20260616-074413/config-bootstrap.json --client-state ../state/mainnet_run_20260616-074413/clients/client-a.json --pair-state ../state/mainnet_run_20260616-074413/clients/client-a/pairs/eth-usd.json

[1G[0K[update] Loading signed intent from /home/manuelpadilla/sources/reposUbuntu/PROTOFIRE/DIA/dia-cardano-oracle/offchain/state/mainnet_run_20260616-074413/intents/eth-usd.signed.json
[update] Loading client and protocol state
[update] Connecting to Mainnet and selecting the configured wallet
[update] Building Mainnet oracle update transaction
[update] Tx resources: fee=0.810542 ADA (810542 lovelace), cpu=702562921, mem=1933578
[update] Output[0] | addr=addr1wxcmjva8k...gwmdlu | lovelace=5.000000 ADA (5000000) | assets=b1b933a7b08e...3849f4=1 | datum=inline(95B)
[update] Output[1] | addr=addr1w9hvfdd22...7fc477 | lovelace=35.000000 ADA (35000000) | assets=6ec4b5aa5723...545f41=1 | datum=inline(19B)
[update] Output[2] | addr=addr1qxp3wp7xa...ulrq72 | lovelace=21.511318 ADA (21511318)
[update] Unsigned transaction ready: 6e4de0d97af67e7ac72a42d40b7e83538481eb5ca8984ddbd6850e363c2fac02
[update] Submitted transaction hash: 6e4de0d97af67e7ac72a42d40b7e83538481eb5ca8984ddbd6850e363c2fac02
[update] Confirmed by Blockfrost: oracle update transaction 6e4de0d97af67e7ac72a42d40b7e83538481eb5ca8984ddbd6850e363c2fac02.
[cli] Wrote JSON output to /home/manuelpadilla/sources/reposUbuntu/PROTOFIRE/DIA/dia-cardano-oracle/offchain/state/mainnet_run_20260616-074413/clients/client-a/pairs/eth-usd.json
{
  "wallet": {
    "source": "seed",
    "address": "addr1qxp3wp7xa70jddcj95luvrud8p587fm7dsktwz8s5ts28hv8n5a536xf3tq74m47tnr8afr68v8wyhdst8c7aeanxvlqulrq72"
  },
  "pair": {
    "tokenName": "3d7739c2406edbe3bb594b8f762cf67a2c889a162f2234dc17841f61d33849f4",
    "pairId": "4554482f555344",
    "pairUnit": "b1b933a7b08ebdee6d957b4ae3d027ac4a13f9d319dbd8a2b95e052f3d7739c2406edbe3bb594b8f762cf67a2c889a162f2234dc17841f61d33849f4",
    "pairValidatorAddress": "addr1wxcmjva8kz8tmmndj4a54c7sy7ky5yle6vvahk9zh90q2tcgwmdlu"
  },
  "pairState": {
    "pairId": "4554482f555344",
    "price": "250000000000",
    "timestamp": "1781597953",
    "nonce": "1781597953000000000",
    "intentHash": "e2f7cc1b9b43302295dac237c4da23d914a1d1d3786e767462c4f05c0c118ab6",
    "signer": "2b1c7eff297766569966b630a6862947a8e5285a",
    "minUtxoLovelace": "5000000",
    "intent": {
      "intentType": "OracleUpdate",
      "version": "1.0",
      "chainId": "1050",
      "nonce": "1781597953000000000",
      "expiry": "1781601553",
      "symbol": "ETH/USD",
      "price": "250000000000",
      "timestamp": "1781597953",
      "source": "DIA Oracle",
      "signature": "a5032230de463c2612f7070bf9022bb932eccddc6c20942f9c744bf52b349e9a6c4671813a9bce2252af7858321c29893f2b2bb8cbead6801296f47f58a1165e1c",
      "signer": "2b1c7eff297766569966b630a6862947a8e5285a"
    }
  },
  "datum": {
    "pairCbor": "d8799f474554482f5553441b0000003a352944001a6a3107011b18b981e62120ca005820e2f7cc1b9b43302295dac237c4da23d914a1d1d3786e767462c4f05c0c118ab6542b1c7eff297766569966b630a6862947a8e5285a1a004c4b40ff"
  },
  "transactions": [
    {
      "step": "mainnet:update",
      "submittedTxHash": "6e4de0d97af67e7ac72a42d40b7e83538481eb5ca8984ddbd6850e363c2fac02",
      "confirmed": true
    }
  ]
}
[1G[0K⠙[1G[0K