
> @diadata-org/dia-cardano-oracle-cli@0.1.0 cli
> tsx src/index.ts update --intent ../state/mainnet_run_20260616-074413/intents/usdt-usd.signed.json --protocol-state ../state/mainnet_run_20260616-074413/config-bootstrap.json --client-state ../state/mainnet_run_20260616-074413/clients/client-a.json --pair-state ../state/mainnet_run_20260616-074413/clients/client-a/pairs/usdt-usd.json

[1G[0K[update] Loading signed intent from /home/manuelpadilla/sources/reposUbuntu/PROTOFIRE/DIA/dia-cardano-oracle/offchain/state/mainnet_run_20260616-074413/intents/usdt-usd.signed.json
[update] Loading client and protocol state
[update] Connecting to Mainnet and selecting the configured wallet
[update] Building Mainnet oracle update transaction
[update] Tx resources: fee=0.810278 ADA (810278 lovelace), cpu=702562921, mem=1933578
[update] Output[0] | addr=addr1wxcmjva8k...gwmdlu | lovelace=5.000000 ADA (5000000) | assets=b1b933a7b08e...29d315=1 | datum=inline(92B)
[update] Output[1] | addr=addr1w9hvfdd22...7fc477 | lovelace=35.000000 ADA (35000000) | assets=6ec4b5aa5723...545f41=1 | datum=inline(19B)
[update] Output[2] | addr=addr1qxp3wp7xa...ulrq72 | lovelace=15.791540 ADA (15791540)
[update] Unsigned transaction ready: a2c752b107bbaccdc5297f825f53da9050403657bdb841a2ceb11c03cba3b11e
[update] Submitted transaction hash: a2c752b107bbaccdc5297f825f53da9050403657bdb841a2ceb11c03cba3b11e
[update] Confirmed by Blockfrost: oracle update transaction a2c752b107bbaccdc5297f825f53da9050403657bdb841a2ceb11c03cba3b11e.
[cli] Wrote JSON output to /home/manuelpadilla/sources/reposUbuntu/PROTOFIRE/DIA/dia-cardano-oracle/offchain/state/mainnet_run_20260616-074413/clients/client-a/pairs/usdt-usd.json
{
  "wallet": {
    "source": "seed",
    "address": "addr1qxp3wp7xa70jddcj95luvrud8p587fm7dsktwz8s5ts28hv8n5a536xf3tq74m47tnr8afr68v8wyhdst8c7aeanxvlqulrq72"
  },
  "pair": {
    "tokenName": "5ec9fa6a8337c83985882517e4865a68763912f37490cffe992a26abfd29d315",
    "pairId": "555344542f555344",
    "pairUnit": "b1b933a7b08ebdee6d957b4ae3d027ac4a13f9d319dbd8a2b95e052f5ec9fa6a8337c83985882517e4865a68763912f37490cffe992a26abfd29d315",
    "pairValidatorAddress": "addr1wxcmjva8kz8tmmndj4a54c7sy7ky5yle6vvahk9zh90q2tcgwmdlu"
  },
  "pairState": {
    "pairId": "555344542f555344",
    "price": "100001234",
    "timestamp": "1781598393",
    "nonce": "1781598393000000000",
    "intentHash": "664d1bb3ab2a0d9f47183421a6aec8b8de1dece2bed46c34a30a493fc9a078b7",
    "signer": "2b1c7eff297766569966b630a6862947a8e5285a",
    "minUtxoLovelace": "5000000",
    "intent": {
      "intentType": "OracleUpdate",
      "version": "1.0",
      "chainId": "1050",
      "nonce": "1781598393000000000",
      "expiry": "1781601993",
      "symbol": "USDT/USD",
      "price": "100001234",
      "timestamp": "1781598393",
      "source": "DIA Oracle",
      "signature": "fba258e193f7a1e16de255face3f4577702c6db991c5e38e6e2dbbd0438135d023319b3c9b3a09c9a1d488da2c394047ed81de36746931ef4cb751b271747e7e1b",
      "signer": "2b1c7eff297766569966b630a6862947a8e5285a"
    }
  },
  "datum": {
    "pairCbor": "d8799f48555344542f5553441a05f5e5d21a6a3108b91b18b9824c932bfa005820664d1bb3ab2a0d9f47183421a6aec8b8de1dece2bed46c34a30a493fc9a078b7542b1c7eff297766569966b630a6862947a8e5285a1a004c4b40ff"
  },
  "transactions": [
    {
      "step": "mainnet:update",
      "submittedTxHash": "a2c752b107bbaccdc5297f825f53da9050403657bdb841a2ceb11c03cba3b11e",
      "confirmed": true
    }
  ]
}
[1G[0K⠙[1G[0K