
> @diadata-org/dia-cardano-oracle-cli@0.1.0 cli
> tsx src/index.ts update --intent ../state/mainnet_run_20260616-074413/intents/dai-usd.signed.json --protocol-state ../state/mainnet_run_20260616-074413/config-bootstrap.json --client-state ../state/mainnet_run_20260616-074413/clients/client-a.json --pair-state ../state/mainnet_run_20260616-074413/clients/client-a/pairs/dai-usd.json

[1G[0K[update] Loading signed intent from /home/manuelpadilla/sources/reposUbuntu/PROTOFIRE/DIA/dia-cardano-oracle/offchain/state/mainnet_run_20260616-074413/intents/dai-usd.signed.json
[update] Loading client and protocol state
[update] Connecting to Mainnet and selecting the configured wallet
[update] Building Mainnet oracle update transaction
[update] Tx resources: fee=0.808487 ADA (808487 lovelace), cpu=695330277, mem=1913108
[update] Output[0] | addr=addr1wxcmjva8k...gwmdlu | lovelace=5.000000 ADA (5000000) | assets=b1b933a7b08e...ff2852=1 | datum=inline(91B)
[update] Output[1] | addr=addr1w9hvfdd22...7fc477 | lovelace=35.000000 ADA (35000000) | assets=6ec4b5aa5723...545f41=1 | datum=inline(19B)
[update] Output[2] | addr=addr1qxp3wp7xa...ulrq72 | lovelace=15.793331 ADA (15793331)
[update] Unsigned transaction ready: e3bcfbb1c423254a0b2fb37b28e820b022e64cce1f1612efbb605597bddfe4a0
[update] Submitted transaction hash: e3bcfbb1c423254a0b2fb37b28e820b022e64cce1f1612efbb605597bddfe4a0
[update] Confirmed by Blockfrost: oracle update transaction e3bcfbb1c423254a0b2fb37b28e820b022e64cce1f1612efbb605597bddfe4a0.
[cli] Wrote JSON output to /home/manuelpadilla/sources/reposUbuntu/PROTOFIRE/DIA/dia-cardano-oracle/offchain/state/mainnet_run_20260616-074413/clients/client-a/pairs/dai-usd.json
{
  "wallet": {
    "source": "seed",
    "address": "addr1qxp3wp7xa70jddcj95luvrud8p587fm7dsktwz8s5ts28hv8n5a536xf3tq74m47tnr8afr68v8wyhdst8c7aeanxvlqulrq72"
  },
  "pair": {
    "tokenName": "0ae6401fc15363e085cf3d2f90ae10566e797d8686ab048ba30f5914c7ff2852",
    "pairId": "4441492f555344",
    "pairUnit": "b1b933a7b08ebdee6d957b4ae3d027ac4a13f9d319dbd8a2b95e052f0ae6401fc15363e085cf3d2f90ae10566e797d8686ab048ba30f5914c7ff2852",
    "pairValidatorAddress": "addr1wxcmjva8kz8tmmndj4a54c7sy7ky5yle6vvahk9zh90q2tcgwmdlu"
  },
  "pairState": {
    "pairId": "4441492f555344",
    "price": "100000345",
    "timestamp": "1781598596",
    "nonce": "1781598596000000000",
    "intentHash": "829bb07c200db065cd1f3918d9ee3ecb258ec727e3331c2bb733d166de69a8b5",
    "signer": "2b1c7eff297766569966b630a6862947a8e5285a",
    "minUtxoLovelace": "5000000",
    "intent": {
      "intentType": "OracleUpdate",
      "version": "1.0",
      "chainId": "1050",
      "nonce": "1781598596000000000",
      "expiry": "1781602196",
      "symbol": "DAI/USD",
      "price": "100000345",
      "timestamp": "1781598596",
      "source": "DIA Oracle",
      "signature": "f10793d6f68877f1f8ab68a3e70bae4d3c52fd156693b767da2f6795d5948db97069bffc1269d773a5023ec541e4476f137184398e3c6958315602faad8f2bdb1c",
      "signer": "2b1c7eff297766569966b630a6862947a8e5285a"
    }
  },
  "datum": {
    "pairCbor": "d8799f474441492f5553441a05f5e2591a6a3109841b18b9827bd6ea28005820829bb07c200db065cd1f3918d9ee3ecb258ec727e3331c2bb733d166de69a8b5542b1c7eff297766569966b630a6862947a8e5285a1a004c4b40ff"
  },
  "transactions": [
    {
      "step": "mainnet:update",
      "submittedTxHash": "e3bcfbb1c423254a0b2fb37b28e820b022e64cce1f1612efbb605597bddfe4a0",
      "confirmed": true
    }
  ]
}
[1G[0K⠙[1G[0K