[run] intent:create-and-sign --protocol-state ../state/mainnet_run_20260616-074413/config-bootstrap.json --intent-type OracleUpdate --symbol DAI/USD --price 100000345 --source "DIA Oracle" --out ../state/mainnet_run_20260616-074413/intents/dai-usd.signed.json

> @diadata-org/dia-cardano-oracle-cli@0.1.0 cli
> tsx src/index.ts intent:create-and-sign --protocol-state ../state/mainnet_run_20260616-074413/config-bootstrap.json --intent-type OracleUpdate --symbol DAI/USD --price 100000345 --source DIA Oracle --out ../state/mainnet_run_20260616-074413/intents/dai-usd.signed.json

[1G[0K[cli] Wrote JSON output to /home/manuelpadilla/sources/reposUbuntu/PROTOFIRE/DIA/dia-cardano-oracle/offchain/state/mainnet_run_20260616-074413/intents/dai-usd.signed.json
{
  "intent": {
    "intentType": "OracleUpdate",
    "version": "1.0",
    "chainId": "1050",
    "nonce": "1781598596000000000",
    "expiry": "1781602196",
    "symbol": "DAI/USD",
    "price": "100000345",
    "timestamp": "1781598596",
    "source": "DIA Oracle",
    "signature": "0xf10793d6f68877f1f8ab68a3e70bae4d3c52fd156693b767da2f6795d5948db97069bffc1269d773a5023ec541e4476f137184398e3c6958315602faad8f2bdb1c",
    "signer": "0x2b1c7eff297766569966b630a6862947a8e5285a"
  },
  "witness": {
    "signerPublicKey": "02d78ade9f8a9c064c8c588dba903df0cc0118596b9ec65f665dea1b448519f531",
    "signerAddress": "0x2b1c7eff297766569966b630a6862947a8e5285a",
    "intentHash": "829bb07c200db065cd1f3918d9ee3ecb258ec727e3331c2bb733d166de69a8b5",
    "compactSignature": "f10793d6f68877f1f8ab68a3e70bae4d3c52fd156693b767da2f6795d5948db97069bffc1269d773a5023ec541e4476f137184398e3c6958315602faad8f2bdb"
  }
}
[1G[0K⠙[1G[0K