
> @diadata-org/dia-cardano-oracle-cli@0.1.0 cli
> tsx src/index.ts update --intent ../state/mainnet_run_20260616-074413/intents/sol-usd.signed.json --protocol-state ../state/mainnet_run_20260616-074413/config-bootstrap.json --client-state ../state/mainnet_run_20260616-074413/clients/client-a.json --pair-state ../state/mainnet_run_20260616-074413/clients/client-a/pairs/sol-usd.json

[1G[0K[update] Loading signed intent from /home/manuelpadilla/sources/reposUbuntu/PROTOFIRE/DIA/dia-cardano-oracle/offchain/state/mainnet_run_20260616-074413/intents/sol-usd.signed.json
[update] Loading client and protocol state
[update] Connecting to Mainnet and selecting the configured wallet
[update] Building Mainnet oracle update transaction
[update] Tx resources: fee=0.810542 ADA (810542 lovelace), cpu=702562921, mem=1933578
[update] Output[0] | addr=addr1wxcmjva8k...gwmdlu | lovelace=5.000000 ADA (5000000) | assets=b1b933a7b08e...bbbe64=1 | datum=inline(95B)
[update] Output[1] | addr=addr1w9hvfdd22...7fc477 | lovelace=35.000000 ADA (35000000) | assets=6ec4b5aa5723...545f41=1 | datum=inline(19B)
[update] Output[2] | addr=addr1qxp3wp7xa...ulrq72 | lovelace=15.700776 ADA (15700776)
[update] Unsigned transaction ready: c1cc547fdedf347e2758a6f39ba6d6a828025cf48954083acf515c060e328016
[update] Submitted transaction hash: c1cc547fdedf347e2758a6f39ba6d6a828025cf48954083acf515c060e328016
[update] Confirmed by Blockfrost: oracle update transaction c1cc547fdedf347e2758a6f39ba6d6a828025cf48954083acf515c060e328016.
[cli] Wrote JSON output to /home/manuelpadilla/sources/reposUbuntu/PROTOFIRE/DIA/dia-cardano-oracle/offchain/state/mainnet_run_20260616-074413/clients/client-a/pairs/sol-usd.json
{
  "wallet": {
    "source": "seed",
    "address": "addr1qxp3wp7xa70jddcj95luvrud8p587fm7dsktwz8s5ts28hv8n5a536xf3tq74m47tnr8afr68v8wyhdst8c7aeanxvlqulrq72"
  },
  "pair": {
    "tokenName": "396545cb87b0103c8ddb5ff4329eeff88e2aef114f76b0807b21ce3d68bbbe64",
    "pairId": "534f4c2f555344",
    "pairUnit": "b1b933a7b08ebdee6d957b4ae3d027ac4a13f9d319dbd8a2b95e052f396545cb87b0103c8ddb5ff4329eeff88e2aef114f76b0807b21ce3d68bbbe64",
    "pairValidatorAddress": "addr1wxcmjva8kz8tmmndj4a54c7sy7ky5yle6vvahk9zh90q2tcgwmdlu"
  },
  "pairState": {
    "pairId": "534f4c2f555344",
    "price": "18500000000",
    "timestamp": "1781598747",
    "nonce": "1781598747000000000",
    "intentHash": "fca06705430a70d35cd02c98e43851629d605ffab07bbe91148c2b1704dd1cf1",
    "signer": "2b1c7eff297766569966b630a6862947a8e5285a",
    "minUtxoLovelace": "5000000",
    "intent": {
      "intentType": "OracleUpdate",
      "version": "1.0",
      "chainId": "1050",
      "nonce": "1781598747000000000",
      "expiry": "1781602347",
      "symbol": "SOL/USD",
      "price": "18500000000",
      "timestamp": "1781598747",
      "source": "DIA Oracle",
      "signature": "7aa07c7560f78515dabbebcc4e2350be02e1e8378e908e7b87c11da77f7602d03c2c39b8e290982bbac53d8adca548e617be92ff65970062e6929873745cd2011c",
      "signer": "2b1c7eff297766569966b630a6862947a8e5285a"
    }
  },
  "datum": {
    "pairCbor": "d8799f47534f4c2f5553441b000000044eaf99001a6a310a1b1b18b9829eff374e005820fca06705430a70d35cd02c98e43851629d605ffab07bbe91148c2b1704dd1cf1542b1c7eff297766569966b630a6862947a8e5285a1a004c4b40ff"
  },
  "transactions": [
    {
      "step": "mainnet:update",
      "submittedTxHash": "c1cc547fdedf347e2758a6f39ba6d6a828025cf48954083acf515c060e328016",
      "confirmed": true
    }
  ]
}
[1G[0K⠙[1G[0K