
> @diadata-org/dia-cardano-oracle-cli@0.1.0 cli
> tsx src/index.ts update --intent ../state/mainnet_run_20260616-074413/intents/matic-usd.signed.json --protocol-state ../state/mainnet_run_20260616-074413/config-bootstrap.json --client-state ../state/mainnet_run_20260616-074413/clients/client-a.json --pair-state ../state/mainnet_run_20260616-074413/clients/client-a/pairs/matic-usd.json

[1G[0K[update] Loading signed intent from /home/manuelpadilla/sources/reposUbuntu/PROTOFIRE/DIA/dia-cardano-oracle/offchain/state/mainnet_run_20260616-074413/intents/matic-usd.signed.json
[update] Loading client and protocol state
[update] Connecting to Mainnet and selecting the configured wallet
[update] Building Mainnet oracle update transaction
[update] Tx resources: fee=0.810372 ADA (810372 lovelace), cpu=702644242, mem=1933578
[update] Output[0] | addr=addr1wxcmjva8k...gwmdlu | lovelace=5.000000 ADA (5000000) | assets=b1b933a7b08e...57e571=1 | datum=inline(93B)
[update] Output[1] | addr=addr1w9hvfdd22...7fc477 | lovelace=35.000000 ADA (35000000) | assets=6ec4b5aa5723...545f41=1 | datum=inline(19B)
[update] Output[2] | addr=addr1qxp3wp7xa...ulrq72 | lovelace=9.981168 ADA (9981168)
[update] Unsigned transaction ready: 37419510a870d3bebc8f981d284474a871c44e1dc4ce2bd3af0b2bc4ebce4a0c
[update] Submitted transaction hash: 37419510a870d3bebc8f981d284474a871c44e1dc4ce2bd3af0b2bc4ebce4a0c
[update] Confirmed by Blockfrost: oracle update transaction 37419510a870d3bebc8f981d284474a871c44e1dc4ce2bd3af0b2bc4ebce4a0c.
[cli] Wrote JSON output to /home/manuelpadilla/sources/reposUbuntu/PROTOFIRE/DIA/dia-cardano-oracle/offchain/state/mainnet_run_20260616-074413/clients/client-a/pairs/matic-usd.json
{
  "wallet": {
    "source": "seed",
    "address": "addr1qxp3wp7xa70jddcj95luvrud8p587fm7dsktwz8s5ts28hv8n5a536xf3tq74m47tnr8afr68v8wyhdst8c7aeanxvlqulrq72"
  },
  "pair": {
    "tokenName": "d2a1402553abe60aecdea3464be08e7ced64530fea0989b8fdfd49351157e571",
    "pairId": "4d415449432f555344",
    "pairUnit": "b1b933a7b08ebdee6d957b4ae3d027ac4a13f9d319dbd8a2b95e052fd2a1402553abe60aecdea3464be08e7ced64530fea0989b8fdfd49351157e571",
    "pairValidatorAddress": "addr1wxcmjva8kz8tmmndj4a54c7sy7ky5yle6vvahk9zh90q2tcgwmdlu"
  },
  "pairState": {
    "pairId": "4d415449432f555344",
    "price": "980000000",
    "timestamp": "1781599449",
    "nonce": "1781599449000000000",
    "intentHash": "86cb6c935bad768ccd5ba5a1f39ae3a822878e3fe638ec68bdcbe10dcae80f59",
    "signer": "2b1c7eff297766569966b630a6862947a8e5285a",
    "minUtxoLovelace": "5000000",
    "intent": {
      "intentType": "OracleUpdate",
      "version": "1.0",
      "chainId": "1050",
      "nonce": "1781599449000000000",
      "expiry": "1781603049",
      "symbol": "MATIC/USD",
      "price": "980000000",
      "timestamp": "1781599449",
      "source": "DIA Oracle",
      "signature": "a615de5cb2d70ccba04fe77356d3e846e4e3dfb945b08e2a6e6d1da5dc33101d7d2e99a8cde7241e6d1ae59cb61ae6d9af61008dc3102b40d784371630c192ed1b",
      "signer": "2b1c7eff297766569966b630a6862947a8e5285a"
    }
  },
  "datum": {
    "pairCbor": "d8799f494d415449432f5553441a3a699d001a6a310cd91b18b9834271ad3a00582086cb6c935bad768ccd5ba5a1f39ae3a822878e3fe638ec68bdcbe10dcae80f59542b1c7eff297766569966b630a6862947a8e5285a1a004c4b40ff"
  },
  "transactions": [
    {
      "step": "mainnet:update",
      "submittedTxHash": "37419510a870d3bebc8f981d284474a871c44e1dc4ce2bd3af0b2bc4ebce4a0c",
      "confirmed": true
    }
  ]
}
[1G[0K⠙[1G[0K