
> @diadata-org/dia-cardano-oracle-cli@0.1.0 cli
> tsx src/index.ts update --intent ../state/mainnet_run_20260616-074413/intents/dot-usd.signed.json --protocol-state ../state/mainnet_run_20260616-074413/config-bootstrap.json --client-state ../state/mainnet_run_20260616-074413/clients/client-a.json --pair-state ../state/mainnet_run_20260616-074413/clients/client-a/pairs/dot-usd.json

[1G[0K[update] Loading signed intent from /home/manuelpadilla/sources/reposUbuntu/PROTOFIRE/DIA/dia-cardano-oracle/offchain/state/mainnet_run_20260616-074413/intents/dot-usd.signed.json
[update] Loading client and protocol state
[update] Connecting to Mainnet and selecting the configured wallet
[update] Building Mainnet oracle update transaction
[update] Tx resources: fee=0.808487 ADA (808487 lovelace), cpu=695330277, mem=1913108
[update] Output[0] | addr=addr1wxcmjva8k...gwmdlu | lovelace=5.000000 ADA (5000000) | assets=b1b933a7b08e...52daee=1 | datum=inline(91B)
[update] Output[1] | addr=addr1w9hvfdd22...7fc477 | lovelace=35.000000 ADA (35000000) | assets=6ec4b5aa5723...545f41=1 | datum=inline(19B)
[update] Output[2] | addr=addr1qxp3wp7xa...ulrq72 | lovelace=9.892289 ADA (9892289)
[update] Unsigned transaction ready: eaf3cbc9455e19c857638ee3d38f59fe0764105c69e584a82c058db52efa7e57
[update] Submitted transaction hash: eaf3cbc9455e19c857638ee3d38f59fe0764105c69e584a82c058db52efa7e57
[update] Confirmed by Blockfrost: oracle update transaction eaf3cbc9455e19c857638ee3d38f59fe0764105c69e584a82c058db52efa7e57.
[cli] Wrote JSON output to /home/manuelpadilla/sources/reposUbuntu/PROTOFIRE/DIA/dia-cardano-oracle/offchain/state/mainnet_run_20260616-074413/clients/client-a/pairs/dot-usd.json
{
  "wallet": {
    "source": "seed",
    "address": "addr1qxp3wp7xa70jddcj95luvrud8p587fm7dsktwz8s5ts28hv8n5a536xf3tq74m47tnr8afr68v8wyhdst8c7aeanxvlqulrq72"
  },
  "pair": {
    "tokenName": "ff3f796230b336b4e5c8d3af0440cbe0346a64cdab5e9cba4a8e2f476152daee",
    "pairId": "444f542f555344",
    "pairUnit": "b1b933a7b08ebdee6d957b4ae3d027ac4a13f9d319dbd8a2b95e052fff3f796230b336b4e5c8d3af0440cbe0346a64cdab5e9cba4a8e2f476152daee",
    "pairValidatorAddress": "addr1wxcmjva8kz8tmmndj4a54c7sy7ky5yle6vvahk9zh90q2tcgwmdlu"
  },
  "pairState": {
    "pairId": "444f542f555344",
    "price": "420000000",
    "timestamp": "1781599651",
    "nonce": "1781599651000000000",
    "intentHash": "43e562b73c32736b2a36bc211713708dc94dd23fa89b2df35b6d59bed47fc4ce",
    "signer": "2b1c7eff297766569966b630a6862947a8e5285a",
    "minUtxoLovelace": "5000000",
    "intent": {
      "intentType": "OracleUpdate",
      "version": "1.0",
      "chainId": "1050",
      "nonce": "1781599651000000000",
      "expiry": "1781603251",
      "symbol": "DOT/USD",
      "price": "420000000",
      "timestamp": "1781599651",
      "source": "DIA Oracle",
      "signature": "36e931ca47334373996e10e5b2843e75ddc3490d4435204e221f866ef04e466e5f7e743df7b48287dbcb1e00987251110edec0d1e25c9aca4c681d6f1160a8c51c",
      "signer": "2b1c7eff297766569966b630a6862947a8e5285a"
    }
  },
  "datum": {
    "pairCbor": "d8799f47444f542f5553441a1908b1001a6a310da31b18b9837179d09e00582043e562b73c32736b2a36bc211713708dc94dd23fa89b2df35b6d59bed47fc4ce542b1c7eff297766569966b630a6862947a8e5285a1a004c4b40ff"
  },
  "transactions": [
    {
      "step": "mainnet:update",
      "submittedTxHash": "eaf3cbc9455e19c857638ee3d38f59fe0764105c69e584a82c058db52efa7e57",
      "confirmed": true
    }
  ]
}
[1G[0K⠙[1G[0K