[run] intent:create-and-sign --protocol-state ../state/mainnet_run_20260616-074413/config-bootstrap.json --intent-type OracleUpdate --symbol BTC/USD --price 6001000000000 --source "DIA Oracle" --out ../state/mainnet_run_20260616-074413/intents/btc-usd-batch.signed.json

> @diadata-org/dia-cardano-oracle-cli@0.1.0 cli
> tsx src/index.ts intent:create-and-sign --protocol-state ../state/mainnet_run_20260616-074413/config-bootstrap.json --intent-type OracleUpdate --symbol BTC/USD --price 6001000000000 --source DIA Oracle --out ../state/mainnet_run_20260616-074413/intents/btc-usd-batch.signed.json

[1G[0K[cli] Wrote JSON output to /home/manuelpadilla/sources/reposUbuntu/PROTOFIRE/DIA/dia-cardano-oracle/offchain/state/mainnet_run_20260616-074413/intents/btc-usd-batch.signed.json
{
  "intent": {
    "intentType": "OracleUpdate",
    "version": "1.0",
    "chainId": "1050",
    "nonce": "1781600078000000000",
    "expiry": "1781603678",
    "symbol": "BTC/USD",
    "price": "6001000000000",
    "timestamp": "1781600078",
    "source": "DIA Oracle",
    "signature": "0x47e53465ff5beeeb65ba1309b7e9c743a48f9a3ceab4aca585d015af394c7a0b25c3ec376b0468f58c3435d82599ae64b1c3b7e6bb374fb12f8a561f124484231c",
    "signer": "0x2b1c7eff297766569966b630a6862947a8e5285a"
  },
  "witness": {
    "signerPublicKey": "02d78ade9f8a9c064c8c588dba903df0cc0118596b9ec65f665dea1b448519f531",
    "signerAddress": "0x2b1c7eff297766569966b630a6862947a8e5285a",
    "intentHash": "b0486d03e29f648de13d3f7d4a0ad766996f543249704edbae3c83991964aa3e",
    "compactSignature": "47e53465ff5beeeb65ba1309b7e9c743a48f9a3ceab4aca585d015af394c7a0b25c3ec376b0468f58c3435d82599ae64b1c3b7e6bb374fb12f8a561f12448423"
  }
}
[1G[0K⠙[1G[0K[run] intent:create-and-sign --protocol-state ../state/mainnet_run_20260616-074413/config-bootstrap.json --intent-type OracleUpdate --symbol ETH/USD --price 250100000000 --source "DIA Oracle" --out ../state/mainnet_run_20260616-074413/intents/eth-usd-batch.signed.json

> @diadata-org/dia-cardano-oracle-cli@0.1.0 cli
> tsx src/index.ts intent:create-and-sign --protocol-state ../state/mainnet_run_20260616-074413/config-bootstrap.json --intent-type OracleUpdate --symbol ETH/USD --price 250100000000 --source DIA Oracle --out ../state/mainnet_run_20260616-074413/intents/eth-usd-batch.signed.json

[1G[0K[cli] Wrote JSON output to /home/manuelpadilla/sources/reposUbuntu/PROTOFIRE/DIA/dia-cardano-oracle/offchain/state/mainnet_run_20260616-074413/intents/eth-usd-batch.signed.json
{
  "intent": {
    "intentType": "OracleUpdate",
    "version": "1.0",
    "chainId": "1050",
    "nonce": "1781600078000000000",
    "expiry": "1781603678",
    "symbol": "ETH/USD",
    "price": "250100000000",
    "timestamp": "1781600078",
    "source": "DIA Oracle",
    "signature": "0x6416d30ff7fac6d61397dc2763dc18926ff7a65b243095c3a62d40e334b60715668b607ba3e30bc3fcceba9ad70e178882274b6a223b0323a751409399795ef01c",
    "signer": "0x2b1c7eff297766569966b630a6862947a8e5285a"
  },
  "witness": {
    "signerPublicKey": "02d78ade9f8a9c064c8c588dba903df0cc0118596b9ec65f665dea1b448519f531",
    "signerAddress": "0x2b1c7eff297766569966b630a6862947a8e5285a",
    "intentHash": "378027de9d4d22376aca8d06b709d7aa45cdd3f10f9534a8f805a77ce23f02dd",
    "compactSignature": "6416d30ff7fac6d61397dc2763dc18926ff7a65b243095c3a62d40e334b60715668b607ba3e30bc3fcceba9ad70e178882274b6a223b0323a751409399795ef0"
  }
}
[1G[0K⠙[1G[0K[run] intent:create-and-sign --protocol-state ../state/mainnet_run_20260616-074413/config-bootstrap.json --intent-type OracleUpdate --symbol ADA/USD --price 751000000 --source "DIA Oracle" --out ../state/mainnet_run_20260616-074413/intents/ada-usd-batch.signed.json

> @diadata-org/dia-cardano-oracle-cli@0.1.0 cli
> tsx src/index.ts intent:create-and-sign --protocol-state ../state/mainnet_run_20260616-074413/config-bootstrap.json --intent-type OracleUpdate --symbol ADA/USD --price 751000000 --source DIA Oracle --out ../state/mainnet_run_20260616-074413/intents/ada-usd-batch.signed.json

[1G[0K[cli] Wrote JSON output to /home/manuelpadilla/sources/reposUbuntu/PROTOFIRE/DIA/dia-cardano-oracle/offchain/state/mainnet_run_20260616-074413/intents/ada-usd-batch.signed.json
{
  "intent": {
    "intentType": "OracleUpdate",
    "version": "1.0",
    "chainId": "1050",
    "nonce": "1781600087000000000",
    "expiry": "1781603687",
    "symbol": "ADA/USD",
    "price": "751000000",
    "timestamp": "1781600087",
    "source": "DIA Oracle",
    "signature": "0xaffb9eb4afd365c153a19f50f523a594ee32ea01922b9146bb70ce234b7d1b33448372603e2ebf303b22253e04659738887cabe7f8177e4471ed4d6757d7db8e1c",
    "signer": "0x2b1c7eff297766569966b630a6862947a8e5285a"
  },
  "witness": {
    "signerPublicKey": "02d78ade9f8a9c064c8c588dba903df0cc0118596b9ec65f665dea1b448519f531",
    "signerAddress": "0x2b1c7eff297766569966b630a6862947a8e5285a",
    "intentHash": "6cc52777258bb21aafd1d10d2f292be6b909e8de62907a25ca4fa6a3b4359fbd",
    "compactSignature": "affb9eb4afd365c153a19f50f523a594ee32ea01922b9146bb70ce234b7d1b33448372603e2ebf303b22253e04659738887cabe7f8177e4471ed4d6757d7db8e"
  }
}
[1G[0K⠙[1G[0K[run] intent:create-and-sign --protocol-state ../state/mainnet_run_20260616-074413/config-bootstrap.json --intent-type OracleUpdate --symbol USDT/USD --price 100101234 --source "DIA Oracle" --out ../state/mainnet_run_20260616-074413/intents/usdt-usd-batch.signed.json

> @diadata-org/dia-cardano-oracle-cli@0.1.0 cli
> tsx src/index.ts intent:create-and-sign --protocol-state ../state/mainnet_run_20260616-074413/config-bootstrap.json --intent-type OracleUpdate --symbol USDT/USD --price 100101234 --source DIA Oracle --out ../state/mainnet_run_20260616-074413/intents/usdt-usd-batch.signed.json

[1G[0K[cli] Wrote JSON output to /home/manuelpadilla/sources/reposUbuntu/PROTOFIRE/DIA/dia-cardano-oracle/offchain/state/mainnet_run_20260616-074413/intents/usdt-usd-batch.signed.json
{
  "intent": {
    "intentType": "OracleUpdate",
    "version": "1.0",
    "chainId": "1050",
    "nonce": "1781600087000000000",
    "expiry": "1781603687",
    "symbol": "USDT/USD",
    "price": "100101234",
    "timestamp": "1781600087",
    "source": "DIA Oracle",
    "signature": "0xfb06cf67e49ce5be19372b543dfe397744b4c4fc53dc017187e1dbc7104080811d5ab4b39e7b8d9a3f192f9a9b9e63ed845819443a5528ad069ad244f796b5871b",
    "signer": "0x2b1c7eff297766569966b630a6862947a8e5285a"
  },
  "witness": {
    "signerPublicKey": "02d78ade9f8a9c064c8c588dba903df0cc0118596b9ec65f665dea1b448519f531",
    "signerAddress": "0x2b1c7eff297766569966b630a6862947a8e5285a",
    "intentHash": "dfb4a982e2f121723f3708b50ce6aa7f893dac591db60cb91ebff0b14509aa34",
    "compactSignature": "fb06cf67e49ce5be19372b543dfe397744b4c4fc53dc017187e1dbc7104080811d5ab4b39e7b8d9a3f192f9a9b9e63ed845819443a5528ad069ad244f796b587"
  }
}
[1G[0K⠙[1G[0K[run] intent:create-and-sign --protocol-state ../state/mainnet_run_20260616-074413/config-bootstrap.json --intent-type OracleUpdate --symbol DAI/USD --price 100100345 --source "DIA Oracle" --out ../state/mainnet_run_20260616-074413/intents/dai-usd-batch.signed.json

> @diadata-org/dia-cardano-oracle-cli@0.1.0 cli
> tsx src/index.ts intent:create-and-sign --protocol-state ../state/mainnet_run_20260616-074413/config-bootstrap.json --intent-type OracleUpdate --symbol DAI/USD --price 100100345 --source DIA Oracle --out ../state/mainnet_run_20260616-074413/intents/dai-usd-batch.signed.json

[1G[0K[cli] Wrote JSON output to /home/manuelpadilla/sources/reposUbuntu/PROTOFIRE/DIA/dia-cardano-oracle/offchain/state/mainnet_run_20260616-074413/intents/dai-usd-batch.signed.json
{
  "intent": {
    "intentType": "OracleUpdate",
    "version": "1.0",
    "chainId": "1050",
    "nonce": "1781600087000000000",
    "expiry": "1781603687",
    "symbol": "DAI/USD",
    "price": "100100345",
    "timestamp": "1781600087",
    "source": "DIA Oracle",
    "signature": "0x8c3d094c87210c52e56e50671409b4392759b6023cbf5828fb18468a6521f05724cfdce72f6cebdaa0fb8917e12a872dd1935ea879d911f0ab25cdfaac67e7911c",
    "signer": "0x2b1c7eff297766569966b630a6862947a8e5285a"
  },
  "witness": {
    "signerPublicKey": "02d78ade9f8a9c064c8c588dba903df0cc0118596b9ec65f665dea1b448519f531",
    "signerAddress": "0x2b1c7eff297766569966b630a6862947a8e5285a",
    "intentHash": "a87471f9ac301ffd589476b96d3aeb316b9a5d66022f7b805c05fd8cd8f3cf76",
    "compactSignature": "8c3d094c87210c52e56e50671409b4392759b6023cbf5828fb18468a6521f05724cfdce72f6cebdaa0fb8917e12a872dd1935ea879d911f0ab25cdfaac67e791"
  }
}
[1G[0K⠙[1G[0K[run] intent:create-and-sign --protocol-state ../state/mainnet_run_20260616-074413/config-bootstrap.json --intent-type OracleUpdate --symbol SOL/USD --price 18510000000 --source "DIA Oracle" --out ../state/mainnet_run_20260616-074413/intents/sol-usd-batch.signed.json

> @diadata-org/dia-cardano-oracle-cli@0.1.0 cli
> tsx src/index.ts intent:create-and-sign --protocol-state ../state/mainnet_run_20260616-074413/config-bootstrap.json --intent-type OracleUpdate --symbol SOL/USD --price 18510000000 --source DIA Oracle --out ../state/mainnet_run_20260616-074413/intents/sol-usd-batch.signed.json

[1G[0K[cli] Wrote JSON output to /home/manuelpadilla/sources/reposUbuntu/PROTOFIRE/DIA/dia-cardano-oracle/offchain/state/mainnet_run_20260616-074413/intents/sol-usd-batch.signed.json
{
  "intent": {
    "intentType": "OracleUpdate",
    "version": "1.0",
    "chainId": "1050",
    "nonce": "1781600087000000000",
    "expiry": "1781603687",
    "symbol": "SOL/USD",
    "price": "18510000000",
    "timestamp": "1781600087",
    "source": "DIA Oracle",
    "signature": "0x336c3bf051f18b3cc3c74806391e6345772a000e57e3e5cbfe8640f88573edf02dbe2af48c57ee1bf0712005e83e4df045de5e2cdb0f0b5ede7fb715d58e659b1c",
    "signer": "0x2b1c7eff297766569966b630a6862947a8e5285a"
  },
  "witness": {
    "signerPublicKey": "02d78ade9f8a9c064c8c588dba903df0cc0118596b9ec65f665dea1b448519f531",
    "signerAddress": "0x2b1c7eff297766569966b630a6862947a8e5285a",
    "intentHash": "eb1346ea0760535fb66717d3bb39b7486966b35b1dfb36015e59e9749b6f6c8e",
    "compactSignature": "336c3bf051f18b3cc3c74806391e6345772a000e57e3e5cbfe8640f88573edf02dbe2af48c57ee1bf0712005e83e4df045de5e2cdb0f0b5ede7fb715d58e659b"
  }
}
[1G[0K⠙[1G[0K[run] intent:create-and-sign --protocol-state ../state/mainnet_run_20260616-074413/config-bootstrap.json --intent-type OracleUpdate --symbol BNB/USD --price 61510000000 --source "DIA Oracle" --out ../state/mainnet_run_20260616-074413/intents/bnb-usd-batch.signed.json

> @diadata-org/dia-cardano-oracle-cli@0.1.0 cli
> tsx src/index.ts intent:create-and-sign --protocol-state ../state/mainnet_run_20260616-074413/config-bootstrap.json --intent-type OracleUpdate --symbol BNB/USD --price 61510000000 --source DIA Oracle --out ../state/mainnet_run_20260616-074413/intents/bnb-usd-batch.signed.json

[1G[0K[cli] Wrote JSON output to /home/manuelpadilla/sources/reposUbuntu/PROTOFIRE/DIA/dia-cardano-oracle/offchain/state/mainnet_run_20260616-074413/intents/bnb-usd-batch.signed.json
{
  "intent": {
    "intentType": "OracleUpdate",
    "version": "1.0",
    "chainId": "1050",
    "nonce": "1781600087000000000",
    "expiry": "1781603687",
    "symbol": "BNB/USD",
    "price": "61510000000",
    "timestamp": "1781600087",
    "source": "DIA Oracle",
    "signature": "0xe9f69d1219df61fd05252d56d4ba8c0ee14babec2a0b7113714bb7ec79d7b65d6df70c7a34b3ccc2a94c81e28bce2d13acbc6f8d75d373d678d9714f47a4e8bb1b",
    "signer": "0x2b1c7eff297766569966b630a6862947a8e5285a"
  },
  "witness": {
    "signerPublicKey": "02d78ade9f8a9c064c8c588dba903df0cc0118596b9ec65f665dea1b448519f531",
    "signerAddress": "0x2b1c7eff297766569966b630a6862947a8e5285a",
    "intentHash": "82803ed1db3df49e839a1268743f927ea74bae6f7f775c03f53292b2590b2597",
    "compactSignature": "e9f69d1219df61fd05252d56d4ba8c0ee14babec2a0b7113714bb7ec79d7b65d6df70c7a34b3ccc2a94c81e28bce2d13acbc6f8d75d373d678d9714f47a4e8bb"
  }
}
[1G[0K⠙[1G[0K[run] intent:create-and-sign --protocol-state ../state/mainnet_run_20260616-074413/config-bootstrap.json --intent-type OracleUpdate --symbol XRP/USD --price 521000000 --source "DIA Oracle" --out ../state/mainnet_run_20260616-074413/intents/xrp-usd-batch.signed.json

> @diadata-org/dia-cardano-oracle-cli@0.1.0 cli
> tsx src/index.ts intent:create-and-sign --protocol-state ../state/mainnet_run_20260616-074413/config-bootstrap.json --intent-type OracleUpdate --symbol XRP/USD --price 521000000 --source DIA Oracle --out ../state/mainnet_run_20260616-074413/intents/xrp-usd-batch.signed.json

[1G[0K[cli] Wrote JSON output to /home/manuelpadilla/sources/reposUbuntu/PROTOFIRE/DIA/dia-cardano-oracle/offchain/state/mainnet_run_20260616-074413/intents/xrp-usd-batch.signed.json
{
  "intent": {
    "intentType": "OracleUpdate",
    "version": "1.0",
    "chainId": "1050",
    "nonce": "1781600087000000000",
    "expiry": "1781603687",
    "symbol": "XRP/USD",
    "price": "521000000",
    "timestamp": "1781600087",
    "source": "DIA Oracle",
    "signature": "0xad5fd9680bf1a1e63401ad6c2dc4fe1c89feb3f1a0d053fde578841fd5c422a342137d9133b831c50f91f7f013667f6498c29f7cd55c28c9c56fa9bc9ad48d741b",
    "signer": "0x2b1c7eff297766569966b630a6862947a8e5285a"
  },
  "witness": {
    "signerPublicKey": "02d78ade9f8a9c064c8c588dba903df0cc0118596b9ec65f665dea1b448519f531",
    "signerAddress": "0x2b1c7eff297766569966b630a6862947a8e5285a",
    "intentHash": "947f1ae377c51e17ec37638dd2084f319ef4e24c2634e8cbe246aa8b8b8e6765",
    "compactSignature": "ad5fd9680bf1a1e63401ad6c2dc4fe1c89feb3f1a0d053fde578841fd5c422a342137d9133b831c50f91f7f013667f6498c29f7cd55c28c9c56fa9bc9ad48d74"
  }
}
[1G[0K⠙[1G[0K[run] intent:create-and-sign --protocol-state ../state/mainnet_run_20260616-074413/config-bootstrap.json --intent-type OracleUpdate --symbol MATIC/USD --price 981000000 --source "DIA Oracle" --out ../state/mainnet_run_20260616-074413/intents/matic-usd-batch.signed.json

> @diadata-org/dia-cardano-oracle-cli@0.1.0 cli
> tsx src/index.ts intent:create-and-sign --protocol-state ../state/mainnet_run_20260616-074413/config-bootstrap.json --intent-type OracleUpdate --symbol MATIC/USD --price 981000000 --source DIA Oracle --out ../state/mainnet_run_20260616-074413/intents/matic-usd-batch.signed.json

[1G[0K[cli] Wrote JSON output to /home/manuelpadilla/sources/reposUbuntu/PROTOFIRE/DIA/dia-cardano-oracle/offchain/state/mainnet_run_20260616-074413/intents/matic-usd-batch.signed.json
{
  "intent": {
    "intentType": "OracleUpdate",
    "version": "1.0",
    "chainId": "1050",
    "nonce": "1781600087000000000",
    "expiry": "1781603687",
    "symbol": "MATIC/USD",
    "price": "981000000",
    "timestamp": "1781600087",
    "source": "DIA Oracle",
    "signature": "0x32be24ebed2ad55403bdac13d00bfcc49f8ef1fdb3f1f8da553f6c99b7b427eb4a6cc1fcc240c145744c59df0a2b33537b1e66762b0bc8279c5b9fceb77a6c9e1c",
    "signer": "0x2b1c7eff297766569966b630a6862947a8e5285a"
  },
  "witness": {
    "signerPublicKey": "02d78ade9f8a9c064c8c588dba903df0cc0118596b9ec65f665dea1b448519f531",
    "signerAddress": "0x2b1c7eff297766569966b630a6862947a8e5285a",
    "intentHash": "fcd234da69bd539f83587406ca4059f6fabe70eb7b76a368511f0bccbd6e1237",
    "compactSignature": "32be24ebed2ad55403bdac13d00bfcc49f8ef1fdb3f1f8da553f6c99b7b427eb4a6cc1fcc240c145744c59df0a2b33537b1e66762b0bc8279c5b9fceb77a6c9e"
  }
}
[1G[0K⠙[1G[0K[run] intent:create-and-sign --protocol-state ../state/mainnet_run_20260616-074413/config-bootstrap.json --intent-type OracleUpdate --symbol DOT/USD --price 421000000 --source "DIA Oracle" --out ../state/mainnet_run_20260616-074413/intents/dot-usd-batch.signed.json

> @diadata-org/dia-cardano-oracle-cli@0.1.0 cli
> tsx src/index.ts intent:create-and-sign --protocol-state ../state/mainnet_run_20260616-074413/config-bootstrap.json --intent-type OracleUpdate --symbol DOT/USD --price 421000000 --source DIA Oracle --out ../state/mainnet_run_20260616-074413/intents/dot-usd-batch.signed.json

[1G[0K[cli] Wrote JSON output to /home/manuelpadilla/sources/reposUbuntu/PROTOFIRE/DIA/dia-cardano-oracle/offchain/state/mainnet_run_20260616-074413/intents/dot-usd-batch.signed.json
{
  "intent": {
    "intentType": "OracleUpdate",
    "version": "1.0",
    "chainId": "1050",
    "nonce": "1781600087000000000",
    "expiry": "1781603687",
    "symbol": "DOT/USD",
    "price": "421000000",
    "timestamp": "1781600087",
    "source": "DIA Oracle",
    "signature": "0xa8a82aed62bb50b192048de048215ddda2bc7c68c5c66ec1b6e7bcaf41f9d91f1ac77f7f644a96584431b05c037cea39bce309033ecf667be51078cd03c606e01c",
    "signer": "0x2b1c7eff297766569966b630a6862947a8e5285a"
  },
  "witness": {
    "signerPublicKey": "02d78ade9f8a9c064c8c588dba903df0cc0118596b9ec65f665dea1b448519f531",
    "signerAddress": "0x2b1c7eff297766569966b630a6862947a8e5285a",
    "intentHash": "d640da56356683b7eb73d54e24e691198554d1fca43340d66da9b83eff1f65e6",
    "compactSignature": "a8a82aed62bb50b192048de048215ddda2bc7c68c5c66ec1b6e7bcaf41f9d91f1ac77f7f644a96584431b05c037cea39bce309033ecf667be51078cd03c606e0"
  }
}
[1G[0K⠙[1G[0K