
> @diadata-org/dia-cardano-oracle-cli@0.1.0 cli
> tsx src/index.ts settle --protocol-state ../state/mainnet_run_20260616-074413/config-bootstrap.json --client-state ../state/mainnet_run_20260616-074413/clients/client-a.json

[1G[0K[settle] Loading protocol state from /home/manuelpadilla/sources/reposUbuntu/PROTOFIRE/DIA/dia-cardano-oracle/offchain/state/mainnet_run_20260616-074413/config-bootstrap.json
[settle] Loading 1 client state
[settle] Connecting to Mainnet and selecting the configured wallet
[settle] Building Mainnet settle transaction
[settle] Settling 12450000 lovelace from 1 receiver to payment hook
[settle] Tx resources: fee=0.785544 ADA (785544 lovelace), cpu=562078173, mem=1752169
[settle] Output[0] | addr=addr1w9hvfdd22...7fc477 | lovelace=52.550000 ADA (52550000) | assets=6ec4b5aa5723...545f41=1 | datum=inline(15B)
[settle] Output[1] | addr=addr1wxcmprc8e...jvs7u6 | lovelace=17.450000 ADA (17450000) | assets=b1b08f07c908...4f4f4b=1 | datum=inline(100B)
[settle] Output[2] | addr=addr1qxp3wp7xa...ulrq72 | lovelace=9.199300 ADA (9199300)
[settle] Unsigned transaction ready: de0c48ab053a49a10b19d03f40e3499fb42b7c4f09adb58c5439008338d909fc
[settle] Submitted transaction hash: de0c48ab053a49a10b19d03f40e3499fb42b7c4f09adb58c5439008338d909fc
[settle] Confirmed by Blockfrost: settle transaction de0c48ab053a49a10b19d03f40e3499fb42b7c4f09adb58c5439008338d909fc.
{
  "wallet": {
    "source": "seed",
    "address": "addr1qxp3wp7xa70jddcj95luvrud8p587fm7dsktwz8s5ts28hv8n5a536xf3tq74m47tnr8afr68v8wyhdst8c7aeanxvlqulrq72"
  },
  "settledReceivers": [
    {
      "clientId": "client-a",
      "receiverUnit": "6ec4b5aa572382beb11bb8db28a87884d147afe4e2b3d8f5a7331a254449415f52454345495645525f434c49454e545f41",
      "drainedLovelace": "12450000"
    }
  ],
  "totalSettledLovelace": "12450000",
  "transactions": [
    {
      "step": "mainnet:settle",
      "submittedTxHash": "de0c48ab053a49a10b19d03f40e3499fb42b7c4f09adb58c5439008338d909fc",
      "confirmed": true
    }
  ]
}
[1G[0K⠙[1G[0K