
> @diadata-org/dia-cardano-oracle-cli@0.1.0 cli
> tsx src/index.ts pair:burn --protocol-state ../state/mainnet_run_20260616-074413/config-bootstrap.json --client-state ../state/mainnet_run_20260616-074413/clients/client-a.json --pair-state ../state/mainnet_run_20260616-074413/clients/client-a/pairs/dot-usd.json

[1G[0K[pair:burn] Loading protocol, client and pair state
[pair:burn] Connecting to Mainnet and selecting the configured wallet
[pair:burn] Finding Config UTxO
[pair:burn] Finding Pair UTxO
[pair:burn] Burning Pair NFT b1b933a7b08ebdee6d957b4ae3d027ac4a13f9d319dbd8a2b95e052fff3f796230b336b4e5c8d3af0440cbe0346a64cdab5e9cba4a8e2f476152daee and recovering 5000000 lovelace.
[pair:burn] Tx resources: fee=0.441495 ADA (441495 lovelace), cpu=159517204, mem=518221
[pair:burn] Output[0] | addr=addr1qxp3wp7xa...ulrq72 | lovelace=4.558505 ADA (4558505)
[pair:burn] Submitted: f31e8be36ff74b6ba433368113697bee32d8794f7c26cdd85f7bb6ce08ef3d86
[pair:burn] Confirmed by Blockfrost: pair:burn f31e8be36ff74b6ba433368113697bee32d8794f7c26cdd85f7bb6ce08ef3d86.
[cli] Wrote JSON output to /home/manuelpadilla/sources/reposUbuntu/PROTOFIRE/DIA/dia-cardano-oracle/offchain/state/mainnet_run_20260616-074413/clients/client-a/pairs/dot-usd.json
{
  "wallet": {
    "source": "seed",
    "address": "addr1qxp3wp7xa70jddcj95luvrud8p587fm7dsktwz8s5ts28hv8n5a536xf3tq74m47tnr8afr68v8wyhdst8c7aeanxvlqulrq72"
  },
  "pair": {
    "tokenName": "ff3f796230b336b4e5c8d3af0440cbe0346a64cdab5e9cba4a8e2f476152daee",
    "pairId": "444f542f555344",
    "pairUnit": "b1b933a7b08ebdee6d957b4ae3d027ac4a13f9d319dbd8a2b95e052fff3f796230b336b4e5c8d3af0440cbe0346a64cdab5e9cba4a8e2f476152daee",
    "pairValidatorAddress": "addr1wxcmjva8kz8tmmndj4a54c7sy7ky5yle6vvahk9zh90q2tcgwmdlu"
  },
  "pairState": {
    "pairId": "444f542f555344",
    "price": "421000000",
    "timestamp": "1781600087",
    "nonce": "1781600087000000000",
    "intentHash": "d640da56356683b7eb73d54e24e691198554d1fca43340d66da9b83eff1f65e6",
    "signer": "2b1c7eff297766569966b630a6862947a8e5285a",
    "minUtxoLovelace": "5000000",
    "intent": {
      "intentType": "OracleUpdate",
      "version": "1.0",
      "chainId": "1050",
      "nonce": "1781600087000000000",
      "expiry": "1781603687",
      "symbol": "DOT/USD",
      "price": "421000000",
      "timestamp": "1781600087",
      "source": "DIA Oracle",
      "signature": "a8a82aed62bb50b192048de048215ddda2bc7c68c5c66ec1b6e7bcaf41f9d91f1ac77f7f644a96584431b05c037cea39bce309033ecf667be51078cd03c606e01c",
      "signer": "2b1c7eff297766569966b630a6862947a8e5285a"
    }
  },
  "datum": {
    "pairCbor": ""
  },
  "transactions": [
    {
      "step": "mainnet:update",
      "submittedTxHash": "eaf3cbc9455e19c857638ee3d38f59fe0764105c69e584a82c058db52efa7e57",
      "confirmed": true
    },
    {
      "step": "mainnet:update:batch",
      "submittedTxHash": "1a9dd51d5dc4b9d0f5cb12f60b7d66b7eba29ef5e834f3c438c0272be94840e1",
      "confirmed": true
    },
    {
      "step": "mainnet:pair:burn",
      "submittedTxHash": "f31e8be36ff74b6ba433368113697bee32d8794f7c26cdd85f7bb6ce08ef3d86",
      "confirmed": true
    }
  ]
}
[1G[0K⠙[1G[0K